 ChatServer

 Timestamp is 5da6abf4 (Wed Oct 16 13:34:44 2019)

 Preferred load address is 00400000

 Start         Length     Name                   Class
 0001:00000000 00004bb0H .text$di                CODE
 0001:00004bb0 00025770H .text$mn                CODE
 0001:0002a320 00002150H .text$x                 CODE
 0001:0002c470 00001178H .text$yd                CODE
 0002:00000000 00000104H .CRT$XCA                DATA
 0002:00000104 00000104H .CRT$XCAA               DATA
 0002:00000208 0000010cH .CRT$XCL                DATA
 0002:00000314 00000184H .CRT$XCU                DATA
 0002:00000498 00000104H .CRT$XCZ                DATA
 0002:0000059c 00000104H .CRT$XIA                DATA
 0002:000006a0 00000104H .CRT$XIAA               DATA
 0002:000007a4 00000104H .CRT$XIAC               DATA
 0002:000008a8 00000104H .CRT$XIC                DATA
 0002:000009ac 00000104H .CRT$XIZ                DATA
 0002:00000ab0 00000004H .CRT$XLA                DATA
 0002:00000ab4 00000004H .CRT$XLZ                DATA
 0002:00000ab8 00000104H .CRT$XPA                DATA
 0002:00000bbc 00000104H .CRT$XPZ                DATA
 0002:00000cc0 00000104H .CRT$XTA                DATA
 0002:00000dc4 0000010cH .CRT$XTZ                DATA
 0002:00000ed0 00006c60H .rdata                  DATA
 0002:00007b30 0000011cH .rdata$T                DATA
 0002:00007c4c 00001164H .rdata$r                DATA
 0002:00008db0 00000250H .rdata$sxdata           DATA
 0002:00009000 000001a0H .rdata$zzzdbg           DATA
 0002:000091a0 00000104H .rtc$IAA                DATA
 0002:000092a4 00000110H .rtc$IMZ                DATA
 0002:000093b4 00000104H .rtc$IZZ                DATA
 0002:000094b8 00000104H .rtc$TAA                DATA
 0002:000095bc 00000110H .rtc$TMZ                DATA
 0002:000096cc 00000104H .rtc$TZZ                DATA
 0002:000097d0 00001b50H .xdata$x                DATA
 0002:0000b320 00000104H ATL$__a                 DATA
 0002:0000b424 00000104H ATL$__z                 DATA
 0002:0000b528 00000000H .edata                  DATA
 0003:00000000 00000418H .data                   DATA
 0003:00000418 00000948H .data$r                 DATA
 0003:00000d60 00002e2cH .bss                    DATA
 0004:00000000 000008acH .idata$5                DATA
 0004:000008ac 000000c8H .idata$2                DATA
 0004:00000974 00000014H .idata$3                DATA
 0004:00000988 000008acH .idata$4                DATA
 0004:00001234 000012ceH .idata$6                DATA
 0005:00000000 00000104H .tls                    DATA
 0005:00000104 00000104H .tls$                   DATA
 0005:00000208 00000101H .tls$ZZZ                DATA
 0006:00000000 00000104H .00cfg                  DATA
 0007:00000000 000002d0H .rsrc$01                DATA
 0007:000002d0 0000ba70H .rsrc$02                DATA

  Address         Publics by Value              Rva+Base       Lib:Object

 0000:00000000       ___enclave_config          00000000     <absolute>
 0000:00000000       ___hybrid_auxiliary_iat    00000000     <absolute>
 0000:00000000       ___guard_longjmp_count     00000000     <absolute>
 0000:00000000       ___guard_fids_table        00000000     <absolute>
 0000:00000000       ___hybrid_code_map_count   00000000     <absolute>
 0000:00000000       ___guard_iat_table         00000000     <absolute>
 0000:00000000       ___guard_iat_count         00000000     <absolute>
 0000:00000000       ___guard_longjmp_table     00000000     <absolute>
 0000:00000000       ___volatile_metadata       00000000     <absolute>
 0000:00000000       ___hybrid_code_map         00000000     <absolute>
 0000:00000000       ___guard_fids_count        00000000     <absolute>
 0000:00000000       ___dynamic_value_reloc_table 00000000     <absolute>
 0000:0000002c       __tls_array                0000002c     <absolute>
 0000:00000046       ___safe_se_handler_count   00000046     <absolute>
 0000:00000100       ___guard_flags             00000100     <absolute>
 0000:00000000       ___ImageBase               00400000     <linker-defined>
 0001:00004bb0       ??0?$CWHArray@PAUtagSystemMessage@@ABQAU1@@@QAE@XZ 00405bb0 f i AttemperEngineSink.obj
 0001:00004c10       ??0CAttemperEngineSink@@QAE@XZ 00405c10 f   AttemperEngineSink.obj
 0001:00004d70       ??0CSendPacketHelper@@QAE@PAXG@Z 00405d70 f i AttemperEngineSink.obj
 0001:00004dc0       ??0IAttemperEngineSink@@QAE@XZ 00405dc0 f i AttemperEngineSink.obj
 0001:00004df0       ??0IUnknownEx@@QAE@XZ      00405df0 f i AttemperEngineSink.obj
 0001:00004e20       ??1?$CWHArray@PAUtagSystemMessage@@ABQAU1@@@UAE@XZ 00405e20 f i AttemperEngineSink.obj
 0001:00004ea0       ??1CAttemperEngineSink@@UAE@XZ 00405ea0 f   AttemperEngineSink.obj
 0001:00005150       ??2@YAPAXIPAX@Z            00406150 f i AttemperEngineSink.obj
 0001:00005170       ??A?$CWHArray@PAUtagSystemMessage@@ABQAU1@@@QAEAAPAUtagSystemMessage@@H@Z 00406170 f i AttemperEngineSink.obj
 0001:000051a0       ??_G?$CWHArray@PAUtagSystemMessage@@ABQAU1@@@UAEPAXI@Z 004061a0 f i AttemperEngineSink.obj
 0001:000051a0       ??_E?$CWHArray@PAUtagSystemMessage@@ABQAU1@@@UAEPAXI@Z 004061a0 f i AttemperEngineSink.obj
 0001:000051f0       ??_ECAttemperEngineSink@@UAEPAXI@Z 004061f0 f i AttemperEngineSink.obj
 0001:000051f0       ??_GCAttemperEngineSink@@UAEPAXI@Z 004061f0 f i AttemperEngineSink.obj
 0001:00005240       ?Add@?$CWHArray@PAUtagSystemMessage@@ABQAU1@@@QAEHABQAUtagSystemMessage@@@Z 00406240 f i AttemperEngineSink.obj
 0001:00005280       ?AddPacket@CSendPacketHelper@@QAE_NPAXGG@Z 00406280 f i AttemperEngineSink.obj
 0001:000053f0       ?AfxAssertFailedLine@@YGHPBDH@Z 004063f0 f i AttemperEngineSink.obj
 0001:00005460       ?AllocMemory@?$CWHArray@PAUtagSystemMessage@@ABQAU1@@@QAEXH@Z 00406460 f i AttemperEngineSink.obj
 0001:000055d0       ?Append@?$CWHArray@PAUtagSystemMessage@@ABQAU1@@@QAEHABV1@@Z 004065d0 f i AttemperEngineSink.obj
 0001:000056c0       ?ElementAt@?$CWHArray@PAUtagSystemMessage@@ABQAU1@@@QAEAAPAUtagSystemMessage@@H@Z 004066c0 f i AttemperEngineSink.obj
 0001:00005740       ?GetBindParameter@CAttemperEngineSink@@IAEPAUtagBindParameter@@G@Z 00406740 f   AttemperEngineSink.obj
 0001:000057c0       ?GetBindUserItem@CAttemperEngineSink@@IAEPAVCServerUserItem@@G@Z 004067c0 f   AttemperEngineSink.obj
 0001:00005830       ?GetBuildVer@@YAEK@Z       00406830 f i AttemperEngineSink.obj
 0001:00005860       ?GetCount@?$CWHArray@PAUtagNearUserInfo@@ABQAU1@@@QBEHXZ 00406860 f i AttemperEngineSink.obj
 0001:00005880       ?GetCount@?$CWHArray@PAUtagSystemMessage@@ABQAU1@@@QBEHXZ 00406880 f i AttemperEngineSink.obj
 0001:000058a0       ?GetDataSize@CSendPacketHelper@@QAEGXZ 004068a0 f i AttemperEngineSink.obj
 0001:000058c0       ?GetMainVer@@YAEK@Z        004068c0 f i AttemperEngineSink.obj
 0001:000058f0       ?GetProductVer@@YAEK@Z     004068f0 f i AttemperEngineSink.obj
 0001:00005920       ?GetSubVer@@YAEK@Z         00406920 f i AttemperEngineSink.obj
 0001:00005950       ?GetUserItemCount@CNearUserManager@@UAEKXZ 00406950 f i AttemperEngineSink.obj
 0001:00005980       ?GetUserItemKind@CServerUserItem@@QAE?AW4enUserItemKind@@XZ 00406980 f i AttemperEngineSink.obj
 0001:000059a0       ?InterfaceVersionCompare@@YA_NKK@Z 004069a0 f i AttemperEngineSink.obj
 0001:00005a80       ?OnAttemperEngineConclude@CAttemperEngineSink@@UAE_NPAUIUnknownEx@@@Z 00406a80 f   AttemperEngineSink.obj
 0001:00005c50       ?OnAttemperEngineStart@CAttemperEngineSink@@UAE_NPAUIUnknownEx@@@Z 00406c50 f   AttemperEngineSink.obj
 0001:00005d30       ?OnDBLoadDeleteFriend@CAttemperEngineSink@@IAE_NKPAXG@Z 00406d30 f   AttemperEngineSink.obj
 0001:00005f80       ?OnDBLoadUserFriend@CAttemperEngineSink@@IAE_NKPAXG@Z 00406f80 f   AttemperEngineSink.obj
 0001:00006620       ?OnDBLoadUserGroup@CAttemperEngineSink@@IAE_NKPAXG@Z 00407620 f   AttemperEngineSink.obj
 0001:000068d0       ?OnDBLoadUserOfflineMessage@CAttemperEngineSink@@IAE_NKPAXG@Z 004078d0 f   AttemperEngineSink.obj
 0001:00006c70       ?OnDBLoadUserRemarksInfo@CAttemperEngineSink@@IAE_NKPAXG@Z 00407c70 f   AttemperEngineSink.obj
 0001:00006f20       ?OnDBLoadUserSimpleIndividual@CAttemperEngineSink@@IAE_NKPAXG@Z 00407f20 f   AttemperEngineSink.obj
 0001:00007400       ?OnDBLogonFailure@CAttemperEngineSink@@IAE_NKPAXG@Z 00408400 f   AttemperEngineSink.obj
 0001:00007450       ?OnDBLogonSuccess@CAttemperEngineSink@@IAE_NKPAXG@Z 00408450 f   AttemperEngineSink.obj
 0001:000078d0       ?OnDBSearchUserResult@CAttemperEngineSink@@IAE_NKPAXG@Z 004088d0 f   AttemperEngineSink.obj
 0001:00007c70       ?OnDBSystemMessage@CAttemperEngineSink@@IAE_NKPAXG@Z 00408c70 f   AttemperEngineSink.obj
 0001:00007e30       ?OnDBSystemMessageFinish@CAttemperEngineSink@@IAE_NKPAXG@Z 00408e30 f   AttemperEngineSink.obj
 0001:00007f00       ?OnDBTrumpetResult@CAttemperEngineSink@@IAE_NKPAXG@Z 00408f00 f   AttemperEngineSink.obj
 0001:000081d0       ?OnDBUserAddFriend@CAttemperEngineSink@@IAE_NKPAXG@Z 004091d0 f   AttemperEngineSink.obj
 0001:00008c30       ?OnDBUserOperateResult@CAttemperEngineSink@@IAE_NKPAXG@Z 00409c30 f   AttemperEngineSink.obj
 0001:00008d20       ?OnEventAttemperData@CAttemperEngineSink@@UAE_NGPAXG@Z 00409d20 f   AttemperEngineSink.obj
 0001:00008d40       ?OnEventControl@CAttemperEngineSink@@UAE_NGPAXG@Z 00409d40 f   AttemperEngineSink.obj
 0001:00008e90       ?OnEventDataBase@CAttemperEngineSink@@MAE_NGKPAXG@Z 00409e90 f   AttemperEngineSink.obj
 0001:00009440       ?OnEventTCPNetworkBind@CAttemperEngineSink@@UAE_NKK@Z 0040a440 f   AttemperEngineSink.obj
 0001:000094e0       ?OnEventTCPNetworkRead@CAttemperEngineSink@@UAE_NUTCP_Command@@PAXGK@Z 0040a4e0 f   AttemperEngineSink.obj
 0001:00009560       ?OnEventTCPNetworkShut@CAttemperEngineSink@@UAE_NKKK@Z 0040a560 f   AttemperEngineSink.obj
 0001:00009810       ?OnEventTCPSocketLink@CAttemperEngineSink@@UAE_NGH@Z 0040a810 f   AttemperEngineSink.obj
 0001:000099e0       ?OnEventTCPSocketMainServiceInfo@CAttemperEngineSink@@IAE_NGPAXG@Z 0040a9e0 f   AttemperEngineSink.obj
 0001:00009a40       ?OnEventTCPSocketMainUserCollect@CAttemperEngineSink@@IAE_NGPAXG@Z 0040aa40 f   AttemperEngineSink.obj
 0001:00009a90       ?OnEventTCPSocketRead@CAttemperEngineSink@@UAE_NGUTCP_Command@@PAXG@Z 0040aa90 f   AttemperEngineSink.obj
 0001:00009b40       ?OnEventTCPSocketShut@CAttemperEngineSink@@UAE_NGE@Z 0040ab40 f   AttemperEngineSink.obj
 0001:00009ca0       ?OnEventTCPSocketSubUserStatus@CAttemperEngineSink@@IAE_NPAXG@Z 0040aca0 f   AttemperEngineSink.obj
 0001:00009f10       ?OnEventTimer@CAttemperEngineSink@@UAE_NKI@Z 0040af10 f   AttemperEngineSink.obj
 0001:0000a400       ?OnTCPNetworkDeleteFriend@CAttemperEngineSink@@IAE_NPAXGK@Z 0040b400 f   AttemperEngineSink.obj
 0001:0000a5e0       ?OnTCPNetworkGetNearuser@CAttemperEngineSink@@IAE_NPAXGK@Z 0040b5e0 f   AttemperEngineSink.obj
 0001:0000aa90       ?OnTCPNetworkMainLogon@CAttemperEngineSink@@IAE_NGPAXGK@Z 0040ba90 f   AttemperEngineSink.obj
 0001:0000aaf0       ?OnTCPNetworkMainUser@CAttemperEngineSink@@IAE_NGPAXGK@Z 0040baf0 f   AttemperEngineSink.obj
 0001:0000ad00       ?OnTCPNetworkQueryNearuser@CAttemperEngineSink@@IAE_NPAXGK@Z 0040bd00 f   AttemperEngineSink.obj
 0001:0000b170       ?OnTCPNetworkSubApplyForFriend@CAttemperEngineSink@@IAE_NPAXGK@Z 0040c170 f   AttemperEngineSink.obj
 0001:0000b560       ?OnTCPNetworkSubInvitePersonal@CAttemperEngineSink@@IAE_NPAXGK@Z 0040c560 f   AttemperEngineSink.obj
 0001:0000ba30       ?OnTCPNetworkSubMBLogonByUserID@CAttemperEngineSink@@IAE_NPAXGK@Z 0040ca30 f   AttemperEngineSink.obj
 0001:0000bd70       ?OnTCPNetworkSubRespondFriend@CAttemperEngineSink@@IAE_NPAXGK@Z 0040cd70 f   AttemperEngineSink.obj
 0001:0000c280       ?OnTCPNetworkSubRoomInvite@CAttemperEngineSink@@IAE_NPAXGK@Z 0040d280 f   AttemperEngineSink.obj
 0001:0000c750       ?OnTCPNetworkSubSearchUser@CAttemperEngineSink@@IAE_NPAXGK@Z 0040d750 f   AttemperEngineSink.obj
 0001:0000c810       ?OnTCPNetworkSubTrumpet@CAttemperEngineSink@@IAE_NPAXGK@Z 0040d810 f   AttemperEngineSink.obj
 0001:0000ca70       ?OnTCPNetworkSubUserChat@CAttemperEngineSink@@IAE_NPAXGK@Z 0040da70 f   AttemperEngineSink.obj
 0001:0000ce00       ?OnTCPNetworkSubUserShare@CAttemperEngineSink@@IAE_NPAXGK@Z 0040de00 f   AttemperEngineSink.obj
 0001:0000d2a0       ?OnTCPNetworkUpdateCoordinate@CAttemperEngineSink@@IAE_NPAXGK@Z 0040e2a0 f   AttemperEngineSink.obj
 0001:0000d750       ?OnTCPSocketMainManagerService@CAttemperEngineSink@@IAE_NGPAXG@Z 0040e750 f   AttemperEngineSink.obj
 0001:0000d7d0       ?QueryInterface@CAttemperEngineSink@@UAEPAXABU_GUID@@K@Z 0040e7d0 f   AttemperEngineSink.obj
 0001:0000d880       ?Release@CAttemperEngineSink@@UAEXXZ 0040e880 f i AttemperEngineSink.obj
 0001:0000d8a0       ?RemoveAll@?$CWHArray@PAUtagSystemMessage@@ABQAU1@@@QAEXXZ 0040e8a0 f i AttemperEngineSink.obj
 0001:0000d920       ?RemoveAt@?$CWHArray@PAUtagSystemMessage@@ABQAU1@@@QAEXHH@Z 0040e920 f i AttemperEngineSink.obj
 0001:0000da60       ?RemoveSystemMessage@CAttemperEngineSink@@IAEXXZ 0040ea60 f   AttemperEngineSink.obj
 0001:0000dab0       ?SaveOfflineMessage@CAttemperEngineSink@@IAE_NKGPAXGK@Z 0040eab0 f   AttemperEngineSink.obj
 0001:0000dc50       ?SendChatServerConfig@CAttemperEngineSink@@IAE_NK@Z 0040ec50 f   AttemperEngineSink.obj
 0001:0000dcd0       ?SendData@CAttemperEngineSink@@IAE_NKGGPAXG@Z 0040ecd0 f   AttemperEngineSink.obj
 0001:0000dd30       ?SendDataToUserFriend@CAttemperEngineSink@@IAE_NKGGPAXG@Z 0040ed30 f   AttemperEngineSink.obj
 0001:0000dea0       ?SendLogonFailure@CAttemperEngineSink@@IAE_NPBDJK@Z 0040eea0 f   AttemperEngineSink.obj
 0001:0000df80       ?SendOperateFailure@CAttemperEngineSink@@IAE_NPBDJJK@Z 0040ef80 f   AttemperEngineSink.obj
 0001:0000e020       ?SendOperateSuccess@CAttemperEngineSink@@IAE_NPBDJK@Z 0040f020 f   AttemperEngineSink.obj
 0001:0000e0d0       ?SendSystemMessage@CAttemperEngineSink@@IAE_NKPBDG@Z 0040f0d0 f   AttemperEngineSink.obj
 0001:0000e1e0       ?SendSystemMessage@CAttemperEngineSink@@IAE_NPBDG@Z 0040f1e0 f   AttemperEngineSink.obj
 0001:0000e2f0       ?SendUIControlPacket@CAttemperEngineSink@@QAE_NGPAXG@Z 0040f2f0 f   AttemperEngineSink.obj
 0001:0000e340       ?SetAtGrow@?$CWHArray@PAUtagSystemMessage@@ABQAU1@@@QAEXHABQAUtagSystemMessage@@@Z 0040f340 f i AttemperEngineSink.obj
 0001:0000e3d0       ?SetOwnerUserID@CUserFriendGroup@@QAEXK@Z 0040f3d0 f i AttemperEngineSink.obj
 0001:0000e400       ?SetSize@?$CWHArray@PAUtagSystemMessage@@ABQAU1@@@QAEXH@Z 0040f400 f i AttemperEngineSink.obj
 0001:0000e520       ?__empty_global_delete@@YAXPAX@Z 0040f520 f i AttemperEngineSink.obj
 0001:0000e540       ?__global_delete@@YAXPAXI@Z 0040f540 f i AttemperEngineSink.obj
 0001:0000e540       ?__empty_global_delete@@YAXPAXI@Z 0040f540 f i AttemperEngineSink.obj
 0001:0000e560       _==                        0040f560 f i AttemperEngineSink.obj
 0001:0000e5b0       _IsEqualGUID               0040f5b0 f i AttemperEngineSink.obj
 0001:0000e600       ___local_stdio_printf_options 0040f600 f i AttemperEngineSink.obj
 0001:0000e620       __snprintf                 0040f620 f i AttemperEngineSink.obj
 0001:0000e670       __vsnprintf                0040f670 f i AttemperEngineSink.obj
 0001:0000e6b0       __vsnprintf_l              0040f6b0 f i AttemperEngineSink.obj
 0001:0000e720       __vsprintf_l               0040f720 f i AttemperEngineSink.obj
 0001:0000e760       _sprintf                   0040f760 f i AttemperEngineSink.obj
 0001:0000e7e0       ??0CChatServerApp@@QAE@XZ  0040f7e0 f   ChatServer.obj
 0001:0000e820       ??1CChatServerApp@@UAE@XZ  0040f820 f i ChatServer.obj
 0001:0000e850       ??_ECChatServerApp@@UAEPAXI@Z 0040f850 f i ChatServer.obj
 0001:0000e850       ??_GCChatServerApp@@UAEPAXI@Z 0040f850 f i ChatServer.obj
 0001:0000e8b0       ?GetApplicationRecoveryParameter@CWinApp@@UAEPAXXZ 0040f8b0 f i ChatServer.obj
 0001:0000e8d0       ?GetApplicationRecoveryPingInterval@CWinApp@@UAEKXZ 0040f8d0 f i ChatServer.obj
 0001:0000e8f0       ?GetApplicationRestartFlags@CWinApp@@UAEKXZ 0040f8f0 f i ChatServer.obj
 0001:0000e910       ?GetMessageMap@CChatServerApp@@MBEPBUAFX_MSGMAP@@XZ 0040f910 f   ChatServer.obj
 0001:0000e930       ?GetThisMessageMap@CChatServerApp@@KGPBUAFX_MSGMAP@@XZ 0040f930 f   ChatServer.obj
 0001:0000e950       ?InitInstance@CChatServerApp@@UAEHXZ 0040f950 f   ChatServer.obj
 0001:0000ea50       ?ReopenPreviousFilesAtRestart@CWinApp@@UBEHXZ 0040fa50 f i ChatServer.obj
 0001:0000ea80       ?RestoreAutosavedFilesAtRestart@CWinApp@@UBEHXZ 0040fa80 f i ChatServer.obj
 0001:0000eab0       ?SupportsApplicationRecovery@CWinApp@@UBEHXZ 0040fab0 f i ChatServer.obj
 0001:0000eae0       ?SupportsAutosaveAtInterval@CWinApp@@UBEHXZ 0040fae0 f i ChatServer.obj
 0001:0000eb10       ?SupportsAutosaveAtRestart@CWinApp@@UBEHXZ 0040fb10 f i ChatServer.obj
 0001:0000eb40       ?SupportsRestartManager@CWinApp@@UBEHXZ 0040fb40 f i ChatServer.obj
 0001:0000eb70       ?OnBnClickedStartService@CChatServerDlg@@IAEXXZ 0040fb70 f   ChatServerDlg.obj
 0001:0000ec20       ?OnBnClickedStopService@CChatServerDlg@@IAEXXZ 0040fc20 f   ChatServerDlg.obj
 0001:0000ecd0       ?OnQueryEndSession@CChatServerDlg@@QAEHXZ 0040fcd0 f   ChatServerDlg.obj
 0001:0000ed20       ?OnMessageProcessCmdLine@CChatServerDlg@@QAEJIJ@Z 0040fd20 f   ChatServerDlg.obj
 0001:0000ee60       ??0CChatServerDlg@@QAE@XZ  0040fe60 f   ChatServerDlg.obj
 0001:0000ef40       ??0CInitParameter@@QAE@ABV0@@Z 0040ff40 f i ChatServerDlg.obj
 0001:0000f0a0       ??0IServiceUnitsSink@@QAE@XZ 004100a0 f i ChatServerDlg.obj
 0001:0000f0d0       ??1CChatServerDlg@@UAE@XZ  004100d0 f   ChatServerDlg.obj
 0001:0000f140       ??_GCChatServerDlg@@UAEPAXI@Z 00410140 f i ChatServerDlg.obj
 0001:0000f140       ??_ECChatServerDlg@@UAEPAXI@Z 00410140 f i ChatServerDlg.obj
 0001:0000f1a0       ??_GCInitParameter@@UAEPAXI@Z 004101a0 f i ChatServerDlg.obj
 0001:0000f1a0       ??_ECInitParameter@@UAEPAXI@Z 004101a0 f i ChatServerDlg.obj
 0001:0000f1f0       ?DoDataExchange@CChatServerDlg@@MAEXPAVCDataExchange@@@Z 004101f0 f   ChatServerDlg.obj
 0001:0000f240       ?GetInitParameter@CServiceUnits@@QAE?AVCInitParameter@@XZ 00410240 f i ChatServerDlg.obj
 0001:0000f290       ?GetMessageMap@CChatServerDlg@@MBEPBUAFX_MSGMAP@@XZ 00410290 f   ChatServerDlg.obj
 0001:0000f2b0       ?GetServiceStatus@CServiceUnits@@QAE?AW4enServiceStatus@@XZ 004102b0 f i ChatServerDlg.obj
 0001:0000f2e0       ?GetThisMessageMap@CChatServerDlg@@KGPBUAFX_MSGMAP@@XZ 004102e0 f   ChatServerDlg.obj
 0001:0000f300       ?OnCancel@CChatServerDlg@@MAEXXZ 00410300 f   ChatServerDlg.obj
 0001:0000f370       ?OnInitDialog@CChatServerDlg@@MAEHXZ 00410370 f   ChatServerDlg.obj
 0001:0000f460       ?OnOK@CChatServerDlg@@MAEXXZ 00410460 f   ChatServerDlg.obj
 0001:0000f480       ?OnServiceUnitsStatus@CChatServerDlg@@UAEXW4enServiceStatus@@@Z 00410480 f   ChatServerDlg.obj
 0001:0000f6e0       ?PreTranslateMessage@CChatServerDlg@@MAEHPAUtagMSG@@@Z 004106e0 f   ChatServerDlg.obj
 0001:0000f730       ?StartServerService@CChatServerDlg@@IAE_NG@Z 00410730 f   ChatServerDlg.obj
 0001:0000f7f0       ?UpdateServerTitle@CChatServerDlg@@IAEXW4enServiceStatus@@@Z 004107f0 f   ChatServerDlg.obj
 0001:0000f8f0       ??$AtlConvAllocMemory@D@ATL@@YAXPAPADHPADH@Z 004108f0 f i DataBaseEngineSink.obj
 0001:0000fb20       ??$AtlConvFreeMemory@D@ATL@@YAXPAD0H@Z 00410b20 f i DataBaseEngineSink.obj
 0001:0000fb70       ??$AtlMultiply@I@ATL@@YAJPAIII@Z 00410b70 f i DataBaseEngineSink.obj
 0001:0000fbd0       ??$_snprintf_s@$0IA@@@YAHAAY0IA@DIPBDZZ 00410bd0 f i DataBaseEngineSink.obj
 0001:0000fc10       ??0?$CHeapPtr@DVCCRTAllocator@ATL@@@ATL@@QAE@XZ 00410c10 f i DataBaseEngineSink.obj
 0001:0000fc40       ??0?$CHeapPtr@_WVCCRTAllocator@ATL@@@ATL@@QAE@XZ 00410c40 f i DataBaseEngineSink.obj
 0001:0000fc70       ??0?$CHeapPtrBase@DVCCRTAllocator@ATL@@@ATL@@IAE@XZ 00410c70 f i DataBaseEngineSink.obj
 0001:0000fca0       ??0?$CHeapPtrBase@_WVCCRTAllocator@ATL@@@ATL@@IAE@XZ 00410ca0 f i DataBaseEngineSink.obj
 0001:0000fcd0       ??0?$CTempldateHelper@UIDataBase@@@@QAE@ABU_GUID@@KPBD1@Z 00410cd0 f i DataBaseEngineSink.obj
 0001:0000fd80       ??0?$CTraceCategoryEx@$0CAAA@$0A@@ATL@@QAE@PBD@Z 00410d80 f i DataBaseEngineSink.obj
 0001:0000fdc0       ??0?$CW2AEX@$0IA@@ATL@@QAE@PB_W@Z 00410dc0 f i DataBaseEngineSink.obj
 0001:0000fe10       ??0CDataBaseEngineSink@@QAE@XZ 00410e10 f   DataBaseEngineSink.obj
 0001:0000ff70       ??0CDataBaseHelper@@QAE@XZ 00410f70 f i DataBaseEngineSink.obj
 0001:0000ffc0       ??0CPreserveLastError@ATL@@QAE@XZ 00410fc0 f i DataBaseEngineSink.obj
 0001:0000fff0       ??0CTime@ATL@@QAE@ABU_SYSTEMTIME@@H@Z 00410ff0 f i DataBaseEngineSink.obj
 0001:000100b0       ??0CTime@ATL@@QAE@HHHHHHH@Z 004110b0 f i DataBaseEngineSink.obj
 0001:00010540       ??0CTime@ATL@@QAE@_J@Z     00411540 f i DataBaseEngineSink.obj
 0001:00010570       ??0CTraceFileAndLineInfo@ATL@@QAE@PBDH@Z 00411570 f i DataBaseEngineSink.obj
 0001:000105b0       ??0IDataBaseEngineSink@@QAE@XZ 004115b0 f i DataBaseEngineSink.obj
 0001:000105e0       ??0_variant_t@@QAE@XZ      004115e0 f i DataBaseEngineSink.obj
 0001:00010610       ??1?$CHeapPtr@DVCCRTAllocator@ATL@@@ATL@@QAE@XZ 00411610 f i DataBaseEngineSink.obj
 0001:00010640       ??1?$CHeapPtr@_WVCCRTAllocator@ATL@@@ATL@@QAE@XZ 00411640 f i DataBaseEngineSink.obj
 0001:00010670       ??1?$CHeapPtrBase@DVCCRTAllocator@ATL@@@ATL@@QAE@XZ 00411670 f i DataBaseEngineSink.obj
 0001:000106a0       ??1?$CHeapPtrBase@_WVCCRTAllocator@ATL@@@ATL@@QAE@XZ 004116a0 f i DataBaseEngineSink.obj
 0001:000106d0       ??1?$CTempldateHelper@UIDataBase@@@@UAE@XZ 004116d0 f i DataBaseEngineSink.obj
 0001:00010740       ??1?$CW2AEX@$0IA@@ATL@@QAE@XZ 00411740 f i DataBaseEngineSink.obj
 0001:00010780       ??1CDataBaseEngineSink@@UAE@XZ 00411780 f   DataBaseEngineSink.obj
 0001:00010810       ??1CDataBaseHelper@@UAE@XZ 00411810 f i DataBaseEngineSink.obj
 0001:00010840       ??1CPreserveLastError@ATL@@QAE@XZ 00411840 f i DataBaseEngineSink.obj
 0001:00010870       ??1_variant_t@@QAE@XZ      00411870 f i DataBaseEngineSink.obj
 0001:000108a0       ??B?$CHeapPtrBase@DVCCRTAllocator@ATL@@@ATL@@QBEPADXZ 004118a0 f i DataBaseEngineSink.obj
 0001:000108c0       ??B?$CHeapPtrBase@_WVCCRTAllocator@ATL@@@ATL@@QBEPA_WXZ 004118c0 f i DataBaseEngineSink.obj
 0001:000108e0       ??B?$CTraceCategoryEx@$0CAAA@$0A@@ATL@@QAEIXZ 004118e0 f i DataBaseEngineSink.obj
 0001:00010900       ??B?$CW2AEX@$0IA@@ATL@@QBEPADXZ 00411900 f i DataBaseEngineSink.obj
 0001:00010920       ??C?$CTempldateHelper@UIDataBase@@@@QBEPAUIDataBase@@XZ 00411920 f i DataBaseEngineSink.obj
 0001:00010950       ??RCTraceFileAndLineInfo@ATL@@QBAXHIPBDZZ 00411950 f i DataBaseEngineSink.obj
 0001:00010a00       ??_G?$CTempldateHelper@UIDataBase@@@@UAEPAXI@Z 00411a00 f i DataBaseEngineSink.obj
 0001:00010a00       ??_E?$CTempldateHelper@UIDataBase@@@@UAEPAXI@Z 00411a00 f i DataBaseEngineSink.obj
 0001:00010a50       ??_ECDataBaseEngineSink@@UAEPAXI@Z 00411a50 f i DataBaseEngineSink.obj
 0001:00010a50       ??_GCDataBaseEngineSink@@UAEPAXI@Z 00411a50 f i DataBaseEngineSink.obj
 0001:00010aa0       ??_GCDataBaseHelper@@UAEPAXI@Z 00411aa0 f i DataBaseEngineSink.obj
 0001:00010aa0       ??_ECDataBaseHelper@@UAEPAXI@Z 00411aa0 f i DataBaseEngineSink.obj
 0001:00010af0       ?Allocate@?$CHeapPtr@DVCCRTAllocator@ATL@@@ATL@@QAE_NI@Z 00411af0 f i DataBaseEngineSink.obj
 0001:00010b50       ?Allocate@?$CHeapPtr@_WVCCRTAllocator@ATL@@@ATL@@QAE_NI@Z 00411b50 f i DataBaseEngineSink.obj
 0001:00010bb0       ?Allocate@CCRTAllocator@ATL@@SAPAXI@Z 00411bb0 f i DataBaseEngineSink.obj
 0001:00010be0       ?AllocateBytes@?$CHeapPtrBase@DVCCRTAllocator@ATL@@@ATL@@QAE_NI@Z 00411be0 f i DataBaseEngineSink.obj
 0001:00010c60       ?AllocateBytes@?$CHeapPtrBase@_WVCCRTAllocator@ATL@@@ATL@@QAE_NI@Z 00411c60 f i DataBaseEngineSink.obj
 0001:00010ce0       ?AtlThrowImpl@ATL@@YGXJ@Z  00411ce0 f i DataBaseEngineSink.obj
 0001:00010d60       ?AtlThrowLastWin32@ATL@@YGXXZ 00411d60 f i DataBaseEngineSink.obj
 0001:00010da0       ?CloseInstance@?$CTempldateHelper@UIDataBase@@@@QAE_NXZ 00411da0 f i DataBaseEngineSink.obj
 0001:00010e50       ?CreateInstance@?$CTempldateHelper@UIDataBase@@@@QAE_NXZ 00411e50 f i DataBaseEngineSink.obj
 0001:00011110       ?Free@?$CHeapPtrBase@DVCCRTAllocator@ATL@@@ATL@@QAEXXZ 00412110 f i DataBaseEngineSink.obj
 0001:00011150       ?Free@?$CHeapPtrBase@_WVCCRTAllocator@ATL@@@ATL@@QAEXXZ 00412150 f i DataBaseEngineSink.obj
 0001:00011190       ?Free@CCRTAllocator@ATL@@SAXPAX@Z 00412190 f i DataBaseEngineSink.obj
 0001:000111c0       ?GetCategoryName@CTrace@ATL@@CAPA_WI@Z 004121c0 f i DataBaseEngineSink.obj
 0001:00011230       ?GetInterface@?$CTempldateHelper@UIDataBase@@@@QBEPAUIDataBase@@XZ 00412230 f i DataBaseEngineSink.obj
 0001:00011260       ?GetTime@CTime@ATL@@QBE_JXZ 00412260 f i DataBaseEngineSink.obj
 0001:00011290       ?Init@?$CW2AEX@$0IA@@ATL@@AAEXPB_WI@Z 00412290 f i DataBaseEngineSink.obj
 0001:00011440       ?OnDataBaseEngineConclude@CDataBaseEngineSink@@UAE_NPAUIUnknownEx@@@Z 00412440 f   DataBaseEngineSink.obj
 0001:000115a0       ?OnDataBaseEngineControl@CDataBaseEngineSink@@UAE_NGPAXG@Z 004125a0 f   DataBaseEngineSink.obj
 0001:000115c0       ?OnDataBaseEngineRequest@CDataBaseEngineSink@@UAE_NGKPAXG@Z 004125c0 f   DataBaseEngineSink.obj
 0001:000118e0       ?OnDataBaseEngineStart@CDataBaseEngineSink@@UAE_NPAUIUnknownEx@@@Z 004128e0 f   DataBaseEngineSink.obj
 0001:00011d00       ?OnDataBaseEngineTimer@CDataBaseEngineSink@@UAE_NKI@Z 00412d00 f   DataBaseEngineSink.obj
 0001:00011d20       ?OnLogonDisposeResult@CDataBaseEngineSink@@AAEXKKPBD_NGG@Z 00412d20 f   DataBaseEngineSink.obj
 0001:00012090       ?OnRequestAddFriend@CDataBaseEngineSink@@IAE_NKPAXG@Z 00413090 f   DataBaseEngineSink.obj
 0001:00012640       ?OnRequestDeleteFriend@CDataBaseEngineSink@@IAE_NKPAXG@Z 00413640 f   DataBaseEngineSink.obj
 0001:000128d0       ?OnRequestLoadSystemMessage@CDataBaseEngineSink@@IAE_NKPAXG@Z 004138d0 f   DataBaseEngineSink.obj
 0001:00012d60       ?OnRequestLogonUserID@CDataBaseEngineSink@@IAE_NKPAXG@Z 00413d60 f   DataBaseEngineSink.obj
 0001:00013fc0       ?OnRequestModifyFriend@CDataBaseEngineSink@@IAE_NKPAXG@Z 00414fc0 f   DataBaseEngineSink.obj
 0001:00014320       ?OnRequestModifyGroup@CDataBaseEngineSink@@IAE_NKPAXG@Z 00415320 f   DataBaseEngineSink.obj
 0001:000147f0       ?OnRequestModifyRemarks@CDataBaseEngineSink@@IAE_NKPAXG@Z 004157f0 f   DataBaseEngineSink.obj
 0001:00014a80       ?OnRequestSaveOfflineMessage@CDataBaseEngineSink@@IAE_NKPAXG@Z 00415a80 f   DataBaseEngineSink.obj
 0001:00014ca0       ?OnRequestSearchUser@CDataBaseEngineSink@@IAE_NKPAXG@Z 00415ca0 f   DataBaseEngineSink.obj
 0001:00015090       ?OnRequestTrumpet@CDataBaseEngineSink@@IAE_NKPAXG@Z 00416090 f   DataBaseEngineSink.obj
 0001:00015350       ?OnRequestUpdatePlaceName@CDataBaseEngineSink@@IAE_NKPAXG@Z 00416350 f   DataBaseEngineSink.obj
 0001:00015530       ?OnUserOperateResult@CDataBaseEngineSink@@AAEXK_NKGPBD@Z 00416530 f   DataBaseEngineSink.obj
 0001:00015600       ?QueryInterface@CDataBaseEngineSink@@UAEPAXABU_GUID@@K@Z 00416600 f   DataBaseEngineSink.obj
 0001:000156b0       ?RegisterCategory@CTrace@ATL@@SAXPBDI@Z 004166b0 f i DataBaseEngineSink.obj
 0001:000157d0       ?Release@CDataBaseEngineSink@@UAEXXZ 004167d0 f i DataBaseEngineSink.obj
 0001:000157f0       ?TraceV@CTrace@ATL@@CAXPBDHIIPB_W@Z 004167f0 f i DataBaseEngineSink.obj
 0001:00015a80       ?TraceV@CTrace@ATL@@SAXPBDHII0PAD@Z 00416a80 f i DataBaseEngineSink.obj
 0001:00015cb0       ?_AtlGetConversionACP@ATL@@YGIXZ 00416cb0 f i DataBaseEngineSink.obj
 0001:00015cd0       _HRESULT_FROM_WIN32        00416cd0 f i DataBaseEngineSink.obj
 0001:00015d20       __vscprintf                00416d20 f i DataBaseEngineSink.obj
 0001:00015d50       __vscprintf_l              00416d50 f i DataBaseEngineSink.obj
 0001:00015dc0       __vsnprintf_s              00416dc0 f i DataBaseEngineSink.obj
 0001:00015e00       __vsnprintf_s_l            00416e00 f i DataBaseEngineSink.obj
 0001:00015e70       __vswprintf_s_l            00416e70 f i DataBaseEngineSink.obj
 0001:00015ee0       _swprintf_s                00416ee0 f i DataBaseEngineSink.obj
 0001:00015f30       ??0CInitParameter@@QAE@XZ  00416f30 f   InitParameter.obj
 0001:00015f60       ??1CInitParameter@@UAE@XZ  00416f60 f   InitParameter.obj
 0001:00015f90       ?InitParameter@CInitParameter@@QAEXXZ 00416f90 f   InitParameter.obj
 0001:000160c0       ?LoadInitParameter@CInitParameter@@QAEXXZ 004170c0 f   InitParameter.obj
 0001:00016840       ??$CompareElements@KK@@YGHPBK0@Z 00417840 f i ServerUserManager.obj
 0001:00016940       ??$DumpElements@K@@YGXAAVCDumpContext@@PBKH@Z 00417940 f i ServerUserManager.obj
 0001:000169f0       ??$DumpElements@PAVCServerUserItem@@@@YGXAAVCDumpContext@@PBQAVCServerUserItem@@H@Z 004179f0 f i ServerUserManager.obj
 0001:00016aa0       ??$DumpElements@PAVCUserFriendGroup@@@@YGXAAVCDumpContext@@PBQAVCUserFriendGroup@@H@Z 00417aa0 f i ServerUserManager.obj
 0001:00016b50       ??$HashKey@K@@YGIK@Z       00417b50 f i ServerUserManager.obj
 0001:00016bc0       ??$SerializeElements@K@@YGXAAVCArchive@@PAKH@Z 00417bc0 f i ServerUserManager.obj
 0001:00016d60       ??$SerializeElements@PAVCServerUserItem@@@@YGXAAVCArchive@@PAPAVCServerUserItem@@H@Z 00417d60 f i ServerUserManager.obj
 0001:00016f00       ??$SerializeElements@PAVCUserFriendGroup@@@@YGXAAVCArchive@@PAPAVCUserFriendGroup@@H@Z 00417f00 f i ServerUserManager.obj
 0001:000170a0       ??0?$CMap@KKPAVCServerUserItem@@PAV1@@@QAE@H@Z 004180a0 f i ServerUserManager.obj
 0001:00017190       ??0?$CMap@KKPAVCUserFriendGroup@@PAV1@@@QAE@H@Z 00418190 f i ServerUserManager.obj
 0001:00017280       ??0?$CWHArray@PAUtagNearUserInfo@@ABQAU1@@@QAE@XZ 00418280 f i ServerUserManager.obj
 0001:000172e0       ??0?$CWHArray@PAVCServerUserItem@@ABQAV1@@@QAE@XZ 004182e0 f i ServerUserManager.obj
 0001:00017340       ??0?$CWHArray@PAVCUserFriendGroup@@ABQAV1@@@QAE@XZ 00418340 f i ServerUserManager.obj
 0001:000173a0       ??0CAssoc@?$CMap@KKPAVCServerUserItem@@PAV1@@@QAE@K@Z 004183a0 f i ServerUserManager.obj
 0001:000173d0       ??0CAssoc@?$CMap@KKPAVCUserFriendGroup@@PAV1@@@QAE@K@Z 004183d0 f i ServerUserManager.obj
 0001:00017400       ??0CFriendGroupManager@@QAE@XZ 00418400 f   ServerUserManager.obj
 0001:000174c0       ??0CLocalUserItem@@IAE@XZ  004184c0 f   ServerUserManager.obj
 0001:00017570       ??0CNearUserManager@@QAE@XZ 00418570 f   ServerUserManager.obj
 0001:000175b0       ??0CPair@?$CMap@KKPAVCServerUserItem@@PAV1@@@IAE@K@Z 004185b0 f i ServerUserManager.obj
 0001:000175e0       ??0CPair@?$CMap@KKPAVCUserFriendGroup@@PAV1@@@IAE@K@Z 004185e0 f i ServerUserManager.obj
 0001:00017610       ??0CServerUserItem@@IAE@W4enUserItemKind@@@Z 00418610 f   ServerUserManager.obj
 0001:00017650       ??0CServerUserManager@@QAE@XZ 00418650 f   ServerUserManager.obj
 0001:00017720       ??0CUserFriendGroup@@QAE@XZ 00418720 f   ServerUserManager.obj
 0001:00017780       ??0Cltladistance@@QAE@XZ   00418780 f   ServerUserManager.obj
 0001:000177b0       ??1?$CMap@KKPAVCServerUserItem@@PAV1@@@UAE@XZ 004187b0 f i ServerUserManager.obj
 0001:00017840       ??1?$CMap@KKPAVCUserFriendGroup@@PAV1@@@UAE@XZ 00418840 f i ServerUserManager.obj
 0001:000178d0       ??1?$CWHArray@PAUtagNearUserInfo@@ABQAU1@@@UAE@XZ 004188d0 f i ServerUserManager.obj
 0001:00017950       ??1?$CWHArray@PAVCServerUserItem@@ABQAV1@@@UAE@XZ 00418950 f i ServerUserManager.obj
 0001:000179d0       ??1?$CWHArray@PAVCUserFriendGroup@@ABQAV1@@@UAE@XZ 004189d0 f i ServerUserManager.obj
 0001:00017a50       ??1CFriendGroupManager@@UAE@XZ 00418a50 f   ServerUserManager.obj
 0001:00017cd0       ??1CLocalUserItem@@MAE@XZ  00418cd0 f   ServerUserManager.obj
 0001:00017d00       ??1CNearUserManager@@UAE@XZ 00418d00 f   ServerUserManager.obj
 0001:00017e40       ??1CServerUserItem@@MAE@XZ 00418e40 f   ServerUserManager.obj
 0001:00017e70       ??1CServerUserManager@@UAE@XZ 00418e70 f   ServerUserManager.obj
 0001:00018100       ??1CUserFriendGroup@@UAE@XZ 00419100 f   ServerUserManager.obj
 0001:000181e0       ??1Cltladistance@@UAE@XZ   004191e0 f   ServerUserManager.obj
 0001:00018210       ??A?$CMap@KKPAVCServerUserItem@@PAV1@@@QAEAAPAVCServerUserItem@@K@Z 00419210 f i ServerUserManager.obj
 0001:00018340       ??A?$CMap@KKPAVCUserFriendGroup@@PAV1@@@QAEAAPAVCUserFriendGroup@@K@Z 00419340 f i ServerUserManager.obj
 0001:00018470       ??A?$CWHArray@PAUtagNearUserInfo@@ABQAU1@@@QAEAAPAUtagNearUserInfo@@H@Z 00419470 f i ServerUserManager.obj
 0001:000184a0       ??A?$CWHArray@PAVCServerUserItem@@ABQAV1@@@QAEAAPAVCServerUserItem@@H@Z 004194a0 f i ServerUserManager.obj
 0001:000184d0       ??A?$CWHArray@PAVCUserFriendGroup@@ABQAV1@@@QAEAAPAVCUserFriendGroup@@H@Z 004194d0 f i ServerUserManager.obj
 0001:00018500       ??_G?$CMap@KKPAVCServerUserItem@@PAV1@@@UAEPAXI@Z 00419500 f i ServerUserManager.obj
 0001:00018500       ??_E?$CMap@KKPAVCServerUserItem@@PAV1@@@UAEPAXI@Z 00419500 f i ServerUserManager.obj
 0001:00018560       ??_G?$CMap@KKPAVCUserFriendGroup@@PAV1@@@UAEPAXI@Z 00419560 f i ServerUserManager.obj
 0001:00018560       ??_E?$CMap@KKPAVCUserFriendGroup@@PAV1@@@UAEPAXI@Z 00419560 f i ServerUserManager.obj
 0001:000185c0       ??_E?$CWHArray@PAUtagNearUserInfo@@ABQAU1@@@UAEPAXI@Z 004195c0 f i ServerUserManager.obj
 0001:000185c0       ??_G?$CWHArray@PAUtagNearUserInfo@@ABQAU1@@@UAEPAXI@Z 004195c0 f i ServerUserManager.obj
 0001:00018610       ??_G?$CWHArray@PAVCServerUserItem@@ABQAV1@@@UAEPAXI@Z 00419610 f i ServerUserManager.obj
 0001:00018610       ??_E?$CWHArray@PAVCServerUserItem@@ABQAV1@@@UAEPAXI@Z 00419610 f i ServerUserManager.obj
 0001:00018660       ??_E?$CWHArray@PAVCUserFriendGroup@@ABQAV1@@@UAEPAXI@Z 00419660 f i ServerUserManager.obj
 0001:00018660       ??_G?$CWHArray@PAVCUserFriendGroup@@ABQAV1@@@UAEPAXI@Z 00419660 f i ServerUserManager.obj
 0001:000186b0       ??_GCFriendGroupManager@@UAEPAXI@Z 004196b0 f i ServerUserManager.obj
 0001:000186b0       ??_ECFriendGroupManager@@UAEPAXI@Z 004196b0 f i ServerUserManager.obj
 0001:00018700       ??_GCLocalUserItem@@MAEPAXI@Z 00419700 f i ServerUserManager.obj
 0001:00018700       ??_ECLocalUserItem@@MAEPAXI@Z 00419700 f i ServerUserManager.obj
 0001:00018750       ??_ECNearUserManager@@UAEPAXI@Z 00419750 f i ServerUserManager.obj
 0001:00018750       ??_GCNearUserManager@@UAEPAXI@Z 00419750 f i ServerUserManager.obj
 0001:000187a0       ??_GCServerUserItem@@MAEPAXI@Z 004197a0 f i ServerUserManager.obj
 0001:000187a0       ??_ECServerUserItem@@MAEPAXI@Z 004197a0 f i ServerUserManager.obj
 0001:000187f0       ??_GCServerUserManager@@UAEPAXI@Z 004197f0 f i ServerUserManager.obj
 0001:000187f0       ??_ECServerUserManager@@UAEPAXI@Z 004197f0 f i ServerUserManager.obj
 0001:00018840       ??_ECUserFriendGroup@@UAEPAXI@Z 00419840 f i ServerUserManager.obj
 0001:00018840       ??_GCUserFriendGroup@@UAEPAXI@Z 00419840 f i ServerUserManager.obj
 0001:00018890       ??_ECltladistance@@UAEPAXI@Z 00419890 f i ServerUserManager.obj
 0001:00018890       ??_GCltladistance@@UAEPAXI@Z 00419890 f i ServerUserManager.obj
 0001:000188e0       ?ActiveFriendGroup@CFriendGroupManager@@QAEPAVCUserFriendGroup@@G@Z 004198e0 f   ServerUserManager.obj
 0001:00018b50       ?Add@?$CWHArray@PAUtagNearUserInfo@@ABQAU1@@@QAEHABQAUtagNearUserInfo@@@Z 00419b50 f i ServerUserManager.obj
 0001:00018b90       ?Add@?$CWHArray@PAVCServerUserItem@@ABQAV1@@@QAEHABQAVCServerUserItem@@@Z 00419b90 f i ServerUserManager.obj
 0001:00018bd0       ?Add@?$CWHArray@PAVCUserFriendGroup@@ABQAV1@@@QAEHABQAVCUserFriendGroup@@@Z 00419bd0 f i ServerUserManager.obj
 0001:00018c10       ?AllocMemory@?$CWHArray@PAUtagNearUserInfo@@ABQAU1@@@QAEXH@Z 00419c10 f i ServerUserManager.obj
 0001:00018d80       ?AllocMemory@?$CWHArray@PAVCServerUserItem@@ABQAV1@@@QAEXH@Z 00419d80 f i ServerUserManager.obj
 0001:00018ef0       ?AllocMemory@?$CWHArray@PAVCUserFriendGroup@@ABQAV1@@@QAEXH@Z 00419ef0 f i ServerUserManager.obj
 0001:00019060       ?AllocateContent@CUserFriendGroup@@AAEPAUtagServerFriendInfo@@G@Z 0041a060 f   ServerUserManager.obj
 0001:00019200       ?Append@?$CWHArray@PAVCServerUserItem@@ABQAV1@@@QAEHABV1@@Z 0041a200 f i ServerUserManager.obj
 0001:000192f0       ?Append@?$CWHArray@PAVCUserFriendGroup@@ABQAV1@@@QAEHABV1@@Z 0041a2f0 f i ServerUserManager.obj
 0001:000193e0       ?AppendFriendInfo@CUserFriendGroup@@QAE_NAAUtagServerFriendInfo@@@Z 0041a3e0 f   ServerUserManager.obj
 0001:000194b0       ?AssertValid@?$CMap@KKPAVCServerUserItem@@PAV1@@@UBEXXZ 0041a4b0 f i ServerUserManager.obj
 0001:00019530       ?AssertValid@?$CMap@KKPAVCUserFriendGroup@@PAV1@@@UBEXXZ 0041a530 f i ServerUserManager.obj
 0001:000195b0       ?ContrastLogonPass@CLocalUserItem@@UAE_NPBD@Z 0041a5b0 f   ServerUserManager.obj
 0001:00019670       ?ContrastNickName@CLocalUserItem@@UAE_NPBD@Z 0041a670 f   ServerUserManager.obj
 0001:00019730       ?DeleteFriendGroup@CFriendGroupManager@@UAE_NK@Z 0041a730 f   ServerUserManager.obj
 0001:00019830       ?DeleteFriendGroup@CFriendGroupManager@@UAE_NXZ 0041a830 f   ServerUserManager.obj
 0001:00019880       ?DeleteUserItem@CServerUserManager@@UAE_NK@Z 0041a880 f   ServerUserManager.obj
 0001:00019980       ?DeleteUserItem@CServerUserManager@@UAE_NXZ 0041a980 f   ServerUserManager.obj
 0001:000199d0       ?Dump@?$CMap@KKPAVCServerUserItem@@PAV1@@@UBEXAAVCDumpContext@@@Z 0041a9d0 f i ServerUserManager.obj
 0001:00019ae0       ?Dump@?$CMap@KKPAVCUserFriendGroup@@PAV1@@@UBEXAAVCDumpContext@@@Z 0041aae0 f i ServerUserManager.obj
 0001:00019bf0       ?ElementAt@?$CWHArray@PAUtagNearUserInfo@@ABQAU1@@@QAEAAPAUtagNearUserInfo@@H@Z 0041abf0 f i ServerUserManager.obj
 0001:00019c70       ?ElementAt@?$CWHArray@PAVCServerUserItem@@ABQAV1@@@QAEAAPAVCServerUserItem@@H@Z 0041ac70 f i ServerUserManager.obj
 0001:00019cf0       ?ElementAt@?$CWHArray@PAVCUserFriendGroup@@ABQAV1@@@QAEAAPAVCUserFriendGroup@@H@Z 0041acf0 f i ServerUserManager.obj
 0001:00019d70       ?EnumFriendItem@CUserFriendGroup@@QAEPAUtagServerFriendInfo@@G@Z 0041ad70 f   ServerUserManager.obj
 0001:00019dc0       ?EnumGroupItem@CFriendGroupManager@@UAEPAVCUserFriendGroup@@G@Z 0041adc0 f   ServerUserManager.obj
 0001:00019e10       ?EnumUserItem@CNearUserManager@@UAEPAUtagNearUserInfo@@K@Z 0041ae10 f   ServerUserManager.obj
 0001:00019e60       ?EnumUserItem@CServerUserManager@@UAEPAVCServerUserItem@@G@Z 0041ae60 f   ServerUserManager.obj
 0001:00019eb0       ?ExtendGroupContent@CUserFriendGroup@@AAE_NG@Z 0041aeb0 f   ServerUserManager.obj
 0001:0001a030       ?FreeAssoc@?$CMap@KKPAVCServerUserItem@@PAV1@@@IAEXPAVCAssoc@1@@Z 0041b030 f i ServerUserManager.obj
 0001:0001a0b0       ?FreeAssoc@?$CMap@KKPAVCUserFriendGroup@@PAV1@@@IAEXPAVCAssoc@1@@Z 0041b0b0 f i ServerUserManager.obj
 0001:0001a130       ?GetAssocAt@?$CMap@KKPAVCServerUserItem@@PAV1@@@IBEPAVCAssoc@1@KAAI0@Z 0041b130 f i ServerUserManager.obj
 0001:0001a1e0       ?GetAssocAt@?$CMap@KKPAVCUserFriendGroup@@PAV1@@@IBEPAVCAssoc@1@KAAI0@Z 0041b1e0 f i ServerUserManager.obj
 0001:0001a290       ?GetClientAddr@CLocalUserItem@@UAEKXZ 0041b290 f i ServerUserManager.obj
 0001:0001a2c0       ?GetCount@?$CWHArray@PAVCServerUserItem@@ABQAV1@@@QBEHXZ 0041b2c0 f i ServerUserManager.obj
 0001:0001a2e0       ?GetCount@?$CWHArray@PAVCUserFriendGroup@@ABQAV1@@@QBEHXZ 0041b2e0 f i ServerUserManager.obj
 0001:0001a300       ?GetDistance@Cltladistance@@QAENNNNN@Z 0041b300 f i ServerUserManager.obj
 0001:0001a5b0       ?GetGameID@CLocalUserItem@@UAEKXZ 0041b5b0 f i ServerUserManager.obj
 0001:0001a5d0       ?GetGameStatus@CLocalUserItem@@UAEEXZ 0041b5d0 f i ServerUserManager.obj
 0001:0001a600       ?GetGender@CLocalUserItem@@UAEEXZ 0041b600 f i ServerUserManager.obj
 0001:0001a620       ?GetGroupContent@CUserFriendGroup@@QAEGXZ 0041b620 f i ServerUserManager.obj
 0001:0001a640       ?GetLogonTime@CLocalUserItem@@UAEKXZ 0041b640 f i ServerUserManager.obj
 0001:0001a670       ?GetMainStatus@CLocalUserItem@@UAEEXZ 0041b670 f i ServerUserManager.obj
 0001:0001a6a0       ?GetNearUserItem@CServerUserManager@@UAEKKAAVCNearUserManager@@@Z 0041b6a0 f   ServerUserManager.obj
 0001:0001a990       ?GetNextAssoc@?$CMap@KKPAVCServerUserItem@@PAV1@@@QBEXAAPAU__POSITION@@AAKAAPAVCServerUserItem@@@Z 0041b990 f i ServerUserManager.obj
 0001:0001abe0       ?GetNextAssoc@?$CMap@KKPAVCUserFriendGroup@@PAV1@@@QBEXAAPAU__POSITION@@AAKAAPAVCUserFriendGroup@@@Z 0041bbe0 f i ServerUserManager.obj
 0001:0001ae30       ?GetNickName@CLocalUserItem@@UAEPBDXZ 0041be30 f i ServerUserManager.obj
 0001:0001ae50       ?GetOwnerUserID@CUserFriendGroup@@QAEKXZ 0041be50 f i ServerUserManager.obj
 0001:0001ae70       ?GetRadian@Cltladistance@@QAENN@Z 0041be70 f i ServerUserManager.obj
 0001:0001aeb0       ?GetRound@Cltladistance@@QAEKN@Z 0041beb0 f i ServerUserManager.obj
 0001:0001af40       ?GetServerID@CLocalUserItem@@UAEGXZ 0041bf40 f i ServerUserManager.obj
 0001:0001af70       ?GetSocketID@CLocalUserItem@@UAEKXZ 0041bf70 f i ServerUserManager.obj
 0001:0001afa0       ?GetStartPosition@?$CMap@KKPAVCServerUserItem@@PAV1@@@QBEPAU__POSITION@@XZ 0041bfa0 f i ServerUserManager.obj
 0001:0001afe0       ?GetStartPosition@?$CMap@KKPAVCUserFriendGroup@@PAV1@@@QBEPAU__POSITION@@XZ 0041bfe0 f i ServerUserManager.obj
 0001:0001b020       ?GetTableID@CLocalUserItem@@UAEGXZ 0041c020 f i ServerUserManager.obj
 0001:0001b050       ?GetUserID@CLocalUserItem@@UAEKXZ 0041c050 f i ServerUserManager.obj
 0001:0001b070       ?GetUserInfo@CLocalUserItem@@UAEPAUtagFriendUserInfo@@XZ 0041c070 f i ServerUserManager.obj
 0001:0001b090       ?GetUserItemCount@CServerUserManager@@UAEKXZ 0041c090 f i ServerUserManager.obj
 0001:0001b0c0       ?InitFriendGroup@CUserFriendGroup@@QAE_NG@Z 0041c0c0 f   ServerUserManager.obj
 0001:0001b130       ?InitHashTable@?$CMap@KKPAVCServerUserItem@@PAV1@@@QAEXIH@Z 0041c130 f i ServerUserManager.obj
 0001:0001b2b0       ?InitHashTable@?$CMap@KKPAVCUserFriendGroup@@PAV1@@@QAEXIH@Z 0041c2b0 f i ServerUserManager.obj
 0001:0001b430       ?InsertAt@?$CWHArray@PAUtagNearUserInfo@@ABQAU1@@@QAEXHABQAUtagNearUserInfo@@H@Z 0041c430 f i ServerUserManager.obj
 0001:0001b660       ?InsertFriendGroup@CFriendGroupManager@@UAE_NKPAVCUserFriendGroup@@@Z 0041c660 f   ServerUserManager.obj
 0001:0001b6c0       ?InsertLocalUserItem@CServerUserManager@@UAE_NAAUtagInsertLocalUserInfo@@AAUtagFriendUserInfo@@PBD@Z 0041c6c0 f   ServerUserManager.obj
 0001:0001b8e0       ?InsertNearUserItem@CNearUserManager@@UAE_NAAUtagNearUserInfo@@@Z 0041c8e0 f   ServerUserManager.obj
 0001:0001ba90       ?ModifyLogonPassword@CLocalUserItem@@QAEXPBD@Z 0041ca90 f   ServerUserManager.obj
 0001:0001bad0       ?NewAssoc@?$CMap@KKPAVCServerUserItem@@PAV1@@@IAEPAVCAssoc@1@K@Z 0041cad0 f i ServerUserManager.obj
 0001:0001bc90       ?NewAssoc@?$CMap@KKPAVCUserFriendGroup@@PAV1@@@IAEPAVCAssoc@1@K@Z 0041cc90 f i ServerUserManager.obj
 0001:0001be50       ?QueryNearUserItem@CServerUserManager@@UAEKKKAAVCNearUserManager@@@Z 0041ce50 f   ServerUserManager.obj
 0001:0001c0d0       ?RemoveAll@?$CMap@KKPAVCServerUserItem@@PAV1@@@QAEXXZ 0041d0d0 f i ServerUserManager.obj
 0001:0001c1c0       ?RemoveAll@?$CMap@KKPAVCUserFriendGroup@@PAV1@@@QAEXXZ 0041d1c0 f i ServerUserManager.obj
 0001:0001c2b0       ?RemoveAll@?$CWHArray@PAUtagNearUserInfo@@ABQAU1@@@QAEXXZ 0041d2b0 f i ServerUserManager.obj
 0001:0001c330       ?RemoveAll@?$CWHArray@PAVCServerUserItem@@ABQAV1@@@QAEXXZ 0041d330 f i ServerUserManager.obj
 0001:0001c3b0       ?RemoveAll@?$CWHArray@PAVCUserFriendGroup@@ABQAV1@@@QAEXXZ 0041d3b0 f i ServerUserManager.obj
 0001:0001c430       ?RemoveAt@?$CWHArray@PAVCServerUserItem@@ABQAV1@@@QAEXHH@Z 0041d430 f i ServerUserManager.obj
 0001:0001c570       ?RemoveAt@?$CWHArray@PAVCUserFriendGroup@@ABQAV1@@@QAEXHH@Z 0041d570 f i ServerUserManager.obj
 0001:0001c6b0       ?RemoveFriendInfo@CUserFriendGroup@@QAE_NK@Z 0041d6b0 f   ServerUserManager.obj
 0001:0001c770       ?RemoveKey@?$CMap@KKPAVCServerUserItem@@PAV1@@@QAEHK@Z 0041d770 f i ServerUserManager.obj
 0001:0001c860       ?RemoveKey@?$CMap@KKPAVCUserFriendGroup@@PAV1@@@QAEHK@Z 0041d860 f i ServerUserManager.obj
 0001:0001c950       ?ResetFriendGroup@CUserFriendGroup@@QAEXXZ 0041d950 f   ServerUserManager.obj
 0001:0001c9b0       ?ResetUserItem@CLocalUserItem@@EAEXXZ 0041d9b0 f   ServerUserManager.obj
 0001:0001ca10       ?SearchFriendItem@CUserFriendGroup@@QAEPAUtagServerFriendInfo@@K@Z 0041da10 f   ServerUserManager.obj
 0001:0001ca90       ?SearchGroupItem@CFriendGroupManager@@UAEPAVCUserFriendGroup@@K@Z 0041da90 f   ServerUserManager.obj
 0001:0001cac0       ?SearchUserItem@CServerUserManager@@UAEPAVCServerUserItem@@K@Z 0041dac0 f   ServerUserManager.obj
 0001:0001caf0       ?Serialize@?$CMap@KKPAVCServerUserItem@@PAV1@@@UAEXAAVCArchive@@@Z 0041daf0 f i ServerUserManager.obj
 0001:0001cca0       ?Serialize@?$CMap@KKPAVCUserFriendGroup@@PAV1@@@UAEXAAVCArchive@@@Z 0041dca0 f i ServerUserManager.obj
 0001:0001ce50       ?SetAt@?$CMap@KKPAVCServerUserItem@@PAV1@@@QAEXKPAVCServerUserItem@@@Z 0041de50 f i ServerUserManager.obj
 0001:0001ce80       ?SetAt@?$CMap@KKPAVCUserFriendGroup@@PAV1@@@QAEXKPAVCUserFriendGroup@@@Z 0041de80 f i ServerUserManager.obj
 0001:0001ceb0       ?SetAtGrow@?$CWHArray@PAUtagNearUserInfo@@ABQAU1@@@QAEXHABQAUtagNearUserInfo@@@Z 0041deb0 f i ServerUserManager.obj
 0001:0001cf40       ?SetAtGrow@?$CWHArray@PAVCServerUserItem@@ABQAV1@@@QAEXHABQAVCServerUserItem@@@Z 0041df40 f i ServerUserManager.obj
 0001:0001cfd0       ?SetAtGrow@?$CWHArray@PAVCUserFriendGroup@@ABQAV1@@@QAEXHABQAVCUserFriendGroup@@@Z 0041dfd0 f i ServerUserManager.obj
 0001:0001d060       ?SetGameStatus@CLocalUserItem@@UAEXEGG@Z 0041e060 f   ServerUserManager.obj
 0001:0001d0b0       ?SetLogonTime@CLocalUserItem@@UAEXK@Z 0041e0b0 f i ServerUserManager.obj
 0001:0001d0e0       ?SetMainStatus@CLocalUserItem@@UAEXE@Z 0041e0e0 f i ServerUserManager.obj
 0001:0001d110       ?SetSize@?$CWHArray@PAUtagNearUserInfo@@ABQAU1@@@QAEXH@Z 0041e110 f i ServerUserManager.obj
 0001:0001d230       ?SetSize@?$CWHArray@PAVCServerUserItem@@ABQAV1@@@QAEXH@Z 0041e230 f i ServerUserManager.obj
 0001:0001d350       ?SetSize@?$CWHArray@PAVCUserFriendGroup@@ABQAV1@@@QAEXH@Z 0041e350 f i ServerUserManager.obj
 0001:0001d470       ?SetSocketID@CLocalUserItem@@UAEXK@Z 0041e470 f i ServerUserManager.obj
 0001:0001d4a0       ?data@CPlex@@QAEPAXXZ      0041e4a0 f i ServerUserManager.obj
 0001:0001d4c0       ?pow@@YANNH@Z              0041e4c0 f i ServerUserManager.obj
 0001:0001d520       ?OnUIControlRequest@CServiceUnits@@IAEJIJ@Z 0041e520 f   ServiceUnits.obj
 0001:0001d940       ??0?$CTempldateHelper@UIAttemperEngine@@@@QAE@ABU_GUID@@KPBD1@Z 0041e940 f i ServiceUnits.obj
 0001:0001d9f0       ??0?$CTempldateHelper@UIDataBaseEngine@@@@QAE@ABU_GUID@@KPBD1@Z 0041e9f0 f i ServiceUnits.obj
 0001:0001daa0       ??0?$CTempldateHelper@UITCPNetworkEngine@@@@QAE@ABU_GUID@@KPBD1@Z 0041eaa0 f i ServiceUnits.obj
 0001:0001db50       ??0?$CTempldateHelper@UITCPSocketService@@@@QAE@ABU_GUID@@KPBD1@Z 0041eb50 f i ServiceUnits.obj
 0001:0001dc00       ??0?$CTempldateHelper@UITimerEngine@@@@QAE@ABU_GUID@@KPBD1@Z 0041ec00 f i ServiceUnits.obj
 0001:0001dcb0       ??0CAttemperEngineHelper@@QAE@XZ 0041ecb0 f i ServiceUnits.obj
 0001:0001dd00       ??0CDataBaseEngineHelper@@QAE@XZ 0041ed00 f i ServiceUnits.obj
 0001:0001dd50       ??0CRect@@QAE@HHHH@Z       0041ed50 f i ServiceUnits.obj
 0001:0001dda0       ??0CServiceUnits@@QAE@XZ   0041eda0 f   ServiceUnits.obj
 0001:0001df70       ??0CTCPNetworkEngineHelper@@QAE@XZ 0041ef70 f i ServiceUnits.obj
 0001:0001dfc0       ??0CTCPSocketServiceHelper@@QAE@XZ 0041efc0 f i ServiceUnits.obj
 0001:0001e010       ??0CTimerEngineHelper@@QAE@XZ 0041f010 f i ServiceUnits.obj
 0001:0001e060       ??1?$CTempldateHelper@UIAttemperEngine@@@@UAE@XZ 0041f060 f i ServiceUnits.obj
 0001:0001e0d0       ??1?$CTempldateHelper@UIDataBaseEngine@@@@UAE@XZ 0041f0d0 f i ServiceUnits.obj
 0001:0001e140       ??1?$CTempldateHelper@UITCPNetworkEngine@@@@UAE@XZ 0041f140 f i ServiceUnits.obj
 0001:0001e1b0       ??1?$CTempldateHelper@UITCPSocketService@@@@UAE@XZ 0041f1b0 f i ServiceUnits.obj
 0001:0001e220       ??1?$CTempldateHelper@UITimerEngine@@@@UAE@XZ 0041f220 f i ServiceUnits.obj
 0001:0001e290       ??1CAttemperEngineHelper@@UAE@XZ 0041f290 f i ServiceUnits.obj
 0001:0001e2c0       ??1CDataBaseEngineHelper@@UAE@XZ 0041f2c0 f i ServiceUnits.obj
 0001:0001e2f0       ??1CServiceUnits@@UAE@XZ   0041f2f0 f   ServiceUnits.obj
 0001:0001e420       ??1CTCPNetworkEngineHelper@@UAE@XZ 0041f420 f i ServiceUnits.obj
 0001:0001e450       ??1CTCPSocketServiceHelper@@UAE@XZ 0041f450 f i ServiceUnits.obj
 0001:0001e480       ??1CTimerEngineHelper@@UAE@XZ 0041f480 f i ServiceUnits.obj
 0001:0001e4b0       ??C?$CTempldateHelper@UIAttemperEngine@@@@QBEPAUIAttemperEngine@@XZ 0041f4b0 f i ServiceUnits.obj
 0001:0001e4e0       ??C?$CTempldateHelper@UIDataBaseEngine@@@@QBEPAUIDataBaseEngine@@XZ 0041f4e0 f i ServiceUnits.obj
 0001:0001e510       ??C?$CTempldateHelper@UITCPNetworkEngine@@@@QBEPAUITCPNetworkEngine@@XZ 0041f510 f i ServiceUnits.obj
 0001:0001e540       ??C?$CTempldateHelper@UITCPSocketService@@@@QBEPAUITCPSocketService@@XZ 0041f540 f i ServiceUnits.obj
 0001:0001e570       ??C?$CTempldateHelper@UITimerEngine@@@@QBEPAUITimerEngine@@XZ 0041f570 f i ServiceUnits.obj
 0001:0001e5a0       ??_E?$CTempldateHelper@UIAttemperEngine@@@@UAEPAXI@Z 0041f5a0 f i ServiceUnits.obj
 0001:0001e5a0       ??_G?$CTempldateHelper@UIAttemperEngine@@@@UAEPAXI@Z 0041f5a0 f i ServiceUnits.obj
 0001:0001e5f0       ??_G?$CTempldateHelper@UIDataBaseEngine@@@@UAEPAXI@Z 0041f5f0 f i ServiceUnits.obj
 0001:0001e5f0       ??_E?$CTempldateHelper@UIDataBaseEngine@@@@UAEPAXI@Z 0041f5f0 f i ServiceUnits.obj
 0001:0001e640       ??_E?$CTempldateHelper@UITCPNetworkEngine@@@@UAEPAXI@Z 0041f640 f i ServiceUnits.obj
 0001:0001e640       ??_G?$CTempldateHelper@UITCPNetworkEngine@@@@UAEPAXI@Z 0041f640 f i ServiceUnits.obj
 0001:0001e690       ??_E?$CTempldateHelper@UITCPSocketService@@@@UAEPAXI@Z 0041f690 f i ServiceUnits.obj
 0001:0001e690       ??_G?$CTempldateHelper@UITCPSocketService@@@@UAEPAXI@Z 0041f690 f i ServiceUnits.obj
 0001:0001e6e0       ??_G?$CTempldateHelper@UITimerEngine@@@@UAEPAXI@Z 0041f6e0 f i ServiceUnits.obj
 0001:0001e6e0       ??_E?$CTempldateHelper@UITimerEngine@@@@UAEPAXI@Z 0041f6e0 f i ServiceUnits.obj
 0001:0001e730       ??_ECAttemperEngineHelper@@UAEPAXI@Z 0041f730 f i ServiceUnits.obj
 0001:0001e730       ??_GCAttemperEngineHelper@@UAEPAXI@Z 0041f730 f i ServiceUnits.obj
 0001:0001e780       ??_GCDataBaseEngineHelper@@UAEPAXI@Z 0041f780 f i ServiceUnits.obj
 0001:0001e780       ??_ECDataBaseEngineHelper@@UAEPAXI@Z 0041f780 f i ServiceUnits.obj
 0001:0001e7d0       ??_ECServiceUnits@@UAEPAXI@Z 0041f7d0 f i ServiceUnits.obj
 0001:0001e7d0       ??_GCServiceUnits@@UAEPAXI@Z 0041f7d0 f i ServiceUnits.obj
 0001:0001e830       ??_GCTCPNetworkEngineHelper@@UAEPAXI@Z 0041f830 f i ServiceUnits.obj
 0001:0001e830       ??_ECTCPNetworkEngineHelper@@UAEPAXI@Z 0041f830 f i ServiceUnits.obj
 0001:0001e880       ??_GCTCPSocketServiceHelper@@UAEPAXI@Z 0041f880 f i ServiceUnits.obj
 0001:0001e880       ??_ECTCPSocketServiceHelper@@UAEPAXI@Z 0041f880 f i ServiceUnits.obj
 0001:0001e8d0       ??_ECTimerEngineHelper@@UAEPAXI@Z 0041f8d0 f i ServiceUnits.obj
 0001:0001e8d0       ??_GCTimerEngineHelper@@UAEPAXI@Z 0041f8d0 f i ServiceUnits.obj
 0001:0001e920       ?CloseInstance@?$CTempldateHelper@UIAttemperEngine@@@@QAE_NXZ 0041f920 f i ServiceUnits.obj
 0001:0001e9d0       ?CloseInstance@?$CTempldateHelper@UIDataBaseEngine@@@@QAE_NXZ 0041f9d0 f i ServiceUnits.obj
 0001:0001ea80       ?CloseInstance@?$CTempldateHelper@UITCPNetworkEngine@@@@QAE_NXZ 0041fa80 f i ServiceUnits.obj
 0001:0001eb30       ?CloseInstance@?$CTempldateHelper@UITCPSocketService@@@@QAE_NXZ 0041fb30 f i ServiceUnits.obj
 0001:0001ebe0       ?CloseInstance@?$CTempldateHelper@UITimerEngine@@@@QAE_NXZ 0041fbe0 f i ServiceUnits.obj
 0001:0001ec90       ?ConcludeService@CServiceUnits@@QAE_NXZ 0041fc90 f   ServiceUnits.obj
 0001:0001edf0       ?CreateInstance@?$CTempldateHelper@UIAttemperEngine@@@@QAE_NXZ 0041fdf0 f i ServiceUnits.obj
 0001:0001f0b0       ?CreateInstance@?$CTempldateHelper@UIDataBaseEngine@@@@QAE_NXZ 004200b0 f i ServiceUnits.obj
 0001:0001f370       ?CreateInstance@?$CTempldateHelper@UITCPNetworkEngine@@@@QAE_NXZ 00420370 f i ServiceUnits.obj
 0001:0001f630       ?CreateInstance@?$CTempldateHelper@UITCPSocketService@@@@QAE_NXZ 00420630 f i ServiceUnits.obj
 0001:0001f8f0       ?CreateInstance@?$CTempldateHelper@UITimerEngine@@@@QAE_NXZ 004208f0 f i ServiceUnits.obj
 0001:0001fbb0       ?CreateServiceDLL@CServiceUnits@@IAE_NXZ 00420bb0 f   ServiceUnits.obj
 0001:0001fd90       ?GetErrorDescribe@?$CTempldateHelper@UIAttemperEngine@@@@QBEPBDXZ 00420d90 f i ServiceUnits.obj
 0001:0001fdc0       ?GetErrorDescribe@?$CTempldateHelper@UIDataBaseEngine@@@@QBEPBDXZ 00420dc0 f i ServiceUnits.obj
 0001:0001fdf0       ?GetErrorDescribe@?$CTempldateHelper@UITCPNetworkEngine@@@@QBEPBDXZ 00420df0 f i ServiceUnits.obj
 0001:0001fe20       ?GetErrorDescribe@?$CTempldateHelper@UITCPSocketService@@@@QBEPBDXZ 00420e20 f i ServiceUnits.obj
 0001:0001fe50       ?GetErrorDescribe@?$CTempldateHelper@UITimerEngine@@@@QBEPBDXZ 00420e50 f i ServiceUnits.obj
 0001:0001fe80       ?GetInterface@?$CTempldateHelper@UIAttemperEngine@@@@QBEPAUIAttemperEngine@@XZ 00420e80 f i ServiceUnits.obj
 0001:0001feb0       ?GetInterface@?$CTempldateHelper@UIDataBaseEngine@@@@QBEPAUIDataBaseEngine@@XZ 00420eb0 f i ServiceUnits.obj
 0001:0001fee0       ?GetInterface@?$CTempldateHelper@UITCPNetworkEngine@@@@QBEPAUITCPNetworkEngine@@XZ 00420ee0 f i ServiceUnits.obj
 0001:0001ff10       ?GetInterface@?$CTempldateHelper@UITCPSocketService@@@@QBEPAUITCPSocketService@@XZ 00420f10 f i ServiceUnits.obj
 0001:0001ff40       ?GetInterface@?$CTempldateHelper@UITimerEngine@@@@QBEPAUITimerEngine@@XZ 00420f40 f i ServiceUnits.obj
 0001:0001ff70       ?GetMessageMap@CServiceUnits@@MBEPBUAFX_MSGMAP@@XZ 00420f70 f   ServiceUnits.obj
 0001:0001ff90       ?GetThisMessageMap@CServiceUnits@@KGPBUAFX_MSGMAP@@XZ 00420f90 f   ServiceUnits.obj
 0001:0001ffb0       ?InitializeService@CServiceUnits@@IAE_NXZ 00420fb0 f   ServiceUnits.obj
 0001:000203e0       ?PostControlRequest@CServiceUnits@@QAE_NGPAXG@Z 004213e0 f   ServiceUnits.obj
 0001:00020530       ?SendControlPacket@CServiceUnits@@AAE_NGPAXG@Z 00421530 f   ServiceUnits.obj
 0001:000205e0       ?SetServiceStatus@CServiceUnits@@AAE_NW4enServiceStatus@@@Z 004215e0 f   ServiceUnits.obj
 0001:000206c0       ?SetServiceUnitsSink@CServiceUnits@@QAE_NPAUIServiceUnitsSink@@@Z 004216c0 f   ServiceUnits.obj
 0001:000206f0       ?StartKernelService@CServiceUnits@@IAE_NXZ 004216f0 f   ServiceUnits.obj
 0001:00020870       ?StartNetworkService@CServiceUnits@@IAE_NXZ 00421870 f   ServiceUnits.obj
 0001:000208f0       ?StartService@CServiceUnits@@QAE_NXZ 004218f0 f   ServiceUnits.obj
 0001:00020a40       ?_AfxInitManaged@@YAHXZ    00421a40 f i Stdafx.obj
 0001:00020a60       ??$AtlAdd@H@ATL@@YAJPAHHH@Z 00421a60 f i Stdafx.obj
 0001:00020ab0       ??$AtlAdd@I@ATL@@YAJPAIII@Z 00421ab0 f i Stdafx.obj
 0001:00020b00       ??$AtlAdd@K@ATL@@YAJPAKKK@Z 00421b00 f i Stdafx.obj
 0001:00020b50       ??$AtlAlignUp@H@ATL@@YGHHK@Z 00421b50 f i Stdafx.obj
 0001:00020b80       ??$AtlMultiply@K@ATL@@YAJPAKKK@Z 00421b80 f i Stdafx.obj
 0001:00020be0       ??$_Getvals@_W@?$time_get@DV?$istreambuf_iterator@DU?$char_traits@D@std@@@std@@@std@@IAEX_WABV_Locinfo@1@@Z 00421be0 f i Stdafx.obj
 0001:00020d10       ??$_Getvals@_W@?$time_get@_WV?$istreambuf_iterator@_WU?$char_traits@_W@std@@@std@@@std@@IAEX_WABV_Locinfo@1@@Z 00421d10 f i Stdafx.obj
 0001:00020e40       ??$_Maklocstr@D@std@@YAPADPBDPADABU_Cvtvec@@@Z 00421e40 f i Stdafx.obj
 0001:00020ef0       ??$_Maklocstr@_W@std@@YAPA_WPBDPA_WABU_Cvtvec@@@Z 00421ef0 f i Stdafx.obj
 0001:00021070       ??0?$CSimpleArray@GV?$CSimpleArrayEqualHelper@G@ATL@@@ATL@@QAE@XZ 00422070 f i Stdafx.obj
 0001:000210b0       ??0?$CTraceCategoryEx@$00$0A@@ATL@@QAE@PBD@Z 004220b0 f i Stdafx.obj
 0001:000210e0       ??0?$CTraceCategoryEx@$01$0A@@ATL@@QAE@PBD@Z 004220e0 f i Stdafx.obj
 0001:00021110       ??0?$CTraceCategoryEx@$03$0A@@ATL@@QAE@PBD@Z 00422110 f i Stdafx.obj
 0001:00021140       ??0?$CTraceCategoryEx@$07$0A@@ATL@@QAE@PBD@Z 00422140 f i Stdafx.obj
 0001:00021170       ??0?$CTraceCategoryEx@$0BA@$0A@@ATL@@QAE@PBD@Z 00422170 f i Stdafx.obj
 0001:000211a0       ??0?$CTraceCategoryEx@$0BAA@$0A@@ATL@@QAE@PBD@Z 004221a0 f i Stdafx.obj
 0001:000211e0       ??0?$CTraceCategoryEx@$0BAAA@$0A@@ATL@@QAE@PBD@Z 004221e0 f i Stdafx.obj
 0001:00021220       ??0?$CTraceCategoryEx@$0BAAAA@$0A@@ATL@@QAE@PBD@Z 00422220 f i Stdafx.obj
 0001:00021260       ??0?$CTraceCategoryEx@$0BAAAAA@$0A@@ATL@@QAE@PBD@Z 00422260 f i Stdafx.obj
 0001:000212a0       ??0?$CTraceCategoryEx@$0CA@$0A@@ATL@@QAE@PBD@Z 004222a0 f i Stdafx.obj
 0001:000212d0       ??0?$CTraceCategoryEx@$0CAA@$0A@@ATL@@QAE@PBD@Z 004222d0 f i Stdafx.obj
 0001:00021310       ??0?$CTraceCategoryEx@$0CAAAA@$0A@@ATL@@QAE@PBD@Z 00422310 f i Stdafx.obj
 0001:00021350       ??0?$CTraceCategoryEx@$0CAAAAA@$0A@@ATL@@QAE@PBD@Z 00422350 f i Stdafx.obj
 0001:00021390       ??0?$CTraceCategoryEx@$0EA@$0A@@ATL@@QAE@PBD@Z 00422390 f i Stdafx.obj
 0001:000213c0       ??0?$CTraceCategoryEx@$0EAA@$0A@@ATL@@QAE@PBD@Z 004223c0 f i Stdafx.obj
 0001:00021400       ??0?$CTraceCategoryEx@$0EAAA@$0A@@ATL@@QAE@PBD@Z 00422400 f i Stdafx.obj
 0001:00021440       ??0?$CTraceCategoryEx@$0EAAAA@$0A@@ATL@@QAE@PBD@Z 00422440 f i Stdafx.obj
 0001:00021480       ??0?$CTraceCategoryEx@$0EAAAAA@$0A@@ATL@@QAE@PBD@Z 00422480 f i Stdafx.obj
 0001:000214c0       ??0?$CTraceCategoryEx@$0IA@$0A@@ATL@@QAE@PBD@Z 004224c0 f i Stdafx.obj
 0001:00021500       ??0?$CTraceCategoryEx@$0IAA@$0A@@ATL@@QAE@PBD@Z 00422500 f i Stdafx.obj
 0001:00021540       ??0?$CTraceCategoryEx@$0IAAA@$0A@@ATL@@QAE@PBD@Z 00422540 f i Stdafx.obj
 0001:00021580       ??0?$CTraceCategoryEx@$0IAAAA@$0A@@ATL@@QAE@PBD@Z 00422580 f i Stdafx.obj
 0001:000215c0       ??0CAtlComModule@ATL@@QAE@XZ 004225c0 f i Stdafx.obj
 0001:000216b0       ??0CAtlStringMgr@ATL@@QAE@PAUIAtlMemMgr@1@@Z 004226b0 f i Stdafx.obj
 0001:00021710       ??0CAtlStringMgrStaticInitializer@ATLImplementationDetails@ATL@@QAE@XZ 00422710 f i Stdafx.obj
 0001:00021740       ??0CAtlWinModule@ATL@@QAE@XZ 00422740 f i Stdafx.obj
 0001:000217e0       ??0CComCriticalSection@ATL@@QAE@XZ 004227e0 f i Stdafx.obj
 0001:00021810       ??0CNilStringData@ATL@@QAE@XZ 00422810 f i Stdafx.obj
 0001:00021890       ??0CWin32Heap@ATL@@QAE@PAX@Z 00422890 f i Stdafx.obj
 0001:00021910       ??0_ATL_COM_MODULE70@ATL@@QAE@XZ 00422910 f i Stdafx.obj
 0001:00021940       ??0_ATL_WIN_MODULE70@ATL@@QAE@XZ 00422940 f i Stdafx.obj
 0001:000219c0       ??1?$CSimpleArray@GV?$CSimpleArrayEqualHelper@G@ATL@@@ATL@@QAE@XZ 004229c0 f i Stdafx.obj
 0001:00021a20       ??1CAtlComModule@ATL@@QAE@XZ 00422a20 f i Stdafx.obj
 0001:00021a80       ??1CAtlStringMgr@ATL@@UAE@XZ 00422a80 f i Stdafx.obj
 0001:00021aa0       ??1CAtlWinModule@ATL@@QAE@XZ 00422aa0 f i Stdafx.obj
 0001:00021b00       ??1CComCriticalSection@ATL@@QAE@XZ 00422b00 f i Stdafx.obj
 0001:00021b20       ??1CWin32Heap@ATL@@UAE@XZ  00422b20 f i Stdafx.obj
 0001:00021bb0       ??1_ATL_COM_MODULE70@ATL@@QAE@XZ 00422bb0 f i Stdafx.obj
 0001:00021be0       ??1_ATL_WIN_MODULE70@ATL@@QAE@XZ 00422be0 f i Stdafx.obj
 0001:00021c20       ??A?$CSimpleArray@GV?$CSimpleArrayEqualHelper@G@ATL@@@ATL@@QAEAAGH@Z 00422c20 f i Stdafx.obj
 0001:00021cc0       ??B?$CTraceCategoryEx@$01$0A@@ATL@@QAEIXZ 00422cc0 f i Stdafx.obj
 0001:00021ce0       ??B?$CTraceCategoryEx@$0CA@$0A@@ATL@@QAEIXZ 00422ce0 f i Stdafx.obj
 0001:00021d00       ??_GCAtlStringMgr@ATL@@UAEPAXI@Z 00422d00 f i Stdafx.obj
 0001:00021d00       ??_ECAtlStringMgr@ATL@@UAEPAXI@Z 00422d00 f i Stdafx.obj
 0001:00021d50       ??_GCWin32Heap@ATL@@UAEPAXI@Z 00422d50 f i Stdafx.obj
 0001:00021d50       ??_ECWin32Heap@ATL@@UAEPAXI@Z 00422d50 f i Stdafx.obj
 0001:00021da0       ??_H@YGXPAXIIP6EPAX0@Z@Z   00422da0 f i Stdafx.obj
 0001:00021df0       ?AddRef@CStringData@ATL@@QAEXXZ 00422df0 f i Stdafx.obj
 0001:00021e50       ?Allocate@CAtlStringMgr@ATL@@UAEPAUCStringData@2@HH@Z 00422e50 f i Stdafx.obj
 0001:00022020       ?Allocate@CWin32Heap@ATL@@UAEPAXI@Z 00423020 f i Stdafx.obj
 0001:00022060       ?AtlWinModuleInit@ATL@@YGJPAU_ATL_WIN_MODULE70@1@@Z 00423060 f i Stdafx.obj
 0001:00022150       ?AtlWinModuleTerm@ATL@@YGJPAU_ATL_WIN_MODULE70@1@PAUHINSTANCE__@@@Z 00423150 f i Stdafx.obj
 0001:00022220       ?Clone@CAtlStringMgr@ATL@@UAEPAUIAtlStringMgr@2@XZ 00423220 f i Stdafx.obj
 0001:00022240       ?Free@CAtlStringMgr@ATL@@UAEXPAUCStringData@2@@Z 00423240 f i Stdafx.obj
 0001:000222f0       ?Free@CWin32Heap@ATL@@UAEXPAX@Z 004232f0 f i Stdafx.obj
 0001:00022370       ?GetInstance@CAtlStringMgr@ATL@@SAPAUIAtlStringMgr@2@XZ 00423370 f i Stdafx.obj
 0001:00022470       ?GetModuleInstance@CAtlBaseModule@ATL@@QAEPAUHINSTANCE__@@XZ 00423470 f i Stdafx.obj
 0001:00022490       ?GetNilString@CAtlStringMgr@ATL@@UAEPAUCStringData@2@XZ 00423490 f i Stdafx.obj
 0001:000224c0       ?GetSize@?$CSimpleArray@GV?$CSimpleArrayEqualHelper@G@ATL@@@ATL@@QBEHXZ 004234c0 f i Stdafx.obj
 0001:000224e0       ?GetSize@CWin32Heap@ATL@@UAEIPAX@Z 004234e0 f i Stdafx.obj
 0001:00022520       ?Init@CComCriticalSection@ATL@@QAEJXZ 00423520 f i Stdafx.obj
 0001:00022580       ?Reallocate@CAtlStringMgr@ATL@@UAEPAUCStringData@2@PAU32@HH@Z 00423580 f i Stdafx.obj
 0001:00022770       ?Reallocate@CWin32Heap@ATL@@UAEPAXPAXI@Z 00423770 f i Stdafx.obj
 0001:000227f0       ?RemoveAll@?$CSimpleArray@GV?$CSimpleArrayEqualHelper@G@ATL@@@ATL@@QAEXXZ 004237f0 f i Stdafx.obj
 0001:00022870       ?SetManager@CNilStringData@ATL@@QAEXPAUIAtlStringMgr@2@@Z 00423870 f i Stdafx.obj
 0001:000228d0       ?Term@CAtlComModule@ATL@@QAEXXZ 004238d0 f i Stdafx.obj
 0001:00022990       ?Term@CAtlWinModule@ATL@@QAEXXZ 00423990 f i Stdafx.obj
 0001:000229c0       ?Term@CComCriticalSection@ATL@@QAEJXZ 004239c0 f i Stdafx.obj
 0001:000229f0       ?_AtlInitializeCriticalSectionEx@ATL@@YAHPAU_RTL_CRITICAL_SECTION@@KK@Z 004239f0 f i Stdafx.obj
 0001:00022a20       ?_AtlRaiseException@ATL@@YAXKK@Z 00423a20 f i Stdafx.obj
 0001:00022a50       ?_Maklocwcs@std@@YAPA_WPB_W@Z 00423a50 f i Stdafx.obj
 0001:00022ad0       _wmemcpy                   00423ad0 f i Stdafx.obj
 0001:00022aff       ??0CWHCommandLine@@QAE@XZ  00423aff f   ServiceCore:ServiceCore.dll
 0001:00022b05       ??1CWHCommandLine@@UAE@XZ  00423b05 f   ServiceCore:ServiceCore.dll
 0001:00022b0b       ?SearchCommandItem@CWHCommandLine@@QAE_NPBD0QADG@Z 00423b0b f   ServiceCore:ServiceCore.dll
 0001:00022b11       ?GetWorkDirectory@CWHService@@SA_NQADG@Z 00423b11 f   ServiceCore:ServiceCore.dll
 0001:00022b17       ??0CWHIniData@@QAE@XZ      00423b17 f   ServiceCore:ServiceCore.dll
 0001:00022b1d       ??1CWHIniData@@UAE@XZ      00423b1d f   ServiceCore:ServiceCore.dll
 0001:00022b23       ?SetIniFilePath@CWHIniData@@QAEXPBD@Z 00423b23 f   ServiceCore:ServiceCore.dll
 0001:00022b29       ?ReadInt@CWHIniData@@QAEIPBD0H@Z 00423b29 f   ServiceCore:ServiceCore.dll
 0001:00022b2f       ?ReadString@CWHIniData@@QAEPBDPBD00PADG@Z 00423b2f f   ServiceCore:ServiceCore.dll
 0001:00022b35       ?ReadEncryptString@CWHIniData@@QAEPBDPBD00PADG@Z 00423b35 f   ServiceCore:ServiceCore.dll
 0001:00022b3b       ??0CWHDataQueue@@QAE@XZ    00423b3b f   ServiceCore:ServiceCore.dll
 0001:00022b41       ??1CWHDataQueue@@UAE@XZ    00423b41 f   ServiceCore:ServiceCore.dll
 0001:00022b47       ?InsertData@CWHDataQueue@@QAE_NGPAXG@Z 00423b47 f   ServiceCore:ServiceCore.dll
 0001:00022b4d       ?DistillData@CWHDataQueue@@QAE_NAAUtagDataHead@@PAXG@Z 00423b4d f   ServiceCore:ServiceCore.dll
 0001:00022b53       ??0CWHDataLocker@@QAE@AAVCCriticalSection@@_N@Z 00423b53 f   ServiceCore:ServiceCore.dll
 0001:00022b59       ??1CWHDataLocker@@UAE@XZ   00423b59 f   ServiceCore:ServiceCore.dll
 0001:00022b5f       ?TraceString@CTraceService@@SA_NPBDW4enTraceLevel@@@Z 00423b5f f   KernelEngine:KernelEngine.dll
 0001:00022b65       ??0CTraceServiceControl@@QAE@XZ 00423b65 f   KernelEngine:KernelEngine.dll
 0001:00022b6b       ??1CTraceServiceControl@@UAE@XZ 00423b6b f   KernelEngine:KernelEngine.dll
 0001:00022b71       ??0CDataBaseAide@@QAE@PAUIUnknownEx@@@Z 00423b71 f   KernelEngine:KernelEngine.dll
 0001:00022b77       ??1CDataBaseAide@@UAE@XZ   00423b77 f   KernelEngine:KernelEngine.dll
 0001:00022b7d       ?SetDataBase@CDataBaseAide@@QAE_NPAUIUnknownEx@@@Z 00423b7d f   KernelEngine:KernelEngine.dll
 0001:00022b83       ?GetValue_BYTE@CDataBaseAide@@QAEEPBD@Z 00423b83 f   KernelEngine:KernelEngine.dll
 0001:00022b89       ?GetValue_WORD@CDataBaseAide@@QAEGPBD@Z 00423b89 f   KernelEngine:KernelEngine.dll
 0001:00022b8f       ?GetValue_DWORD@CDataBaseAide@@QAEKPBD@Z 00423b8f f   KernelEngine:KernelEngine.dll
 0001:00022b95       ?GetValue_SystemTime@CDataBaseAide@@QAEXPBDAAU_SYSTEMTIME@@@Z 00423b95 f   KernelEngine:KernelEngine.dll
 0001:00022b9b       ?GetValue_String@CDataBaseAide@@QAEXPBDPADI@Z 00423b9b f   KernelEngine:KernelEngine.dll
 0001:00022ba1       ?ResetParameter@CDataBaseAide@@QAEXXZ 00423ba1 f   KernelEngine:KernelEngine.dll
 0001:00022ba7       ?AddParameter@CDataBaseAide@@QAEXPBDHW4ParameterDirectionEnum@ADOCG@@@Z 00423ba7 f   KernelEngine:KernelEngine.dll
 0001:00022bad       ?AddParameter@CDataBaseAide@@QAEXPBDEW4ParameterDirectionEnum@ADOCG@@@Z 00423bad f   KernelEngine:KernelEngine.dll
 0001:00022bb3       ?AddParameter@CDataBaseAide@@QAEXPBDGW4ParameterDirectionEnum@ADOCG@@@Z 00423bb3 f   KernelEngine:KernelEngine.dll
 0001:00022bb9       ?AddParameter@CDataBaseAide@@QAEXPBDKW4ParameterDirectionEnum@ADOCG@@@Z 00423bb9 f   KernelEngine:KernelEngine.dll
 0001:00022bbf       ?AddParameter@CDataBaseAide@@QAEXPBD0W4ParameterDirectionEnum@ADOCG@@@Z 00423bbf f   KernelEngine:KernelEngine.dll
 0001:00022bc5       ?AddParameterOutput@CDataBaseAide@@QAEXPBDPADIW4ParameterDirectionEnum@ADOCG@@@Z 00423bc5 f   KernelEngine:KernelEngine.dll
 0001:00022bcb       ?ExecuteProcess@CDataBaseAide@@QAEJPBD_N@Z 00423bcb f   KernelEngine:KernelEngine.dll
 0001:00022bd1       ??_U@YAPAXI@Z              00423bd1 f   mfc140d:mfc140d.dll
 0001:00022bd7       ??_V@YAXPAX@Z              00423bd7 f   mfc140d:mfc140d.dll
 0001:00022bdd       ?AfxThrowInvalidArgException@@YGXXZ 00423bdd f   mfc140d:mfc140d.dll
 0001:00022be3       ??2@YAPAXIPBDH@Z           00423be3 f   mfc140d:mfc140d.dll
 0001:00022be9       ??_U@YAPAXIPBDH@Z          00423be9 f   mfc140d:mfc140d.dll
 0001:00022bef       ??3@YAXPAX@Z               00423bef f   mfc140d:mfc140d.dll
 0001:00022bf5       ?GetThisMessageMap@CWinApp@@KGPBUAFX_MSGMAP@@XZ 00423bf5 f   mfc140d:mfc140d.dll
 0001:00022bfb       ??3CObject@@SGXPAX@Z       00423bfb f   mfc140d:mfc140d.dll
 0001:00022c01       ?Serialize@CObject@@UAEXAAVCArchive@@@Z 00423c01 f   mfc140d:mfc140d.dll
 0001:00022c07       ?OnCmdMsg@CCmdTarget@@UAEHIHPAXPAUAFX_CMDHANDLERINFO@@@Z 00423c07 f   mfc140d:mfc140d.dll
 0001:00022c0d       ?OnFinalRelease@CCmdTarget@@UAEXXZ 00423c0d f   mfc140d:mfc140d.dll
 0001:00022c13       ?IsInvokeAllowed@CCmdTarget@@UAEHJ@Z 00423c13 f   mfc140d:mfc140d.dll
 0001:00022c19       ?GetDispatchIID@CCmdTarget@@UAEHPAU_GUID@@@Z 00423c19 f   mfc140d:mfc140d.dll
 0001:00022c1f       ?GetTypeInfoCount@CCmdTarget@@UAEIXZ 00423c1f f   mfc140d:mfc140d.dll
 0001:00022c25       ?GetTypeLibCache@CCmdTarget@@UAEPAVCTypeLibCache@@XZ 00423c25 f   mfc140d:mfc140d.dll
 0001:00022c2b       ?GetTypeLib@CCmdTarget@@UAEJKPAPAUITypeLib@@@Z 00423c2b f   mfc140d:mfc140d.dll
 0001:00022c31       ?GetCommandMap@CCmdTarget@@MBEPBUAFX_OLECMDMAP@@XZ 00423c31 f   mfc140d:mfc140d.dll
 0001:00022c37       ?GetDispatchMap@CCmdTarget@@MBEPBUAFX_DISPMAP@@XZ 00423c37 f   mfc140d:mfc140d.dll
 0001:00022c3d       ?GetConnectionMap@CCmdTarget@@MBEPBUAFX_CONNECTIONMAP@@XZ 00423c3d f   mfc140d:mfc140d.dll
 0001:00022c43       ?GetInterfaceMap@CCmdTarget@@MBEPBUAFX_INTERFACEMAP@@XZ 00423c43 f   mfc140d:mfc140d.dll
 0001:00022c49       ?GetEventSinkMap@CCmdTarget@@MBEPBUAFX_EVENTSINKMAP@@XZ 00423c49 f   mfc140d:mfc140d.dll
 0001:00022c4f       ?OnCreateAggregates@CCmdTarget@@UAEHXZ 00423c4f f   mfc140d:mfc140d.dll
 0001:00022c55       ?GetInterfaceHook@CCmdTarget@@UAEPAUIUnknown@@PBX@Z 00423c55 f   mfc140d:mfc140d.dll
 0001:00022c5b       ?GetExtraConnectionPoints@CCmdTarget@@MAEHPAVCPtrArray@@@Z 00423c5b f   mfc140d:mfc140d.dll
 0001:00022c61       ?GetConnectionHook@CCmdTarget@@MAEPAUIConnectionPoint@@ABU_GUID@@@Z 00423c61 f   mfc140d:mfc140d.dll
 0001:00022c67       ?AfxInitRichEdit2@@YGHXZ   00423c67 f   mfc140d:mfc140d.dll
 0001:00022c6d       ?DoModal@CDialog@@UAEHXZ   00423c6d f   mfc140d:mfc140d.dll
 0001:00022c73       ?PreTranslateMessage@CWinThread@@UAEHPAUtagMSG@@@Z 00423c73 f   mfc140d:mfc140d.dll
 0001:00022c79       ?PumpMessage@CWinThread@@UAEHXZ 00423c79 f   mfc140d:mfc140d.dll
 0001:00022c7f       ?IsIdleMessage@CWinThread@@UAEHPAUtagMSG@@@Z 00423c7f f   mfc140d:mfc140d.dll
 0001:00022c85       ?ProcessMessageFilter@CWinThread@@UAEHHPAUtagMSG@@@Z 00423c85 f   mfc140d:mfc140d.dll
 0001:00022c8b       ?GetMainWnd@CWinThread@@UAEPAVCWnd@@XZ 00423c8b f   mfc140d:mfc140d.dll
 0001:00022c91       ?Delete@CWinThread@@UAEXXZ 00423c91 f   mfc140d:mfc140d.dll
 0001:00022c97       ?GetRuntimeClass@CWinApp@@UBEPAUCRuntimeClass@@XZ 00423c97 f   mfc140d:mfc140d.dll
 0001:00022c9d       ??0CWinApp@@QAE@PBD@Z      00423c9d f   mfc140d:mfc140d.dll
 0001:00022ca3       ?SetRegistryKey@CWinApp@@IAEXPBD@Z 00423ca3 f   mfc140d:mfc140d.dll
 0001:00022ca9       ?GetProfileIntA@CWinApp@@UAEIPBD0H@Z 00423ca9 f   mfc140d:mfc140d.dll
 0001:00022caf       ?WriteProfileInt@CWinApp@@UAEHPBD0H@Z 00423caf f   mfc140d:mfc140d.dll
 0001:00022cb5       ?GetProfileStringA@CWinApp@@UAE?AV?$CStringT@DV?$StrTraitMFC_DLL@DV?$ChTraitsCRT@D@ATL@@@@@ATL@@PBD00@Z 00423cb5 f   mfc140d:mfc140d.dll
 0001:00022cbb       ?WriteProfileStringA@CWinApp@@UAEHPBD00@Z 00423cbb f   mfc140d:mfc140d.dll
 0001:00022cc1       ?GetProfileBinary@CWinApp@@UAEHPBD0PAPAEPAI@Z 00423cc1 f   mfc140d:mfc140d.dll
 0001:00022cc7       ?WriteProfileBinary@CWinApp@@UAEHPBD0PAEI@Z 00423cc7 f   mfc140d:mfc140d.dll
 0001:00022ccd       ?InitLibId@CWinApp@@UAEXXZ 00423ccd f   mfc140d:mfc140d.dll
 0001:00022cd3       ?Register@CWinApp@@UAEHXZ  00423cd3 f   mfc140d:mfc140d.dll
 0001:00022cd9       ?Unregister@CWinApp@@UAEHXZ 00423cd9 f   mfc140d:mfc140d.dll
 0001:00022cdf       ?OpenDocumentFile@CWinApp@@UAEPAVCDocument@@PBD@Z 00423cdf f   mfc140d:mfc140d.dll
 0001:00022ce5       ?OpenDocumentFile@CWinApp@@UAEPAVCDocument@@PBDH@Z 00423ce5 f   mfc140d:mfc140d.dll
 0001:00022ceb       ?AddToRecentFileList@CWinApp@@UAEXPBD@Z 00423ceb f   mfc140d:mfc140d.dll
 0001:00022cf1       ?InitApplication@CWinApp@@UAEHXZ 00423cf1 f   mfc140d:mfc140d.dll
 0001:00022cf7       ?SaveAllModified@CWinApp@@UAEHXZ 00423cf7 f   mfc140d:mfc140d.dll
 0001:00022cfd       ?DoMessageBox@CWinApp@@UAEHPBDII@Z 00423cfd f   mfc140d:mfc140d.dll
 0001:00022d03       ?DoWaitCursor@CWinApp@@UAEXH@Z 00423d03 f   mfc140d:mfc140d.dll
 0001:00022d09       ?OnDDECommand@CWinApp@@UAEHPAD@Z 00423d09 f   mfc140d:mfc140d.dll
 0001:00022d0f       ?WinHelpA@CWinApp@@UAEXKI@Z 00423d0f f   mfc140d:mfc140d.dll
 0001:00022d15       ?HtmlHelpA@CWinApp@@UAEXKI@Z 00423d15 f   mfc140d:mfc140d.dll
 0001:00022d1b       ?WinHelpInternal@CWinApp@@UAEXKI@Z 00423d1b f   mfc140d:mfc140d.dll
 0001:00022d21       ?RegisterWithRestartManager@CWinApp@@UAEJHABV?$CStringT@DV?$StrTraitMFC_DLL@DV?$ChTraitsCRT@D@ATL@@@@@ATL@@@Z 00423d21 f   mfc140d:mfc140d.dll
 0001:00022d27       ?RegisterWithRestartManager@CWinApp@@UAEJPB_WKP6GKPAX@Z1KK@Z 00423d27 f   mfc140d:mfc140d.dll
 0001:00022d2d       ?ApplicationRecoveryCallback@CWinApp@@UAEKPAX@Z 00423d2d f   mfc140d:mfc140d.dll
 0001:00022d33       ?GetDataRecoveryHandler@CWinApp@@UAEPAVCDataRecoveryHandler@@XZ 00423d33 f   mfc140d:mfc140d.dll
 0001:00022d39       ?IsTaskbarInteractionEnabled@CWinApp@@UAEHXZ 00423d39 f   mfc140d:mfc140d.dll
 0001:00022d3f       ?InitInstance@CWinApp@@UAEHXZ 00423d3f f   mfc140d:mfc140d.dll
 0001:00022d45       ?ExitInstance@CWinApp@@UAEHXZ 00423d45 f   mfc140d:mfc140d.dll
 0001:00022d4b       ?RestartInstance@CWinApp@@UAEHXZ 00423d4b f   mfc140d:mfc140d.dll
 0001:00022d51       ?Run@CWinApp@@UAEHXZ       00423d51 f   mfc140d:mfc140d.dll
 0001:00022d57       ?OnIdle@CWinApp@@UAEHJ@Z   00423d57 f   mfc140d:mfc140d.dll
 0001:00022d5d       ?ProcessWndProcException@CWinApp@@UAEJPAVCException@@PBUtagMSG@@@Z 00423d5d f   mfc140d:mfc140d.dll
 0001:00022d63       ?LoadAppLangResourceDLL@CWinApp@@UAEPAUHINSTANCE__@@XZ 00423d63 f   mfc140d:mfc140d.dll
 0001:00022d69       ??1CWinApp@@UAE@XZ         00423d69 f   mfc140d:mfc140d.dll
 0001:00022d6f       ?AssertValid@CWinApp@@UBEXXZ 00423d6f f   mfc140d:mfc140d.dll
 0001:00022d75       ?Dump@CWinApp@@UBEXAAVCDumpContext@@@Z 00423d75 f   mfc140d:mfc140d.dll
 0001:00022d7b       ?LoadSysPolicies@CWinApp@@UAEHXZ 00423d7b f   mfc140d:mfc140d.dll
 0001:00022d81       ?AfxEnableControlContainer@@YAXPAVCOccManager@@@Z 00423d81 f   mfc140d:mfc140d.dll
 0001:00022d87       ?GetThisMessageMap@CDialog@@KGPBUAFX_MSGMAP@@XZ 00423d87 f   mfc140d:mfc140d.dll
 0001:00022d8d       ?DDX_Control@@YGXPAVCDataExchange@@HAAVCWnd@@@Z 00423d8d f   mfc140d:mfc140d.dll
 0001:00022d93       ?PreSubclassWindow@CWnd@@UAEXXZ 00423d93 f   mfc140d:mfc140d.dll
 0001:00022d99       ?Create@CWnd@@UAEHPBD0KABUtagRECT@@PAV1@IPAUCCreateContext@@@Z 00423d99 f   mfc140d:mfc140d.dll
 0001:00022d9f       ?CreateEx@CWnd@@UAEHKPBD0KHHHHPAUHWND__@@PAUHMENU__@@PAX@Z 00423d9f f   mfc140d:mfc140d.dll
 0001:00022da5       ?CreateEx@CWnd@@UAEHKPBD0KABUtagRECT@@PAV1@IPAX@Z 00423da5 f   mfc140d:mfc140d.dll
 0001:00022dab       ?DestroyWindow@CWnd@@UAEHXZ 00423dab f   mfc140d:mfc140d.dll
 0001:00022db1       ?PreCreateWindow@CWnd@@UAEHAAUtagCREATESTRUCTA@@@Z 00423db1 f   mfc140d:mfc140d.dll
 0001:00022db7       ?CalcWindowRect@CWnd@@UAEXPAUtagRECT@@I@Z 00423db7 f   mfc140d:mfc140d.dll
 0001:00022dbd       ?GetDlgItem@CWnd@@QBEPAV1@H@Z 00423dbd f   mfc140d:mfc140d.dll
 0001:00022dc3       ?PostMessageA@CWnd@@QAEHIIJ@Z 00423dc3 f   mfc140d:mfc140d.dll
 0001:00022dc9       ?SetWindowTextA@CWnd@@QAEXPBD@Z 00423dc9 f   mfc140d:mfc140d.dll
 0001:00022dcf       ?GetMenu@CWnd@@UBEPAVCMenu@@XZ 00423dcf f   mfc140d:mfc140d.dll
 0001:00022dd5       ?SetMenu@CWnd@@UAEHPAVCMenu@@@Z 00423dd5 f   mfc140d:mfc140d.dll
 0001:00022ddb       ?OnToolHitTest@CWnd@@UBEHVCPoint@@PAUtagTOOLINFOA@@@Z 00423ddb f   mfc140d:mfc140d.dll
 0001:00022de1       ?EnableWindow@CWnd@@QAEHH@Z 00423de1 f   mfc140d:mfc140d.dll
 0001:00022de7       ?GetScrollBarCtrl@CWnd@@UBEPAVCScrollBar@@H@Z 00423de7 f   mfc140d:mfc140d.dll
 0001:00022ded       ?SetIcon@CWnd@@QAEPAUHICON__@@PAU2@H@Z 00423ded f   mfc140d:mfc140d.dll
 0001:00022df3       ?WinHelpA@CWnd@@UAEXKI@Z   00423df3 f   mfc140d:mfc140d.dll
 0001:00022df9       ?HtmlHelpA@CWnd@@UAEXKI@Z  00423df9 f   mfc140d:mfc140d.dll
 0001:00022dff       ?WinHelpInternal@CWnd@@UAEXKI@Z 00423dff f   mfc140d:mfc140d.dll
 0001:00022e05       ?ContinueModal@CWnd@@UAEHXZ 00423e05 f   mfc140d:mfc140d.dll
 0001:00022e0b       ?EndModalLoop@CWnd@@UAEXH@Z 00423e0b f   mfc140d:mfc140d.dll
 0001:00022e11       ?OnDrawIconicThumbnailOrLivePreview@CWnd@@UAEXAAVCDC@@VCRect@@VCSize@@HAAH@Z 00423e11 f   mfc140d:mfc140d.dll
 0001:00022e17       ?GetInterfaceMap@CWnd@@MBEPBUAFX_INTERFACEMAP@@XZ 00423e17 f   mfc140d:mfc140d.dll
 0001:00022e1d       ?EnsureStdObj@CWnd@@UAEJXZ 00423e1d f   mfc140d:mfc140d.dll
 0001:00022e23       ?get_accParent@CWnd@@UAEJPAPAUIDispatch@@@Z 00423e23 f   mfc140d:mfc140d.dll
 0001:00022e29       ?get_accChildCount@CWnd@@UAEJPAJ@Z 00423e29 f   mfc140d:mfc140d.dll
 0001:00022e2f       ?get_accChild@CWnd@@UAEJUtagVARIANT@@PAPAUIDispatch@@@Z 00423e2f f   mfc140d:mfc140d.dll
 0001:00022e35       ?get_accName@CWnd@@UAEJUtagVARIANT@@PAPA_W@Z 00423e35 f   mfc140d:mfc140d.dll
 0001:00022e3b       ?get_accValue@CWnd@@UAEJUtagVARIANT@@PAPA_W@Z 00423e3b f   mfc140d:mfc140d.dll
 0001:00022e41       ?get_accDescription@CWnd@@UAEJUtagVARIANT@@PAPA_W@Z 00423e41 f   mfc140d:mfc140d.dll
 0001:00022e47       ?get_accRole@CWnd@@UAEJUtagVARIANT@@PAU2@@Z 00423e47 f   mfc140d:mfc140d.dll
 0001:00022e4d       ?get_accState@CWnd@@UAEJUtagVARIANT@@PAU2@@Z 00423e4d f   mfc140d:mfc140d.dll
 0001:00022e53       ?get_accHelp@CWnd@@UAEJUtagVARIANT@@PAPA_W@Z 00423e53 f   mfc140d:mfc140d.dll
 0001:00022e59       ?get_accHelpTopic@CWnd@@UAEJPAPA_WUtagVARIANT@@PAJ@Z 00423e59 f   mfc140d:mfc140d.dll
 0001:00022e5f       ?get_accKeyboardShortcut@CWnd@@UAEJUtagVARIANT@@PAPA_W@Z 00423e5f f   mfc140d:mfc140d.dll
 0001:00022e65       ?get_accFocus@CWnd@@UAEJPAUtagVARIANT@@@Z 00423e65 f   mfc140d:mfc140d.dll
 0001:00022e6b       ?get_accSelection@CWnd@@UAEJPAUtagVARIANT@@@Z 00423e6b f   mfc140d:mfc140d.dll
 0001:00022e71       ?get_accDefaultAction@CWnd@@UAEJUtagVARIANT@@PAPA_W@Z 00423e71 f   mfc140d:mfc140d.dll
 0001:00022e77       ?accSelect@CWnd@@UAEJJUtagVARIANT@@@Z 00423e77 f   mfc140d:mfc140d.dll
 0001:00022e7d       ?accLocation@CWnd@@UAEJPAJ000UtagVARIANT@@@Z 00423e7d f   mfc140d:mfc140d.dll
 0001:00022e83       ?accNavigate@CWnd@@UAEJJUtagVARIANT@@PAU2@@Z 00423e83 f   mfc140d:mfc140d.dll
 0001:00022e89       ?accHitTest@CWnd@@UAEJJJPAUtagVARIANT@@@Z 00423e89 f   mfc140d:mfc140d.dll
 0001:00022e8f       ?accDoDefaultAction@CWnd@@UAEJUtagVARIANT@@@Z 00423e8f f   mfc140d:mfc140d.dll
 0001:00022e95       ?put_accName@CWnd@@UAEJUtagVARIANT@@PA_W@Z 00423e95 f   mfc140d:mfc140d.dll
 0001:00022e9b       ?put_accValue@CWnd@@UAEJUtagVARIANT@@PA_W@Z 00423e9b f   mfc140d:mfc140d.dll
 0001:00022ea1       ?SetProxy@CWnd@@UAEJPAUIAccessibleProxy@@@Z 00423ea1 f   mfc140d:mfc140d.dll
 0001:00022ea7       ?CreateAccessibleProxy@CWnd@@UAEJIJPAJ@Z 00423ea7 f   mfc140d:mfc140d.dll
 0001:00022ead       ?OnCommand@CWnd@@MAEHIJ@Z  00423ead f   mfc140d:mfc140d.dll
 0001:00022eb3       ?OnNotify@CWnd@@MAEHIJPAJ@Z 00423eb3 f   mfc140d:mfc140d.dll
 0001:00022eb9       ?GetSuperWndProcAddr@CWnd@@MAEPAP6GJPAUHWND__@@IIJ@ZXZ 00423eb9 f   mfc140d:mfc140d.dll
 0001:00022ebf       ?DoDataExchange@CWnd@@MAEXPAVCDataExchange@@@Z 00423ebf f   mfc140d:mfc140d.dll
 0001:00022ec5       ?BeginModalState@CWnd@@UAEXXZ 00423ec5 f   mfc140d:mfc140d.dll
 0001:00022ecb       ?EndModalState@CWnd@@UAEXXZ 00423ecb f   mfc140d:mfc140d.dll
 0001:00022ed1       ?OnAmbientProperty@CWnd@@UAEHPAVCOleControlSite@@JPAUtagVARIANT@@@Z 00423ed1 f   mfc140d:mfc140d.dll
 0001:00022ed7       ?WindowProc@CWnd@@MAEJIIJ@Z 00423ed7 f   mfc140d:mfc140d.dll
 0001:00022edd       ?OnWndMsg@CWnd@@MAEHIIJPAJ@Z 00423edd f   mfc140d:mfc140d.dll
 0001:00022ee3       ?DefWindowProcA@CWnd@@MAEJIIJ@Z 00423ee3 f   mfc140d:mfc140d.dll
 0001:00022ee9       ?PostNcDestroy@CWnd@@MAEXXZ 00423ee9 f   mfc140d:mfc140d.dll
 0001:00022eef       ?OnChildNotify@CWnd@@MAEHIIJPAJ@Z 00423eef f   mfc140d:mfc140d.dll
 0001:00022ef5       ?OnTouchInputs@CWnd@@MAEHIPAUtagTOUCHINPUT@@@Z 00423ef5 f   mfc140d:mfc140d.dll
 0001:00022efb       ?OnTouchInput@CWnd@@MAEHVCPoint@@HHPAUtagTOUCHINPUT@@@Z 00423efb f   mfc140d:mfc140d.dll
 0001:00022f01       ?GetGestureStatus@CWnd@@MAEKVCPoint@@@Z 00423f01 f   mfc140d:mfc140d.dll
 0001:00022f07       ?OnGestureZoom@CWnd@@MAEHVCPoint@@J@Z 00423f07 f   mfc140d:mfc140d.dll
 0001:00022f0d       ?OnGesturePan@CWnd@@MAEHVCPoint@@0@Z 00423f0d f   mfc140d:mfc140d.dll
 0001:00022f13       ?OnGestureRotate@CWnd@@MAEHVCPoint@@N@Z 00423f13 f   mfc140d:mfc140d.dll
 0001:00022f19       ?OnGestureTwoFingerTap@CWnd@@MAEHVCPoint@@@Z 00423f19 f   mfc140d:mfc140d.dll
 0001:00022f1f       ?OnGesturePressAndTap@CWnd@@MAEHVCPoint@@J@Z 00423f1f f   mfc140d:mfc140d.dll
 0001:00022f25       ?ResizeDynamicLayout@CWnd@@MAEXXZ 00423f25 f   mfc140d:mfc140d.dll
 0001:00022f2b       ?IsFrameWnd@CWnd@@UBEHXZ   00423f2b f   mfc140d:mfc140d.dll
[...]
 0002:00009f24       __unwindtable$?OnRequestModifyFriend@CDataBaseEngineSink@@IAE_NKPAXG@Z 00438f24     DataBaseEngineSink.obj
 0002:00009f34       __tryblocktable$?OnRequestModifyFriend@CDataBaseEngineSink@@IAE_NKPAXG@Z 00438f34     DataBaseEngineSink.obj
 0002:00009f48       __ehfuncinfo$?OnRequestModifyFriend@CDataBaseEngineSink@@IAE_NKPAXG@Z 00438f48     DataBaseEngineSink.obj
 0002:00009f74       __catchsym$?OnRequestAddFriend@CDataBaseEngineSink@@IAE_NKPAXG@Z$2 00438f74     DataBaseEngineSink.obj
 0002:00009f84       __unwindtable$?OnRequestAddFriend@CDataBaseEngineSink@@IAE_NKPAXG@Z 00438f84     DataBaseEngineSink.obj
 0002:00009f94       __tryblocktable$?OnRequestAddFriend@CDataBaseEngineSink@@IAE_NKPAXG@Z 00438f94     DataBaseEngineSink.obj
 0002:00009fa8       __ehfuncinfo$?OnRequestAddFriend@CDataBaseEngineSink@@IAE_NKPAXG@Z 00438fa8     DataBaseEngineSink.obj
 0002:00009fd4       __catchsym$?OnRequestDeleteFriend@CDataBaseEngineSink@@IAE_NKPAXG@Z$2 00438fd4     DataBaseEngineSink.obj
 0002:00009fe4       __unwindtable$?OnRequestDeleteFriend@CDataBaseEngineSink@@IAE_NKPAXG@Z 00438fe4     DataBaseEngineSink.obj
 0002:00009ff4       __tryblocktable$?OnRequestDeleteFriend@CDataBaseEngineSink@@IAE_NKPAXG@Z 00438ff4     DataBaseEngineSink.obj
 0002:0000a008       __ehfuncinfo$?OnRequestDeleteFriend@CDataBaseEngineSink@@IAE_NKPAXG@Z 00439008     DataBaseEngineSink.obj
 0002:0000a034       __catchsym$?OnRequestModifyGroup@CDataBaseEngineSink@@IAE_NKPAXG@Z$4 00439034     DataBaseEngineSink.obj
 0002:0000a044       __tryblocktable$?OnRequestModifyGroup@CDataBaseEngineSink@@IAE_NKPAXG@Z 00439044     DataBaseEngineSink.obj
 0002:0000a058       __unwindtable$?OnRequestModifyGroup@CDataBaseEngineSink@@IAE_NKPAXG@Z 00439058     DataBaseEngineSink.obj
 0002:0000a070       __ehfuncinfo$?OnRequestModifyGroup@CDataBaseEngineSink@@IAE_NKPAXG@Z 00439070     DataBaseEngineSink.obj
 0002:0000a0a0       __catchsym$?OnRequestModifyRemarks@CDataBaseEngineSink@@IAE_NKPAXG@Z$2 004390a0     DataBaseEngineSink.obj
 0002:0000a0b0       __unwindtable$?OnRequestModifyRemarks@CDataBaseEngineSink@@IAE_NKPAXG@Z 004390b0     DataBaseEngineSink.obj
 0002:0000a0c0       __tryblocktable$?OnRequestModifyRemarks@CDataBaseEngineSink@@IAE_NKPAXG@Z 004390c0     DataBaseEngineSink.obj
 0002:0000a0d4       __ehfuncinfo$?OnRequestModifyRemarks@CDataBaseEngineSink@@IAE_NKPAXG@Z 004390d4     DataBaseEngineSink.obj
 0002:0000a100       __catchsym$?OnRequestSearchUser@CDataBaseEngineSink@@IAE_NKPAXG@Z$2 00439100     DataBaseEngineSink.obj
 0002:0000a110       __unwindtable$?OnRequestSearchUser@CDataBaseEngineSink@@IAE_NKPAXG@Z 00439110     DataBaseEngineSink.obj
 0002:0000a120       __tryblocktable$?OnRequestSearchUser@CDataBaseEngineSink@@IAE_NKPAXG@Z 00439120     DataBaseEngineSink.obj
 0002:0000a134       __ehfuncinfo$?OnRequestSearchUser@CDataBaseEngineSink@@IAE_NKPAXG@Z 00439134     DataBaseEngineSink.obj
 0002:0000a160       __catchsym$?OnRequestSaveOfflineMessage@CDataBaseEngineSink@@IAE_NKPAXG@Z$2 00439160     DataBaseEngineSink.obj
 0002:0000a170       __unwindtable$?OnRequestSaveOfflineMessage@CDataBaseEngineSink@@IAE_NKPAXG@Z 00439170     DataBaseEngineSink.obj
 0002:0000a180       __tryblocktable$?OnRequestSaveOfflineMessage@CDataBaseEngineSink@@IAE_NKPAXG@Z 00439180     DataBaseEngineSink.obj
 0002:0000a194       __ehfuncinfo$?OnRequestSaveOfflineMessage@CDataBaseEngineSink@@IAE_NKPAXG@Z 00439194     DataBaseEngineSink.obj
 0002:0000a1c0       __catchsym$?OnRequestTrumpet@CDataBaseEngineSink@@IAE_NKPAXG@Z$2 004391c0     DataBaseEngineSink.obj
 0002:0000a1d0       __unwindtable$?OnRequestTrumpet@CDataBaseEngineSink@@IAE_NKPAXG@Z 004391d0     DataBaseEngineSink.obj
 0002:0000a1e0       __tryblocktable$?OnRequestTrumpet@CDataBaseEngineSink@@IAE_NKPAXG@Z 004391e0     DataBaseEngineSink.obj
 0002:0000a1f4       __ehfuncinfo$?OnRequestTrumpet@CDataBaseEngineSink@@IAE_NKPAXG@Z 004391f4     DataBaseEngineSink.obj
 0002:0000a220       __catchsym$?OnRequestUpdatePlaceName@CDataBaseEngineSink@@IAE_NKPAXG@Z$2 00439220     DataBaseEngineSink.obj
 0002:0000a230       __unwindtable$?OnRequestUpdatePlaceName@CDataBaseEngineSink@@IAE_NKPAXG@Z 00439230     DataBaseEngineSink.obj
 0002:0000a240       __tryblocktable$?OnRequestUpdatePlaceName@CDataBaseEngineSink@@IAE_NKPAXG@Z 00439240     DataBaseEngineSink.obj
 0002:0000a254       __ehfuncinfo$?OnRequestUpdatePlaceName@CDataBaseEngineSink@@IAE_NKPAXG@Z 00439254     DataBaseEngineSink.obj
 0002:0000a280       __catchsym$?OnRequestLoadSystemMessage@CDataBaseEngineSink@@IAE_NKPAXG@Z$3 00439280     DataBaseEngineSink.obj
 0002:0000a290       __tryblocktable$?OnRequestLoadSystemMessage@CDataBaseEngineSink@@IAE_NKPAXG@Z 00439290     DataBaseEngineSink.obj
 0002:0000a2a4       __unwindtable$?OnRequestLoadSystemMessage@CDataBaseEngineSink@@IAE_NKPAXG@Z 004392a4     DataBaseEngineSink.obj
 0002:0000a2bc       __ehfuncinfo$?OnRequestLoadSystemMessage@CDataBaseEngineSink@@IAE_NKPAXG@Z 004392bc     DataBaseEngineSink.obj
 0002:0000a2ec       __unwindtable$?LoadInitParameter@CInitParameter@@QAEXXZ 004392ec     InitParameter.obj
 0002:0000a2fc       __ehfuncinfo$?LoadInitParameter@CInitParameter@@QAEXXZ 004392fc     InitParameter.obj
 0002:0000a328       __catchsym$??1CNearUserManager@@UAE@XZ$3 00439328     ServerUserManager.obj
 0002:0000a338       __tryblocktable$??1CNearUserManager@@UAE@XZ 00439338     ServerUserManager.obj
 0002:0000a34c       __unwindtable$??1CNearUserManager@@UAE@XZ 0043934c     ServerUserManager.obj
 0002:0000a364       __ehfuncinfo$??1CNearUserManager@@UAE@XZ 00439364     ServerUserManager.obj
 0002:0000a394       __catchsym$?InsertNearUserItem@CNearUserManager@@UAE_NAAUtagNearUserInfo@@@Z$2 00439394     ServerUserManager.obj
 0002:0000a3a4       __unwindtable$?InsertNearUserItem@CNearUserManager@@UAE_NAAUtagNearUserInfo@@@Z 004393a4     ServerUserManager.obj
 0002:0000a3b4       __tryblocktable$?InsertNearUserItem@CNearUserManager@@UAE_NAAUtagNearUserInfo@@@Z 004393b4     ServerUserManager.obj
 0002:0000a3c8       __ehfuncinfo$?InsertNearUserItem@CNearUserManager@@UAE_NAAUtagNearUserInfo@@@Z 004393c8     ServerUserManager.obj
 0002:0000a3f4       __unwindtable$??0?$CMap@KKPAVCServerUserItem@@PAV1@@@QAE@H@Z 004393f4     ServerUserManager.obj
 0002:0000a3fc       __ehfuncinfo$??0?$CMap@KKPAVCServerUserItem@@PAV1@@@QAE@H@Z 004393fc     ServerUserManager.obj
 0002:0000a424       __ehfuncinfo$??1?$CMap@KKPAVCServerUserItem@@PAV1@@@UAE@XZ 00439424     ServerUserManager.obj
 0002:0000a44c       __unwindtable$??0CServerUserManager@@QAE@XZ 0043944c     ServerUserManager.obj
 0002:0000a46c       __ehfuncinfo$??0CServerUserManager@@QAE@XZ 0043946c     ServerUserManager.obj
 0002:0000a498       __catchsym$??1CServerUserManager@@UAE@XZ$9 00439498     ServerUserManager.obj
 0002:0000a4a8       __catchsym$??1CServerUserManager@@UAE@XZ$8 004394a8     ServerUserManager.obj
 0002:0000a4b8       __ehfuncinfo$??1CServerUserManager@@UAE@XZ 004394b8     ServerUserManager.obj
 0002:0000a4dc       __tryblocktable$??1CServerUserManager@@UAE@XZ 004394dc     ServerUserManager.obj
 0002:0000a504       __unwindtable$??1CServerUserManager@@UAE@XZ 00439504     ServerUserManager.obj
 0002:0000a558       __catchsym$?InsertLocalUserItem@CServerUserManager@@UAE_NAAUtagInsertLocalUserInfo@@AAUtagFriendUserInfo@@PBD@Z$3 00439558     ServerUserManager.obj
 0002:0000a568       __tryblocktable$?InsertLocalUserItem@CServerUserManager@@UAE_NAAUtagInsertLocalUserInfo@@AAUtagFriendUserInfo@@PBD@Z 00439568     ServerUserManager.obj
 0002:0000a57c       __unwindtable$?InsertLocalUserItem@CServerUserManager@@UAE_NAAUtagInsertLocalUserInfo@@AAUtagFriendUserInfo@@PBD@Z 0043957c     ServerUserManager.obj
 0002:0000a594       __ehfuncinfo$?InsertLocalUserItem@CServerUserManager@@UAE_NAAUtagInsertLocalUserInfo@@AAUtagFriendUserInfo@@PBD@Z 00439594     ServerUserManager.obj
 0002:0000a5c4       __catchsym$??1CUserFriendGroup@@UAE@XZ$2 004395c4     ServerUserManager.obj
 0002:0000a5d4       __unwindtable$??1CUserFriendGroup@@UAE@XZ 004395d4     ServerUserManager.obj
 0002:0000a5e4       __tryblocktable$??1CUserFriendGroup@@UAE@XZ 004395e4     ServerUserManager.obj
 0002:0000a5f8       __ehfuncinfo$??1CUserFriendGroup@@UAE@XZ 004395f8     ServerUserManager.obj
 0002:0000a624       __catchsym$?AllocateContent@CUserFriendGroup@@AAEPAUtagServerFriendInfo@@G@Z$5 00439624     ServerUserManager.obj
 0002:0000a634       __catchsym$?AllocateContent@CUserFriendGroup@@AAEPAUtagServerFriendInfo@@G@Z$4 00439634     ServerUserManager.obj
 0002:0000a644       __unwindtable$?AllocateContent@CUserFriendGroup@@AAEPAUtagServerFriendInfo@@G@Z 00439644     ServerUserManager.obj
 0002:0000a664       __ehfuncinfo$?AllocateContent@CUserFriendGroup@@AAEPAUtagServerFriendInfo@@G@Z 00439664     ServerUserManager.obj
 0002:0000a688       __tryblocktable$?AllocateContent@CUserFriendGroup@@AAEPAUtagServerFriendInfo@@G@Z 00439688     ServerUserManager.obj
 0002:0000a6c0       __catchsym$?ExtendGroupContent@CUserFriendGroup@@AAE_NG@Z$5 004396c0     ServerUserManager.obj
 0002:0000a6d0       __catchsym$?ExtendGroupContent@CUserFriendGroup@@AAE_NG@Z$4 004396d0     ServerUserManager.obj
 0002:0000a6e0       __unwindtable$?ExtendGroupContent@CUserFriendGroup@@AAE_NG@Z 004396e0     ServerUserManager.obj
 0002:0000a700       __ehfuncinfo$?ExtendGroupContent@CUserFriendGroup@@AAE_NG@Z 00439700     ServerUserManager.obj
 0002:0000a724       __tryblocktable$?ExtendGroupContent@CUserFriendGroup@@AAE_NG@Z 00439724     ServerUserManager.obj
 0002:0000a75c       __unwindtable$??0?$CMap@KKPAVCUserFriendGroup@@PAV1@@@QAE@H@Z 0043975c     ServerUserManager.obj
 0002:0000a764       __ehfuncinfo$??0?$CMap@KKPAVCUserFriendGroup@@PAV1@@@QAE@H@Z 00439764     ServerUserManager.obj
 0002:0000a78c       __ehfuncinfo$??1?$CMap@KKPAVCUserFriendGroup@@PAV1@@@UAE@XZ 0043978c     ServerUserManager.obj
 0002:0000a7b4       __unwindtable$??0CFriendGroupManager@@QAE@XZ 004397b4     ServerUserManager.obj
 0002:0000a7cc       __ehfuncinfo$??0CFriendGroupManager@@QAE@XZ 004397cc     ServerUserManager.obj
 0002:0000a7f8       __catchsym$??1CFriendGroupManager@@UAE@XZ$8 004397f8     ServerUserManager.obj
 0002:0000a808       __catchsym$??1CFriendGroupManager@@UAE@XZ$7 00439808     ServerUserManager.obj
 0002:0000a818       __ehfuncinfo$??1CFriendGroupManager@@UAE@XZ 00439818     ServerUserManager.obj
 0002:0000a83c       __tryblocktable$??1CFriendGroupManager@@UAE@XZ 0043983c     ServerUserManager.obj
 0002:0000a864       __unwindtable$??1CFriendGroupManager@@UAE@XZ 00439864     ServerUserManager.obj
 0002:0000a8ac       __catchsym$?ActiveFriendGroup@CFriendGroupManager@@QAEPAVCUserFriendGroup@@G@Z$3 004398ac     ServerUserManager.obj
 0002:0000a8bc       __tryblocktable$?ActiveFriendGroup@CFriendGroupManager@@QAEPAVCUserFriendGroup@@G@Z 004398bc     ServerUserManager.obj
 0002:0000a8d0       __unwindtable$?ActiveFriendGroup@CFriendGroupManager@@QAEPAVCUserFriendGroup@@G@Z 004398d0     ServerUserManager.obj
 0002:0000a8e8       __ehfuncinfo$?ActiveFriendGroup@CFriendGroupManager@@QAEPAVCUserFriendGroup@@G@Z 004398e8     ServerUserManager.obj
 0002:0000a97c       __ehfuncinfo$??1?$CTempldateHelper@UITimerEngine@@@@UAE@XZ 0043997c     ServiceUnits.obj
 0002:0000a9a4       __unwindtable$?CreateInstance@?$CTempldateHelper@UITimerEngine@@@@QAE_NXZ 004399a4     ServiceUnits.obj
 0002:0000a9b4       __tryblocktable$?CreateInstance@?$CTempldateHelper@UITimerEngine@@@@QAE_NXZ 004399b4     ServiceUnits.obj
 0002:0000a9c8       __catchsym$?CreateInstance@?$CTempldateHelper@UITimerEngine@@@@QAE_NXZ$3 004399c8     ServiceUnits.obj
 0002:0000a9e8       __ehfuncinfo$?CreateInstance@?$CTempldateHelper@UITimerEngine@@@@QAE_NXZ 004399e8     ServiceUnits.obj
 0002:0000aa18       __ehfuncinfo$??1?$CTempldateHelper@UIDataBaseEngine@@@@UAE@XZ 00439a18     ServiceUnits.obj
 0002:0000aa40       __unwindtable$?CreateInstance@?$CTempldateHelper@UIDataBaseEngine@@@@QAE_NXZ 00439a40     ServiceUnits.obj
 0002:0000aa50       __tryblocktable$?CreateInstance@?$CTempldateHelper@UIDataBaseEngine@@@@QAE_NXZ 00439a50     ServiceUnits.obj
 0002:0000aa64       __catchsym$?CreateInstance@?$CTempldateHelper@UIDataBaseEngine@@@@QAE_NXZ$3 00439a64     ServiceUnits.obj
 0002:0000aa84       __ehfuncinfo$?CreateInstance@?$CTempldateHelper@UIDataBaseEngine@@@@QAE_NXZ 00439a84     ServiceUnits.obj
 0002:0000aab4       __ehfuncinfo$??1?$CTempldateHelper@UIAttemperEngine@@@@UAE@XZ 00439ab4     ServiceUnits.obj
 0002:0000aadc       __unwindtable$?CreateInstance@?$CTempldateHelper@UIAttemperEngine@@@@QAE_NXZ 00439adc     ServiceUnits.obj
 0002:0000aaec       __tryblocktable$?CreateInstance@?$CTempldateHelper@UIAttemperEngine@@@@QAE_NXZ 00439aec     ServiceUnits.obj
 0002:0000ab00       __catchsym$?CreateInstance@?$CTempldateHelper@UIAttemperEngine@@@@QAE_NXZ$3 00439b00     ServiceUnits.obj
 0002:0000ab20       __ehfuncinfo$?CreateInstance@?$CTempldateHelper@UIAttemperEngine@@@@QAE_NXZ 00439b20     ServiceUnits.obj
 0002:0000ab50       __ehfuncinfo$??1?$CTempldateHelper@UITCPSocketService@@@@UAE@XZ 00439b50     ServiceUnits.obj
 0002:0000ab78       __unwindtable$?CreateInstance@?$CTempldateHelper@UITCPSocketService@@@@QAE_NXZ 00439b78     ServiceUnits.obj
 0002:0000ab88       __tryblocktable$?CreateInstance@?$CTempldateHelper@UITCPSocketService@@@@QAE_NXZ 00439b88     ServiceUnits.obj
 0002:0000ab9c       __catchsym$?CreateInstance@?$CTempldateHelper@UITCPSocketService@@@@QAE_NXZ$3 00439b9c     ServiceUnits.obj
 0002:0000abbc       __ehfuncinfo$?CreateInstance@?$CTempldateHelper@UITCPSocketService@@@@QAE_NXZ 00439bbc     ServiceUnits.obj
 0002:0000abec       __ehfuncinfo$??1?$CTempldateHelper@UITCPNetworkEngine@@@@UAE@XZ 00439bec     ServiceUnits.obj
 0002:0000ac14       __unwindtable$?CreateInstance@?$CTempldateHelper@UITCPNetworkEngine@@@@QAE_NXZ 00439c14     ServiceUnits.obj
 0002:0000ac24       __tryblocktable$?CreateInstance@?$CTempldateHelper@UITCPNetworkEngine@@@@QAE_NXZ 00439c24     ServiceUnits.obj
 0002:0000ac38       __catchsym$?CreateInstance@?$CTempldateHelper@UITCPNetworkEngine@@@@QAE_NXZ$3 00439c38     ServiceUnits.obj
 0002:0000ac58       __ehfuncinfo$?CreateInstance@?$CTempldateHelper@UITCPNetworkEngine@@@@QAE_NXZ 00439c58     ServiceUnits.obj
 0002:0000ac88       __ehfuncinfo$??0CServiceUnits@@QAE@XZ 00439c88     ServiceUnits.obj
 0002:0000acac       __unwindtable$??0CServiceUnits@@QAE@XZ 00439cac     ServiceUnits.obj
 0002:0000ad10       __ehfuncinfo$??1CServiceUnits@@UAE@XZ 00439d10     ServiceUnits.obj
 0002:0000ad38       __unwindtable$?PostControlRequest@CServiceUnits@@QAE_NGPAXG@Z 00439d38     ServiceUnits.obj
 0002:0000ad40       __ehfuncinfo$?PostControlRequest@CServiceUnits@@QAE_NGPAXG@Z 00439d40     ServiceUnits.obj
 0002:0000ad68       __unwindtable$?OnUIControlRequest@CServiceUnits@@IAEJIJ@Z 00439d68     ServiceUnits.obj
 0002:0000ad70       __ehfuncinfo$?OnUIControlRequest@CServiceUnits@@IAEJIJ@Z 00439d70     ServiceUnits.obj
 0002:0000ad98       __ehfuncinfo$??1?$CSimpleArray@GV?$CSimpleArrayEqualHelper@G@ATL@@@ATL@@QAE@XZ 00439d98     Stdafx.obj
 0002:0000adc0       __unwindtable$??0_ATL_WIN_MODULE70@ATL@@QAE@XZ 00439dc0     Stdafx.obj
 0002:0000adc8       __ehfuncinfo$??0_ATL_WIN_MODULE70@ATL@@QAE@XZ 00439dc8     Stdafx.obj
 0002:0000adf0       __ehfuncinfo$??1CAtlComModule@ATL@@QAE@XZ 00439df0     Stdafx.obj
 0002:0000ae18       __ehfuncinfo$??1CAtlWinModule@ATL@@QAE@XZ 00439e18     Stdafx.obj
 0002:0000ae40       __sehtable$_WinbaseIsolationAwarePrivatetRgzlnPgpgk@0 00439e40     mfcs140d:nolib.obj
 0002:0000ae60       __sehtable$_IsolationAwareUnregisterClassA@8 00439e60     mfcs140d:nolib.obj
 0002:0000ae80       __ehfuncinfo$??_Estringdispid@CComTypeInfoHolder@ATL@@QAEPAXI@Z 00439e80     mfcs140d:nolib.obj
 0002:0000aea8       __sehtable$___scrt_is_nonwritable_in_current_image 00439ea8     msvcrtd:utility.obj
 0002:0000aec8       __sehtable$??_L@YGXPAXIIP6EX0@Z1@Z 00439ec8     msvcrtd:ehvecctr.obj
 0002:0000aee8       __sehtable$??_M@YGXPAXIIP6EX0@Z@Z 00439ee8     msvcrtd:ehvecdtr.obj
 0002:0000af08       __sehtable$?__ArrayUnwind@@YGXPAXIIP6EX0@Z@Z 00439f08     msvcrtd:ehvecdtr.obj
 0002:0000af28       __ehfuncinfo$?__scrt_initialize_thread_safe_statics_platform_specific@@YAXXZ 00439f28     msvcrtd:thread_safe_statics.obj
 0002:0000af50       __ehfuncinfo$?__scrt_uninitialize_thread_safe_statics@@YAXXZ 00439f50     msvcrtd:thread_safe_statics.obj
 0002:0000af78       __sehtable$?__scrt_common_main_seh@@YAHXZ 00439f78     msvcrtd:exe_winmain.obj
 0002:0000af98       __sehtable$?notify_debugger@@YAXABUtagEXCEPTION_VISUALCPP_DEBUG_INFO@@@Z 00439f98     msvcrtd:error.obj
 0003:00000008       ?THIS_FILE@@3PADA          0043b008     AttemperEngineSink.obj
 0003:00000118       ?THIS_FILE@@3PADA          0043b118     DataBaseEngineSink.obj
 0003:000001e8       ?THIS_FILE@@3PADA          0043b1e8     ServiceUnits.obj
 0003:000036cc       ?is_initialized_as_dll@@3_NA 0043e6cc     msvcrtd:utility.obj
 0003:000036cd       ?module_local_atexit_table_initialized@@3_NA 0043e6cd     msvcrtd:utility.obj
 0003:000036d0       ?module_local_atexit_table@@3U_onexit_table_t@@A 0043e6d0     msvcrtd:utility.obj
 0003:000036dc       ?module_local_at_quick_exit_table@@3U_onexit_table_t@@A 0043e6dc     msvcrtd:utility.obj
 0003:000036f0       ?_Tss_mutex@@3U_RTL_CRITICAL_SECTION@@A 0043e6f0     msvcrtd:thread_safe_statics.obj
 0003:00003708       ?_Tss_cv@@3U_RTL_CONDITION_VARIABLE@@A 0043e708     msvcrtd:thread_safe_statics.obj
 0003:0000370c       ?_Tss_event@@3PAXA         0043e70c     msvcrtd:thread_safe_statics.obj
 0003:00003710       ?encoded_sleep_condition_variable_cs@@3P6GHPAU_RTL_CONDITION_VARIABLE@@PAU_RTL_CRITICAL_SECTION@@K@ZA 0043e710     msvcrtd:thread_safe_statics.obj
 0003:00003714       ?encoded_wake_all_condition_variable@@3P6GXPAU_RTL_CONDITION_VARIABLE@@@ZA 0043e714     msvcrtd:thread_safe_statics.obj
 0003:00003724       ?init@?1??_RTC_InitBase@@9@4_NA 0043e724     msvcrtd:init.obj
 0003:00003728       _GS_ExceptionRecord        0043e728     msvcrtd:gs_report.obj
 0003:00003778       _GS_ContextRecord          0043e778     msvcrtd:gs_report.obj
 0003:00003b14       ?_RTC_ErrorReportFunc@@3P6AHHPBDH00ZZA 0043eb14     msvcrtd:userapi.obj
 0003:00003b18       ?_RTC_ErrorReportFuncW@@3P6AHHPB_WH00ZZA 0043eb18     msvcrtd:userapi.obj
 0003:00003b20       ?mspdb@@3PAUHINSTANCE__@@A 0043eb20     msvcrtd:pdblkup.obj
 0003:00003b24       ?alreadyTried@?1??GetPdbDll@@YAPAUHINSTANCE__@@XZ@4_NA 0043eb24     msvcrtd:pdblkup.obj
 0003:00003b25       ?PDBOK@?1??_RTC_GetSrcLine@@YAHPAEPA_WKPAH1K@Z@4_NA 0043eb25     msvcrtd:pdblkup.obj
 0004:00001490       .idata$6                   00440490     ServiceCore:ServiceCore.dll
 0004:000018a4       .idata$6                   004408a4     KernelEngine:KernelEngine.dll
 0004:000018b6       .idata$6                   004408b6     mfc140d:mfc140d.dll
 0004:00001c2a       .idata$6                   00440c2a     kernel32:KERNEL32.dll
 0004:00001c86       .idata$6                   00440c86     user32:USER32.dll
 0004:00001c92       .idata$6                   00440c92     comctl32:COMCTL32.dll
 0004:00001ca0       .idata$6                   00440ca0     oleaut32:OLEAUT32.dll
 0004:00001d98       .idata$6                   00440d98     msvcprtd:MSVCP140D.dll
 0004:00001e8e       .idata$6                   00440e8e     vcruntimed:VCRUNTIME140D.dll
 0004:00002234       .idata$6                   00441234     ucrtd:ucrtbased.dll
 0007:000002d0       $R000000                   004442d0     ChatServer.res
 0007:00009778       $R0094A8                   0044d778     ChatServer.res
 0007:00009790       $R0094C0                   0044d790     ChatServer.res
 0007:00009a70       $R0097A0                   0044da70     ChatServer.res
 0007:00009b30       $R009860                   0044db30     ChatServer.res
