 Correspond

 Timestamp is 5da6abf4 (Wed Oct 16 13:34:44 2019)

 Preferred load address is 00400000

 Start         Length     Name                   Class
 0001:00000000 000051c0H .text$di                CODE
 0001:000051c0 00020a30H .text$mn                CODE
 0001:00025bf0 00002050H .text$x                 CODE
 0001:00027c40 00001178H .text$yd                CODE
 0002:00000000 00000104H .CRT$XCA                DATA
 0002:00000104 00000104H .CRT$XCAA               DATA
 0002:00000208 0000010cH .CRT$XCL                DATA
 0002:00000314 00000184H .CRT$XCU                DATA
 0002:00000498 00000104H .CRT$XCZ                DATA
 0002:0000059c 00000104H .CRT$XIA                DATA
 0002:000006a0 00000104H .CRT$XIAA               DATA
 0002:000007a4 00000104H .CRT$XIAC               DATA
 0002:000008a8 00000104H .CRT$XIC                DATA
 0002:000009ac 00000104H .CRT$XIZ                DATA
 0002:00000ab0 00000004H .CRT$XLA                DATA
 0002:00000ab4 00000004H .CRT$XLZ                DATA
 0002:00000ab8 00000104H .CRT$XPA                DATA
 0002:00000bbc 00000104H .CRT$XPZ                DATA
 0002:00000cc0 00000104H .CRT$XTA                DATA
 0002:00000dc4 0000010cH .CRT$XTZ                DATA
 0002:00000ed0 00006a58H .rdata                  DATA
 0002:00007928 0000011cH .rdata$T                DATA
 0002:00007a44 00000e6cH .rdata$r                DATA
 0002:000088b0 00000254H .rdata$sxdata           DATA
 0002:00008b04 000001a0H .rdata$zzzdbg           DATA
 0002:00008ca4 00000104H .rtc$IAA                DATA
 0002:00008da8 00000110H .rtc$IMZ                DATA
 0002:00008eb8 00000104H .rtc$IZZ                DATA
 0002:00008fbc 00000104H .rtc$TAA                DATA
 0002:000090c0 00000110H .rtc$TMZ                DATA
 0002:000091d0 00000108H .rtc$TZZ                DATA
 0002:000092d8 000016b8H .xdata$x                DATA
 0002:0000a990 00000104H ATL$__a                 DATA
 0002:0000aa94 00000104H ATL$__z                 DATA
 0002:0000ab98 00000000H .edata                  DATA
 0003:00000000 000001f0H .data                   DATA
 0003:000001f0 000007f8H .data$r                 DATA
 0003:000009e8 00002e24H .bss                    DATA
 0004:00000000 000007f8H .idata$5                DATA
 0004:000007f8 000000c8H .idata$2                DATA
 0004:000008c0 00000014H .idata$3                DATA
 0004:000008d4 000007f8H .idata$4                DATA
 0004:000010cc 00000d6fH .idata$6                DATA
 0005:00000000 00000104H .tls                    DATA
 0005:00000104 00000104H .tls$                   DATA
 0005:00000208 00000101H .tls$ZZZ                DATA
 0006:00000000 00000104H .00cfg                  DATA
 0007:00000000 000003f0H .rsrc$01                DATA
 0007:000003f0 000084d0H .rsrc$02                DATA

  Address         Publics by Value              Rva+Base       Lib:Object

 0000:00000000       ___guard_longjmp_table     00000000     <absolute>
 0000:00000000       ___enclave_config          00000000     <absolute>
 0000:00000000       ___guard_iat_count         00000000     <absolute>
 0000:00000000       ___hybrid_auxiliary_iat    00000000     <absolute>
 0000:00000000       ___guard_longjmp_count     00000000     <absolute>
 0000:00000000       ___dynamic_value_reloc_table 00000000     <absolute>
 0000:00000000       ___hybrid_code_map_count   00000000     <absolute>
 0000:00000000       ___volatile_metadata       00000000     <absolute>
 0000:00000000       ___guard_fids_table        00000000     <absolute>
 0000:00000000       ___guard_fids_count        00000000     <absolute>
 0000:00000000       ___guard_iat_table         00000000     <absolute>
 0000:00000000       ___hybrid_code_map         00000000     <absolute>
 0000:0000002c       __tls_array                0000002c     <absolute>
 0000:00000047       ___safe_se_handler_count   00000047     <absolute>
 0000:00000100       ___guard_flags             00000100     <absolute>
 0000:00000000       ___ImageBase               00400000     <linker-defined>
 0001:000051c0       ??0?$CTraceCategoryEx@$0CAAA@$0A@@ATL@@QAE@PBD@Z 004061c0 f i AttemperEngineSink.obj
 0001:00005200       ??0?$CTraceCategoryEx@$0CAAAA@$0A@@ATL@@QAE@PBD@Z 00406200 f i AttemperEngineSink.obj
 0001:00005240       ??0?$CWHArray@GABG@@QAE@XZ 00406240 f i AttemperEngineSink.obj
 0001:000052a0       ??0CAttemperEngineSink@@QAE@XZ 004062a0 f   AttemperEngineSink.obj
 0001:00005380       ??0CMD_CS_C_DismissTableResult@@QAE@XZ 00406380 f i AttemperEngineSink.obj
 0001:000053c0       ??0CMD_CS_C_HostCreatRoomInfo@@QAE@XZ 004063c0 f i AttemperEngineSink.obj
 0001:000053f0       ??0IAttemperEngineSink@@QAE@XZ 004063f0 f i AttemperEngineSink.obj
 0001:00005420       ??0IUnknownEx@@QAE@XZ      00406420 f i AttemperEngineSink.obj
 0001:00005450       ??0tagHostCreatRoomInfo@@QAE@XZ 00406450 f i AttemperEngineSink.obj
 0001:000054b0       ??0tagPersonalUserScoreInfo@@QAE@XZ 004064b0 f i AttemperEngineSink.obj
 0001:000054e0       ??1?$CWHArray@GABG@@UAE@XZ 004064e0 f i AttemperEngineSink.obj
 0001:00005560       ??1CAttemperEngineSink@@UAE@XZ 00406560 f   AttemperEngineSink.obj
 0001:000055a0       ??2@YAPAXIPAX@Z            004065a0 f i AttemperEngineSink.obj
 0001:000055c0       ??A?$CWHArray@GABG@@QAEAAGH@Z 004065c0 f i AttemperEngineSink.obj
 0001:000055f0       ??_E?$CWHArray@GABG@@UAEPAXI@Z 004065f0 f i AttemperEngineSink.obj
 0001:000055f0       ??_G?$CWHArray@GABG@@UAEPAXI@Z 004065f0 f i AttemperEngineSink.obj
 0001:00005640       ??_ECAttemperEngineSink@@UAEPAXI@Z 00406640 f i AttemperEngineSink.obj
 0001:00005640       ??_GCAttemperEngineSink@@UAEPAXI@Z 00406640 f i AttemperEngineSink.obj
 0001:00005690       ??_H@YGXPAXIIP6EPAX0@Z@Z   00406690 f i AttemperEngineSink.obj
 0001:000056e0       ?Add@?$CWHArray@GABG@@QAEHABG@Z 004066e0 f i AttemperEngineSink.obj
 0001:00005720       ?AfxAssertFailedLine@@YGHPBDH@Z 00406720 f i AttemperEngineSink.obj
 0001:00005790       ?AllocMemory@?$CWHArray@GABG@@QAEXH@Z 00406790 f i AttemperEngineSink.obj
 0001:000058f0       ?ElementAt@?$CWHArray@GABG@@QAEAAGH@Z 004068f0 f i AttemperEngineSink.obj
 0001:00005970       ?GetBuildVer@@YAEK@Z       00406970 f i AttemperEngineSink.obj
 0001:000059a0       ?GetCount@?$CWHArray@GABG@@QBEHXZ 004069a0 f i AttemperEngineSink.obj
 0001:000059c0       ?GetGameID@CGlobalUserItem@@QAEKXZ 004069c0 f i AttemperEngineSink.obj
 0001:000059e0       ?GetGender@CGlobalUserItem@@QAEEXZ 004069e0 f i AttemperEngineSink.obj
 0001:00005a00       ?GetIndex@CGlobalServerItem@@QAEGXZ 00406a00 f i AttemperEngineSink.obj
 0001:00005a20       ?GetKindID@CGlobalServerItem@@QAEGXZ 00406a20 f i AttemperEngineSink.obj
 0001:00005a40       ?GetMainVer@@YAEK@Z        00406a40 f i AttemperEngineSink.obj
 0001:00005a70       ?GetMasterOrder@CGlobalUserItem@@QAEEXZ 00406a70 f i AttemperEngineSink.obj
 0001:00005a90       ?GetMemberOrder@CGlobalUserItem@@QAEEXZ 00406a90 f i AttemperEngineSink.obj
 0001:00005ab0       ?GetNickName@CGlobalUserItem@@QAEPBDXZ 00406ab0 f i AttemperEngineSink.obj
 0001:00005ad0       ?GetProductVer@@YAEK@Z     00406ad0 f i AttemperEngineSink.obj
 0001:00005b00       ?GetServerID@CGlobalServerItem@@QAEGXZ 00406b00 f i AttemperEngineSink.obj
 0001:00005b20       ?GetSubVer@@YAEK@Z         00406b20 f i AttemperEngineSink.obj
 0001:00005b50       ?GetUserID@CGlobalUserItem@@QAEKXZ 00406b50 f i AttemperEngineSink.obj
 0001:00005b70       ?GetUserInfo@CGlobalUserItem@@QAEPAUtagUserInfo@@XZ 00406b70 f i AttemperEngineSink.obj
 0001:00005b90       ?InterfaceVersionCompare@@YA_NKK@Z 00406b90 f i AttemperEngineSink.obj
 0001:00005c70       ?IsMatchServer@CGlobalServerItem@@QAE_NXZ 00406c70 f i AttemperEngineSink.obj
 0001:00005cd0       ?OnAttemperEngineConclude@CAttemperEngineSink@@UAE_NPAUIUnknownEx@@@Z 00406cd0 f   AttemperEngineSink.obj
 0001:00005df0       ?OnAttemperEngineStart@CAttemperEngineSink@@UAE_NPAUIUnknownEx@@@Z 00406df0 f   AttemperEngineSink.obj
 0001:00005ea0       ?OnEventAttemperData@CAttemperEngineSink@@UAE_NGPAXG@Z 00406ea0 f   AttemperEngineSink.obj
 0001:00005ec0       ?OnEventControl@CAttemperEngineSink@@UAE_NGPAXG@Z 00406ec0 f   AttemperEngineSink.obj
 0001:00005ee0       ?OnEventDataBase@CAttemperEngineSink@@UAE_NGKPAXG@Z 00406ee0 f   AttemperEngineSink.obj
 0001:00005f00       ?OnEventTCPNetworkBind@CAttemperEngineSink@@UAE_NKK@Z 00406f00 f   AttemperEngineSink.obj
 0001:00005fd0       ?OnEventTCPNetworkRead@CAttemperEngineSink@@UAE_NUTCP_Command@@PAXGK@Z 00406fd0 f   AttemperEngineSink.obj
 0001:00006110       ?OnEventTCPNetworkShut@CAttemperEngineSink@@UAE_NKKK@Z 00407110 f   AttemperEngineSink.obj
 0001:000063b0       ?OnEventTCPSocketLink@CAttemperEngineSink@@UAE_NGH@Z 004073b0 f   AttemperEngineSink.obj
 0001:000063d0       ?OnEventTCPSocketRead@CAttemperEngineSink@@UAE_NGUTCP_Command@@PAXG@Z 004073d0 f   AttemperEngineSink.obj
 0001:000063f0       ?OnEventTCPSocketShut@CAttemperEngineSink@@UAE_NGE@Z 004073f0 f   AttemperEngineSink.obj
 0001:00006410       ?OnEventTimer@CAttemperEngineSink@@UAE_NKI@Z 00407410 f   AttemperEngineSink.obj
 0001:00006470       ?OnTCPNetworkMainAndroidService@CAttemperEngineSink@@IAE_NGPAXGK@Z 00407470 f   AttemperEngineSink.obj
 0001:00006690       ?OnTCPNetworkMainManagerService@CAttemperEngineSink@@IAE_NGPAXGK@Z 00407690 f   AttemperEngineSink.obj
 0001:00006740       ?OnTCPNetworkMainRegister@CAttemperEngineSink@@IAE_NGPAXGK@Z 00407740 f   AttemperEngineSink.obj
 0001:00007320       ?OnTCPNetworkMainRemoteService@CAttemperEngineSink@@IAE_NGPAXGK@Z 00408320 f   AttemperEngineSink.obj
 0001:00007d70       ?OnTCPNetworkMainServiceInfo@CAttemperEngineSink@@IAE_NGPAXGK@Z 00408d70 f   AttemperEngineSink.obj
 0001:00008c50       ?OnTCPNetworkMainUserCollect@CAttemperEngineSink@@IAE_NGPAXGK@Z 00409c50 f   AttemperEngineSink.obj
 0001:00009520       ?QueryInterface@CAttemperEngineSink@@UAEPAXABU_GUID@@K@Z 0040a520 f   AttemperEngineSink.obj
 0001:000095d0       ?RegisterCategory@CTrace@ATL@@SAXPBDI@Z 0040a5d0 f i AttemperEngineSink.obj
 0001:000096f0       ?Release@CAttemperEngineSink@@UAEXXZ 0040a6f0 f i AttemperEngineSink.obj
 0001:00009710       ?RemoveAll@?$CWHArray@GABG@@QAEXXZ 0040a710 f i AttemperEngineSink.obj
 0001:00009790       ?RemoveAt@?$CWHArray@GABG@@QAEXHH@Z 0040a790 f i AttemperEngineSink.obj
 0001:000098d0       ?SendDataToGame@CAttemperEngineSink@@IAE_NGGGPAXG@Z 0040a8d0 f   AttemperEngineSink.obj
 0001:00009980       ?SendDataToUser@CAttemperEngineSink@@IAE_NGKGGPAXG@Z 0040a980 f   AttemperEngineSink.obj
 0001:000099a0       ?SendMatchListItem@CAttemperEngineSink@@IAE_NK@Z 0040a9a0 f   AttemperEngineSink.obj
 0001:00009b20       ?SendServerListItem@CAttemperEngineSink@@IAE_NK@Z 0040ab20 f   AttemperEngineSink.obj
 0001:00009ce0       ?SetAtGrow@?$CWHArray@GABG@@QAEXHABG@Z 0040ace0 f i AttemperEngineSink.obj
 0001:00009d70       ?SetSize@?$CWHArray@GABG@@QAEXH@Z 0040ad70 f i AttemperEngineSink.obj
 0001:00009e90       ?__empty_global_delete@@YAXPAX@Z 0040ae90 f i AttemperEngineSink.obj
 0001:00009eb0       ?__global_delete@@YAXPAXI@Z 0040aeb0 f i AttemperEngineSink.obj
 0001:00009eb0       ?__empty_global_delete@@YAXPAXI@Z 0040aeb0 f i AttemperEngineSink.obj
 0001:00009ed0       _==                        0040aed0 f i AttemperEngineSink.obj
 0001:00009f20       _IsEqualGUID               0040af20 f i AttemperEngineSink.obj
 0001:00009f70       ___local_stdio_printf_options 0040af70 f i AttemperEngineSink.obj
 0001:00009f90       __tcslwr                   0040af90 f i AttemperEngineSink.obj
 0001:00009fc0       __vswprintf_s_l            0040afc0 f i AttemperEngineSink.obj
 0001:0000a030       _swprintf_s                0040b030 f i AttemperEngineSink.obj
 0001:0000a0b0       ??0CCorrespondServerApp@@QAE@XZ 0040b0b0 f   CorrespondServer.obj
 0001:0000a0f0       ??1CCorrespondServerApp@@UAE@XZ 0040b0f0 f i CorrespondServer.obj
 0001:0000a120       ??_ECCorrespondServerApp@@UAEPAXI@Z 0040b120 f i CorrespondServer.obj
 0001:0000a120       ??_GCCorrespondServerApp@@UAEPAXI@Z 0040b120 f i CorrespondServer.obj
 0001:0000a180       ?GetApplicationRecoveryParameter@CWinApp@@UAEPAXXZ 0040b180 f i CorrespondServer.obj
 0001:0000a1a0       ?GetApplicationRecoveryPingInterval@CWinApp@@UAEKXZ 0040b1a0 f i CorrespondServer.obj
 0001:0000a1c0       ?GetApplicationRestartFlags@CWinApp@@UAEKXZ 0040b1c0 f i CorrespondServer.obj
 0001:0000a1e0       ?GetMessageMap@CCorrespondServerApp@@MBEPBUAFX_MSGMAP@@XZ 0040b1e0 f   CorrespondServer.obj
 0001:0000a200       ?GetThisMessageMap@CCorrespondServerApp@@KGPBUAFX_MSGMAP@@XZ 0040b200 f   CorrespondServer.obj
 0001:0000a220       ?InitInstance@CCorrespondServerApp@@UAEHXZ 0040b220 f   CorrespondServer.obj
 0001:0000a320       ?ReopenPreviousFilesAtRestart@CWinApp@@UBEHXZ 0040b320 f i CorrespondServer.obj
 0001:0000a350       ?RestoreAutosavedFilesAtRestart@CWinApp@@UBEHXZ 0040b350 f i CorrespondServer.obj
 0001:0000a380       ?SupportsApplicationRecovery@CWinApp@@UBEHXZ 0040b380 f i CorrespondServer.obj
 0001:0000a3b0       ?SupportsAutosaveAtInterval@CWinApp@@UBEHXZ 0040b3b0 f i CorrespondServer.obj
 0001:0000a3e0       ?SupportsAutosaveAtRestart@CWinApp@@UBEHXZ 0040b3e0 f i CorrespondServer.obj
 0001:0000a410       ?SupportsRestartManager@CWinApp@@UBEHXZ 0040b410 f i CorrespondServer.obj
 0001:0000a440       ?OnBnClickedStartService@CCorrespondServerDlg@@IAEXXZ 0040b440 f   CorrespondServerDlg.obj
 0001:0000a4f0       ?OnBnClickedStopService@CCorrespondServerDlg@@IAEXXZ 0040b4f0 f   CorrespondServerDlg.obj
 0001:0000a5a0       ?OnQueryEndSession@CCorrespondServerDlg@@QAEHXZ 0040b5a0 f   CorrespondServerDlg.obj
 0001:0000a5f0       ??0CCorrespondServerDlg@@QAE@XZ 0040b5f0 f   CorrespondServerDlg.obj
 0001:0000a6c0       ??0CInitParameter@@QAE@ABV0@@Z 0040b6c0 f i CorrespondServerDlg.obj
 0001:0000a730       ??0IServiceUnitsSink@@QAE@XZ 0040b730 f i CorrespondServerDlg.obj
 0001:0000a760       ??1CCorrespondServerDlg@@UAE@XZ 0040b760 f   CorrespondServerDlg.obj
 0001:0000a7d0       ??_GCCorrespondServerDlg@@UAEPAXI@Z 0040b7d0 f i CorrespondServerDlg.obj
 0001:0000a7d0       ??_ECCorrespondServerDlg@@UAEPAXI@Z 0040b7d0 f i CorrespondServerDlg.obj
 0001:0000a830       ??_ECInitParameter@@UAEPAXI@Z 0040b830 f i CorrespondServerDlg.obj
 0001:0000a830       ??_GCInitParameter@@UAEPAXI@Z 0040b830 f i CorrespondServerDlg.obj
 0001:0000a880       ?DoDataExchange@CCorrespondServerDlg@@MAEXPAVCDataExchange@@@Z 0040b880 f   CorrespondServerDlg.obj
 0001:0000a8d0       ?GetInitParameter@CServiceUnits@@QAE?AVCInitParameter@@XZ 0040b8d0 f i CorrespondServerDlg.obj
 0001:0000a920       ?GetMessageMap@CCorrespondServerDlg@@MBEPBUAFX_MSGMAP@@XZ 0040b920 f   CorrespondServerDlg.obj
 0001:0000a940       ?GetServiceStatus@CServiceUnits@@QAE?AW4enServiceStatus@@XZ 0040b940 f i CorrespondServerDlg.obj
 0001:0000a960       ?GetThisMessageMap@CCorrespondServerDlg@@KGPBUAFX_MSGMAP@@XZ 0040b960 f   CorrespondServerDlg.obj
 0001:0000a980       ?OnCancel@CCorrespondServerDlg@@MAEXXZ 0040b980 f   CorrespondServerDlg.obj
 0001:0000a9f0       ?OnInitDialog@CCorrespondServerDlg@@MAEHXZ 0040b9f0 f   CorrespondServerDlg.obj
 0001:0000aaa0       ?OnOK@CCorrespondServerDlg@@MAEXXZ 0040baa0 f   CorrespondServerDlg.obj
 0001:0000aac0       ?OnServiceUnitsStatus@CCorrespondServerDlg@@UAEXW4enServiceStatus@@@Z 0040bac0 f   CorrespondServerDlg.obj
 0001:0000ad30       ?PreTranslateMessage@CCorrespondServerDlg@@MAEHPAUtagMSG@@@Z 0040bd30 f   CorrespondServerDlg.obj
 0001:0000ad80       __snprintf                 0040bd80 f i CorrespondServerDlg.obj
 0001:0000add0       __vsnprintf                0040bdd0 f i CorrespondServerDlg.obj
 0001:0000ae10       __vsnprintf_l              0040be10 f i CorrespondServerDlg.obj
 0001:0000ae80       ??$?0$$V@?$_Compressed_pair@V?$allocator@UCMD_CS_S_RegisterPersonal@@@std@@V?$_Vector_val@U?$_Simple_types@UCMD_CS_S_RegisterPersonal@@@std@@@2@$00@std@@QAE@U_Zero_then_variadic_args_t@1@@Z 0040be80 f i GlobalInfoManager.obj
 0001:0000aec0       ??$?0$$V@?$_Compressed_pair@V?$allocator@UtagPersonalTableInfo@@@std@@V?$_Vector_val@U?$_Simple_types@UtagPersonalTableInfo@@@std@@@2@$00@std@@QAE@U_Zero_then_variadic_args_t@1@@Z 0040bec0 f i GlobalInfoManager.obj
 0001:0000af00       ??$?0UCMD_CS_S_RegisterPersonal@@@?$allocator@U_Container_proxy@std@@@std@@QAE@ABV?$allocator@UCMD_CS_S_RegisterPersonal@@@1@@Z 0040bf00 f i GlobalInfoManager.obj
 0001:0000af20       ??$?0UtagPersonalTableInfo@@@?$allocator@U_Container_proxy@std@@@std@@QAE@ABV?$allocator@UtagPersonalTableInfo@@@1@@Z 0040bf20 f i GlobalInfoManager.obj
 0001:0000af40       ??$CompareElements@GG@@YGHPBG0@Z 0040bf40 f i GlobalInfoManager.obj
 0001:0000b040       ??$CompareElements@KK@@YGHPBK0@Z 0040c040 f i GlobalInfoManager.obj
 0001:0000b140       ??$CompareElements@V?$CStringT@DV?$StrTraitMFC_DLL@DV?$ChTraitsCRT@D@ATL@@@@@ATL@@PBD@@YGHPBV?$CStringT@DV?$StrTraitMFC_DLL@DV?$ChTraitsCRT@D@ATL@@@@@ATL@@PBQBD@Z 0040c140 f i GlobalInfoManager.obj
 0001:0000b230       ??$DumpElements@G@@YGXAAVCDumpContext@@PBGH@Z 0040c230 f i GlobalInfoManager.obj
 0001:0000b2e0       ??$DumpElements@K@@YGXAAVCDumpContext@@PBKH@Z 0040c2e0 f i GlobalInfoManager.obj
 0001:0000b390       ??$DumpElements@PAUtagPersonalTableInfo@@@@YGXAAVCDumpContext@@PBQAUtagPersonalTableInfo@@H@Z 0040c390 f i GlobalInfoManager.obj
 0001:0000b440       ??$DumpElements@PAVCGlobalChatItem@@@@YGXAAVCDumpContext@@PBQAVCGlobalChatItem@@H@Z 0040c440 f i GlobalInfoManager.obj
 0001:0000b4f0       ??$DumpElements@PAVCGlobalPlazaItem@@@@YGXAAVCDumpContext@@PBQAVCGlobalPlazaItem@@H@Z 0040c4f0 f i GlobalInfoManager.obj
 0001:0000b5a0       ??$DumpElements@PAVCGlobalServerItem@@@@YGXAAVCDumpContext@@PBQAVCGlobalServerItem@@H@Z 0040c5a0 f i GlobalInfoManager.obj
 0001:0000b650       ??$DumpElements@PAVCGlobalUserItem@@@@YGXAAVCDumpContext@@PBQAVCGlobalUserItem@@H@Z 0040c650 f i GlobalInfoManager.obj
 0001:0000b700       ??$DumpElements@V?$CStringT@DV?$StrTraitMFC_DLL@DV?$ChTraitsCRT@D@ATL@@@@@ATL@@@@YGXAAVCDumpContext@@PBV?$CStringT@DV?$StrTraitMFC_DLL@DV?$ChTraitsCRT@D@ATL@@@@@ATL@@H@Z 0040c700 f i GlobalInfoManager.obj
 0001:0000b7b0       ??$HashKey@G@@YGIG@Z       0040c7b0 f i GlobalInfoManager.obj
 0001:0000b820       ??$HashKey@K@@YGIK@Z       0040c820 f i GlobalInfoManager.obj
 0001:0000b890       ??$SerializeElements@G@@YGXAAVCArchive@@PAGH@Z 0040c890 f i GlobalInfoManager.obj
 0001:0000ba30       ??$SerializeElements@K@@YGXAAVCArchive@@PAKH@Z 0040ca30 f i GlobalInfoManager.obj
 0001:0000bbd0       ??$SerializeElements@PAUtagPersonalTableInfo@@@@YGXAAVCArchive@@PAPAUtagPersonalTableInfo@@H@Z 0040cbd0 f i GlobalInfoManager.obj
 0001:0000bd70       ??$SerializeElements@PAVCGlobalChatItem@@@@YGXAAVCArchive@@PAPAVCGlobalChatItem@@H@Z 0040cd70 f i GlobalInfoManager.obj
 0001:0000bf10       ??$SerializeElements@PAVCGlobalPlazaItem@@@@YGXAAVCArchive@@PAPAVCGlobalPlazaItem@@H@Z 0040cf10 f i GlobalInfoManager.obj
 0001:0000c0b0       ??$SerializeElements@PAVCGlobalServerItem@@@@YGXAAVCArchive@@PAPAVCGlobalServerItem@@H@Z 0040d0b0 f i GlobalInfoManager.obj
 0001:0000c250       ??$SerializeElements@PAVCGlobalUserItem@@@@YGXAAVCArchive@@PAPAVCGlobalUserItem@@H@Z 0040d250 f i GlobalInfoManager.obj
 0001:0000c3f0       ??$_Allocate@$07U_Default_allocate_traits@std@@$0A@@std@@YAPAXI@Z 0040d3f0 f i GlobalInfoManager.obj
 0001:0000c440       ??$_Allocate_manually_vector_aligned@U_Default_allocate_traits@std@@@std@@YAPAXI@Z 0040d440 f i GlobalInfoManager.obj
 0001:0000c530       ??$_Copy_memmove@PAUCMD_CS_S_RegisterPersonal@@PAU1@@std@@YAPAUCMD_CS_S_RegisterPersonal@@PAU1@00@Z 0040d530 f i GlobalInfoManager.obj
 0001:0000c590       ??$_Copy_memmove@PAUtagPersonalTableInfo@@PAU1@@std@@YAPAUtagPersonalTableInfo@@PAU1@00@Z 0040d590 f i GlobalInfoManager.obj
 0001:0000c5f0       ??$_Deallocate@$07$0A@@std@@YAXPAXI@Z 0040d5f0 f i GlobalInfoManager.obj
 0001:0000c640       ??$_Deallocate_plain@V?$allocator@U_Container_proxy@std@@@std@@$0A@@std@@YAXAAV?$allocator@U_Container_proxy@std@@@0@QAU_Container_proxy@0@@Z 0040d640 f i GlobalInfoManager.obj
 0001:0000c670       ??$_Destroy_range1@V?$allocator@UCMD_CS_S_RegisterPersonal@@@std@@@std@@YAXPAUCMD_CS_S_RegisterPersonal@@0AAV?$allocator@UCMD_CS_S_RegisterPersonal@@@0@U?$integral_constant@_N$00@0@@Z 0040d670 f i GlobalInfoManager.obj
 0001:0000c690       ??$_Destroy_range1@V?$allocator@UtagPersonalTableInfo@@@std@@@std@@YAXPAUtagPersonalTableInfo@@0AAV?$allocator@UtagPersonalTableInfo@@@0@U?$integral_constant@_N$00@0@@Z 0040d690 f i GlobalInfoManager.obj
 0001:0000c6b0       ??$_Destroy_range@V?$allocator@UCMD_CS_S_RegisterPersonal@@@std@@@std@@YAXPAUCMD_CS_S_RegisterPersonal@@0AAV?$allocator@UCMD_CS_S_RegisterPersonal@@@0@@Z 0040d6b0 f i GlobalInfoManager.obj
 0001:0000c6f0       ??$_Destroy_range@V?$allocator@UtagPersonalTableInfo@@@std@@@std@@YAXPAUtagPersonalTableInfo@@0AAV?$allocator@UtagPersonalTableInfo@@@0@@Z 0040d6f0 f i GlobalInfoManager.obj
 0001:0000c730       ??$_Emplace_back_with_unused_capacity@ABUCMD_CS_S_RegisterPersonal@@@?$vector@UCMD_CS_S_RegisterPersonal@@V?$allocator@UCMD_CS_S_RegisterPersonal@@@std@@@std@@AAE@ABUCMD_CS_S_RegisterPersonal@@@Z 0040d730 f i GlobalInfoManager.obj
 0001:0000c7e0       ??$_Emplace_back_with_unused_capacity@ABUtagPersonalTableInfo@@@?$vector@UtagPersonalTableInfo@@V?$allocator@UtagPersonalTableInfo@@@std@@@std@@AAE@ABUtagPersonalTableInfo@@@Z 0040d7e0 f i GlobalInfoManager.obj
 0001:0000c890       ??$_Emplace_reallocate@ABUCMD_CS_S_RegisterPersonal@@@?$vector@UCMD_CS_S_RegisterPersonal@@V?$allocator@UCMD_CS_S_RegisterPersonal@@@std@@@std@@QAEPAUCMD_CS_S_RegisterPersonal@@QAU2@ABU2@@Z 0040d890 f i GlobalInfoManager.obj
 0001:0000cae0       ??$_Emplace_reallocate@ABUtagPersonalTableInfo@@@?$vector@UtagPersonalTableInfo@@V?$allocator@UtagPersonalTableInfo@@@std@@@std@@QAEPAUtagPersonalTableInfo@@QAU2@ABU2@@Z 0040dae0 f i GlobalInfoManager.obj
 0001:0000cd50       ??$_Get_size_of_n@$07@std@@YAII@Z 0040dd50 f i GlobalInfoManager.obj
 0001:0000cd90       ??$_Get_size_of_n@$0NB@@std@@YAII@Z 0040dd90 f i GlobalInfoManager.obj
 0001:0000cde0       ??$_Get_unwrapped@UCMD_CS_S_RegisterPersonal@@@std@@YAPAUCMD_CS_S_RegisterPersonal@@QAU1@@Z 0040dde0 f i GlobalInfoManager.obj
 0001:0000ce00       ??$_Get_unwrapped@UtagPersonalTableInfo@@@std@@YAPAUtagPersonalTableInfo@@QAU1@@Z 0040de00 f i GlobalInfoManager.obj
 0001:0000ce20       ??$_Get_unwrapped_n@UCMD_CS_S_RegisterPersonal@@H$0A@@std@@YAPAUCMD_CS_S_RegisterPersonal@@QAU1@H@Z 0040de20 f i GlobalInfoManager.obj
 0001:0000ce40       ??$_Get_unwrapped_n@UtagPersonalTableInfo@@H$0A@@std@@YAPAUtagPersonalTableInfo@@QAU1@H@Z 0040de40 f i GlobalInfoManager.obj
 0001:0000ce60       ??$_Idl_distance1@PAUCMD_CS_S_RegisterPersonal@@PAU1@@std@@YAHABQAUCMD_CS_S_RegisterPersonal@@0Urandom_access_iterator_tag@0@@Z 0040de60 f i GlobalInfoManager.obj
 0001:0000ce90       ??$_Idl_distance1@PAUtagPersonalTableInfo@@PAU1@@std@@YAHABQAUtagPersonalTableInfo@@0Urandom_access_iterator_tag@0@@Z 0040de90 f i GlobalInfoManager.obj
 0001:0000cec0       ??$_Idl_distance@PAUCMD_CS_S_RegisterPersonal@@PAU1@@std@@YA@ABQAUCMD_CS_S_RegisterPersonal@@0@Z 0040dec0 f i GlobalInfoManager.obj
 0001:0000cef0       ??$_Idl_distance@PAUtagPersonalTableInfo@@PAU1@@std@@YA@ABQAUtagPersonalTableInfo@@0@Z 0040def0 f i GlobalInfoManager.obj
 0001:0000cf20       ??$_Min_value@I@std@@YAABIABI0@Z 0040df20 f i GlobalInfoManager.obj
 0001:0000cf60       ??$_Move_unchecked1@PAUtagPersonalTableInfo@@PAU1@@std@@YAPAUtagPersonalTableInfo@@PAU1@00U_Trivially_copyable_ptr_iterator_tag@0@@Z 0040df60 f i GlobalInfoManager.obj
 0001:0000cf90       ??$_Move_unchecked@PAUtagPersonalTableInfo@@PAU1@@std@@YAPAUtagPersonalTableInfo@@PAU1@00@Z 0040df90 f i GlobalInfoManager.obj
 0001:0000cfe0       ??$_Ptr_move_cat@UCMD_CS_S_RegisterPersonal@@U1@@std@@YA?AU_Really_trivial_ptr_iterator_tag@0@ABQAUCMD_CS_S_RegisterPersonal@@0@Z 0040dfe0 f i GlobalInfoManager.obj
 0001:0000d000       ??$_Ptr_move_cat@UtagPersonalTableInfo@@U1@@std@@YA?AU_Really_trivial_ptr_iterator_tag@0@ABQAUtagPersonalTableInfo@@0@Z 0040e000 f i GlobalInfoManager.obj
 0001:0000d020       ??$_Seek_wrapped@UCMD_CS_S_RegisterPersonal@@@std@@YAXAAPAUCMD_CS_S_RegisterPersonal@@QAU1@@Z 0040e020 f i GlobalInfoManager.obj
 0001:0000d040       ??$_Seek_wrapped@UtagPersonalTableInfo@@@std@@YAXAAPAUtagPersonalTableInfo@@QAU1@@Z 0040e040 f i GlobalInfoManager.obj
 0001:0000d060       ??$_Unfancy@UCMD_CS_S_RegisterPersonal@@@std@@YAPAUCMD_CS_S_RegisterPersonal@@PAU1@@Z 0040e060 f i GlobalInfoManager.obj
 0001:0000d080       ??$_Unfancy@U_Container_proxy@std@@@std@@YAPAU_Container_proxy@0@PAU10@@Z 0040e080 f i GlobalInfoManager.obj
 0001:0000d0a0       ??$_Unfancy@UtagPersonalTableInfo@@@std@@YAPAUtagPersonalTableInfo@@PAU1@@Z 0040e0a0 f i GlobalInfoManager.obj
 0001:0000d0c0       ??$_Uninitialized_move@PAUCMD_CS_S_RegisterPersonal@@PAU1@V?$allocator@UCMD_CS_S_RegisterPersonal@@@std@@@std@@YAPAUCMD_CS_S_RegisterPersonal@@QAU1@0PAU1@AAV?$allocator@UCMD_CS_S_RegisterPersonal@@@0@@Z 0040e0c0 f i GlobalInfoManager.obj
 0001:0000d180       ??$_Uninitialized_move@PAUtagPersonalTableInfo@@PAU1@V?$allocator@UtagPersonalTableInfo@@@std@@@std@@YAPAUtagPersonalTableInfo@@QAU1@0PAU1@AAV?$allocator@UtagPersonalTableInfo@@@0@@Z 0040e180 f i GlobalInfoManager.obj
 0001:0000d240       ??$_Uninitialized_move_al_unchecked@UCMD_CS_S_RegisterPersonal@@U1@V?$allocator@UCMD_CS_S_RegisterPersonal@@@std@@@std@@YAPAUCMD_CS_S_RegisterPersonal@@QAU1@00AAV?$allocator@UCMD_CS_S_RegisterPersonal@@@0@U_Really_trivial_ptr_iterator_tag@0@U?$integral_constant@_N$00@0@@Z 0040e240 f i GlobalInfoManager.obj
 0001:0000d270       ??$_Uninitialized_move_al_unchecked@UtagPersonalTableInfo@@U1@V?$allocator@UtagPersonalTableInfo@@@std@@@std@@YAPAUtagPersonalTableInfo@@QAU1@00AAV?$allocator@UtagPersonalTableInfo@@@0@U_Really_trivial_ptr_iterator_tag@0@U?$integral_constant@_N$00@0@@Z 0040e270 f i GlobalInfoManager.obj
 0001:0000d2a0       ??$addressof@V?$_Vector_val@U?$_Simple_types@UCMD_CS_S_RegisterPersonal@@@std@@@std@@@std@@YAPAV?$_Vector_val@U?$_Simple_types@UCMD_CS_S_RegisterPersonal@@@std@@@0@AAV10@@Z 0040e2a0 f i GlobalInfoManager.obj
 0001:0000d2c0       ??$addressof@V?$_Vector_val@U?$_Simple_types@UtagPersonalTableInfo@@@std@@@std@@@std@@YAPAV?$_Vector_val@U?$_Simple_types@UtagPersonalTableInfo@@@std@@@0@AAV10@@Z 0040e2c0 f i GlobalInfoManager.obj
 0001:0000d2e0       ??$construct@UCMD_CS_S_RegisterPersonal@@ABU1@@?$_Default_allocator_traits@V?$allocator@UCMD_CS_S_RegisterPersonal@@@std@@@std@@SAXAAV?$allocator@UCMD_CS_S_RegisterPersonal@@@1@QAUCMD_CS_S_RegisterPersonal@@ABU3@@Z 0040e2e0 f i GlobalInfoManager.obj
 0001:0000d330       ??$construct@U_Container_proxy@std@@U12@@?$_Default_allocator_traits@V?$allocator@U_Container_proxy@std@@@std@@@std@@SAXAAV?$allocator@U_Container_proxy@std@@@1@QAU_Container_proxy@1@$$QAU31@@Z 0040e330 f i GlobalInfoManager.obj
 0001:0000d380       ??$construct@UtagPersonalTableInfo@@ABU1@@?$_Default_allocator_traits@V?$allocator@UtagPersonalTableInfo@@@std@@@std@@SAXAAV?$allocator@UtagPersonalTableInfo@@@1@QAUtagPersonalTableInfo@@ABU3@@Z 0040e380 f i GlobalInfoManager.obj
 0001:0000d3d0       ??$destroy@U_Container_proxy@std@@@?$_Default_allocator_traits@V?$allocator@U_Container_proxy@std@@@std@@@std@@SAXAAV?$allocator@U_Container_proxy@std@@@1@QAU_Container_proxy@1@@Z 0040e3d0 f i GlobalInfoManager.obj
 0001:0000d3f0       ??$destroy@UtagPersonalTableInfo@@@?$_Default_allocator_traits@V?$allocator@UtagPersonalTableInfo@@@std@@@std@@SAXAAV?$allocator@UtagPersonalTableInfo@@@1@QAUtagPersonalTableInfo@@@Z 0040e3f0 f i GlobalInfoManager.obj
 0001:0000d410       ??$emplace_back@ABUCMD_CS_S_RegisterPersonal@@@?$vector@UCMD_CS_S_RegisterPersonal@@V?$allocator@UCMD_CS_S_RegisterPersonal@@@std@@@std@@QAE@ABUCMD_CS_S_RegisterPersonal@@@Z 0040e410 f i GlobalInfoManager.obj
 0001:0000d490       ??$emplace_back@ABUtagPersonalTableInfo@@@?$vector@UtagPersonalTableInfo@@V?$allocator@UtagPersonalTableInfo@@@std@@@std@@QAE@ABUtagPersonalTableInfo@@@Z 0040e490 f i GlobalInfoManager.obj
 0001:0000d510       ??$forward@ABUCMD_CS_S_RegisterPersonal@@@std@@YAABUCMD_CS_S_RegisterPersonal@@ABU1@@Z 0040e510 f i GlobalInfoManager.obj
 0001:0000d530       ??$forward@ABUtagPersonalTableInfo@@@std@@YAABUtagPersonalTableInfo@@ABU1@@Z 0040e530 f i GlobalInfoManager.obj
 0001:0000d550       ??$forward@U_Container_proxy@std@@@std@@YA$$QAU_Container_proxy@0@AAU10@@Z 0040e550 f i GlobalInfoManager.obj
 0001:0000d570       ??0?$CA2CAEX@$0IA@@ATL@@QAE@PBD@Z 0040e570 f i GlobalInfoManager.obj
 0001:0000d5a0       ??0?$CMap@GGPAVCGlobalChatItem@@PAV1@@@QAE@H@Z 0040e5a0 f i GlobalInfoManager.obj
 0001:0000d690       ??0?$CMap@GGPAVCGlobalPlazaItem@@PAV1@@@QAE@H@Z 0040e690 f i GlobalInfoManager.obj
 0001:0000d780       ??0?$CMap@GGPAVCGlobalServerItem@@PAV1@@@QAE@H@Z 0040e780 f i GlobalInfoManager.obj
 0001:0000d870       ??0?$CMap@KKPAVCGlobalUserItem@@PAV1@@@QAE@H@Z 0040e870 f i GlobalInfoManager.obj
 0001:0000d960       ??0?$CMap@V?$CStringT@DV?$StrTraitMFC_DLL@DV?$ChTraitsCRT@D@ATL@@@@@ATL@@PBDPAUtagPersonalTableInfo@@AAPAU3@@@QAE@H@Z 0040e960 f i GlobalInfoManager.obj
 0001:0000da50       ??0?$CWHArray@PAUtagServerTableCount@@ABQAU1@@@QAE@XZ 0040ea50 f i GlobalInfoManager.obj
 0001:0000dab0       ??0?$CWHArray@PAVCGlobalServerItem@@ABQAV1@@@QAE@XZ 0040eab0 f i GlobalInfoManager.obj
 0001:0000db10       ??0?$_Vector_alloc@U?$_Vec_base_types@UCMD_CS_S_RegisterPersonal@@V?$allocator@UCMD_CS_S_RegisterPersonal@@@std@@@std@@@std@@QAE@XZ 0040eb10 f i GlobalInfoManager.obj
 0001:0000db50       ??0?$_Vector_alloc@U?$_Vec_base_types@UtagPersonalTableInfo@@V?$allocator@UtagPersonalTableInfo@@@std@@@std@@@std@@QAE@XZ 0040eb50 f i GlobalInfoManager.obj
 0001:0000db90       ??0?$_Vector_const_iterator@V?$_Vector_val@U?$_Simple_types@UtagPersonalTableInfo@@@std@@@std@@@std@@QAE@$$QAV01@@Z 0040eb90 f i GlobalInfoManager.obj
 0001:0000dbd0       ??0?$_Vector_const_iterator@V?$_Vector_val@U?$_Simple_types@UtagPersonalTableInfo@@@std@@@std@@@std@@QAE@ABV01@@Z 0040ebd0 f i GlobalInfoManager.obj
 0001:0000dc10       ??0?$_Vector_const_iterator@V?$_Vector_val@U?$_Simple_types@UtagPersonalTableInfo@@@std@@@std@@@std@@QAE@PAUtagPersonalTableInfo@@PBU_Container_base12@1@@Z 0040ec10 f i GlobalInfoManager.obj
 0001:0000dc60       ??0?$_Vector_iterator@V?$_Vector_val@U?$_Simple_types@UtagPersonalTableInfo@@@std@@@std@@@std@@QAE@ABV01@@Z 0040ec60 f i GlobalInfoManager.obj
 0001:0000dc90       ??0?$_Vector_iterator@V?$_Vector_val@U?$_Simple_types@UtagPersonalTableInfo@@@std@@@std@@@std@@QAE@PAUtagPersonalTableInfo@@PBU_Container_base12@1@@Z 0040ec90 f i GlobalInfoManager.obj
 0001:0000dcd0       ??0?$_Vector_val@U?$_Simple_types@UCMD_CS_S_RegisterPersonal@@@std@@@std@@QAE@XZ 0040ecd0 f i GlobalInfoManager.obj
 0001:0000dd20       ??0?$_Vector_val@U?$_Simple_types@UtagPersonalTableInfo@@@std@@@std@@QAE@XZ 0040ed20 f i GlobalInfoManager.obj
 0001:0000dd70       ??0?$allocator@UCMD_CS_S_RegisterPersonal@@@std@@QAE@XZ 0040ed70 f i GlobalInfoManager.obj
 0001:0000dd90       ??0?$allocator@UtagPersonalTableInfo@@@std@@QAE@XZ 0040ed90 f i GlobalInfoManager.obj
 0001:0000ddb0       ??0?$vector@UCMD_CS_S_RegisterPersonal@@V?$allocator@UCMD_CS_S_RegisterPersonal@@@std@@@std@@QAE@XZ 0040edb0 f i GlobalInfoManager.obj
 0001:0000de10       ??0?$vector@UtagPersonalTableInfo@@V?$allocator@UtagPersonalTableInfo@@@std@@@std@@QAE@XZ 0040ee10 f i GlobalInfoManager.obj
 0001:0000de70       ??0CAssoc@?$CMap@GGPAVCGlobalChatItem@@PAV1@@@QAE@G@Z 0040ee70 f i GlobalInfoManager.obj
 0001:0000dea0       ??0CAssoc@?$CMap@GGPAVCGlobalPlazaItem@@PAV1@@@QAE@G@Z 0040eea0 f i GlobalInfoManager.obj
 0001:0000ded0       ??0CAssoc@?$CMap@GGPAVCGlobalServerItem@@PAV1@@@QAE@G@Z 0040eed0 f i GlobalInfoManager.obj
 0001:0000df00       ??0CAssoc@?$CMap@KKPAVCGlobalUserItem@@PAV1@@@QAE@K@Z 0040ef00 f i GlobalInfoManager.obj
 0001:0000df30       ??0CAssoc@?$CMap@V?$CStringT@DV?$StrTraitMFC_DLL@DV?$ChTraitsCRT@D@ATL@@@@@ATL@@PBDPAUtagPersonalTableInfo@@AAPAU3@@@QAE@PBD@Z 0040ef30 f i GlobalInfoManager.obj
 0001:0000df60       ??0CGlobalChatItem@@IAE@XZ 0040ef60 f   GlobalInfoManager.obj
 0001:0000dfd0       ??0CGlobalInfoManager@@QAE@XZ 0040efd0 f   GlobalInfoManager.obj
 0001:0000e210       ??0CGlobalPlazaItem@@IAE@XZ 0040f210 f   GlobalInfoManager.obj
 0001:0000e280       ??0CGlobalServerItem@@IAE@XZ 0040f280 f   GlobalInfoManager.obj
 0001:0000e360       ??0CGlobalUserItem@@IAE@XZ 0040f360 f   GlobalInfoManager.obj
 0001:0000e3f0       ??0CPair@?$CMap@GGPAVCGlobalChatItem@@PAV1@@@IAE@G@Z 0040f3f0 f i GlobalInfoManager.obj
 0001:0000e420       ??0CPair@?$CMap@GGPAVCGlobalPlazaItem@@PAV1@@@IAE@G@Z 0040f420 f i GlobalInfoManager.obj
 0001:0000e450       ??0CPair@?$CMap@GGPAVCGlobalServerItem@@PAV1@@@IAE@G@Z 0040f450 f i GlobalInfoManager.obj
 0001:0000e480       ??0CPair@?$CMap@KKPAVCGlobalUserItem@@PAV1@@@IAE@K@Z 0040f480 f i GlobalInfoManager.obj
 0001:0000e4b0       ??0CPair@?$CMap@V?$CStringT@DV?$StrTraitMFC_DLL@DV?$ChTraitsCRT@D@ATL@@@@@ATL@@PBDPAUtagPersonalTableInfo@@AAPAU3@@@IAE@PBD@Z 0040f4b0 f i GlobalInfoManager.obj
 0001:0000e4e0       ??0_Container_base12@std@@QAE@XZ 0040f4e0 f i GlobalInfoManager.obj
 0001:0000e510       ??0_Container_proxy@std@@QAE@XZ 0040f510 f i GlobalInfoManager.obj
 0001:0000e550       ??0_Iterator_base12@std@@QAE@ABU01@@Z 0040f550 f i GlobalInfoManager.obj
 0001:0000e5a0       ??0_Iterator_base12@std@@QAE@XZ 0040f5a0 f i GlobalInfoManager.obj
 0001:0000e5e0       ??1?$CA2CAEX@$0IA@@ATL@@QAE@XZ 0040f5e0 f i GlobalInfoManager.obj
 0001:0000e600       ??1?$CMap@GGPAVCGlobalChatItem@@PAV1@@@UAE@XZ 0040f600 f i GlobalInfoManager.obj
 0001:0000e690       ??1?$CMap@GGPAVCGlobalPlazaItem@@PAV1@@@UAE@XZ 0040f690 f i GlobalInfoManager.obj
 0001:0000e720       ??1?$CMap@GGPAVCGlobalServerItem@@PAV1@@@UAE@XZ 0040f720 f i GlobalInfoManager.obj
 0001:0000e7b0       ??1?$CMap@KKPAVCGlobalUserItem@@PAV1@@@UAE@XZ 0040f7b0 f i GlobalInfoManager.obj
 0001:0000e840       ??1?$CMap@V?$CStringT@DV?$StrTraitMFC_DLL@DV?$ChTraitsCRT@D@ATL@@@@@ATL@@PBDPAUtagPersonalTableInfo@@AAPAU3@@@UAE@XZ 0040f840 f i GlobalInfoManager.obj
 0001:0000e8d0       ??1?$CWHArray@PAUtagServerTableCount@@ABQAU1@@@UAE@XZ 0040f8d0 f i GlobalInfoManager.obj
 0001:0000e950       ??1?$CWHArray@PAVCGlobalServerItem@@ABQAV1@@@UAE@XZ 0040f950 f i GlobalInfoManager.obj
 0001:0000e9d0       ??1?$_Vector_alloc@U?$_Vec_base_types@UCMD_CS_S_RegisterPersonal@@V?$allocator@UCMD_CS_S_RegisterPersonal@@@std@@@std@@@std@@QAE@XZ 0040f9d0 f i GlobalInfoManager.obj
 0001:0000ea30       ??1?$_Vector_alloc@U?$_Vec_base_types@UtagPersonalTableInfo@@V?$allocator@UtagPersonalTableInfo@@@std@@@std@@@std@@QAE@XZ 0040fa30 f i GlobalInfoManager.obj
 0001:0000ea90       ??1?$_Vector_const_iterator@V?$_Vector_val@U?$_Simple_types@UtagPersonalTableInfo@@@std@@@std@@@std@@QAE@XZ 0040fa90 f i GlobalInfoManager.obj
 0001:0000eac0       ??1?$_Vector_iterator@V?$_Vector_val@U?$_Simple_types@UtagPersonalTableInfo@@@std@@@std@@@std@@QAE@XZ 0040fac0 f i GlobalInfoManager.obj
 0001:0000eaf0       ??1?$vector@UCMD_CS_S_RegisterPersonal@@V?$allocator@UCMD_CS_S_RegisterPersonal@@@std@@@std@@QAE@XZ 0040faf0 f i GlobalInfoManager.obj
 0001:0000eb50       ??1?$vector@UtagPersonalTableInfo@@V?$allocator@UtagPersonalTableInfo@@@std@@@std@@QAE@XZ 0040fb50 f i GlobalInfoManager.obj
 0001:0000ebb0       ??1CAssoc@?$CMap@V?$CStringT@DV?$StrTraitMFC_DLL@DV?$ChTraitsCRT@D@ATL@@@@@ATL@@PBDPAUtagPersonalTableInfo@@AAPAU3@@@QAE@XZ 0040fbb0 f i GlobalInfoManager.obj
 0001:0000ebe0       ??1CGlobalChatItem@@MAE@XZ 0040fbe0 f   GlobalInfoManager.obj
 0001:0000ec10       ??1CGlobalInfoManager@@UAE@XZ 0040fc10 f   GlobalInfoManager.obj
 0001:0000f4f0       ??1CGlobalPlazaItem@@MAE@XZ 004104f0 f   GlobalInfoManager.obj
 0001:0000f520       ??1CGlobalServerItem@@MAE@XZ 00410520 f   GlobalInfoManager.obj
 0001:0000f560       ??1CGlobalUserItem@@MAE@XZ 00410560 f   GlobalInfoManager.obj
 0001:0000f5a0       ??1CPair@?$CMap@V?$CStringT@DV?$StrTraitMFC_DLL@DV?$ChTraitsCRT@D@ATL@@@@@ATL@@PBDPAUtagPersonalTableInfo@@AAPAU3@@@QAE@XZ 004105a0 f i GlobalInfoManager.obj
 0001:0000f5d0       ??1_Iterator_base12@std@@QAE@XZ 004105d0 f i GlobalInfoManager.obj
 0001:0000f640       ??4_Iterator_base12@std@@QAEAAU01@ABU01@@Z 00410640 f i GlobalInfoManager.obj
 0001:0000f6f0       ??8ATL@@YA_NABV?$CStringT@DV?$StrTraitMFC_DLL@DV?$ChTraitsCRT@D@ATL@@@@@0@PBD@Z 004106f0 f i GlobalInfoManager.obj
 0001:0000f740       ??A?$CMap@GGPAVCGlobalChatItem@@PAV1@@@QAEAAPAVCGlobalChatItem@@G@Z 00410740 f i GlobalInfoManager.obj
 0001:0000f870       ??A?$CMap@GGPAVCGlobalPlazaItem@@PAV1@@@QAEAAPAVCGlobalPlazaItem@@G@Z 00410870 f i GlobalInfoManager.obj
 0001:0000f9a0       ??A?$CMap@GGPAVCGlobalServerItem@@PAV1@@@QAEAAPAVCGlobalServerItem@@G@Z 004109a0 f i GlobalInfoManager.obj
 0001:0000fad0       ??A?$CMap@KKPAVCGlobalUserItem@@PAV1@@@QAEAAPAVCGlobalUserItem@@K@Z 00410ad0 f i GlobalInfoManager.obj
 0001:0000fc00       ??A?$CMap@V?$CStringT@DV?$StrTraitMFC_DLL@DV?$ChTraitsCRT@D@ATL@@@@@ATL@@PBDPAUtagPersonalTableInfo@@AAPAU3@@@QAEAAPAUtagPersonalTableInfo@@PBD@Z 00410c00 f i GlobalInfoManager.obj
 0001:0000fd30       ??A?$CWHArray@PAVCGlobalServerItem@@ABQAV1@@@QAEAAPAVCGlobalServerItem@@H@Z 00410d30 f i GlobalInfoManager.obj
 0001:0000fd60       ??A?$vector@UCMD_CS_S_RegisterPersonal@@V?$allocator@UCMD_CS_S_RegisterPersonal@@@std@@@std@@QAEAAUCMD_CS_S_RegisterPersonal@@I@Z 00410d60 f i GlobalInfoManager.obj
 0001:0000fe10       ??A?$vector@UtagPersonalTableInfo@@V?$allocator@UtagPersonalTableInfo@@@std@@@std@@QAEAAUtagPersonalTableInfo@@I@Z 00410e10 f i GlobalInfoManager.obj
 0001:0000fec0       ??B?$CA2CAEX@$0IA@@ATL@@QBEPBDXZ 00410ec0 f i GlobalInfoManager.obj
 0001:0000fee0       ??H?$_Vector_iterator@V?$_Vector_val@U?$_Simple_types@UtagPersonalTableInfo@@@std@@@std@@@std@@QBE?AV01@H@Z 00410ee0 f i GlobalInfoManager.obj
 0001:0000ff90       ??Y?$_Vector_const_iterator@V?$_Vector_val@U?$_Simple_types@UtagPersonalTableInfo@@@std@@@std@@@std@@QAEAAV01@H@Z 00410f90 f i GlobalInfoManager.obj
 0001:0000ffe0       ??Y?$_Vector_iterator@V?$_Vector_val@U?$_Simple_types@UtagPersonalTableInfo@@@std@@@std@@@std@@QAEAAV01@H@Z 00410fe0 f i GlobalInfoManager.obj
 0001:00010010       ??_E?$CMap@GGPAVCGlobalChatItem@@PAV1@@@UAEPAXI@Z 00411010 f i GlobalInfoManager.obj
 0001:00010010       ??_G?$CMap@GGPAVCGlobalChatItem@@PAV1@@@UAEPAXI@Z 00411010 f i GlobalInfoManager.obj
 0001:00010070       ??_E?$CMap@GGPAVCGlobalPlazaItem@@PAV1@@@UAEPAXI@Z 00411070 f i GlobalInfoManager.obj
 0001:00010070       ??_G?$CMap@GGPAVCGlobalPlazaItem@@PAV1@@@UAEPAXI@Z 00411070 f i GlobalInfoManager.obj
 0001:000100d0       ??_E?$CMap@GGPAVCGlobalServerItem@@PAV1@@@UAEPAXI@Z 004110d0 f i GlobalInfoManager.obj
 0001:000100d0       ??_G?$CMap@GGPAVCGlobalServerItem@@PAV1@@@UAEPAXI@Z 004110d0 f i GlobalInfoManager.obj
 0001:00010130       ??_E?$CMap@KKPAVCGlobalUserItem@@PAV1@@@UAEPAXI@Z 00411130 f i GlobalInfoManager.obj
 0001:00010130       ??_G?$CMap@KKPAVCGlobalUserItem@@PAV1@@@UAEPAXI@Z 00411130 f i GlobalInfoManager.obj
 0001:00010190       ??_G?$CMap@V?$CStringT@DV?$StrTraitMFC_DLL@DV?$ChTraitsCRT@D@ATL@@@@@ATL@@PBDPAUtagPersonalTableInfo@@AAPAU3@@@UAEPAXI@Z 00411190 f i GlobalInfoManager.obj
 0001:00010190       ??_E?$CMap@V?$CStringT@DV?$StrTraitMFC_DLL@DV?$ChTraitsCRT@D@ATL@@@@@ATL@@PBDPAUtagPersonalTableInfo@@AAPAU3@@@UAEPAXI@Z 00411190 f i GlobalInfoManager.obj
 0001:000101f0       ??_E?$CWHArray@PAUtagServerTableCount@@ABQAU1@@@UAEPAXI@Z 004111f0 f i GlobalInfoManager.obj
 0001:000101f0       ??_G?$CWHArray@PAUtagServerTableCount@@ABQAU1@@@UAEPAXI@Z 004111f0 f i GlobalInfoManager.obj
 0001:00010240       ??_G?$CWHArray@PAVCGlobalServerItem@@ABQAV1@@@UAEPAXI@Z 00411240 f i GlobalInfoManager.obj
 0001:00010240       ??_E?$CWHArray@PAVCGlobalServerItem@@ABQAV1@@@UAEPAXI@Z 00411240 f i GlobalInfoManager.obj
 0001:00010290       ??_GCGlobalChatItem@@MAEPAXI@Z 00411290 f i GlobalInfoManager.obj
 0001:00010290       ??_ECGlobalChatItem@@MAEPAXI@Z 00411290 f i GlobalInfoManager.obj
 0001:000102e0       ??_GCGlobalInfoManager@@UAEPAXI@Z 004112e0 f i GlobalInfoManager.obj
 0001:000102e0       ??_ECGlobalInfoManager@@UAEPAXI@Z 004112e0 f i GlobalInfoManager.obj
 0001:00010330       ??_ECGlobalPlazaItem@@MAEPAXI@Z 00411330 f i GlobalInfoManager.obj
 0001:00010330       ??_GCGlobalPlazaItem@@MAEPAXI@Z 00411330 f i GlobalInfoManager.obj
 0001:00010380       ??_ECGlobalServerItem@@MAEPAXI@Z 00411380 f i GlobalInfoManager.obj
 0001:00010380       ??_GCGlobalServerItem@@MAEPAXI@Z 00411380 f i GlobalInfoManager.obj
 0001:000103d0       ??_GCGlobalUserItem@@MAEPAXI@Z 004113d0 f i GlobalInfoManager.obj
 0001:000103d0       ??_ECGlobalUserItem@@MAEPAXI@Z 004113d0 f i GlobalInfoManager.obj
 0001:00010420       ?ActiveChatItem@CGlobalInfoManager@@QAE_NGAAUtagChatServer@@@Z 00411420 f   GlobalInfoManager.obj
 0001:00010520       ?ActivePlazaItem@CGlobalInfoManager@@QAE_NGAAUtagGamePlaza@@@Z 00411520 f   GlobalInfoManager.obj
 0001:00010610       ?ActiveServerItem@CGlobalInfoManager@@QAE_NGAAUtagGameServer@@@Z 00411610 f   GlobalInfoManager.obj
 0001:00010810       ?ActiveUserItem@CGlobalInfoManager@@QAE_NAAUtagGlobalUserInfo@@G@Z 00411810 f   GlobalInfoManager.obj
 0001:00010af0       ?Add@?$CWHArray@PAUtagServerTableCount@@ABQAU1@@@QAEHABQAUtagServerTableCount@@@Z 00411af0 f i GlobalInfoManager.obj
 0001:00010b30       ?Add@?$CWHArray@PAVCGlobalServerItem@@ABQAV1@@@QAEHABQAVCGlobalServerItem@@@Z 00411b30 f i GlobalInfoManager.obj
 0001:00010b70       ?AddFreeServerTable@CGlobalInfoManager@@QAE_NK@Z 00411b70 f   GlobalInfoManager.obj
 0001:00010c40       ?AddPersonalMaxCreate@CGlobalInfoManager@@QAE_NUCMD_CS_S_RegisterPersonal@@@Z 00411c40 f   GlobalInfoManager.obj
 0001:00010d00       ?AddServerTable@CGlobalInfoManager@@QAE_NV?$CStringT@DV?$StrTraitMFC_DLL@DV?$ChTraitsCRT@D@ATL@@@@@ATL@@UtagPersonalTableInfo@@@Z 00411d00 f   GlobalInfoManager.obj
 0001:00010e70       ?AllocMemory@?$CWHArray@PAUtagServerTableCount@@ABQAU1@@@QAEXH@Z 00411e70 f i GlobalInfoManager.obj
 0001:00010fe0       ?AllocMemory@?$CWHArray@PAVCGlobalServerItem@@ABQAV1@@@QAEXH@Z 00411fe0 f i GlobalInfoManager.obj
 0001:00011150       ?AssertValid@?$CMap@GGPAVCGlobalChatItem@@PAV1@@@UBEXXZ 00412150 f i GlobalInfoManager.obj
 0001:000111d0       ?AssertValid@?$CMap@GGPAVCGlobalPlazaItem@@PAV1@@@UBEXXZ 004121d0 f i GlobalInfoManager.obj
 0001:00011250       ?AssertValid@?$CMap@GGPAVCGlobalServerItem@@PAV1@@@UBEXXZ 00412250 f i GlobalInfoManager.obj
 0001:000112d0       ?AssertValid@?$CMap@KKPAVCGlobalUserItem@@PAV1@@@UBEXXZ 004122d0 f i GlobalInfoManager.obj
 0001:00011350       ?AssertValid@?$CMap@V?$CStringT@DV?$StrTraitMFC_DLL@DV?$ChTraitsCRT@D@ATL@@@@@ATL@@PBDPAUtagPersonalTableInfo@@AAPAU3@@@UBEXXZ 00412350 f i GlobalInfoManager.obj
 0001:000113d0       ?CanCreatePersonalRoom@CGlobalInfoManager@@QAE_NKK@Z 004123d0 f   GlobalInfoManager.obj
 0001:000114a0       ?CreateGlobalChatItem@CGlobalInfoManager@@AAEPAVCGlobalChatItem@@XZ 004124a0 f   GlobalInfoManager.obj
 0001:000115d0       ?CreateGlobalPlazaItem@CGlobalInfoManager@@AAEPAVCGlobalPlazaItem@@XZ 004125d0 f   GlobalInfoManager.obj
 0001:00011700       ?CreateGlobalServerItem@CGlobalInfoManager@@AAEPAVCGlobalServerItem@@XZ 00412700 f   GlobalInfoManager.obj
 0001:00011830       ?CreateGlobalUserItem@CGlobalInfoManager@@AAEPAVCGlobalUserItem@@XZ 00412830 f   GlobalInfoManager.obj
 0001:00011960       ?DeleteChatItem@CGlobalInfoManager@@QAE_NG@Z 00412960 f   GlobalInfoManager.obj
 0001:000119f0       ?DeletePlazaItem@CGlobalInfoManager@@QAE_NG@Z 004129f0 f   GlobalInfoManager.obj
 0001:00011a80       ?DeleteServerItem@CGlobalInfoManager@@QAE_NG@Z 00412a80 f   GlobalInfoManager.obj
 0001:00011ea0       ?DeleteUserItem@CGlobalInfoManager@@QAE_NKG@Z 00412ea0 f   GlobalInfoManager.obj
 0001:00012060       ?Dump@?$CMap@GGPAVCGlobalChatItem@@PAV1@@@UBEXAAVCDumpContext@@@Z 00413060 f i GlobalInfoManager.obj
 0001:00012170       ?Dump@?$CMap@GGPAVCGlobalPlazaItem@@PAV1@@@UBEXAAVCDumpContext@@@Z 00413170 f i GlobalInfoManager.obj
 0001:00012280       ?Dump@?$CMap@GGPAVCGlobalServerItem@@PAV1@@@UBEXAAVCDumpContext@@@Z 00413280 f i GlobalInfoManager.obj
 0001:00012390       ?Dump@?$CMap@KKPAVCGlobalUserItem@@PAV1@@@UBEXAAVCDumpContext@@@Z 00413390 f i GlobalInfoManager.obj
 0001:000124a0       ?Dump@?$CMap@V?$CStringT@DV?$StrTraitMFC_DLL@DV?$ChTraitsCRT@D@ATL@@@@@ATL@@PBDPAUtagPersonalTableInfo@@AAPAU3@@@UBEXAAVCDumpContext@@@Z 004134a0 f i GlobalInfoManager.obj
 0001:00012630       ?ElementAt@?$CWHArray@PAVCGlobalServerItem@@ABQAV1@@@QAEAAPAVCGlobalServerItem@@H@Z 00413630 f i GlobalInfoManager.obj
 0001:000126b0       ?EnumChatItem@CGlobalInfoManager@@QAEPAVCGlobalChatItem@@AAPAU__POSITION@@@Z 004136b0 f   GlobalInfoManager.obj
 0001:00012730       ?EnumPlazaItem@CGlobalInfoManager@@QAEPAVCGlobalPlazaItem@@AAPAU__POSITION@@@Z 00413730 f   GlobalInfoManager.obj
 0001:000127b0       ?EnumServerItem@CGlobalInfoManager@@QAEPAVCGlobalServerItem@@AAPAU__POSITION@@@Z 004137b0 f   GlobalInfoManager.obj
 0001:00012830       ?EnumServerItem@CGlobalUserItem@@QAEPAVCGlobalServerItem@@G@Z 00413830 f   GlobalInfoManager.obj
 0001:00012890       ?EnumUserItem@CGlobalInfoManager@@QAEPAVCGlobalUserItem@@AAPAU__POSITION@@@Z 00413890 f   GlobalInfoManager.obj
 0001:00012910       ?FreeAssoc@?$CMap@GGPAVCGlobalChatItem@@PAV1@@@IAEXPAVCAssoc@1@@Z 00413910 f i GlobalInfoManager.obj
 0001:00012990       ?FreeAssoc@?$CMap@GGPAVCGlobalPlazaItem@@PAV1@@@IAEXPAVCAssoc@1@@Z 00413990 f i GlobalInfoManager.obj
 0001:00012a10       ?FreeAssoc@?$CMap@GGPAVCGlobalServerItem@@PAV1@@@IAEXPAVCAssoc@1@@Z 00413a10 f i GlobalInfoManager.obj
 0001:00012a90       ?FreeAssoc@?$CMap@KKPAVCGlobalUserItem@@PAV1@@@IAEXPAVCAssoc@1@@Z 00413a90 f i GlobalInfoManager.obj
 0001:00012b10       ?FreeAssoc@?$CMap@V?$CStringT@DV?$StrTraitMFC_DLL@DV?$ChTraitsCRT@D@ATL@@@@@ATL@@PBDPAUtagPersonalTableInfo@@AAPAU3@@@IAEXPAVCAssoc@1@@Z 00413b10 f i GlobalInfoManager.obj
 0001:00012ba0       ?FreeGlobalChatItem@CGlobalInfoManager@@AAE_NPAVCGlobalChatItem@@@Z 00413ba0 f   GlobalInfoManager.obj
 0001:00012c40       ?FreeGlobalPlazaItem@CGlobalInfoManager@@AAE_NPAVCGlobalPlazaItem@@@Z 00413c40 f   GlobalInfoManager.obj
 0001:00012ce0       ?FreeGlobalServerItem@CGlobalInfoManager@@AAE_NPAVCGlobalServerItem@@@Z 00413ce0 f   GlobalInfoManager.obj
 0001:00012d90       ?FreeGlobalUserItem@CGlobalInfoManager@@AAE_NPAVCGlobalUserItem@@@Z 00413d90 f   GlobalInfoManager.obj
 0001:00012e60       ?GetAssocAt@?$CMap@GGPAVCGlobalChatItem@@PAV1@@@IBEPAVCAssoc@1@GAAI0@Z 00413e60 f i GlobalInfoManager.obj
 0001:00012f10       ?GetAssocAt@?$CMap@GGPAVCGlobalPlazaItem@@PAV1@@@IBEPAVCAssoc@1@GAAI0@Z 00413f10 f i GlobalInfoManager.obj
 0001:00012fc0       ?GetAssocAt@?$CMap@GGPAVCGlobalServerItem@@PAV1@@@IBEPAVCAssoc@1@GAAI0@Z 00413fc0 f i GlobalInfoManager.obj
 0001:00013070       ?GetAssocAt@?$CMap@KKPAVCGlobalUserItem@@PAV1@@@IBEPAVCAssoc@1@KAAI0@Z 00414070 f i GlobalInfoManager.obj
 0001:00013120       ?GetAssocAt@?$CMap@V?$CStringT@DV?$StrTraitMFC_DLL@DV?$ChTraitsCRT@D@ATL@@@@@ATL@@PBDPAUtagPersonalTableInfo@@AAPAU3@@@IBEPAVCAssoc@1@PBDAAI1@Z 00414120 f i GlobalInfoManager.obj
 0001:000131d0       ?GetAt@?$CWHArray@PAUtagServerTableCount@@ABQAU1@@@QAEAAPAUtagServerTableCount@@H@Z 004141d0 f i GlobalInfoManager.obj
 0001:00013250       ?GetCount@?$CWHArray@PAUtagServerTableCount@@ABQAU1@@@QBEHXZ 00414250 f i GlobalInfoManager.obj
 0001:00013270       ?GetCount@?$CWHArray@PAVCGlobalServerItem@@ABQAV1@@@QBEHXZ 00414270 f i GlobalInfoManager.obj
 0001:00013290       ?GetFreeServer@CGlobalInfoManager@@QAEKKKE@Z 00414290 f   GlobalInfoManager.obj
 0001:00013430       ?GetHostCreatePersonalRoom@CGlobalInfoManager@@QAEXAAUtagHostCreatRoomInfo@@@Z 00414430 f   GlobalInfoManager.obj
 0001:000136d0       ?GetHostCreatePersonalRoomCount@CGlobalInfoManager@@QAEHK@Z 004146d0 f   GlobalInfoManager.obj
 0001:000137d0       ?GetNextAssoc@?$CMap@GGPAVCGlobalChatItem@@PAV1@@@QBEXAAPAU__POSITION@@AAGAAPAVCGlobalChatItem@@@Z 004147d0 f i GlobalInfoManager.obj
 0001:00013a20       ?GetNextAssoc@?$CMap@GGPAVCGlobalPlazaItem@@PAV1@@@QBEXAAPAU__POSITION@@AAGAAPAVCGlobalPlazaItem@@@Z 00414a20 f i GlobalInfoManager.obj
 0001:00013c70       ?GetNextAssoc@?$CMap@GGPAVCGlobalServerItem@@PAV1@@@QBEXAAPAU__POSITION@@AAGAAPAVCGlobalServerItem@@@Z 00414c70 f i GlobalInfoManager.obj
 0001:00013ec0       ?GetNextAssoc@?$CMap@KKPAVCGlobalUserItem@@PAV1@@@QBEXAAPAU__POSITION@@AAKAAPAVCGlobalUserItem@@@Z 00414ec0 f i GlobalInfoManager.obj
 0001:00014110       ?GetNextAssoc@?$CMap@V?$CStringT@DV?$StrTraitMFC_DLL@DV?$ChTraitsCRT@D@ATL@@@@@ATL@@PBDPAUtagPersonalTableInfo@@AAPAU3@@@QBEXAAPAU__POSITION@@AAV?$CStringT@DV?$StrTraitMFC_DLL@DV?$ChTraitsCRT@D@ATL@@@@@ATL@@AAPAUtagPersonalTableInfo@@@Z 00415110 f i GlobalInfoManager.obj
 0001:00014360       ?GetStartPosition@?$CMap@GGPAVCGlobalChatItem@@PAV1@@@QBEPAU__POSITION@@XZ 00415360 f i GlobalInfoManager.obj
 0001:000143a0       ?GetStartPosition@?$CMap@GGPAVCGlobalPlazaItem@@PAV1@@@QBEPAU__POSITION@@XZ 004153a0 f i GlobalInfoManager.obj
 0001:000143e0       ?GetStartPosition@?$CMap@GGPAVCGlobalServerItem@@PAV1@@@QBEPAU__POSITION@@XZ 004153e0 f i GlobalInfoManager.obj
 0001:00014420       ?GetStartPosition@?$CMap@KKPAVCGlobalUserItem@@PAV1@@@QBEPAU__POSITION@@XZ 00415420 f i GlobalInfoManager.obj
 0001:00014460       ?GetStartPosition@?$CMap@V?$CStringT@DV?$StrTraitMFC_DLL@DV?$ChTraitsCRT@D@ATL@@@@@ATL@@PBDPAUtagPersonalTableInfo@@AAPAU3@@@QBEPAU__POSITION@@XZ 00415460 f i GlobalInfoManager.obj
 0001:000144a0       ?GetTabelCount@CGlobalServerItem@@QAEGXZ 004154a0 f i GlobalInfoManager.obj
 0001:000144c0       ?InitHashTable@?$CMap@GGPAVCGlobalChatItem@@PAV1@@@QAEXIH@Z 004154c0 f i GlobalInfoManager.obj
 0001:00014640       ?InitHashTable@?$CMap@GGPAVCGlobalPlazaItem@@PAV1@@@QAEXIH@Z 00415640 f i GlobalInfoManager.obj
 0001:000147c0       ?InitHashTable@?$CMap@GGPAVCGlobalServerItem@@PAV1@@@QAEXIH@Z 004157c0 f i GlobalInfoManager.obj
 0001:00014940       ?InitHashTable@?$CMap@KKPAVCGlobalUserItem@@PAV1@@@QAEXIH@Z 00415940 f i GlobalInfoManager.obj
 0001:00014ac0       ?InitHashTable@?$CMap@V?$CStringT@DV?$StrTraitMFC_DLL@DV?$ChTraitsCRT@D@ATL@@@@@ATL@@PBDPAUtagPersonalTableInfo@@AAPAU3@@@QAEXIH@Z 00415ac0 f i GlobalInfoManager.obj
 0001:00014c40       ?Lookup@?$CMap@GGPAVCGlobalChatItem@@PAV1@@@QBEHGAAPAVCGlobalChatItem@@@Z 00415c40 f i GlobalInfoManager.obj
 0001:00014cb0       ?Lookup@?$CMap@GGPAVCGlobalPlazaItem@@PAV1@@@QBEHGAAPAVCGlobalPlazaItem@@@Z 00415cb0 f i GlobalInfoManager.obj
 0001:00014d20       ?Lookup@?$CMap@GGPAVCGlobalServerItem@@PAV1@@@QBEHGAAPAVCGlobalServerItem@@@Z 00415d20 f i GlobalInfoManager.obj
 0001:00014d90       ?Lookup@?$CMap@KKPAVCGlobalUserItem@@PAV1@@@QBEHKAAPAVCGlobalUserItem@@@Z 00415d90 f i GlobalInfoManager.obj
 0001:00014e00       ?Lookup@?$CMap@V?$CStringT@DV?$StrTraitMFC_DLL@DV?$ChTraitsCRT@D@ATL@@@@@ATL@@PBDPAUtagPersonalTableInfo@@AAPAU3@@@QBEHPBDAAPAUtagPersonalTableInfo@@@Z 00415e00 f i GlobalInfoManager.obj
 0001:00014e70       ?NewAssoc@?$CMap@GGPAVCGlobalChatItem@@PAV1@@@IAEPAVCAssoc@1@G@Z 00415e70 f i GlobalInfoManager.obj
 0001:00015030       ?NewAssoc@?$CMap@GGPAVCGlobalPlazaItem@@PAV1@@@IAEPAVCAssoc@1@G@Z 00416030 f i GlobalInfoManager.obj
 0001:000151f0       ?NewAssoc@?$CMap@GGPAVCGlobalServerItem@@PAV1@@@IAEPAVCAssoc@1@G@Z 004161f0 f i GlobalInfoManager.obj
 0001:000153b0       ?NewAssoc@?$CMap@KKPAVCGlobalUserItem@@PAV1@@@IAEPAVCAssoc@1@K@Z 004163b0 f i GlobalInfoManager.obj
 0001:00015570       ?NewAssoc@?$CMap@V?$CStringT@DV?$StrTraitMFC_DLL@DV?$ChTraitsCRT@D@ATL@@@@@ATL@@PBDPAUtagPersonalTableInfo@@AAPAU3@@@IAEPAVCAssoc@1@PBD@Z 00416570 f i GlobalInfoManager.obj
 0001:00015730       ?RandServerID@CGlobalInfoManager@@QAEXPADG@Z 00416730 f   GlobalInfoManager.obj
 0001:00015950       ?RemoveAll@?$CMap@GGPAVCGlobalChatItem@@PAV1@@@QAEXXZ 00416950 f i GlobalInfoManager.obj
 0001:00015a40       ?RemoveAll@?$CMap@GGPAVCGlobalPlazaItem@@PAV1@@@QAEXXZ 00416a40 f i GlobalInfoManager.obj
 0001:00015b30       ?RemoveAll@?$CMap@GGPAVCGlobalServerItem@@PAV1@@@QAEXXZ 00416b30 f i GlobalInfoManager.obj
 0001:00015c20       ?RemoveAll@?$CMap@KKPAVCGlobalUserItem@@PAV1@@@QAEXXZ 00416c20 f i GlobalInfoManager.obj
 0001:00015d10       ?RemoveAll@?$CMap@V?$CStringT@DV?$StrTraitMFC_DLL@DV?$ChTraitsCRT@D@ATL@@@@@ATL@@PBDPAUtagPersonalTableInfo@@AAPAU3@@@QAEXXZ 00416d10 f i GlobalInfoManager.obj
 0001:00015e00       ?RemoveAll@?$CWHArray@PAUtagServerTableCount@@ABQAU1@@@QAEXXZ 00416e00 f i GlobalInfoManager.obj
 0001:00015e80       ?RemoveAll@?$CWHArray@PAVCGlobalServerItem@@ABQAV1@@@QAEXXZ 00416e80 f i GlobalInfoManager.obj
 0001:00015f00       ?RemoveAt@?$CWHArray@PAUtagServerTableCount@@ABQAU1@@@QAEXHH@Z 00416f00 f i GlobalInfoManager.obj
 0001:00016040       ?RemoveAt@?$CWHArray@PAVCGlobalServerItem@@ABQAV1@@@QAEXHH@Z 00417040 f i GlobalInfoManager.obj
 0001:00016180       ?RemoveFreeServerTable@CGlobalInfoManager@@QAE_NK@Z 00417180 f   GlobalInfoManager.obj
 0001:00016240       ?RemoveKey@?$CMap@GGPAVCGlobalChatItem@@PAV1@@@QAEHG@Z 00417240 f i GlobalInfoManager.obj
 0001:00016330       ?RemoveKey@?$CMap@GGPAVCGlobalPlazaItem@@PAV1@@@QAEHG@Z 00417330 f i GlobalInfoManager.obj
 0001:00016420       ?RemoveKey@?$CMap@GGPAVCGlobalServerItem@@PAV1@@@QAEHG@Z 00417420 f i GlobalInfoManager.obj
 0001:00016510       ?RemoveKey@?$CMap@KKPAVCGlobalUserItem@@PAV1@@@QAEHK@Z 00417510 f i GlobalInfoManager.obj
 0001:00016600       ?RemoveKey@?$CMap@V?$CStringT@DV?$StrTraitMFC_DLL@DV?$ChTraitsCRT@D@ATL@@@@@ATL@@PBDPAUtagPersonalTableInfo@@AAPAU3@@@QAEHPBD@Z 00417600 f i GlobalInfoManager.obj
 0001:000166f0       ?RemoveServerTable@CGlobalInfoManager@@QAE_NK@Z 004176f0 f   GlobalInfoManager.obj
 0001:00016880       ?RemoveServerTable@CGlobalInfoManager@@QAE_NKK@Z 00417880 f   GlobalInfoManager.obj
 0001:00016c30       ?ResetData@CGlobalInfoManager@@QAEXXZ 00417c30 f   GlobalInfoManager.obj
 0001:00016e20       ?SearchChatItem@CGlobalInfoManager@@QAEPAVCGlobalChatItem@@G@Z 00417e20 f   GlobalInfoManager.obj
 0001:00016e60       ?SearchPlazaItem@CGlobalInfoManager@@QAEPAVCGlobalPlazaItem@@G@Z 00417e60 f   GlobalInfoManager.obj
 0001:00016ea0       ?SearchServerItem@CGlobalInfoManager@@QAEPAVCGlobalServerItem@@G@Z 00417ea0 f   GlobalInfoManager.obj
 0001:00016ee0       ?SearchTableByID@CGlobalInfoManager@@QAEPAUtagPersonalTableInfo@@PBD@Z 00417ee0 f   GlobalInfoManager.obj
 0001:00016f30       ?SearchTableByTableIDAndServerID@CGlobalInfoManager@@QAEPAUtagPersonalTableInfo@@KK@Z 00417f30 f   GlobalInfoManager.obj
 0001:00017050       ?SearchUserItem@CGlobalServerItem@@QAEPAVCGlobalUserItem@@K@Z 00418050 f   GlobalInfoManager.obj
 0001:000170a0       ?SearchUserItemByGameID@CGlobalInfoManager@@QAEPAVCGlobalUserItem@@K@Z 004180a0 f   GlobalInfoManager.obj
 0001:000170f0       ?SearchUserItemByNickName@CGlobalInfoManager@@QAEPAVCGlobalUserItem@@PBD@Z 004180f0 f   GlobalInfoManager.obj
 0001:00017140       ?SearchUserItemByUserID@CGlobalInfoManager@@QAEPAVCGlobalUserItem@@K@Z 00418140 f   GlobalInfoManager.obj
 0001:00017180       ?Serialize@?$CMap@GGPAVCGlobalChatItem@@PAV1@@@UAEXAAVCArchive@@@Z 00418180 f i GlobalInfoManager.obj
 0001:00017330       ?Serialize@?$CMap@GGPAVCGlobalPlazaItem@@PAV1@@@UAEXAAVCArchive@@@Z 00418330 f i GlobalInfoManager.obj
 0001:000174e0       ?Serialize@?$CMap@GGPAVCGlobalServerItem@@PAV1@@@UAEXAAVCArchive@@@Z 004184e0 f i GlobalInfoManager.obj
 0001:00017690       ?Serialize@?$CMap@KKPAVCGlobalUserItem@@PAV1@@@UAEXAAVCArchive@@@Z 00418690 f i GlobalInfoManager.obj
 0001:00017840       ?Serialize@?$CMap@V?$CStringT@DV?$StrTraitMFC_DLL@DV?$ChTraitsCRT@D@ATL@@@@@ATL@@PBDPAUtagPersonalTableInfo@@AAPAU3@@@UAEXAAVCArchive@@@Z 00418840 f i GlobalInfoManager.obj
 0001:00017a90       ?SetAt@?$CMap@GGPAVCGlobalChatItem@@PAV1@@@QAEXGPAVCGlobalChatItem@@@Z 00418a90 f i GlobalInfoManager.obj
 0001:00017ac0       ?SetAt@?$CMap@GGPAVCGlobalPlazaItem@@PAV1@@@QAEXGPAVCGlobalPlazaItem@@@Z 00418ac0 f i GlobalInfoManager.obj
 0001:00017af0       ?SetAt@?$CMap@GGPAVCGlobalServerItem@@PAV1@@@QAEXGPAVCGlobalServerItem@@@Z 00418af0 f i GlobalInfoManager.obj
 0001:00017b20       ?SetAt@?$CMap@KKPAVCGlobalUserItem@@PAV1@@@QAEXKPAVCGlobalUserItem@@@Z 00418b20 f i GlobalInfoManager.obj
 0001:00017b50       ?SetAt@?$CMap@V?$CStringT@DV?$StrTraitMFC_DLL@DV?$ChTraitsCRT@D@ATL@@@@@ATL@@PBDPAUtagPersonalTableInfo@@AAPAU3@@@QAEXPBDAAPAUtagPersonalTableInfo@@@Z 00418b50 f i GlobalInfoManager.obj
 0001:00017b90       ?SetAtGrow@?$CWHArray@PAUtagServerTableCount@@ABQAU1@@@QAEXHABQAUtagServerTableCount@@@Z 00418b90 f i GlobalInfoManager.obj
 0001:00017c20       ?SetAtGrow@?$CWHArray@PAVCGlobalServerItem@@ABQAV1@@@QAEXHABQAVCGlobalServerItem@@@Z 00418c20 f i GlobalInfoManager.obj
 0001:00017cb0       ?SetSize@?$CWHArray@PAUtagServerTableCount@@ABQAU1@@@QAEXH@Z 00418cb0 f i GlobalInfoManager.obj
 0001:00017dd0       ?SetSize@?$CWHArray@PAVCGlobalServerItem@@ABQAV1@@@QAEXH@Z 00418dd0 f i GlobalInfoManager.obj
 0001:00017ef0       ?UpdateStatus@CGlobalUserItem@@QAEXGGE@Z 00418ef0 f   GlobalInfoManager.obj
 0001:00017f40       ?_Adjust_manually_vector_aligned@std@@YAXAAPAXAAI@Z 00418f40 f i GlobalInfoManager.obj
 0001:000180b0       ?_Adopt@_Iterator_base12@std@@QAEXPBU_Container_base12@2@@Z 004190b0 f i GlobalInfoManager.obj
 0001:00018190       ?_Alloc_proxy@?$_Vector_alloc@U?$_Vec_base_types@UCMD_CS_S_RegisterPersonal@@V?$allocator@UCMD_CS_S_RegisterPersonal@@@std@@@std@@@std@@QAEXXZ 00419190 f i GlobalInfoManager.obj
 0001:00018240       ?_Alloc_proxy@?$_Vector_alloc@U?$_Vec_base_types@UtagPersonalTableInfo@@V?$allocator@UtagPersonalTableInfo@@@std@@@std@@@std@@QAEXXZ 00419240 f i GlobalInfoManager.obj
 0001:000182f0       ?_Allocate@_Default_allocate_traits@std@@SAPAXI@Z 004192f0 f i GlobalInfoManager.obj
 0001:00018320       ?_Calculate_growth@?$vector@UCMD_CS_S_RegisterPersonal@@V?$allocator@UCMD_CS_S_RegisterPersonal@@@std@@@std@@ABEII@Z 00419320 f i GlobalInfoManager.obj
 0001:00018390       ?_Calculate_growth@?$vector@UtagPersonalTableInfo@@V?$allocator@UtagPersonalTableInfo@@@std@@@std@@ABEII@Z 00419390 f i GlobalInfoManager.obj
 0001:00018400       ?_Change_array@?$vector@UCMD_CS_S_RegisterPersonal@@V?$allocator@UCMD_CS_S_RegisterPersonal@@@std@@@std@@AAEXQAUCMD_CS_S_RegisterPersonal@@II@Z 00419400 f i GlobalInfoManager.obj
 0001:000184d0       ?_Change_array@?$vector@UtagPersonalTableInfo@@V?$allocator@UtagPersonalTableInfo@@@std@@@std@@AAEXQAUtagPersonalTableInfo@@II@Z 004194d0 f i GlobalInfoManager.obj
 0001:000185a0       ?_Clrcont@_Iterator_base12@std@@QAEXXZ 004195a0 f i GlobalInfoManager.obj
 0001:000185d0       ?_Destroy@?$vector@UCMD_CS_S_RegisterPersonal@@V?$allocator@UCMD_CS_S_RegisterPersonal@@@std@@@std@@AAEXPAUCMD_CS_S_RegisterPersonal@@0@Z 004195d0 f i GlobalInfoManager.obj
 0001:00018610       ?_Destroy@?$vector@UtagPersonalTableInfo@@V?$allocator@UtagPersonalTableInfo@@@std@@@std@@AAEXPAUtagPersonalTableInfo@@0@Z 00419610 f i GlobalInfoManager.obj
 0001:00018650       ?_Free_proxy@?$_Vector_alloc@U?$_Vec_base_types@UCMD_CS_S_RegisterPersonal@@V?$allocator@UCMD_CS_S_RegisterPersonal@@@std@@@std@@@std@@QAEXXZ 00419650 f i GlobalInfoManager.obj
 0001:000186e0       ?_Free_proxy@?$_Vector_alloc@U?$_Vec_base_types@UtagPersonalTableInfo@@V?$allocator@UtagPersonalTableInfo@@@std@@@std@@@std@@QAEXXZ 004196e0 f i GlobalInfoManager.obj
 0001:00018770       ?_Get_data@?$_Vector_alloc@U?$_Vec_base_types@UCMD_CS_S_RegisterPersonal@@V?$allocator@UCMD_CS_S_RegisterPersonal@@@std@@@std@@@std@@QAEAAV?$_Vector_val@U?$_Simple_types@UCMD_CS_S_RegisterPersonal@@@std@@@2@XZ 00419770 f i GlobalInfoManager.obj
 0001:000187a0       ?_Get_data@?$_Vector_alloc@U?$_Vec_base_types@UCMD_CS_S_RegisterPersonal@@V?$allocator@UCMD_CS_S_RegisterPersonal@@@std@@@std@@@std@@QBEABV?$_Vector_val@U?$_Simple_types@UCMD_CS_S_RegisterPersonal@@@std@@@2@XZ 004197a0 f i GlobalInfoManager.obj
 0001:000187d0       ?_Get_data@?$_Vector_alloc@U?$_Vec_base_types@UtagPersonalTableInfo@@V?$allocator@UtagPersonalTableInfo@@@std@@@std@@@std@@QAEAAV?$_Vector_val@U?$_Simple_types@UtagPersonalTableInfo@@@std@@@2@XZ 004197d0 f i GlobalInfoManager.obj
 0001:00018800       ?_Get_data@?$_Vector_alloc@U?$_Vec_base_types@UtagPersonalTableInfo@@V?$allocator@UtagPersonalTableInfo@@@std@@@std@@@std@@QBEABV?$_Vector_val@U?$_Simple_types@UtagPersonalTableInfo@@@std@@@2@XZ 00419800 f i GlobalInfoManager.obj
 0001:00018830       ?_Get_first@?$_Compressed_pair@V?$allocator@UCMD_CS_S_RegisterPersonal@@@std@@V?$_Vector_val@U?$_Simple_types@UCMD_CS_S_RegisterPersonal@@@std@@@2@$00@std@@QAEAAV?$allocator@UCMD_CS_S_RegisterPersonal@@@2@XZ 00419830 f i GlobalInfoManager.obj
 0001:00018850       ?_Get_first@?$_Compressed_pair@V?$allocator@UCMD_CS_S_RegisterPersonal@@@std@@V?$_Vector_val@U?$_Simple_types@UCMD_CS_S_RegisterPersonal@@@std@@@2@$00@std@@QBEABV?$allocator@UCMD_CS_S_RegisterPersonal@@@2@XZ 00419850 f i GlobalInfoManager.obj
 0001:00018870       ?_Get_first@?$_Compressed_pair@V?$allocator@UtagPersonalTableInfo@@@std@@V?$_Vector_val@U?$_Simple_types@UtagPersonalTableInfo@@@std@@@2@$00@std@@QAEAAV?$allocator@UtagPersonalTableInfo@@@2@XZ 00419870 f i GlobalInfoManager.obj
 0001:00018890       ?_Get_first@?$_Compressed_pair@V?$allocator@UtagPersonalTableInfo@@@std@@V?$_Vector_val@U?$_Simple_types@UtagPersonalTableInfo@@@std@@@2@$00@std@@QBEABV?$allocator@UtagPersonalTableInfo@@@2@XZ 00419890 f i GlobalInfoManager.obj
 0001:000188b0       ?_Get_second@?$_Compressed_pair@V?$allocator@UCMD_CS_S_RegisterPersonal@@@std@@V?$_Vector_val@U?$_Simple_types@UCMD_CS_S_RegisterPersonal@@@std@@@2@$00@std@@QAEAAV?$_Vector_val@U?$_Simple_types@UCMD_CS_S_RegisterPersonal@@@std@@@2@XZ 004198b0 f i GlobalInfoManager.obj
 0001:000188d0       ?_Get_second@?$_Compressed_pair@V?$allocator@UCMD_CS_S_RegisterPersonal@@@std@@V?$_Vector_val@U?$_Simple_types@UCMD_CS_S_RegisterPersonal@@@std@@@2@$00@std@@QBEABV?$_Vector_val@U?$_Simple_types@UCMD_CS_S_RegisterPersonal@@@std@@@2@XZ 004198d0 f i GlobalInfoManager.obj
 0001:000188f0       ?_Get_second@?$_Compressed_pair@V?$allocator@UtagPersonalTableInfo@@@std@@V?$_Vector_val@U?$_Simple_types@UtagPersonalTableInfo@@@std@@@2@$00@std@@QAEAAV?$_Vector_val@U?$_Simple_types@UtagPersonalTableInfo@@@std@@@2@XZ 004198f0 f i GlobalInfoManager.obj
 0001:00018910       ?_Get_second@?$_Compressed_pair@V?$allocator@UtagPersonalTableInfo@@@std@@V?$_Vector_val@U?$_Simple_types@UtagPersonalTableInfo@@@std@@@2@$00@std@@QBEABV?$_Vector_val@U?$_Simple_types@UtagPersonalTableInfo@@@std@@@2@XZ 00419910 f i GlobalInfoManager.obj
 0001:00018930       ?_Getal@?$_Vector_alloc@U?$_Vec_base_types@UCMD_CS_S_RegisterPersonal@@V?$allocator@UCMD_CS_S_RegisterPersonal@@@std@@@std@@@std@@QAEAAV?$allocator@UCMD_CS_S_RegisterPersonal@@@2@XZ 00419930 f i GlobalInfoManager.obj
 0001:00018960       ?_Getal@?$_Vector_alloc@U?$_Vec_base_types@UCMD_CS_S_RegisterPersonal@@V?$allocator@UCMD_CS_S_RegisterPersonal@@@std@@@std@@@std@@QBEABV?$allocator@UCMD_CS_S_RegisterPersonal@@@2@XZ 00419960 f i GlobalInfoManager.obj
 0001:00018990       ?_Getal@?$_Vector_alloc@U?$_Vec_base_types@UtagPersonalTableInfo@@V?$allocator@UtagPersonalTableInfo@@@std@@@std@@@std@@QAEAAV?$allocator@UtagPersonalTableInfo@@@2@XZ 00419990 f i GlobalInfoManager.obj
 0001:000189c0       ?_Getal@?$_Vector_alloc@U?$_Vec_base_types@UtagPersonalTableInfo@@V?$allocator@UtagPersonalTableInfo@@@std@@@std@@@std@@QBEABV?$allocator@UtagPersonalTableInfo@@@2@XZ 004199c0 f i GlobalInfoManager.obj
 0001:000189f0       ?_Getcont@_Iterator_base12@std@@QBEPBU_Container_base12@2@XZ 004199f0 f i GlobalInfoManager.obj
 0001:00018a30       ?_Getpfirst@?$_Vector_alloc@U?$_Vec_base_types@UCMD_CS_S_RegisterPersonal@@V?$allocator@UCMD_CS_S_RegisterPersonal@@@std@@@std@@@std@@QBEPAPAU_Iterator_base12@2@XZ 00419a30 f i GlobalInfoManager.obj
 0001:00018a60       ?_Getpfirst@?$_Vector_alloc@U?$_Vec_base_types@UtagPersonalTableInfo@@V?$allocator@UtagPersonalTableInfo@@@std@@@std@@@std@@QBEPAPAU_Iterator_base12@2@XZ 00419a60 f i GlobalInfoManager.obj
 0001:00018a90       ?_Getpfirst@_Container_base12@std@@QBEPAPAU_Iterator_base12@2@XZ 00419a90 f i GlobalInfoManager.obj
 0001:00018ad0       ?_Getpnext@_Iterator_base12@std@@QAEPAPAU12@XZ 00419ad0 f i GlobalInfoManager.obj
 0001:00018af0       ?_Has_unused_capacity@?$vector@UCMD_CS_S_RegisterPersonal@@V?$allocator@UCMD_CS_S_RegisterPersonal@@@std@@@std@@ABE_NXZ 00419af0 f i GlobalInfoManager.obj
 0001:00018b40       ?_Has_unused_capacity@?$vector@UtagPersonalTableInfo@@V?$allocator@UtagPersonalTableInfo@@@std@@@std@@ABE_NXZ 00419b40 f i GlobalInfoManager.obj
 0001:00018b90       ?_Myend@?$_Vector_alloc@U?$_Vec_base_types@UCMD_CS_S_RegisterPersonal@@V?$allocator@UCMD_CS_S_RegisterPersonal@@@std@@@std@@@std@@QAEAAPAUCMD_CS_S_RegisterPersonal@@XZ 00419b90 f i GlobalInfoManager.obj
 0001:00018bc0       ?_Myend@?$_Vector_alloc@U?$_Vec_base_types@UCMD_CS_S_RegisterPersonal@@V?$allocator@UCMD_CS_S_RegisterPersonal@@@std@@@std@@@std@@QBEABQAUCMD_CS_S_RegisterPersonal@@XZ 00419bc0 f i GlobalInfoManager.obj
 0001:00018bf0       ?_Myend@?$_Vector_alloc@U?$_Vec_base_types@UtagPersonalTableInfo@@V?$allocator@UtagPersonalTableInfo@@@std@@@std@@@std@@QAEAAPAUtagPersonalTableInfo@@XZ 00419bf0 f i GlobalInfoManager.obj
 0001:00018c20       ?_Myend@?$_Vector_alloc@U?$_Vec_base_types@UtagPersonalTableInfo@@V?$allocator@UtagPersonalTableInfo@@@std@@@std@@@std@@QBEABQAUtagPersonalTableInfo@@XZ 00419c20 f i GlobalInfoManager.obj
 0001:00018c50       ?_Myfirst@?$_Vector_alloc@U?$_Vec_base_types@UCMD_CS_S_RegisterPersonal@@V?$allocator@UCMD_CS_S_RegisterPersonal@@@std@@@std@@@std@@QAEAAPAUCMD_CS_S_RegisterPersonal@@XZ 00419c50 f i GlobalInfoManager.obj
 0001:00018c80       ?_Myfirst@?$_Vector_alloc@U?$_Vec_base_types@UCMD_CS_S_RegisterPersonal@@V?$allocator@UCMD_CS_S_RegisterPersonal@@@std@@@std@@@std@@QBEABQAUCMD_CS_S_RegisterPersonal@@XZ 00419c80 f i GlobalInfoManager.obj
 0001:00018cb0       ?_Myfirst@?$_Vector_alloc@U?$_Vec_base_types@UtagPersonalTableInfo@@V?$allocator@UtagPersonalTableInfo@@@std@@@std@@@std@@QAEAAPAUtagPersonalTableInfo@@XZ 00419cb0 f i GlobalInfoManager.obj
 0001:00018ce0       ?_Myfirst@?$_Vector_alloc@U?$_Vec_base_types@UtagPersonalTableInfo@@V?$allocator@UtagPersonalTableInfo@@@std@@@std@@@std@@QBEABQAUtagPersonalTableInfo@@XZ 00419ce0 f i GlobalInfoManager.obj
 0001:00018d10       ?_Mylast@?$_Vector_alloc@U?$_Vec_base_types@UCMD_CS_S_RegisterPersonal@@V?$allocator@UCMD_CS_S_RegisterPersonal@@@std@@@std@@@std@@QAEAAPAUCMD_CS_S_RegisterPersonal@@XZ 00419d10 f i GlobalInfoManager.obj
 0001:00018d40       ?_Mylast@?$_Vector_alloc@U?$_Vec_base_types@UCMD_CS_S_RegisterPersonal@@V?$allocator@UCMD_CS_S_RegisterPersonal@@@std@@@std@@@std@@QBEABQAUCMD_CS_S_RegisterPersonal@@XZ 00419d40 f i GlobalInfoManager.obj
 0001:00018d70       ?_Mylast@?$_Vector_alloc@U?$_Vec_base_types@UtagPersonalTableInfo@@V?$allocator@UtagPersonalTableInfo@@@std@@@std@@@std@@QAEAAPAUtagPersonalTableInfo@@XZ 00419d70 f i GlobalInfoManager.obj
 0001:00018da0       ?_Mylast@?$_Vector_alloc@U?$_Vec_base_types@UtagPersonalTableInfo@@V?$allocator@UtagPersonalTableInfo@@@std@@@std@@@std@@QBEABQAUtagPersonalTableInfo@@XZ 00419da0 f i GlobalInfoManager.obj
 0001:00018dd0       ?_Myproxy@?$_Vector_alloc@U?$_Vec_base_types@UCMD_CS_S_RegisterPersonal@@V?$allocator@UCMD_CS_S_RegisterPersonal@@@std@@@std@@@std@@QAEAAPAU_Container_proxy@2@XZ 00419dd0 f i GlobalInfoManager.obj
 0001:00018e00       ?_Myproxy@?$_Vector_alloc@U?$_Vec_base_types@UtagPersonalTableInfo@@V?$allocator@UtagPersonalTableInfo@@@std@@@std@@@std@@QAEAAPAU_Container_proxy@2@XZ 00419e00 f i GlobalInfoManager.obj
 0001:00018e30       ?_Orphan_all@?$_Vector_alloc@U?$_Vec_base_types@UCMD_CS_S_RegisterPersonal@@V?$allocator@UCMD_CS_S_RegisterPersonal@@@std@@@std@@@std@@QAEXXZ 00419e30 f i GlobalInfoManager.obj
 0001:00018e60       ?_Orphan_all@?$_Vector_alloc@U?$_Vec_base_types@UtagPersonalTableInfo@@V?$allocator@UtagPersonalTableInfo@@@std@@@std@@@std@@QAEXXZ 00419e60 f i GlobalInfoManager.obj
 0001:00018e90       ?_Orphan_all@_Container_base12@std@@QAEXXZ 00419e90 f i GlobalInfoManager.obj
 0001:00018f50       ?_Orphan_me@_Iterator_base12@std@@QAEXXZ 00419f50 f i GlobalInfoManager.obj
 0001:00019040       ?_Orphan_range@?$vector@UCMD_CS_S_RegisterPersonal@@V?$allocator@UCMD_CS_S_RegisterPersonal@@@std@@@std@@ABEXPAUCMD_CS_S_RegisterPersonal@@0@Z 0041a040 f i GlobalInfoManager.obj
 0001:00019130       ?_Orphan_range@?$vector@UtagPersonalTableInfo@@V?$allocator@UtagPersonalTableInfo@@@std@@@std@@ABEXPAUtagPersonalTableInfo@@0@Z 0041a130 f i GlobalInfoManager.obj
 0001:00019220       ?_Tidy@?$vector@UCMD_CS_S_RegisterPersonal@@V?$allocator@UCMD_CS_S_RegisterPersonal@@@std@@@std@@AAEXXZ 0041a220 f i GlobalInfoManager.obj
 0001:000192e0       ?_Tidy@?$vector@UtagPersonalTableInfo@@V?$allocator@UtagPersonalTableInfo@@@std@@@std@@AAEXXZ 0041a2e0 f i GlobalInfoManager.obj
 0001:000193a0       ?_Umove@?$vector@UCMD_CS_S_RegisterPersonal@@V?$allocator@UCMD_CS_S_RegisterPersonal@@@std@@@std@@AAEPAUCMD_CS_S_RegisterPersonal@@PAU3@00@Z 0041a3a0 f i GlobalInfoManager.obj
 0001:000193e0       ?_Umove@?$vector@UtagPersonalTableInfo@@V?$allocator@UtagPersonalTableInfo@@@std@@@std@@AAEPAUtagPersonalTableInfo@@PAU3@00@Z 0041a3e0 f i GlobalInfoManager.obj
 0001:00019420       ?_Umove_if_noexcept1@?$vector@UCMD_CS_S_RegisterPersonal@@V?$allocator@UCMD_CS_S_RegisterPersonal@@@std@@@std@@AAEXPAUCMD_CS_S_RegisterPersonal@@00U?$integral_constant@_N$00@2@@Z 0041a420 f i GlobalInfoManager.obj
 0001:00019460       ?_Umove_if_noexcept1@?$vector@UtagPersonalTableInfo@@V?$allocator@UtagPersonalTableInfo@@@std@@@std@@AAEXPAUtagPersonalTableInfo@@00U?$integral_constant@_N$00@2@@Z 0041a460 f i GlobalInfoManager.obj
 0001:000194a0       ?_Umove_if_noexcept@?$vector@UCMD_CS_S_RegisterPersonal@@V?$allocator@UCMD_CS_S_RegisterPersonal@@@std@@@std@@AAEXPAUCMD_CS_S_RegisterPersonal@@00@Z 0041a4a0 f i GlobalInfoManager.obj
 0001:000194e0       ?_Umove_if_noexcept@?$vector@UtagPersonalTableInfo@@V?$allocator@UtagPersonalTableInfo@@@std@@@std@@AAEXPAUtagPersonalTableInfo@@00@Z 0041a4e0 f i GlobalInfoManager.obj
 0001:00019520       ?_Verify_offset@?$_Vector_const_iterator@V?$_Vector_val@U?$_Simple_types@UtagPersonalTableInfo@@@std@@@std@@@std@@QBEXH@Z 0041a520 f i GlobalInfoManager.obj
 0001:000196c0       ?_Xlength@?$vector@UCMD_CS_S_RegisterPersonal@@V?$allocator@UCMD_CS_S_RegisterPersonal@@@std@@@std@@CAXXZ 0041a6c0 f i GlobalInfoManager.obj
 0001:000196e0       ?_Xlength@?$vector@UtagPersonalTableInfo@@V?$allocator@UtagPersonalTableInfo@@@std@@@std@@CAXXZ 0041a6e0 f i GlobalInfoManager.obj
 0001:00019700       ?allocate@?$allocator@UCMD_CS_S_RegisterPersonal@@@std@@QAEPAUCMD_CS_S_RegisterPersonal@@I@Z 0041a700 f i GlobalInfoManager.obj
 0001:00019740       ?allocate@?$allocator@U_Container_proxy@std@@@std@@QAEPAU_Container_proxy@2@I@Z 0041a740 f i GlobalInfoManager.obj
 0001:00019780       ?allocate@?$allocator@UtagPersonalTableInfo@@@std@@QAEPAUtagPersonalTableInfo@@I@Z 0041a780 f i GlobalInfoManager.obj
 0001:000197c0       ?begin@?$vector@UtagPersonalTableInfo@@V?$allocator@UtagPersonalTableInfo@@@std@@@std@@QAE?AV?$_Vector_iterator@V?$_Vector_val@U?$_Simple_types@UtagPersonalTableInfo@@@std@@@std@@@2@XZ 0041a7c0 f i GlobalInfoManager.obj
 0001:00019840       ?capacity@?$vector@UCMD_CS_S_RegisterPersonal@@V?$allocator@UCMD_CS_S_RegisterPersonal@@@std@@@std@@QBEIXZ 0041a840 f i GlobalInfoManager.obj
 0001:00019880       ?capacity@?$vector@UtagPersonalTableInfo@@V?$allocator@UtagPersonalTableInfo@@@std@@@std@@QBEIXZ 0041a880 f i GlobalInfoManager.obj
 0001:000198c0       ?data@CPlex@@QAEPAXXZ      0041a8c0 f i GlobalInfoManager.obj
 0001:000198e0       ?deallocate@?$_Default_allocator_traits@V?$allocator@U_Container_proxy@std@@@std@@@std@@SAXAAV?$allocator@U_Container_proxy@std@@@2@QAU_Container_proxy@2@I@Z 0041a8e0 f i GlobalInfoManager.obj
 0001:00019910       ?deallocate@?$allocator@UCMD_CS_S_RegisterPersonal@@@std@@QAEXQAUCMD_CS_S_RegisterPersonal@@I@Z 0041a910 f i GlobalInfoManager.obj
 0001:00019950       ?deallocate@?$allocator@UtagPersonalTableInfo@@@std@@QAEXQAUtagPersonalTableInfo@@I@Z 0041a950 f i GlobalInfoManager.obj
 0001:00019990       ?erase@?$vector@UtagPersonalTableInfo@@V?$allocator@UtagPersonalTableInfo@@@std@@@std@@QAE?AV?$_Vector_iterator@V?$_Vector_val@U?$_Simple_types@UtagPersonalTableInfo@@@std@@@std@@@2@V?$_Vector_const_iterator@V?$_Vector_val@U?$_Simple_types@UtagPersonalTableInfo@@@std@@@std@@@2@@Z 0041a990 f i GlobalInfoManager.obj
 0001:00019b90       ?max@?$numeric_limits@H@std@@SAHXZ 0041ab90 f i GlobalInfoManager.obj
 0001:00019bb0       ?max_size@?$_Default_allocator_traits@V?$allocator@UCMD_CS_S_RegisterPersonal@@@std@@@std@@SAIABV?$allocator@UCMD_CS_S_RegisterPersonal@@@2@@Z 0041abb0 f i GlobalInfoManager.obj
 0001:00019bd0       ?max_size@?$_Default_allocator_traits@V?$allocator@UtagPersonalTableInfo@@@std@@@std@@SAIABV?$allocator@UtagPersonalTableInfo@@@2@@Z 0041abd0 f i GlobalInfoManager.obj
 0001:00019bf0       ?max_size@?$vector@UCMD_CS_S_RegisterPersonal@@V?$allocator@UCMD_CS_S_RegisterPersonal@@@std@@@std@@QBEIXZ 0041abf0 f i GlobalInfoManager.obj
 0001:00019c50       ?max_size@?$vector@UtagPersonalTableInfo@@V?$allocator@UtagPersonalTableInfo@@@std@@@std@@QBEIXZ 0041ac50 f i GlobalInfoManager.obj
 0001:00019cb0       ?push_back@?$vector@UCMD_CS_S_RegisterPersonal@@V?$allocator@UCMD_CS_S_RegisterPersonal@@@std@@@std@@QAEXABUCMD_CS_S_RegisterPersonal@@@Z 0041acb0 f i GlobalInfoManager.obj
 0001:00019ce0       ?push_back@?$vector@UtagPersonalTableInfo@@V?$allocator@UtagPersonalTableInfo@@@std@@@std@@QAEXABUtagPersonalTableInfo@@@Z 0041ace0 f i GlobalInfoManager.obj
 0001:00019d10       ?size@?$vector@UCMD_CS_S_RegisterPersonal@@V?$allocator@UCMD_CS_S_RegisterPersonal@@@std@@@std@@QBEIXZ 0041ad10 f i GlobalInfoManager.obj
 0001:00019d50       ?size@?$vector@UtagPersonalTableInfo@@V?$allocator@UtagPersonalTableInfo@@@std@@@std@@QBEIXZ 0041ad50 f i GlobalInfoManager.obj
 0001:00019d90       ??$_snprintf_s@$0BAE@@@YAHAAY0BAE@DIPBDZZ 0041ad90 f i InitParameter.obj
 0001:00019dd0       ??0CInitParameter@@QAE@XZ  0041add0 f   InitParameter.obj
 0001:00019e00       ??1CInitParameter@@UAE@XZ  0041ae00 f   InitParameter.obj
 0001:00019e30       ?InitParameter@CInitParameter@@QAEXXZ 0041ae30 f   InitParameter.obj
 0001:00019e80       ?LoadInitParameter@CInitParameter@@QAEXXZ 0041ae80 f   InitParameter.obj
 0001:0001a050       __vsnprintf_s              0041b050 f i InitParameter.obj
 0001:0001a090       __vsnprintf_s_l            0041b090 f i InitParameter.obj
 0001:0001a100       ??$_snprintf_s@$0IA@@@YAHAAY0IA@DIPBDZZ 0041b100 f i ServiceUnits.obj
 0001:0001a140       ??0?$CTempldateHelper@UIAttemperEngine@@@@QAE@ABU_GUID@@KPBD1@Z 0041b140 f i ServiceUnits.obj
 0001:0001a1f0       ??0?$CTempldateHelper@UITCPNetworkEngine@@@@QAE@ABU_GUID@@KPBD1@Z 0041b1f0 f i ServiceUnits.obj
 0001:0001a2a0       ??0?$CTempldateHelper@UITimerEngine@@@@QAE@ABU_GUID@@KPBD1@Z 0041b2a0 f i ServiceUnits.obj
 0001:0001a350       ??0CAttemperEngineHelper@@QAE@XZ 0041b350 f i ServiceUnits.obj
 0001:0001a3a0       ??0CServiceUnits@@QAE@XZ   0041b3a0 f   ServiceUnits.obj
 0001:0001a4b0       ??0CTCPNetworkEngineHelper@@QAE@XZ 0041b4b0 f i ServiceUnits.obj
 0001:0001a500       ??0CTimerEngineHelper@@QAE@XZ 0041b500 f i ServiceUnits.obj
 0001:0001a550       ??1?$CTempldateHelper@UIAttemperEngine@@@@UAE@XZ 0041b550 f i ServiceUnits.obj
 0001:0001a5c0       ??1?$CTempldateHelper@UITCPNetworkEngine@@@@UAE@XZ 0041b5c0 f i ServiceUnits.obj
 0001:0001a630       ??1?$CTempldateHelper@UITimerEngine@@@@UAE@XZ 0041b630 f i ServiceUnits.obj
 0001:0001a6a0       ??1CAttemperEngineHelper@@UAE@XZ 0041b6a0 f i ServiceUnits.obj
 0001:0001a6d0       ??1CServiceUnits@@UAE@XZ   0041b6d0 f   ServiceUnits.obj
 0001:0001a7a0       ??1CTCPNetworkEngineHelper@@UAE@XZ 0041b7a0 f i ServiceUnits.obj
 0001:0001a7d0       ??1CTimerEngineHelper@@UAE@XZ 0041b7d0 f i ServiceUnits.obj
 0001:0001a800       ??C?$CTempldateHelper@UIAttemperEngine@@@@QBEPAUIAttemperEngine@@XZ 0041b800 f i ServiceUnits.obj
 0001:0001a830       ??C?$CTempldateHelper@UITCPNetworkEngine@@@@QBEPAUITCPNetworkEngine@@XZ 0041b830 f i ServiceUnits.obj
 0001:0001a860       ??C?$CTempldateHelper@UITimerEngine@@@@QBEPAUITimerEngine@@XZ 0041b860 f i ServiceUnits.obj
 0001:0001a890       ??_E?$CTempldateHelper@UIAttemperEngine@@@@UAEPAXI@Z 0041b890 f i ServiceUnits.obj
 0001:0001a890       ??_G?$CTempldateHelper@UIAttemperEngine@@@@UAEPAXI@Z 0041b890 f i ServiceUnits.obj
 0001:0001a8e0       ??_G?$CTempldateHelper@UITCPNetworkEngine@@@@UAEPAXI@Z 0041b8e0 f i ServiceUnits.obj
 0001:0001a8e0       ??_E?$CTempldateHelper@UITCPNetworkEngine@@@@UAEPAXI@Z 0041b8e0 f i ServiceUnits.obj
 0001:0001a930       ??_E?$CTempldateHelper@UITimerEngine@@@@UAEPAXI@Z 0041b930 f i ServiceUnits.obj
 0001:0001a930       ??_G?$CTempldateHelper@UITimerEngine@@@@UAEPAXI@Z 0041b930 f i ServiceUnits.obj
 0001:0001a980       ??_ECAttemperEngineHelper@@UAEPAXI@Z 0041b980 f i ServiceUnits.obj
 0001:0001a980       ??_GCAttemperEngineHelper@@UAEPAXI@Z 0041b980 f i ServiceUnits.obj
 0001:0001a9d0       ??_ECServiceUnits@@UAEPAXI@Z 0041b9d0 f i ServiceUnits.obj
 0001:0001a9d0       ??_GCServiceUnits@@UAEPAXI@Z 0041b9d0 f i ServiceUnits.obj
 0001:0001aa20       ??_ECTCPNetworkEngineHelper@@UAEPAXI@Z 0041ba20 f i ServiceUnits.obj
 0001:0001aa20       ??_GCTCPNetworkEngineHelper@@UAEPAXI@Z 0041ba20 f i ServiceUnits.obj
 0001:0001aa70       ??_ECTimerEngineHelper@@UAEPAXI@Z 0041ba70 f i ServiceUnits.obj
 0001:0001aa70       ??_GCTimerEngineHelper@@UAEPAXI@Z 0041ba70 f i ServiceUnits.obj
 0001:0001aac0       ?CloseInstance@?$CTempldateHelper@UIAttemperEngine@@@@QAE_NXZ 0041bac0 f i ServiceUnits.obj
 0001:0001ab70       ?CloseInstance@?$CTempldateHelper@UITCPNetworkEngine@@@@QAE_NXZ 0041bb70 f i ServiceUnits.obj
 0001:0001ac20       ?CloseInstance@?$CTempldateHelper@UITimerEngine@@@@QAE_NXZ 0041bc20 f i ServiceUnits.obj
 0001:0001acd0       ?ConcludeService@CServiceUnits@@QAE_NXZ 0041bcd0 f   ServiceUnits.obj
 0001:0001adb0       ?CreateInstance@?$CTempldateHelper@UIAttemperEngine@@@@QAE_NXZ 0041bdb0 f i ServiceUnits.obj
 0001:0001b070       ?CreateInstance@?$CTempldateHelper@UITCPNetworkEngine@@@@QAE_NXZ 0041c070 f i ServiceUnits.obj
 0001:0001b330       ?CreateInstance@?$CTempldateHelper@UITimerEngine@@@@QAE_NXZ 0041c330 f i ServiceUnits.obj
 0001:0001b5f0       ?GetInterface@?$CTempldateHelper@UIAttemperEngine@@@@QBEPAUIAttemperEngine@@XZ 0041c5f0 f i ServiceUnits.obj
 0001:0001b620       ?GetInterface@?$CTempldateHelper@UITCPNetworkEngine@@@@QBEPAUITCPNetworkEngine@@XZ 0041c620 f i ServiceUnits.obj
 0001:0001b650       ?GetInterface@?$CTempldateHelper@UITimerEngine@@@@QBEPAUITimerEngine@@XZ 0041c650 f i ServiceUnits.obj
 0001:0001b680       ?InitializeService@CServiceUnits@@IAE_NXZ 0041c680 f   ServiceUnits.obj
 0001:0001b950       ?SetServiceStatus@CServiceUnits@@AAE_NW4enServiceStatus@@@Z 0041c950 f   ServiceUnits.obj
 0001:0001ba20       ?SetServiceUnitsSink@CServiceUnits@@QAE_NPAUIServiceUnitsSink@@@Z 0041ca20 f   ServiceUnits.obj
 0001:0001ba50       ?StartKernelService@CServiceUnits@@IAE_NXZ 0041ca50 f   ServiceUnits.obj
 0001:0001bb80       ?StartService@CServiceUnits@@QAE_NXZ 0041cb80 f   ServiceUnits.obj
 0001:0001bc40       ?_AfxInitManaged@@YAHXZ    0041cc40 f i Stdafx.obj
 0001:0001bc60       ??$AtlAdd@H@ATL@@YAJPAHHH@Z 0041cc60 f i Stdafx.obj
 0001:0001bcb0       ??$AtlAdd@I@ATL@@YAJPAIII@Z 0041ccb0 f i Stdafx.obj
 0001:0001bd00       ??$AtlAdd@K@ATL@@YAJPAKKK@Z 0041cd00 f i Stdafx.obj
 0001:0001bd50       ??$AtlAlignUp@H@ATL@@YGHHK@Z 0041cd50 f i Stdafx.obj
 0001:0001bd80       ??$AtlMultiply@I@ATL@@YAJPAIII@Z 0041cd80 f i Stdafx.obj
 0001:0001bde0       ??$AtlMultiply@K@ATL@@YAJPAKKK@Z 0041cde0 f i Stdafx.obj
[...]
 0002:0000977c       __ehfuncinfo$??1?$_Vector_alloc@U?$_Vec_base_types@UtagPersonalTableInfo@@V?$allocator@UtagPersonalTableInfo@@@std@@@std@@@std@@QAE@XZ 0043377c     GlobalInfoManager.obj
 0002:000097a4       __ehfuncinfo$??0?$vector@UtagPersonalTableInfo@@V?$allocator@UtagPersonalTableInfo@@@std@@@std@@QAE@XZ 004337a4     GlobalInfoManager.obj
 0002:000097cc       __ehfuncinfo$??1?$vector@UtagPersonalTableInfo@@V?$allocator@UtagPersonalTableInfo@@@std@@@std@@QAE@XZ 004337cc     GlobalInfoManager.obj
 0002:000097f4       __unwindtable$?erase@?$vector@UtagPersonalTableInfo@@V?$allocator@UtagPersonalTableInfo@@@std@@@std@@QAE?AV?$_Vector_iterator@V?$_Vector_val@U?$_Simple_types@UtagPersonalTableInfo@@@std@@@std@@@2@V?$_Vector_const_iterator@V?$_Vector_val@U?$_Simple_types@UtagPersonalTableInfo@@@std@@@std@@@2@@Z 004337f4     GlobalInfoManager.obj
 0002:000097fc       __ehfuncinfo$?erase@?$vector@UtagPersonalTableInfo@@V?$allocator@UtagPersonalTableInfo@@@std@@@std@@QAE?AV?$_Vector_iterator@V?$_Vector_val@U?$_Simple_types@UtagPersonalTableInfo@@@std@@@std@@@2@V?$_Vector_const_iterator@V?$_Vector_val@U?$_Simple_types@UtagPersonalTableInfo@@@std@@@std@@@2@@Z 004337fc     GlobalInfoManager.obj
 0002:00009824       __ehfuncinfo$?begin@?$vector@UtagPersonalTableInfo@@V?$allocator@UtagPersonalTableInfo@@@std@@@std@@QAE?AV?$_Vector_iterator@V?$_Vector_val@U?$_Simple_types@UtagPersonalTableInfo@@@std@@@std@@@2@XZ 00433824     GlobalInfoManager.obj
 0002:0000984c       __unwindtable$?_Orphan_range@?$vector@UtagPersonalTableInfo@@V?$allocator@UtagPersonalTableInfo@@@std@@@std@@ABEXPAUtagPersonalTableInfo@@0@Z 0043384c     GlobalInfoManager.obj
 0002:00009854       __ehfuncinfo$?_Orphan_range@?$vector@UtagPersonalTableInfo@@V?$allocator@UtagPersonalTableInfo@@@std@@@std@@ABEXPAUtagPersonalTableInfo@@0@Z 00433854     GlobalInfoManager.obj
 0002:0000987c       __ehfuncinfo$??1?$_Vector_alloc@U?$_Vec_base_types@UCMD_CS_S_RegisterPersonal@@V?$allocator@UCMD_CS_S_RegisterPersonal@@@std@@@std@@@std@@QAE@XZ 0043387c     GlobalInfoManager.obj
 0002:000098a4       __ehfuncinfo$??0?$vector@UCMD_CS_S_RegisterPersonal@@V?$allocator@UCMD_CS_S_RegisterPersonal@@@std@@@std@@QAE@XZ 004338a4     GlobalInfoManager.obj
 0002:000098cc       __ehfuncinfo$??1?$vector@UCMD_CS_S_RegisterPersonal@@V?$allocator@UCMD_CS_S_RegisterPersonal@@@std@@@std@@QAE@XZ 004338cc     GlobalInfoManager.obj
 0002:000098f4       __unwindtable$?_Orphan_range@?$vector@UCMD_CS_S_RegisterPersonal@@V?$allocator@UCMD_CS_S_RegisterPersonal@@@std@@@std@@ABEXPAUCMD_CS_S_RegisterPersonal@@0@Z 004338f4     GlobalInfoManager.obj
 0002:000098fc       __ehfuncinfo$?_Orphan_range@?$vector@UCMD_CS_S_RegisterPersonal@@V?$allocator@UCMD_CS_S_RegisterPersonal@@@std@@@std@@ABEXPAUCMD_CS_S_RegisterPersonal@@0@Z 004338fc     GlobalInfoManager.obj
 0002:00009924       __ehfuncinfo$??0CGlobalInfoManager@@QAE@XZ 00433924     GlobalInfoManager.obj
 0002:00009948       __unwindtable$??0CGlobalInfoManager@@QAE@XZ 00433948     GlobalInfoManager.obj
 0002:000099a4       __catchsym$??1CGlobalInfoManager@@UAE@XZ$33 004339a4     GlobalInfoManager.obj
 0002:000099b4       __catchsym$??1CGlobalInfoManager@@UAE@XZ$32 004339b4     GlobalInfoManager.obj
 0002:000099c4       __catchsym$??1CGlobalInfoManager@@UAE@XZ$31 004339c4     GlobalInfoManager.obj
 0002:000099d4       __catchsym$??1CGlobalInfoManager@@UAE@XZ$30 004339d4     GlobalInfoManager.obj
 0002:000099e4       __catchsym$??1CGlobalInfoManager@@UAE@XZ$29 004339e4     GlobalInfoManager.obj
 0002:000099f4       __catchsym$??1CGlobalInfoManager@@UAE@XZ$28 004339f4     GlobalInfoManager.obj
 0002:00009a04       __catchsym$??1CGlobalInfoManager@@UAE@XZ$27 00433a04     GlobalInfoManager.obj
 0002:00009a14       __catchsym$??1CGlobalInfoManager@@UAE@XZ$26 00433a14     GlobalInfoManager.obj
 0002:00009a24       __ehfuncinfo$??1CGlobalInfoManager@@UAE@XZ 00433a24     GlobalInfoManager.obj
 0002:00009a48       __tryblocktable$??1CGlobalInfoManager@@UAE@XZ 00433a48     GlobalInfoManager.obj
 0002:00009ae8       __unwindtable$??1CGlobalInfoManager@@UAE@XZ 00433ae8     GlobalInfoManager.obj
 0002:00009bf0       __unwindtable$?SearchTableByTableIDAndServerID@CGlobalInfoManager@@QAEPAUtagPersonalTableInfo@@KK@Z 00433bf0     GlobalInfoManager.obj
 0002:00009bf8       __ehfuncinfo$?SearchTableByTableIDAndServerID@CGlobalInfoManager@@QAEPAUtagPersonalTableInfo@@KK@Z 00433bf8     GlobalInfoManager.obj
 0002:00009c20       __unwindtable$?AddServerTable@CGlobalInfoManager@@QAE_NV?$CStringT@DV?$StrTraitMFC_DLL@DV?$ChTraitsCRT@D@ATL@@@@@ATL@@UtagPersonalTableInfo@@@Z 00433c20     GlobalInfoManager.obj
 0002:00009c28       __ehfuncinfo$?AddServerTable@CGlobalInfoManager@@QAE_NV?$CStringT@DV?$StrTraitMFC_DLL@DV?$ChTraitsCRT@D@ATL@@@@@ATL@@UtagPersonalTableInfo@@@Z 00433c28     GlobalInfoManager.obj
 0002:00009c50       __catchsym$?RemoveServerTable@CGlobalInfoManager@@QAE_NKK@Z$7 00433c50     GlobalInfoManager.obj
 0002:00009c60       __tryblocktable$?RemoveServerTable@CGlobalInfoManager@@QAE_NKK@Z 00433c60     GlobalInfoManager.obj
 0002:00009c74       __ehfuncinfo$?RemoveServerTable@CGlobalInfoManager@@QAE_NKK@Z 00433c74     GlobalInfoManager.obj
 0002:00009c98       __unwindtable$?RemoveServerTable@CGlobalInfoManager@@QAE_NKK@Z 00433c98     GlobalInfoManager.obj
 0002:00009ccc       __catchsym$?RemoveServerTable@CGlobalInfoManager@@QAE_NK@Z$3 00433ccc     GlobalInfoManager.obj
 0002:00009cdc       __tryblocktable$?RemoveServerTable@CGlobalInfoManager@@QAE_NK@Z 00433cdc     GlobalInfoManager.obj
 0002:00009cf0       __unwindtable$?RemoveServerTable@CGlobalInfoManager@@QAE_NK@Z 00433cf0     GlobalInfoManager.obj
 0002:00009d08       __ehfuncinfo$?RemoveServerTable@CGlobalInfoManager@@QAE_NK@Z 00433d08     GlobalInfoManager.obj
 0002:00009d38       __unwindtable$?GetFreeServer@CGlobalInfoManager@@QAEKKKE@Z 00433d38     GlobalInfoManager.obj
 0002:00009d40       __ehfuncinfo$?GetFreeServer@CGlobalInfoManager@@QAEKKKE@Z 00433d40     GlobalInfoManager.obj
 0002:00009d68       __catchsym$?RandServerID@CGlobalInfoManager@@QAEXPADG@Z$3 00433d68     GlobalInfoManager.obj
 0002:00009d78       __tryblocktable$?RandServerID@CGlobalInfoManager@@QAEXPADG@Z 00433d78     GlobalInfoManager.obj
 0002:00009d8c       __unwindtable$?RandServerID@CGlobalInfoManager@@QAEXPADG@Z 00433d8c     GlobalInfoManager.obj
 0002:00009da4       __ehfuncinfo$?RandServerID@CGlobalInfoManager@@QAEXPADG@Z 00433da4     GlobalInfoManager.obj
 0002:00009dd4       __unwindtable$?GetHostCreatePersonalRoom@CGlobalInfoManager@@QAEXAAUtagHostCreatRoomInfo@@@Z 00433dd4     GlobalInfoManager.obj
 0002:00009ddc       __ehfuncinfo$?GetHostCreatePersonalRoom@CGlobalInfoManager@@QAEXAAUtagHostCreatRoomInfo@@@Z 00433ddc     GlobalInfoManager.obj
 0002:00009e04       __unwindtable$?GetHostCreatePersonalRoomCount@CGlobalInfoManager@@QAEHK@Z 00433e04     GlobalInfoManager.obj
 0002:00009e0c       __ehfuncinfo$?GetHostCreatePersonalRoomCount@CGlobalInfoManager@@QAEHK@Z 00433e0c     GlobalInfoManager.obj
 0002:00009e34       __catchsym$?DeleteServerItem@CGlobalInfoManager@@QAE_NG@Z$6 00433e34     GlobalInfoManager.obj
 0002:00009e44       __catchsym$?DeleteServerItem@CGlobalInfoManager@@QAE_NG@Z$5 00433e44     GlobalInfoManager.obj
 0002:00009e54       __ehfuncinfo$?DeleteServerItem@CGlobalInfoManager@@QAE_NG@Z 00433e54     GlobalInfoManager.obj
 0002:00009e78       __tryblocktable$?DeleteServerItem@CGlobalInfoManager@@QAE_NG@Z 00433e78     GlobalInfoManager.obj
 0002:00009ea0       __unwindtable$?DeleteServerItem@CGlobalInfoManager@@QAE_NG@Z 00433ea0     GlobalInfoManager.obj
 0002:00009ed8       __catchsym$?CreateGlobalUserItem@CGlobalInfoManager@@AAEPAVCGlobalUserItem@@XZ$3 00433ed8     GlobalInfoManager.obj
 0002:00009ee8       __tryblocktable$?CreateGlobalUserItem@CGlobalInfoManager@@AAEPAVCGlobalUserItem@@XZ 00433ee8     GlobalInfoManager.obj
 0002:00009efc       __unwindtable$?CreateGlobalUserItem@CGlobalInfoManager@@AAEPAVCGlobalUserItem@@XZ 00433efc     GlobalInfoManager.obj
 0002:00009f14       __ehfuncinfo$?CreateGlobalUserItem@CGlobalInfoManager@@AAEPAVCGlobalUserItem@@XZ 00433f14     GlobalInfoManager.obj
 0002:00009f44       __catchsym$?CreateGlobalPlazaItem@CGlobalInfoManager@@AAEPAVCGlobalPlazaItem@@XZ$3 00433f44     GlobalInfoManager.obj
 0002:00009f54       __tryblocktable$?CreateGlobalPlazaItem@CGlobalInfoManager@@AAEPAVCGlobalPlazaItem@@XZ 00433f54     GlobalInfoManager.obj
 0002:00009f68       __unwindtable$?CreateGlobalPlazaItem@CGlobalInfoManager@@AAEPAVCGlobalPlazaItem@@XZ 00433f68     GlobalInfoManager.obj
 0002:00009f80       __ehfuncinfo$?CreateGlobalPlazaItem@CGlobalInfoManager@@AAEPAVCGlobalPlazaItem@@XZ 00433f80     GlobalInfoManager.obj
 0002:00009fb0       __catchsym$?CreateGlobalServerItem@CGlobalInfoManager@@AAEPAVCGlobalServerItem@@XZ$3 00433fb0     GlobalInfoManager.obj
 0002:00009fc0       __tryblocktable$?CreateGlobalServerItem@CGlobalInfoManager@@AAEPAVCGlobalServerItem@@XZ 00433fc0     GlobalInfoManager.obj
 0002:00009fd4       __unwindtable$?CreateGlobalServerItem@CGlobalInfoManager@@AAEPAVCGlobalServerItem@@XZ 00433fd4     GlobalInfoManager.obj
 0002:00009fec       __ehfuncinfo$?CreateGlobalServerItem@CGlobalInfoManager@@AAEPAVCGlobalServerItem@@XZ 00433fec     GlobalInfoManager.obj
 0002:0000a01c       __catchsym$?CreateGlobalChatItem@CGlobalInfoManager@@AAEPAVCGlobalChatItem@@XZ$3 0043401c     GlobalInfoManager.obj
 0002:0000a02c       __tryblocktable$?CreateGlobalChatItem@CGlobalInfoManager@@AAEPAVCGlobalChatItem@@XZ 0043402c     GlobalInfoManager.obj
 0002:0000a040       __unwindtable$?CreateGlobalChatItem@CGlobalInfoManager@@AAEPAVCGlobalChatItem@@XZ 00434040     GlobalInfoManager.obj
 0002:0000a058       __ehfuncinfo$?CreateGlobalChatItem@CGlobalInfoManager@@AAEPAVCGlobalChatItem@@XZ 00434058     GlobalInfoManager.obj
 0002:0000a088       __unwindtable$??H?$_Vector_iterator@V?$_Vector_val@U?$_Simple_types@UtagPersonalTableInfo@@@std@@@std@@@std@@QBE?AV01@H@Z 00434088     GlobalInfoManager.obj
 0002:0000a090       __ehfuncinfo$??H?$_Vector_iterator@V?$_Vector_val@U?$_Simple_types@UtagPersonalTableInfo@@@std@@@std@@@std@@QBE?AV01@H@Z 00434090     GlobalInfoManager.obj
 0002:0000a0b8       __catchsym$??$_Emplace_reallocate@ABUCMD_CS_S_RegisterPersonal@@@?$vector@UCMD_CS_S_RegisterPersonal@@V?$allocator@UCMD_CS_S_RegisterPersonal@@@std@@@std@@QAEPAUCMD_CS_S_RegisterPersonal@@QAU2@ABU2@@Z$2 004340b8     GlobalInfoManager.obj
 0002:0000a0c8       __unwindtable$??$_Emplace_reallocate@ABUCMD_CS_S_RegisterPersonal@@@?$vector@UCMD_CS_S_RegisterPersonal@@V?$allocator@UCMD_CS_S_RegisterPersonal@@@std@@@std@@QAEPAUCMD_CS_S_RegisterPersonal@@QAU2@ABU2@@Z 004340c8     GlobalInfoManager.obj
 0002:0000a0d8       __tryblocktable$??$_Emplace_reallocate@ABUCMD_CS_S_RegisterPersonal@@@?$vector@UCMD_CS_S_RegisterPersonal@@V?$allocator@UCMD_CS_S_RegisterPersonal@@@std@@@std@@QAEPAUCMD_CS_S_RegisterPersonal@@QAU2@ABU2@@Z 004340d8     GlobalInfoManager.obj
 0002:0000a0ec       __ehfuncinfo$??$_Emplace_reallocate@ABUCMD_CS_S_RegisterPersonal@@@?$vector@UCMD_CS_S_RegisterPersonal@@V?$allocator@UCMD_CS_S_RegisterPersonal@@@std@@@std@@QAEPAUCMD_CS_S_RegisterPersonal@@QAU2@ABU2@@Z 004340ec     GlobalInfoManager.obj
 0002:0000a118       __catchsym$??$_Emplace_reallocate@ABUtagPersonalTableInfo@@@?$vector@UtagPersonalTableInfo@@V?$allocator@UtagPersonalTableInfo@@@std@@@std@@QAEPAUtagPersonalTableInfo@@QAU2@ABU2@@Z$2 00434118     GlobalInfoManager.obj
 0002:0000a128       __unwindtable$??$_Emplace_reallocate@ABUtagPersonalTableInfo@@@?$vector@UtagPersonalTableInfo@@V?$allocator@UtagPersonalTableInfo@@@std@@@std@@QAEPAUtagPersonalTableInfo@@QAU2@ABU2@@Z 00434128     GlobalInfoManager.obj
 0002:0000a138       __tryblocktable$??$_Emplace_reallocate@ABUtagPersonalTableInfo@@@?$vector@UtagPersonalTableInfo@@V?$allocator@UtagPersonalTableInfo@@@std@@@std@@QAEPAUtagPersonalTableInfo@@QAU2@ABU2@@Z 00434138     GlobalInfoManager.obj
 0002:0000a14c       __ehfuncinfo$??$_Emplace_reallocate@ABUtagPersonalTableInfo@@@?$vector@UtagPersonalTableInfo@@V?$allocator@UtagPersonalTableInfo@@@std@@@std@@QAEPAUtagPersonalTableInfo@@QAU2@ABU2@@Z 0043414c     GlobalInfoManager.obj
 0002:0000a178       __unwindtable$?LoadInitParameter@CInitParameter@@QAEXXZ 00434178     InitParameter.obj
 0002:0000a180       __ehfuncinfo$?LoadInitParameter@CInitParameter@@QAEXXZ 00434180     InitParameter.obj
 0002:0000a1a8       __ehfuncinfo$??1?$CTempldateHelper@UITimerEngine@@@@UAE@XZ 004341a8     ServiceUnits.obj
 0002:0000a1d0       __unwindtable$?CreateInstance@?$CTempldateHelper@UITimerEngine@@@@QAE_NXZ 004341d0     ServiceUnits.obj
 0002:0000a1e0       __tryblocktable$?CreateInstance@?$CTempldateHelper@UITimerEngine@@@@QAE_NXZ 004341e0     ServiceUnits.obj
 0002:0000a1f4       __catchsym$?CreateInstance@?$CTempldateHelper@UITimerEngine@@@@QAE_NXZ$3 004341f4     ServiceUnits.obj
 0002:0000a214       __ehfuncinfo$?CreateInstance@?$CTempldateHelper@UITimerEngine@@@@QAE_NXZ 00434214     ServiceUnits.obj
 0002:0000a244       __ehfuncinfo$??1?$CTempldateHelper@UIAttemperEngine@@@@UAE@XZ 00434244     ServiceUnits.obj
 0002:0000a26c       __unwindtable$?CreateInstance@?$CTempldateHelper@UIAttemperEngine@@@@QAE_NXZ 0043426c     ServiceUnits.obj
 0002:0000a27c       __tryblocktable$?CreateInstance@?$CTempldateHelper@UIAttemperEngine@@@@QAE_NXZ 0043427c     ServiceUnits.obj
 0002:0000a290       __catchsym$?CreateInstance@?$CTempldateHelper@UIAttemperEngine@@@@QAE_NXZ$3 00434290     ServiceUnits.obj
 0002:0000a2b0       __ehfuncinfo$?CreateInstance@?$CTempldateHelper@UIAttemperEngine@@@@QAE_NXZ 004342b0     ServiceUnits.obj
 0002:0000a2e0       __ehfuncinfo$??1?$CTempldateHelper@UITCPNetworkEngine@@@@UAE@XZ 004342e0     ServiceUnits.obj
 0002:0000a308       __unwindtable$?CreateInstance@?$CTempldateHelper@UITCPNetworkEngine@@@@QAE_NXZ 00434308     ServiceUnits.obj
 0002:0000a318       __tryblocktable$?CreateInstance@?$CTempldateHelper@UITCPNetworkEngine@@@@QAE_NXZ 00434318     ServiceUnits.obj
 0002:0000a32c       __catchsym$?CreateInstance@?$CTempldateHelper@UITCPNetworkEngine@@@@QAE_NXZ$3 0043432c     ServiceUnits.obj
 0002:0000a34c       __ehfuncinfo$?CreateInstance@?$CTempldateHelper@UITCPNetworkEngine@@@@QAE_NXZ 0043434c     ServiceUnits.obj
 0002:0000a37c       __ehfuncinfo$??0CServiceUnits@@QAE@XZ 0043437c     ServiceUnits.obj
 0002:0000a3a0       __unwindtable$??0CServiceUnits@@QAE@XZ 004343a0     ServiceUnits.obj
 0002:0000a3d8       __ehfuncinfo$??1CServiceUnits@@UAE@XZ 004343d8     ServiceUnits.obj
 0002:0000a400       __unwindtable$?TraceV@CTrace@ATL@@SAXPBDHII0PAD@Z 00434400     Stdafx.obj
 0002:0000a410       __ehfuncinfo$?TraceV@CTrace@ATL@@SAXPBDHII0PAD@Z 00434410     Stdafx.obj
 0002:0000a43c       __unwindtable$??RCTraceFileAndLineInfo@ATL@@QBAXHIPBDZZ 0043443c     Stdafx.obj
 0002:0000a444       __ehfuncinfo$??RCTraceFileAndLineInfo@ATL@@QBAXHIPBDZZ 00434444     Stdafx.obj
 0002:0000a46c       __ehfuncinfo$??1?$CSimpleArray@GV?$CSimpleArrayEqualHelper@G@ATL@@@ATL@@QAE@XZ 0043446c     Stdafx.obj
 0002:0000a494       __unwindtable$??0_ATL_WIN_MODULE70@ATL@@QAE@XZ 00434494     Stdafx.obj
 0002:0000a49c       __ehfuncinfo$??0_ATL_WIN_MODULE70@ATL@@QAE@XZ 0043449c     Stdafx.obj
 0002:0000a4c4       __ehfuncinfo$??1CAtlComModule@ATL@@QAE@XZ 004344c4     Stdafx.obj
 0002:0000a4ec       __ehfuncinfo$??1CAtlWinModule@ATL@@QAE@XZ 004344ec     Stdafx.obj
 0002:0000a518       __sehtable$_WinbaseIsolationAwarePrivatetRgzlnPgpgk@0 00434518     mfcs140d:nolib.obj
 0002:0000a538       __sehtable$_IsolationAwareUnregisterClassA@8 00434538     mfcs140d:nolib.obj
 0002:0000a558       __ehfuncinfo$??_Estringdispid@CComTypeInfoHolder@ATL@@QAEPAXI@Z 00434558     mfcs140d:nolib.obj
 0002:0000a580       __sehtable$___scrt_is_nonwritable_in_current_image 00434580     msvcrtd:utility.obj
 0002:0000a5a0       __sehtable$??_L@YGXPAXIIP6EX0@Z1@Z 004345a0     msvcrtd:ehvecctr.obj
 0002:0000a5c0       __sehtable$??_M@YGXPAXIIP6EX0@Z@Z 004345c0     msvcrtd:ehvecdtr.obj
 0002:0000a5e0       __sehtable$?__ArrayUnwind@@YGXPAXIIP6EX0@Z@Z 004345e0     msvcrtd:ehvecdtr.obj
 0002:0000a600       __ehfuncinfo$?__scrt_initialize_thread_safe_statics_platform_specific@@YAXXZ 00434600     msvcrtd:thread_safe_statics.obj
 0002:0000a628       __ehfuncinfo$?__scrt_uninitialize_thread_safe_statics@@YAXXZ 00434628     msvcrtd:thread_safe_statics.obj
 0002:0000a650       __sehtable$?__scrt_common_main_seh@@YAHXZ 00434650     msvcrtd:exe_winmain.obj
 0002:0000a670       __sehtable$?notify_debugger@@YAXABUtagEXCEPTION_VISUALCPP_DEBUG_INFO@@@Z 00434670     msvcrtd:error.obj
 0003:0000334c       ?is_initialized_as_dll@@3_NA 0043834c     msvcrtd:utility.obj
 0003:0000334d       ?module_local_atexit_table_initialized@@3_NA 0043834d     msvcrtd:utility.obj
 0003:00003350       ?module_local_atexit_table@@3U_onexit_table_t@@A 00438350     msvcrtd:utility.obj
 0003:0000335c       ?module_local_at_quick_exit_table@@3U_onexit_table_t@@A 0043835c     msvcrtd:utility.obj
 0003:00003370       ?_Tss_mutex@@3U_RTL_CRITICAL_SECTION@@A 00438370     msvcrtd:thread_safe_statics.obj
 0003:00003388       ?_Tss_cv@@3U_RTL_CONDITION_VARIABLE@@A 00438388     msvcrtd:thread_safe_statics.obj
 0003:0000338c       ?_Tss_event@@3PAXA         0043838c     msvcrtd:thread_safe_statics.obj
 0003:00003390       ?encoded_sleep_condition_variable_cs@@3P6GHPAU_RTL_CONDITION_VARIABLE@@PAU_RTL_CRITICAL_SECTION@@K@ZA 00438390     msvcrtd:thread_safe_statics.obj
 0003:00003394       ?encoded_wake_all_condition_variable@@3P6GXPAU_RTL_CONDITION_VARIABLE@@@ZA 00438394     msvcrtd:thread_safe_statics.obj
 0003:000033a4       ?init@?1??_RTC_InitBase@@9@4_NA 004383a4     msvcrtd:init.obj
 0003:000033a8       _GS_ExceptionRecord        004383a8     msvcrtd:gs_report.obj
 0003:000033f8       _GS_ContextRecord          004383f8     msvcrtd:gs_report.obj
 0003:00003794       ?_RTC_ErrorReportFunc@@3P6AHHPBDH00ZZA 00438794     msvcrtd:userapi.obj
 0003:00003798       ?_RTC_ErrorReportFuncW@@3P6AHHPB_WH00ZZA 00438798     msvcrtd:userapi.obj
 0003:000037a0       ?mspdb@@3PAUHINSTANCE__@@A 004387a0     msvcrtd:pdblkup.obj
 0003:000037a4       ?alreadyTried@?1??GetPdbDll@@YAPAUHINSTANCE__@@XZ@4_NA 004387a4     msvcrtd:pdblkup.obj
 0003:000037a5       ?PDBOK@?1??_RTC_GetSrcLine@@YAHPAEPA_WKPAH1K@Z@4_NA 004387a5     msvcrtd:pdblkup.obj
 0004:000011dc       .idata$6                   0043a1dc     ServiceCore:ServiceCore.dll
 0004:00001268       .idata$6                   0043a268     KernelEngine:KernelEngine.dll
 0004:0000127a       .idata$6                   0043a27a     mfc140d:mfc140d.dll
 0004:000015cc       .idata$6                   0043a5cc     kernel32:KERNEL32.dll
 0004:0000161c       .idata$6                   0043a61c     user32:USER32.dll
 0004:00001628       .idata$6                   0043a628     comctl32:COMCTL32.dll
 0004:00001636       .idata$6                   0043a636     oleaut32:OLEAUT32.dll
 0004:00001782       .idata$6                   0043a782     msvcprtd:MSVCP140D.dll
 0004:00001878       .idata$6                   0043a878     vcruntimed:VCRUNTIME140D.dll
 0004:00001bea       .idata$6                   0043abea     ucrtd:ucrtbased.dll
 0007:000003f0       $R000000                   0043d3f0     Correspond.res
 0007:00002098       $R001CA8                   0043f098     Correspond.res
 0007:00002d40       $R002950                   0043fd40     Correspond.res
 0007:000030a8       $R002CB8                   004400a8     Correspond.res
 0007:00005650       $R005260                   00442650     Correspond.res
 0007:000066f8       $R006308                   004436f8     Correspond.res
 0007:00006b60       $R006770                   00443b60     Correspond.res
 0007:00006bc0       $R0067D0                   00443bc0     Correspond.res
 0007:00006cc0       $R0068D0                   00443cc0     Correspond.res
 0007:00006fa0       $R006BB0                   00443fa0     Correspond.res
