 GameServer

 Timestamp is 5da6ac54 (Wed Oct 16 13:36:20 2019)

 Preferred load address is 00400000

 Start         Length     Name                   Class
 0001:00000000 000076d0H .text$di                CODE
 0001:000076d0 0007b890H .text$mn                CODE
 0001:00082f60 000042b0H .text$x                 CODE
 0001:00087210 00001198H .text$yd                CODE
 0002:00000000 00000104H .CRT$XCA                DATA
 0002:00000104 00000104H .CRT$XCAA               DATA
 0002:00000208 0000010cH .CRT$XCL                DATA
 0002:00000314 00000188H .CRT$XCU                DATA
 0002:0000049c 00000104H .CRT$XCZ                DATA
 0002:000005a0 00000104H .CRT$XIA                DATA
 0002:000006a4 00000104H .CRT$XIAA               DATA
 0002:000007a8 00000104H .CRT$XIAC               DATA
 0002:000008ac 00000104H .CRT$XIC                DATA
 0002:000009b0 00000104H .CRT$XIZ                DATA
 0002:00000ab4 00000004H .CRT$XLA                DATA
 0002:00000ab8 00000004H .CRT$XLZ                DATA
 0002:00000abc 00000104H .CRT$XPA                DATA
 0002:00000bc0 00000104H .CRT$XPZ                DATA
 0002:00000cc4 00000104H .CRT$XTA                DATA
 0002:00000dc8 00000108H .CRT$XTZ                DATA
 0002:00000ed0 0000ce44H .rdata                  DATA
 0002:0000dd14 0000011cH .rdata$T                DATA
 0002:0000de30 00001c70H .rdata$r                DATA
 0002:0000faa0 0000048cH .rdata$sxdata           DATA
 0002:0000ff2c 000001a0H .rdata$zzzdbg           DATA
 0002:000100cc 00000104H .rtc$IAA                DATA
 0002:000101d0 00000124H .rtc$IMZ                DATA
 0002:000102f4 00000104H .rtc$IZZ                DATA
 0002:000103f8 00000104H .rtc$TAA                DATA
 0002:000104fc 00000124H .rtc$TMZ                DATA
 0002:00010620 00000108H .rtc$TZZ                DATA
 0002:00010728 00004894H .xdata$x                DATA
 0002:00014fbc 00000104H ATL$__a                 DATA
 0002:000150c0 00000104H ATL$__z                 DATA
 0002:000151c4 00000000H .edata                  DATA
 0003:00000000 00000728H .data                   DATA
 0003:00000728 00001028H .data$r                 DATA
 0003:00001750 00002e44H .bss                    DATA
 0004:00000000 00000ac0H .idata$5                DATA
 0004:00000ac0 00000104H .idata$2                DATA
 0004:00000bc4 00000014H .idata$3                DATA
 0004:00000bd8 00000ac0H .idata$4                DATA
 0004:00001698 00001e0cH .idata$6                DATA
 0005:00000000 00000104H .tls                    DATA
 0005:00000104 00000104H .tls$                   DATA
 0005:00000208 00000101H .tls$ZZZ                DATA
 0006:00000000 00000104H .00cfg                  DATA
 0007:00000000 00000490H .rsrc$01                DATA
 0007:00000490 000080d6H .rsrc$02                DATA

  Address         Publics by Value              Rva+Base       Lib:Object

 0000:00000000       ___guard_fids_table        00000000     <absolute>
 0000:00000000       ___enclave_config          00000000     <absolute>
 0000:00000000       ___volatile_metadata       00000000     <absolute>
 0000:00000000       ___hybrid_code_map_count   00000000     <absolute>
 0000:00000000       ___guard_longjmp_table     00000000     <absolute>
 0000:00000000       ___guard_iat_table         00000000     <absolute>
 0000:00000000       ___guard_fids_count        00000000     <absolute>
 0000:00000000       ___hybrid_auxiliary_iat    00000000     <absolute>
 0000:00000000       ___guard_iat_count         00000000     <absolute>
 0000:00000000       ___guard_longjmp_count     00000000     <absolute>
 0000:00000000       ___hybrid_code_map         00000000     <absolute>
 0000:00000000       ___dynamic_value_reloc_table 00000000     <absolute>
 0000:0000002c       __tls_array                0000002c     <absolute>
 0000:000000bd       ___safe_se_handler_count   000000bd     <absolute>
 0000:00000100       ___guard_flags             00000100     <absolute>
 0000:00000000       ___ImageBase               00400000     <linker-defined>
 0001:000076d0       ??$CompareElements@KK@@YGHPBK0@Z 004086d0 f i AttemperEngineSink.obj
 0001:000077d0       ??$DumpElements@K@@YGXAAVCDumpContext@@PBKH@Z 004087d0 f i AttemperEngineSink.obj
 0001:00007880       ??$HashKey@K@@YGIK@Z       00408880 f i AttemperEngineSink.obj
 0001:000078f0       ??$SerializeElements@K@@YGXAAVCArchive@@PAKH@Z 004088f0 f i AttemperEngineSink.obj
 0001:00007a90       ??$_snprintf_s@$0BAA@@@YAHAAY0BAA@DIPBDZZ 00408a90 f i AttemperEngineSink.obj
 0001:00007ad0       ??$_snprintf_s@$0CAA@@@YAHAAY0CAA@DIPBDZZ 00408ad0 f i AttemperEngineSink.obj
 0001:00007b10       ??$_snprintf_s@$0EA@@@YAHAAY0EA@DIPBDZZ 00408b10 f i AttemperEngineSink.obj
 0001:00007b50       ??$_snprintf_s@$0IA@@@YAHAAY0IA@DIPBDZZ 00408b50 f i AttemperEngineSink.obj
 0001:00007b90       ??0?$CMap@KKKAAK@@QAE@H@Z  00408b90 f i AttemperEngineSink.obj
 0001:00007c80       ??0?$CTraceCategoryEx@$0CAAA@$0A@@ATL@@QAE@PBD@Z 00408c80 f i AttemperEngineSink.obj
 0001:00007cc0       ??0?$CTraceCategoryEx@$0CAAAA@$0A@@ATL@@QAE@PBD@Z 00408cc0 f i AttemperEngineSink.obj
 0001:00007d00       ??0?$CWHArray@PAUtagPersonalTableParameter@@ABQAU1@@@QAE@XZ 00408d00 f i AttemperEngineSink.obj
 0001:00007d60       ??0?$CWHArray@PAUtagSystemMessage@@ABQAU1@@@QAE@XZ 00408d60 f i AttemperEngineSink.obj
 0001:00007dc0       ??0?$CWHArray@PAVCTableFrame@@ABQAV1@@@QAE@XZ 00408dc0 f i AttemperEngineSink.obj
 0001:00007e20       ??0?$CWHArray@PBDABQBD@@QAE@XZ 00408e20 f i AttemperEngineSink.obj
 0001:00007e80       ??0?$CWHArray@UtagDistributeInfo@@ABU1@@@QAE@XZ 00408e80 f i AttemperEngineSink.obj
 0001:00007ee0       ??0CAssoc@?$CMap@KKKAAK@@QAE@K@Z 00408ee0 f i AttemperEngineSink.obj
 0001:00007f10       ??0CAttemperEngineSink@@QAE@XZ 00408f10 f   AttemperEngineSink.obj
 0001:00008310       ??0CFilterTree@@QAE@XZ     00409310 f i AttemperEngineSink.obj
 0001:00008340       ??0CMD_CS_C_DismissTable@@QAE@XZ 00409340 f i AttemperEngineSink.obj
 0001:00008370       ??0CMD_CS_C_UpdateTablePlayerCount@@QAE@XZ 00409370 f i AttemperEngineSink.obj
 0001:000083c0       ??0CMD_GR_DissumeTable@@QAE@XZ 004093c0 f i AttemperEngineSink.obj
 0001:00008400       ??0CPair@?$CMap@KKKAAK@@IAE@K@Z 00409400 f i AttemperEngineSink.obj
 0001:00008430       ??0CRecvPacketHelper@@QAE@PBXG@Z 00409430 f i AttemperEngineSink.obj
 0001:00008480       ??0CSendPacketHelper@@QAE@PAXG@Z 00409480 f i AttemperEngineSink.obj
 0001:000084d0       ??0CSensitiveWordsFilter@@QAE@XZ 004094d0 f i AttemperEngineSink.obj
 0001:00008510       ??0IAttemperEngineSink@@QAE@XZ 00409510 f i AttemperEngineSink.obj
 0001:00008540       ??0IMainServiceFrame@@QAE@XZ 00409540 f i AttemperEngineSink.obj
 0001:00008570       ??0IServerUserItemSink@@QAE@XZ 00409570 f i AttemperEngineSink.obj
 0001:000085a0       ??0IUnknownEx@@QAE@XZ      004095a0 f i AttemperEngineSink.obj
 0001:000085d0       ??0tagPersonalUserScoreInfo@@QAE@XZ 004095d0 f i AttemperEngineSink.obj
 0001:00008600       ??1?$CMap@KKKAAK@@UAE@XZ   00409600 f i AttemperEngineSink.obj
 0001:00008690       ??1?$CWHArray@PAUtagPersonalTableParameter@@ABQAU1@@@UAE@XZ 00409690 f i AttemperEngineSink.obj
 0001:00008710       ??1?$CWHArray@PAUtagSystemMessage@@ABQAU1@@@UAE@XZ 00409710 f i AttemperEngineSink.obj
 0001:00008790       ??1?$CWHArray@PAVCTableFrame@@ABQAV1@@@UAE@XZ 00409790 f i AttemperEngineSink.obj
 0001:00008810       ??1?$CWHArray@PBDABQBD@@UAE@XZ 00409810 f i AttemperEngineSink.obj
 0001:00008890       ??1?$CWHArray@UtagDistributeInfo@@ABU1@@@UAE@XZ 00409890 f i AttemperEngineSink.obj
 0001:00008910       ??1CAttemperEngineSink@@UAE@XZ 00409910 f   AttemperEngineSink.obj
 0001:00008d50       ??1CSensitiveWordsFilter@@UAE@XZ 00409d50 f i AttemperEngineSink.obj
 0001:00008d80       ??2@YAPAXIPAX@Z            00409d80 f i AttemperEngineSink.obj
 0001:00008da0       ??A?$CMap@KKKAAK@@QAEAAKK@Z 00409da0 f i AttemperEngineSink.obj
 0001:00008ed0       ??A?$CWHArray@PAUtagSystemMessage@@ABQAU1@@@QAEAAPAUtagSystemMessage@@H@Z 00409ed0 f i AttemperEngineSink.obj
 0001:00008f00       ??A?$CWHArray@PAVCTableFrame@@ABQAV1@@@QAEAAPAVCTableFrame@@H@Z 00409f00 f i AttemperEngineSink.obj
 0001:00008f30       ??A?$CWHArray@UtagDistributeInfo@@ABU1@@@QAEAAUtagDistributeInfo@@H@Z 00409f30 f i AttemperEngineSink.obj
 0001:00008f60       ??C?$CTempldateHelper@UITCPNetworkEngine@@@@QBEPAUITCPNetworkEngine@@XZ 00409f60 f i AttemperEngineSink.obj
 0001:00008f90       ??_G?$CMap@KKKAAK@@UAEPAXI@Z 00409f90 f i AttemperEngineSink.obj
 0001:00008f90       ??_E?$CMap@KKKAAK@@UAEPAXI@Z 00409f90 f i AttemperEngineSink.obj
 0001:00008ff0       ??_G?$CWHArray@PAUtagPersonalTableParameter@@ABQAU1@@@UAEPAXI@Z 00409ff0 f i AttemperEngineSink.obj
 0001:00008ff0       ??_E?$CWHArray@PAUtagPersonalTableParameter@@ABQAU1@@@UAEPAXI@Z 00409ff0 f i AttemperEngineSink.obj
 0001:00009040       ??_G?$CWHArray@PAUtagSystemMessage@@ABQAU1@@@UAEPAXI@Z 0040a040 f i AttemperEngineSink.obj
 0001:00009040       ??_E?$CWHArray@PAUtagSystemMessage@@ABQAU1@@@UAEPAXI@Z 0040a040 f i AttemperEngineSink.obj
 0001:00009090       ??_G?$CWHArray@PAVCTableFrame@@ABQAV1@@@UAEPAXI@Z 0040a090 f i AttemperEngineSink.obj
 0001:00009090       ??_E?$CWHArray@PAVCTableFrame@@ABQAV1@@@UAEPAXI@Z 0040a090 f i AttemperEngineSink.obj
 0001:000090e0       ??_G?$CWHArray@PBDABQBD@@UAEPAXI@Z 0040a0e0 f i AttemperEngineSink.obj
 0001:000090e0       ??_E?$CWHArray@PBDABQBD@@UAEPAXI@Z 0040a0e0 f i AttemperEngineSink.obj
 0001:00009130       ??_G?$CWHArray@UtagDistributeInfo@@ABU1@@@UAEPAXI@Z 0040a130 f i AttemperEngineSink.obj
 0001:00009130       ??_E?$CWHArray@UtagDistributeInfo@@ABU1@@@UAEPAXI@Z 0040a130 f i AttemperEngineSink.obj
 0001:00009180       ??_GCAttemperEngineSink@@UAEPAXI@Z 0040a180 f i AttemperEngineSink.obj
 0001:00009180       ??_ECAttemperEngineSink@@UAEPAXI@Z 0040a180 f i AttemperEngineSink.obj
 0001:000091d0       ??_ECSensitiveWordsFilter@@UAEPAXI@Z 0040a1d0 f i AttemperEngineSink.obj
 0001:000091d0       ??_GCSensitiveWordsFilter@@UAEPAXI@Z 0040a1d0 f i AttemperEngineSink.obj
 0001:00009220       ??_H@YGXPAXIIP6EPAX0@Z@Z   0040a220 f i AttemperEngineSink.obj
 0001:00009270       ?Add@?$CWHArray@PAUtagPersonalTableParameter@@ABQAU1@@@QAEHABQAUtagPersonalTableParameter@@@Z 0040a270 f i AttemperEngineSink.obj
 0001:000092b0       ?Add@?$CWHArray@PAUtagSystemMessage@@ABQAU1@@@QAEHABQAUtagSystemMessage@@@Z 0040a2b0 f i AttemperEngineSink.obj
 0001:000092f0       ?AddPacket@CSendPacketHelper@@QAE_NPAXGG@Z 0040a2f0 f i AttemperEngineSink.obj
 0001:00009460       ?AddPacket@CSendPacketHelper@@QAE_NPBDG@Z 0040a460 f i AttemperEngineSink.obj
 0001:000094f0       ?AfxAssertFailedLine@@YGHPBDH@Z 0040a4f0 f i AttemperEngineSink.obj
 0001:00009560       ?AllocMemory@?$CWHArray@PAUtagPersonalTableParameter@@ABQAU1@@@QAEXH@Z 0040a560 f i AttemperEngineSink.obj
 0001:000096d0       ?AllocMemory@?$CWHArray@PAUtagSystemMessage@@ABQAU1@@@QAEXH@Z 0040a6d0 f i AttemperEngineSink.obj
 0001:00009840       ?AllocMemory@?$CWHArray@PAVCTableFrame@@ABQAV1@@@QAEXH@Z 0040a840 f i AttemperEngineSink.obj
 0001:000099b0       ?Append@?$CWHArray@PAUtagSystemMessage@@ABQAU1@@@QAEHABV1@@Z 0040a9b0 f i AttemperEngineSink.obj
 0001:00009aa0       ?AssertValid@?$CMap@KKKAAK@@UBEXXZ 0040aaa0 f i AttemperEngineSink.obj
 0001:00009b20       ?CanDismissGame@CMasterRight@@SA_NK@Z 0040ab20 f i AttemperEngineSink.obj
 0001:00009b60       ?CanIssueMessage@CMasterRight@@SA_NK@Z 0040ab60 f i AttemperEngineSink.obj
 0001:00009ba0       ?CanKillOutUser@CUserRight@@SA_NK@Z 0040aba0 f i AttemperEngineSink.obj
 0001:00009be0       ?CanKillUser@CMasterRight@@SA_NK@Z 0040abe0 f i AttemperEngineSink.obj
 0001:00009c20       ?CanLimitGameChat@CMasterRight@@SA_NK@Z 0040ac20 f i AttemperEngineSink.obj
 0001:00009c60       ?CanLimitRoomChat@CMasterRight@@SA_NK@Z 0040ac60 f i AttemperEngineSink.obj
 0001:00009ca0       ?CanLimitUserChat@CMasterRight@@SA_NK@Z 0040aca0 f i AttemperEngineSink.obj
 0001:00009ce0       ?CanLimitWisper@CMasterRight@@SA_NK@Z 0040ace0 f i AttemperEngineSink.obj
 0001:00009d20       ?CanManagerAndroid@CMasterRight@@SA_NK@Z 0040ad20 f i AttemperEngineSink.obj
 0001:00009d60       ?CanRoomChat@CUserRight@@SA_NK@Z 0040ad60 f i AttemperEngineSink.obj
 0001:00009da0       ?CanSendWarning@CMasterRight@@SA_NK@Z 0040ada0 f i AttemperEngineSink.obj
 0001:00009de0       ?CanWisper@CUserRight@@SA_NK@Z 0040ade0 f i AttemperEngineSink.obj
 0001:00009e20       ?CancelCreateTable@CAttemperEngineSink@@UAEXKKKKGK@Z 0040ae20 f   AttemperEngineSink.obj
 0001:0000a0f0       ?DeleteDistribute@CAttemperEngineSink@@UAE_NPAUIServerUserItem@@@Z 0040b0f0 f   AttemperEngineSink.obj
 0001:0000a130       ?DisconnectCorrespond@CAttemperEngineSink@@UAE_NXZ 0040b130 f   AttemperEngineSink.obj
 0001:0000a1b0       ?DismissPersonalTable@CAttemperEngineSink@@UAEXGG@Z 0040b1b0 f   AttemperEngineSink.obj
 0001:0000a270       ?Dump@?$CMap@KKKAAK@@UBEXAAVCDumpContext@@@Z 0040b270 f i AttemperEngineSink.obj
 0001:0000a380       ?ElementAt@?$CWHArray@PAUtagSystemMessage@@ABQAU1@@@QAEAAPAUtagSystemMessage@@H@Z 0040b380 f i AttemperEngineSink.obj
 0001:0000a400       ?ElementAt@?$CWHArray@PAVCTableFrame@@ABQAV1@@@QAEAAPAVCTableFrame@@H@Z 0040b400 f i AttemperEngineSink.obj
 0001:0000a480       ?ElementAt@?$CWHArray@UtagDistributeInfo@@ABU1@@@QAEAAUtagDistributeInfo@@H@Z 0040b480 f i AttemperEngineSink.obj
 0001:0000a4f0       ?FreeAssoc@?$CMap@KKKAAK@@IAEXPAVCAssoc@1@@Z 0040b4f0 f i AttemperEngineSink.obj
 0001:0000a570       ?GetAssocAt@?$CMap@KKKAAK@@IBEPAVCAssoc@1@KAAI0@Z 0040b570 f i AttemperEngineSink.obj
 0001:0000a620       ?GetAt@?$CWHArray@PAUtagPersonalTableParameter@@ABQAU1@@@QAEAAPAUtagPersonalTableParameter@@H@Z 0040b620 f i AttemperEngineSink.obj
 0001:0000a6a0       ?GetAt@?$CWHArray@PAVCTableFrame@@ABQAV1@@@QAEAAPAVCTableFrame@@H@Z 0040b6a0 f i AttemperEngineSink.obj
 0001:0000a720       ?GetBindParameter@CAttemperEngineSink@@UAEPAUtagBindParameter@@G@Z 0040b720 f   AttemperEngineSink.obj
 0001:0000a7e0       ?GetBindUserItem@CAttemperEngineSink@@UAEPAUIServerUserItem@@G@Z 0040b7e0 f   AttemperEngineSink.obj
 0001:0000a850       ?GetBuildVer@@YAEK@Z       0040b850 f i AttemperEngineSink.obj
 0001:0000a880       ?GetCount@?$CWHArray@PAUtagPersonalTableParameter@@ABQAU1@@@QBEHXZ 0040b880 f i AttemperEngineSink.obj
 0001:0000a8a0       ?GetCount@?$CWHArray@PAUtagSystemMessage@@ABQAU1@@@QBEHXZ 0040b8a0 f i AttemperEngineSink.obj
 0001:0000a8c0       ?GetCount@?$CWHArray@PAVCTableFrame@@ABQAV1@@@QBEHXZ 0040b8c0 f i AttemperEngineSink.obj
 0001:0000a8e0       ?GetCount@?$CWHArray@UtagDistributeInfo@@ABU1@@@QBEHXZ 0040b8e0 f i AttemperEngineSink.obj
 0001:0000a900       ?GetCount@CDistributeManager@@QAEGXZ 0040b900 f i AttemperEngineSink.obj
 0001:0000a920       ?GetData@?$CWHArray@PAVCTableFrame@@ABQAV1@@@QAEPAPAVCTableFrame@@XZ 0040b920 f i AttemperEngineSink.obj
 0001:0000a940       ?GetData@CRecvPacketHelper@@QAEPAXAAUtagDataDescribe@@@Z 0040b940 f i AttemperEngineSink.obj
 0001:0000aaf0       ?GetDataSize@CSendPacketHelper@@QAEGXZ 0040baf0 f i AttemperEngineSink.obj
 0001:0000ab10       ?GetInterface@?$CTempldateHelper@UITCPNetworkEngine@@@@QBEPAUITCPNetworkEngine@@XZ 0040bb10 f i AttemperEngineSink.obj
 0001:0000ab40       ?GetMainVer@@YAEK@Z        0040bb40 f i AttemperEngineSink.obj
 0001:0000ab70       ?GetNextAssoc@?$CMap@KKKAAK@@QBEXAAPAU__POSITION@@AAK1@Z 0040bb70 f i AttemperEngineSink.obj
 0001:0000adc0       ?GetProductVer@@YAEK@Z     0040bdc0 f i AttemperEngineSink.obj
 0001:0000adf0       ?GetPropertyType@CAttemperEngineSink@@QAEGG@Z 0040bdf0 f   AttemperEngineSink.obj
 0001:0000aec0       ?GetServiceStatus@CServiceUnits@@QAE?AW4enServiceStatus@@XZ 0040bec0 f i AttemperEngineSink.obj
 0001:0000aef0       ?GetStartPosition@?$CMap@KKKAAK@@QBEPAU__POSITION@@XZ 0040bef0 f i AttemperEngineSink.obj
 0001:0000af30       ?GetSubVer@@YAEK@Z         0040bf30 f i AttemperEngineSink.obj
 0001:0000af60       ?InitAndroidUser@CAttemperEngineSink@@IAE_NXZ 0040bf60 f   AttemperEngineSink.obj
 0001:0000b0b0       ?InitHashTable@?$CMap@KKKAAK@@QAEXIH@Z 0040c0b0 f i AttemperEngineSink.obj
 0001:0000b230       ?InitMatchServiceManager@CAttemperEngineSink@@IAE_NXZ 0040c230 f   AttemperEngineSink.obj
 0001:0000b3c0       ?InitPersonalRoomServiceManager@CAttemperEngineSink@@IAE_NXZ 0040c3c0 f   AttemperEngineSink.obj
 0001:0000b560       ?InitTableFrameArray@CAttemperEngineSink@@IAE_NXZ 0040c560 f   AttemperEngineSink.obj
 0001:0000b950       ?InsertDistribute@CAttemperEngineSink@@UAE_NPAUIServerUserItem@@@Z 0040c950 f   AttemperEngineSink.obj
 0001:0000bc00       ?InterfaceVersionCompare@@YA_NKK@Z 0040cc00 f i AttemperEngineSink.obj
 0001:0000bce0       ?IsAllowAndroidAttend@CServerRule@@SA_NK@Z 0040cce0 f i AttemperEngineSink.obj
 0001:0000bd20       ?IsAllowAndroidSimulate@CServerRule@@SA_NK@Z 0040cd20 f i AttemperEngineSink.obj
 0001:0000bd60       ?IsAllowAvertCheatMode@CServerRule@@SA_NK@Z 0040cd60 f i AttemperEngineSink.obj
 0001:0000bda0       ?IsAllowDynamicJoin@CServerRule@@SA_NK@Z 0040cda0 f i AttemperEngineSink.obj
 0001:0000bde0       ?IsAllowOffLineTrustee@CServerRule@@SA_NK@Z 0040cde0 f i AttemperEngineSink.obj
 0001:0000be20       ?IsForfendGameChat@CServerRule@@SA_NK@Z 0040ce20 f i AttemperEngineSink.obj
 0001:0000be60       ?IsForfendGameEnter@CServerRule@@SA_NK@Z 0040ce60 f i AttemperEngineSink.obj
 0001:0000bea0       ?IsForfendGameLookon@CServerRule@@SA_NK@Z 0040cea0 f i AttemperEngineSink.obj
 0001:0000bee0       ?IsForfendGameRule@CServerRule@@SA_NK@Z 0040cee0 f i AttemperEngineSink.obj
 0001:0000bf20       ?IsForfendLockTable@CServerRule@@SA_NK@Z 0040cf20 f i AttemperEngineSink.obj
 0001:0000bf60       ?IsForfendRoomChat@CServerRule@@SA_NK@Z 0040cf60 f i AttemperEngineSink.obj
 0001:0000bfa0       ?IsForfendRoomEnter@CServerRule@@SA_NK@Z 0040cfa0 f i AttemperEngineSink.obj
 0001:0000bfe0       ?IsForfendSaveInGame@CServerRule@@SA_NK@Z 0040cfe0 f i AttemperEngineSink.obj
 0001:0000c020       ?IsForfendSaveInRoom@CServerRule@@SA_NK@Z 0040d020 f i AttemperEngineSink.obj
 0001:0000c060       ?IsForfendTakeInGame@CServerRule@@SA_NK@Z 0040d060 f i AttemperEngineSink.obj
 0001:0000c0a0       ?IsForfendTakeInRoom@CServerRule@@SA_NK@Z 0040d0a0 f i AttemperEngineSink.obj
 0001:0000c0e0       ?IsForfendWisperChat@CServerRule@@SA_NK@Z 0040d0e0 f i AttemperEngineSink.obj
 0001:0000c120       ?IsForfendWisperOnGame@CServerRule@@SA_NK@Z 0040d120 f i AttemperEngineSink.obj
 0001:0000c160       ?IsGameCheatUser@CUserRight@@SA_NK@Z 0040d160 f i AttemperEngineSink.obj
 0001:0000c1a0       ?IsGameMatchUser@CUserRight@@SA_NK@Z 0040d1a0 f i AttemperEngineSink.obj
 0001:0000c1e0       ?IsImmediateWriteScore@CServerRule@@SA_NK@Z 0040d1e0 f i AttemperEngineSink.obj
 0001:0000c220       ?IsRecordGameScore@CServerRule@@SA_NK@Z 0040d220 f i AttemperEngineSink.obj
 0001:0000c260       ?IsRecordGameTrack@CServerRule@@SA_NK@Z 0040d260 f i AttemperEngineSink.obj
 0001:0000c2a0       ?IsSuportPlayBack@CServerRule@@SA_NK@Z 0040d2a0 f i AttemperEngineSink.obj
 0001:0000c2e0       ?Lookup@?$CMap@KKKAAK@@QBEHKAAK@Z 0040d2e0 f i AttemperEngineSink.obj
 0001:0000c350       ?MobileUserImmediately@CAttemperEngineSink@@IAE_NPAUIServerUserItem@@@Z 0040d350 f   AttemperEngineSink.obj
 0001:0000c660       ?NewAssoc@?$CMap@KKKAAK@@IAEPAVCAssoc@1@K@Z 0040d660 f i AttemperEngineSink.obj
 0001:0000c820       ?OnAttemperEngineConclude@CAttemperEngineSink@@UAE_NPAUIUnknownEx@@@Z 0040d820 f   AttemperEngineSink.obj
 0001:0000cd20       ?OnAttemperEngineStart@CAttemperEngineSink@@UAE_NPAUIUnknownEx@@@Z 0040dd20 f   AttemperEngineSink.obj
 0001:0000d330       ?OnDBCancelCreateTable@CAttemperEngineSink@@IAE_NKPAXG@Z 0040e330 f   AttemperEngineSink.obj
 0001:0000d730       ?OnDBCreateFailure@CAttemperEngineSink@@IAE_NKPAXG@Z 0040e730 f   AttemperEngineSink.obj
 0001:0000d8f0       ?OnDBCreateSucess@CAttemperEngineSink@@IAE_NKPAXG@Z 0040e8f0 f   AttemperEngineSink.obj
 0001:0000e0a0       ?OnDBCurrenceRoomCardAndBeant@CAttemperEngineSink@@IAE_NKPAXG@Z 0040f0a0 f   AttemperEngineSink.obj
 0001:0000e160       ?OnDBDissumeTableResult@CAttemperEngineSink@@IAE_NKPAXG@Z 0040f160 f   AttemperEngineSink.obj
 0001:0000e2f0       ?OnDBExChangeResult@CAttemperEngineSink@@IAE_NKPAXG@Z 0040f2f0 f   AttemperEngineSink.obj
 0001:0000e540       ?OnDBGameAndroidInfo@CAttemperEngineSink@@IAE_NKPAXG@Z 0040f540 f   AttemperEngineSink.obj
 0001:0000e630       ?OnDBGameAndroidParameter@CAttemperEngineSink@@IAE_NKPAXG@Z 0040f630 f   AttemperEngineSink.obj
 0001:0000e720       ?OnDBGameColumnInfo@CAttemperEngineSink@@IAE_NKPAXG@Z 0040f720 f   AttemperEngineSink.obj
 0001:0000e820       ?OnDBGameLoadTrumpet@CAttemperEngineSink@@IAE_NKPAXG@Z 0040f820 f   AttemperEngineSink.obj
 0001:0000e890       ?OnDBGameMemberParameter@CAttemperEngineSink@@IAE_NKPAXG@Z 0040f890 f   AttemperEngineSink.obj
 0001:0000e900       ?OnDBGameParameter@CAttemperEngineSink@@IAE_NKPAXG@Z 0040f900 f   AttemperEngineSink.obj
 0001:0000eab0       ?OnDBGamePropertyBuff@CAttemperEngineSink@@IAE_NKPAXG@Z 0040fab0 f   AttemperEngineSink.obj
 0001:0000ec80       ?OnDBGamePropertyBuy@CAttemperEngineSink@@IAE_NKPAXG@Z 0040fc80 f   AttemperEngineSink.obj
 0001:0000ee40       ?OnDBGameSendTrumpet@CAttemperEngineSink@@IAE_NKPAXG@Z 0040fe40 f   AttemperEngineSink.obj
 0001:0000eff0       ?OnDBLoadPersonalParameter@CAttemperEngineSink@@IAE_NKPAXG@Z 0040fff0 f   AttemperEngineSink.obj
 0001:0000f250       ?OnDBLogonFailure@CAttemperEngineSink@@IAE_NKPAXG@Z 00410250 f   AttemperEngineSink.obj
 0001:0000f340       ?OnDBLogonSuccess@CAttemperEngineSink@@IAE_NKPAXG@Z 00410340 f   AttemperEngineSink.obj
 0001:00010460       ?OnDBPCBaseEnsureParameter@CAttemperEngineSink@@IAE_NKPAXG@Z 00411460 f   AttemperEngineSink.obj
 0001:00010510       ?OnDBPCBaseEnsureResult@CAttemperEngineSink@@IAE_NKPAXG@Z 00411510 f   AttemperEngineSink.obj
 0001:000106d0       ?OnDBPCCheckInReward@CAttemperEngineSink@@IAE_NKPAXG@Z 004116d0 f   AttemperEngineSink.obj
 0001:00010750       ?OnDBPCGrowLevelConfig@CAttemperEngineSink@@IAE_NKPAXG@Z 00411750 f   AttemperEngineSink.obj
 0001:000107c0       ?OnDBPCGrowLevelParameter@CAttemperEngineSink@@IAE_NKPAXG@Z 004117c0 f   AttemperEngineSink.obj
 0001:00010920       ?OnDBPCGrowLevelUpgrade@CAttemperEngineSink@@IAE_NKPAXG@Z 00411920 f   AttemperEngineSink.obj
 0001:00010b20       ?OnDBPCMemberDayGiftResult@CAttemperEngineSink@@IAE_NKPAXG@Z 00411b20 f   AttemperEngineSink.obj
 0001:00010cb0       ?OnDBPCMemberDayPresentResult@CAttemperEngineSink@@IAE_NKPAXG@Z 00411cb0 f   AttemperEngineSink.obj
 0001:00010ea0       ?OnDBPCMemberDayQueryInfoResult@CAttemperEngineSink@@IAE_NKPAXG@Z 00411ea0 f   AttemperEngineSink.obj
 0001:00011030       ?OnDBPCUserCheckInInfo@CAttemperEngineSink@@IAE_NKPAXG@Z 00412030 f   AttemperEngineSink.obj
 0001:000110f0       ?OnDBPCUserCheckInResult@CAttemperEngineSink@@IAE_NKPAXG@Z 004120f0 f   AttemperEngineSink.obj
 0001:000112b0       ?OnDBPropertyFailure@CAttemperEngineSink@@IAE_NKPAXG@Z 004122b0 f   AttemperEngineSink.obj
 0001:000113b0       ?OnDBPropertySuccess@CAttemperEngineSink@@IAE_NKPAXG@Z 004123b0 f   AttemperEngineSink.obj
 0001:00011800       ?OnDBPurchaseResult@CAttemperEngineSink@@IAE_NKPAXG@Z 00412800 f   AttemperEngineSink.obj
 0001:00011b00       ?OnDBQueryGetSendPresent@CAttemperEngineSink@@IAE_NKPAXG@Z 00412b00 f   AttemperEngineSink.obj
 0001:00011c10       ?OnDBQueryPropertyBackpack@CAttemperEngineSink@@IAE_NKPAXG@Z 00412c10 f   AttemperEngineSink.obj
 0001:00011d70       ?OnDBQueryPropertyPresent@CAttemperEngineSink@@IAE_NKPAXG@Z 00412d70 f   AttemperEngineSink.obj
 0001:00011f60       ?OnDBQueryPropertyUse@CAttemperEngineSink@@IAE_NKPAXG@Z 00412f60 f   AttemperEngineSink.obj
 0001:00012310       ?OnDBQuerySendPresent@CAttemperEngineSink@@IAE_NKPAXG@Z 00413310 f   AttemperEngineSink.obj
 0001:00012410       ?OnDBQueryUserRoomScore@CAttemperEngineSink@@IAE_NKPAXG@Z 00413410 f   AttemperEngineSink.obj
 0001:00012430       ?OnDBSensitiveWords@CAttemperEngineSink@@IAE_NKPAXG@Z 00413430 f   AttemperEngineSink.obj
 0001:000124d0       ?OnDBSystemMessage@CAttemperEngineSink@@IAE_NKPAXG@Z 004134d0 f   AttemperEngineSink.obj
 0001:00012690       ?OnDBSystemMessageFinish@CAttemperEngineSink@@IAE_NKPAXG@Z 00413690 f   AttemperEngineSink.obj
 0001:00012760       ?OnDBUserInsureEnableResult@CAttemperEngineSink@@IAE_NKPAXG@Z 00413760 f   AttemperEngineSink.obj
 0001:000128f0       ?OnDBUserInsureFailure@CAttemperEngineSink@@IAE_NKPAXG@Z 004138f0 f   AttemperEngineSink.obj
 0001:00012a50       ?OnDBUserInsureInfo@CAttemperEngineSink@@IAE_NKPAXG@Z 00413a50 f   AttemperEngineSink.obj
 0001:00012c60       ?OnDBUserInsureSuccess@CAttemperEngineSink@@IAE_NKPAXG@Z 00413c60 f   AttemperEngineSink.obj
 0001:00012f70       ?OnDBUserInsureUserInfo@CAttemperEngineSink@@IAE_NKPAXG@Z 00413f70 f   AttemperEngineSink.obj
 0001:000130c0       ?OnDBUserTaskInfo@CAttemperEngineSink@@IAE_NKPAXG@Z 004140c0 f   AttemperEngineSink.obj
 0001:00013450       ?OnDBUserTaskList@CAttemperEngineSink@@IAE_NKPAXG@Z 00414450 f   AttemperEngineSink.obj
 0001:00013540       ?OnDBUserTaskListEnd@CAttemperEngineSink@@IAE_NKPAXG@Z 00414540 f   AttemperEngineSink.obj
 0001:000135b0       ?OnDBUserTaskResult@CAttemperEngineSink@@IAE_NKPAXG@Z 004145b0 f   AttemperEngineSink.obj
 0001:000139b0       ?OnEventAttemperData@CAttemperEngineSink@@UAE_NGPAXG@Z 004149b0 f   AttemperEngineSink.obj
 0001:000139d0       ?OnEventControl@CAttemperEngineSink@@UAE_NGPAXG@Z 004149d0 f   AttemperEngineSink.obj
 0001:00013e20       ?OnEventDataBase@CAttemperEngineSink@@UAE_NGKPAXG@Z 00414e20 f   AttemperEngineSink.obj
 0001:00014bd0       ?OnEventPropertyBuyPrep@CAttemperEngineSink@@IAE_NGGPAUIServerUserItem@@0@Z 00415bd0 f   AttemperEngineSink.obj
 0001:00015070       ?OnEventTCPNetworkBind@CAttemperEngineSink@@UAE_NKK@Z 00416070 f   AttemperEngineSink.obj
 0001:00015110       ?OnEventTCPNetworkRead@CAttemperEngineSink@@UAE_NUTCP_Command@@PAXGK@Z 00416110 f   AttemperEngineSink.obj
 0001:00015620       ?OnEventTCPNetworkShut@CAttemperEngineSink@@UAE_NKKK@Z 00416620 f   AttemperEngineSink.obj
 0001:000159a0       ?OnEventTCPSocketLink@CAttemperEngineSink@@UAE_NGH@Z 004169a0 f   AttemperEngineSink.obj
 0001:00016460       ?OnEventTCPSocketRead@CAttemperEngineSink@@UAE_NGUTCP_Command@@PAXG@Z 00417460 f   AttemperEngineSink.obj
 0001:00016650       ?OnEventTCPSocketShut@CAttemperEngineSink@@UAE_NGE@Z 00417650 f   AttemperEngineSink.obj
 0001:000168c0       ?OnEventTimer@CAttemperEngineSink@@UAE_NKI@Z 004178c0 f   AttemperEngineSink.obj
 0001:00018c80       ?OnEventUserItemGameData@CAttemperEngineSink@@UAE_NPAUIServerUserItem@@E@Z 00419c80 f   AttemperEngineSink.obj
 0001:00018f20       ?OnEventUserItemRight@CAttemperEngineSink@@UAE_NPAUIServerUserItem@@KKE@Z 00419f20 f   AttemperEngineSink.obj
 0001:00019030       ?OnEventUserItemScore@CAttemperEngineSink@@UAE_NPAUIServerUserItem@@E@Z 0041a030 f   AttemperEngineSink.obj
 0001:00019990       ?OnEventUserItemStatus@CAttemperEngineSink@@UAE_NPAUIServerUserItem@@GG@Z 0041a990 f   AttemperEngineSink.obj
 0001:00019e40       ?OnEventUserLogon@CAttemperEngineSink@@IAEXPAUIServerUserItem@@_N@Z 0041ae40 f   AttemperEngineSink.obj
 0001:0001ad30       ?OnEventUserLogout@CAttemperEngineSink@@IAEXPAUIServerUserItem@@K@Z 0041bd30 f   AttemperEngineSink.obj
 0001:0001b0c0       ?OnTCPNetwordSubSendTrumpet@CAttemperEngineSink@@IAE_NPAXGK@Z 0041c0c0 f   AttemperEngineSink.obj
 0001:0001b330       ?OnTCPNetworkMainBaseEnsure@CAttemperEngineSink@@IAE_NGPAXGK@Z 0041c330 f   AttemperEngineSink.obj
 0001:0001b3b0       ?OnTCPNetworkMainCheckIn@CAttemperEngineSink@@IAE_NGPAXGK@Z 0041c3b0 f   AttemperEngineSink.obj
 0001:0001b430       ?OnTCPNetworkMainExchange@CAttemperEngineSink@@IAE_NGPAXGK@Z 0041c430 f   AttemperEngineSink.obj
 0001:0001b510       ?OnTCPNetworkMainFrame@CAttemperEngineSink@@IAE_NGPAXGK@Z 0041c510 f   AttemperEngineSink.obj
 0001:0001b610       ?OnTCPNetworkMainGame@CAttemperEngineSink@@IAE_NGPAXGK@Z 0041c610 f   AttemperEngineSink.obj
 0001:0001b710       ?OnTCPNetworkMainInsure@CAttemperEngineSink@@IAE_NGPAXGK@Z 0041c710 f   AttemperEngineSink.obj
 0001:0001b890       ?OnTCPNetworkMainLogon@CAttemperEngineSink@@IAE_NGPAXGK@Z 0041c890 f   AttemperEngineSink.obj
 0001:0001b930       ?OnTCPNetworkMainManage@CAttemperEngineSink@@IAE_NGPAXGK@Z 0041c930 f   AttemperEngineSink.obj
 0001:0001bad0       ?OnTCPNetworkMainMatch@CAttemperEngineSink@@IAE_NGPAXGK@Z 0041cad0 f   AttemperEngineSink.obj
 0001:0001bbd0       ?OnTCPNetworkMainMember@CAttemperEngineSink@@IAE_NGPAXGK@Z 0041cbd0 f   AttemperEngineSink.obj
 0001:0001bc70       ?OnTCPNetworkMainPersonalTable@CAttemperEngineSink@@IAE_NGPAXGK@Z 0041cc70 f   AttemperEngineSink.obj
 0001:0001bd70       ?OnTCPNetworkMainProperty@CAttemperEngineSink@@IAE_NGPAXGK@Z 0041cd70 f   AttemperEngineSink.obj
 0001:0001bfc0       ?OnTCPNetworkMainTask@CAttemperEngineSink@@IAE_NGPAXGK@Z 0041cfc0 f   AttemperEngineSink.obj
 0001:0001c090       ?OnTCPNetworkMainUser@CAttemperEngineSink@@IAE_NGPAXGK@Z 0041d090 f   AttemperEngineSink.obj
 0001:0001c430       ?OnTCPNetworkSubBaseEnsureQueryRequest@CAttemperEngineSink@@IAE_NPAXGK@Z 0041d430 f   AttemperEngineSink.obj
 0001:0001c4e0       ?OnTCPNetworkSubBaseEnsureTakeRequest@CAttemperEngineSink@@IAE_NPAXGK@Z 0041d4e0 f   AttemperEngineSink.obj
 0001:0001c660       ?OnTCPNetworkSubCancelRequest@CAttemperEngineSink@@IAE_NPAXGK@Z 0041d660 f   AttemperEngineSink.obj
 0001:0001c840       ?OnTCPNetworkSubChairUserInfoReq@CAttemperEngineSink@@IAE_NPAXGK@Z 0041d840 f   AttemperEngineSink.obj
 0001:0001cd60       ?OnTCPNetworkSubCheckInDoneRequest@CAttemperEngineSink@@IAE_NPAXGK@Z 0041dd60 f   AttemperEngineSink.obj
 0001:0001ced0       ?OnTCPNetworkSubCheckInQueryRequest@CAttemperEngineSink@@IAE_NPAXGK@Z 0041ded0 f   AttemperEngineSink.obj
 0001:0001d000       ?OnTCPNetworkSubCreateTable@CAttemperEngineSink@@IAE_NPAXGK@Z 0041e000 f   AttemperEngineSink.obj
 0001:0001d380       ?OnTCPNetworkSubDismissGame@CAttemperEngineSink@@IAE_NPAXGK@Z 0041e380 f   AttemperEngineSink.obj
 0001:0001d520       ?OnTCPNetworkSubEnableInsureRequest@CAttemperEngineSink@@IAE_NPAXGK@Z 0041e520 f   AttemperEngineSink.obj
 0001:0001d730       ?OnTCPNetworkSubExchangeScoreByBeans@CAttemperEngineSink@@IAE_NPAXGK@Z 0041e730 f   AttemperEngineSink.obj
 0001:0001d8c0       ?OnTCPNetworkSubExchangeScoreByIngot@CAttemperEngineSink@@IAE_NPAXGK@Z 0041e8c0 f   AttemperEngineSink.obj
 0001:0001dad0       ?OnTCPNetworkSubGamePropertyBuy@CAttemperEngineSink@@IAE_NPAXGK@Z 0041ead0 f   AttemperEngineSink.obj
 0001:0001dc80       ?OnTCPNetworkSubGetSendPresent@CAttemperEngineSink@@IAE_NPAXGK@Z 0041ec80 f   AttemperEngineSink.obj
 0001:0001ddc0       ?OnTCPNetworkSubGiveUpTaskRequest@CAttemperEngineSink@@IAE_NPAXGK@Z 0041edc0 f   AttemperEngineSink.obj
 0001:0001df50       ?OnTCPNetworkSubGrowLevelQuery@CAttemperEngineSink@@IAE_NPAXGK@Z 0041ef50 f   AttemperEngineSink.obj
 0001:0001e0e0       ?OnTCPNetworkSubHostDissumeTable@CAttemperEngineSink@@IAE_NPAXGK@Z 0041f0e0 f   AttemperEngineSink.obj
 0001:0001e3b0       ?OnTCPNetworkSubKickAllUser@CAttemperEngineSink@@IAE_NPAXGK@Z 0041f3b0 f   AttemperEngineSink.obj
 0001:0001e660       ?OnTCPNetworkSubLimitUserChat@CAttemperEngineSink@@IAE_NPAXGK@Z 0041f660 f   AttemperEngineSink.obj
 0001:0001e980       ?OnTCPNetworkSubLoadTaskInfoRequest@CAttemperEngineSink@@IAE_NPAXGK@Z 0041f980 f   AttemperEngineSink.obj
 0001:0001eac0       ?OnTCPNetworkSubLogonAccounts@CAttemperEngineSink@@IAE_NPAXGK@Z 0041fac0 f   AttemperEngineSink.obj
 0001:0001ef80       ?OnTCPNetworkSubLogonMobile@CAttemperEngineSink@@IAE_NPAXGK@Z 0041ff80 f   AttemperEngineSink.obj
 0001:0001f540       ?OnTCPNetworkSubLogonUserID@CAttemperEngineSink@@IAE_NPAXGK@Z 00420540 f   AttemperEngineSink.obj
 0001:0001fb30       ?OnTCPNetworkSubManagerKickUser@CAttemperEngineSink@@IAE_NPAXGK@Z 00420b30 f   AttemperEngineSink.obj
 0001:0001fe10       ?OnTCPNetworkSubMemberDayGift@CAttemperEngineSink@@IAE_NPAXGK@Z 00420e10 f   AttemperEngineSink.obj
 0001:0001ff90       ?OnTCPNetworkSubMemberDayPresent@CAttemperEngineSink@@IAE_NPAXGK@Z 00420f90 f   AttemperEngineSink.obj
 0001:00020110       ?OnTCPNetworkSubMemberKickUser@CAttemperEngineSink@@IAE_NPAXGK@Z 00421110 f   AttemperEngineSink.obj
 0001:000205f0       ?OnTCPNetworkSubMemberQueryInfo@CAttemperEngineSink@@IAE_NPAXGK@Z 004215f0 f   AttemperEngineSink.obj
 0001:00020770       ?OnTCPNetworkSubOptionServer@CAttemperEngineSink@@IAE_NPAXGK@Z 00421770 f   AttemperEngineSink.obj
 0001:000210d0       ?OnTCPNetworkSubPropertyBackpack@CAttemperEngineSink@@IAE_NPAXGK@Z 004220d0 f   AttemperEngineSink.obj
 0001:000211f0       ?OnTCPNetworkSubPropertyPresent@CAttemperEngineSink@@IAE_NPAXGK@Z 004221f0 f   AttemperEngineSink.obj
 0001:00021370       ?OnTCPNetworkSubPropertyUse@CAttemperEngineSink@@IAE_NPAXGK@Z 00422370 f   AttemperEngineSink.obj
 0001:00021500       ?OnTCPNetworkSubPurchaseMember@CAttemperEngineSink@@IAE_NPAXGK@Z 00422500 f   AttemperEngineSink.obj
 0001:000216a0       ?OnTCPNetworkSubQueryExchangeInfo@CAttemperEngineSink@@IAE_NPAXGK@Z 004226a0 f   AttemperEngineSink.obj
 0001:000217f0       ?OnTCPNetworkSubQueryInsureInfo@CAttemperEngineSink@@IAE_NPAXGK@Z 004227f0 f   AttemperEngineSink.obj
 0001:000219c0       ?OnTCPNetworkSubQueryOption@CAttemperEngineSink@@IAE_NPAXGK@Z 004229c0 f   AttemperEngineSink.obj
 0001:00021d10       ?OnTCPNetworkSubQuerySendPresent@CAttemperEngineSink@@IAE_NPAXGK@Z 00422d10 f   AttemperEngineSink.obj
 0001:00021e10       ?OnTCPNetworkSubQueryUserInfoRequest@CAttemperEngineSink@@IAE_NPAXGK@Z 00422e10 f   AttemperEngineSink.obj
 0001:000220c0       ?OnTCPNetworkSubQueryUserRoomScore@CAttemperEngineSink@@IAE_NPAXGK@Z 004230c0 f   AttemperEngineSink.obj
 0001:000220e0       ?OnTCPNetworkSubRequestReply@CAttemperEngineSink@@IAE_NPAXGK@Z 004230e0 f   AttemperEngineSink.obj
 0001:000222c0       ?OnTCPNetworkSubRoomCheat@CAttemperEngineSink@@IAE_NPAXGK@Z 004232c0 f   AttemperEngineSink.obj
 0001:00022580       ?OnTCPNetworkSubSaveScoreRequest@CAttemperEngineSink@@IAE_NPAXGK@Z 00423580 f   AttemperEngineSink.obj
 0001:00022b00       ?OnTCPNetworkSubSendMessage@CAttemperEngineSink@@IAE_NPAXGK@Z 00423b00 f   AttemperEngineSink.obj
 0001:00022d40       ?OnTCPNetworkSubTakeScoreRequest@CAttemperEngineSink@@IAE_NPAXGK@Z 00423d40 f   AttemperEngineSink.obj
 0001:00023090       ?OnTCPNetworkSubTakeTaskRequest@CAttemperEngineSink@@IAE_NPAXGK@Z 00424090 f   AttemperEngineSink.obj
 0001:00023220       ?OnTCPNetworkSubTaskRewardRequest@CAttemperEngineSink@@IAE_NPAXGK@Z 00424220 f   AttemperEngineSink.obj
 0001:000233b0       ?OnTCPNetworkSubTransferScoreRequest@CAttemperEngineSink@@IAE_NPAXGK@Z 004243b0 f   AttemperEngineSink.obj
 0001:00023690       ?OnTCPNetworkSubUserChairReq@CAttemperEngineSink@@IAE_NPAXGK@Z 00424690 f   AttemperEngineSink.obj
 0001:00023ce0       ?OnTCPNetworkSubUserChat@CAttemperEngineSink@@IAE_NPAXGK@Z 00424ce0 f   AttemperEngineSink.obj
 0001:000240c0       ?OnTCPNetworkSubUserExpression@CAttemperEngineSink@@IAE_NPAXGK@Z 004250c0 f   AttemperEngineSink.obj
 0001:00024370       ?OnTCPNetworkSubUserInfoReq@CAttemperEngineSink@@IAE_NPAXGK@Z 00425370 f   AttemperEngineSink.obj
 0001:000244c0       ?OnTCPNetworkSubUserInviteReq@CAttemperEngineSink@@IAE_NPAXGK@Z 004254c0 f   AttemperEngineSink.obj
 0001:000246a0       ?OnTCPNetworkSubUserLookon@CAttemperEngineSink@@IAE_NPAXGK@Z 004256a0 f   AttemperEngineSink.obj
 0001:000248f0       ?OnTCPNetworkSubUserRepulseSit@CAttemperEngineSink@@IAE_NPAXGK@Z 004258f0 f   AttemperEngineSink.obj
 0001:00024af0       ?OnTCPNetworkSubUserRule@CAttemperEngineSink@@IAE_NPAXGK@Z 00425af0 f   AttemperEngineSink.obj
 0001:00024e80       ?OnTCPNetworkSubUserSitDown@CAttemperEngineSink@@IAE_NPAXGK@Z 00425e80 f   AttemperEngineSink.obj
 0001:000255c0       ?OnTCPNetworkSubUserStandUp@CAttemperEngineSink@@IAE_NPAXGK@Z 004265c0 f   AttemperEngineSink.obj
 0001:000258e0       ?OnTCPNetworkSubWarningUser@CAttemperEngineSink@@IAE_NPAXGK@Z 004268e0 f   AttemperEngineSink.obj
 0001:00025b70       ?OnTCPNetworkSubWisperChat@CAttemperEngineSink@@IAE_NPAXGK@Z 00426b70 f   AttemperEngineSink.obj
 0001:00026240       ?OnTCPNetworkSubWisperExpression@CAttemperEngineSink@@IAE_NPAXGK@Z 00427240 f   AttemperEngineSink.obj
 0001:00026790       ?OnTCPSocketMainAndroidService@CAttemperEngineSink@@IAE_NGPAXG@Z 00427790 f   AttemperEngineSink.obj
 0001:00026930       ?OnTCPSocketMainManagerService@CAttemperEngineSink@@IAE_NGPAXG@Z 00427930 f   AttemperEngineSink.obj
 0001:00026b60       ?OnTCPSocketMainPersonalRoomRegister@CAttemperEngineSink@@IAE_NGPAXG@Z 00427b60 f   AttemperEngineSink.obj
 0001:00026c50       ?OnTCPSocketMainRegister@CAttemperEngineSink@@IAE_NGPAXG@Z 00427c50 f   AttemperEngineSink.obj
 0001:00026d40       ?OnTCPSocketMainServiceInfo@CAttemperEngineSink@@IAE_NGPAXG@Z 00427d40 f   AttemperEngineSink.obj
 0001:00027b10       ?OnTCPSocketMainUserCollect@CAttemperEngineSink@@IAE_NGPAXG@Z 00428b10 f   AttemperEngineSink.obj
 0001:00027d70       ?PerformCheckVersion@CAttemperEngineSink@@IAE_NKKKK@Z 00428d70 f   AttemperEngineSink.obj
 0001:00027fd0       ?PerformDistribute@CAttemperEngineSink@@IAE_NXZ 00428fd0 f   AttemperEngineSink.obj
 0001:000288f0       ?PerformRoomTaskProgress@CAttemperEngineSink@@QAE_NPAUIServerUserItem@@HHH@Z 004298f0 f   AttemperEngineSink.obj
 0001:00028910       ?PerformRoomTaskProgress@CAttemperEngineSink@@QAE_NPAUIServerUserItem@@PAUtagUserTaskEntry@@HHH@Z 00429910 f   AttemperEngineSink.obj
 0001:00028c40       ?PerformTaskProgress@CAttemperEngineSink@@IAE_NPAUIServerUserItem@@PAUtagUserTaskEntry@@KKK@Z 00429c40 f   AttemperEngineSink.obj
 0001:00029030       ?PerformUnlockScore@CAttemperEngineSink@@IAE_NKKK@Z 0042a030 f   AttemperEngineSink.obj
 0001:00029110       ?PersonalRoomWriteJoinInfo@CAttemperEngineSink@@UAEXKGGKKPAD@Z 0042a110 f   AttemperEngineSink.obj
 0001:000291b0       ?QueryInterface@CAttemperEngineSink@@UAEPAXABU_GUID@@K@Z 0042a1b0 f   AttemperEngineSink.obj
 0001:00029319       ?QueryInterface@CAttemperEngineSink@@W3AEPAXABU_GUID@@K@Z 0042a319 f i AttemperEngineSink.obj
 0001:00029323       ?QueryInterface@CAttemperEngineSink@@W7AEPAXABU_GUID@@K@Z 0042a323 f i AttemperEngineSink.obj
 0001:00029330       ?RegisterCategory@CTrace@ATL@@SAXPBDI@Z 0042a330 f i AttemperEngineSink.obj
 0001:00029450       ?Release@CAttemperEngineSink@@UAEXXZ 0042a450 f i AttemperEngineSink.obj
 0001:00029467       ?Release@CAttemperEngineSink@@W3AEXXZ 0042a467 f i AttemperEngineSink.obj
 0001:00029471       ?Release@CAttemperEngineSink@@W7AEXXZ 0042a471 f i AttemperEngineSink.obj
 0001:00029480       ?RemoveAll@?$CMap@KKKAAK@@QAEXXZ 0042a480 f i AttemperEngineSink.obj
 0001:00029570       ?RemoveAll@?$CWHArray@PAUtagPersonalTableParameter@@ABQAU1@@@QAEXXZ 0042a570 f i AttemperEngineSink.obj
 0001:000295f0       ?RemoveAll@?$CWHArray@PAUtagSystemMessage@@ABQAU1@@@QAEXXZ 0042a5f0 f i AttemperEngineSink.obj
 0001:00029670       ?RemoveAll@?$CWHArray@PAVCTableFrame@@ABQAV1@@@QAEXXZ 0042a670 f i AttemperEngineSink.obj
 0001:000296f0       ?RemoveAt@?$CWHArray@PAUtagSystemMessage@@ABQAU1@@@QAEXHH@Z 0042a6f0 f i AttemperEngineSink.obj
 0001:00029830       ?RemoveAt@?$CWHArray@UtagDistributeInfo@@ABU1@@@QAEXHH@Z 0042a830 f i AttemperEngineSink.obj
 0001:00029970       ?RemoveKey@?$CMap@KKKAAK@@QAEHK@Z 0042a970 f i AttemperEngineSink.obj
 0001:00029a60       ?RemoveSystemMessage@CAttemperEngineSink@@IAEXXZ 0042aa60 f   AttemperEngineSink.obj
 0001:00029ab0       ?SaveVideoDataInfo@CAttemperEngineSink@@QAE_NPADGGPAEG@Z 0042aab0 f   AttemperEngineSink.obj
 0001:00029bb0       ?SaveVideoPlayerInfo@CAttemperEngineSink@@QAE_NKPAD@Z 0042abb0 f   AttemperEngineSink.obj
 0001:00029c10       ?SendData@CAttemperEngineSink@@UAE_NEGGPAXG@Z 0042ac10 f   AttemperEngineSink.obj
 0001:00029d30       ?SendData@CAttemperEngineSink@@UAE_NKGGPAXG@Z 0042ad30 f   AttemperEngineSink.obj
 0001:00029e00       ?SendData@CAttemperEngineSink@@UAE_NPAUIServerUserItem@@GGPAXG@Z 0042ae00 f   AttemperEngineSink.obj
 0001:00029f80       ?SendDataBatchToCheatUser@CAttemperEngineSink@@UAE_NPAUIServerUserItem@@GGPAXG@Z 0042af80 f   AttemperEngineSink.obj
 0001:0002a0e0       ?SendDataBatchToMobileUser@CAttemperEngineSink@@UAE_NGGGPAXG@Z 0042b0e0 f   AttemperEngineSink.obj
 0001:0002a4e0       ?SendGameMessage@CAttemperEngineSink@@UAE_NPAUIServerUserItem@@PBDG@Z 0042b4e0 f   AttemperEngineSink.obj
 0001:0002a7e0       ?SendGameMessage@CAttemperEngineSink@@UAE_NPBDG@Z 0042b7e0 f   AttemperEngineSink.obj
 0001:0002a930       ?SendInsureFailure@CAttemperEngineSink@@IAE_NPAUIServerUserItem@@PBDJE@Z 0042b930 f   AttemperEngineSink.obj
 0001:0002aa60       ?SendLogonFailure@CAttemperEngineSink@@IAE_NPBDJK@Z 0042ba60 f   AttemperEngineSink.obj
 0001:0002ab50       ?SendPropertyEffect@CAttemperEngineSink@@IAE_NPAUIServerUserItem@@G@Z 0042bb50 f   AttemperEngineSink.obj
 0001:0002acc0       ?SendPropertyFailure@CAttemperEngineSink@@IAE_NPAUIServerUserItem@@PBDJG@Z 0042bcc0 f   AttemperEngineSink.obj
 0001:0002adc0       ?SendPropertyMessage@CAttemperEngineSink@@IAE_NKKGG@Z 0042bdc0 f   AttemperEngineSink.obj
 0001:0002aeb0       ?SendRequestFailure@CAttemperEngineSink@@IAE_NPAUIServerUserItem@@PBDJ@Z 0042beb0 f   AttemperEngineSink.obj
 0001:0002afa0       ?SendRoomMessage@CAttemperEngineSink@@UAE_NKPBDG_N@Z 0042bfa0 f   AttemperEngineSink.obj
 0001:0002b100       ?SendRoomMessage@CAttemperEngineSink@@UAE_NPAUIServerUserItem@@PBDG@Z 0042c100 f   AttemperEngineSink.obj
 0001:0002b3e0       ?SendRoomMessage@CAttemperEngineSink@@UAE_NPBDG@Z 0042c3e0 f   AttemperEngineSink.obj
 0001:0002b530       ?SendSystemMessage@CAttemperEngineSink@@IAE_NPAUCMD_GR_SendMessage@@G@Z 0042c530 f   AttemperEngineSink.obj
 0001:0002b670       ?SendUIControlPacket@CAttemperEngineSink@@IAE_NGPAXG@Z 0042c670 f   AttemperEngineSink.obj
 0001:0002b6c0       ?SendUserInfoPacket@CAttemperEngineSink@@IAE_NPAUIServerUserItem@@K_N@Z 0042c6c0 f   AttemperEngineSink.obj
 0001:0002bc70       ?SendUserInfoPacketBatchToMobileUser@CAttemperEngineSink@@IAE_NPAUIServerUserItem@@K@Z 0042cc70 f   AttemperEngineSink.obj
 0001:0002c130       ?SendUserInfoPacketBatchToPage@CAttemperEngineSink@@IAE_NPAUIServerUserItem@@@Z 0042d130 f   AttemperEngineSink.obj
 0001:0002c840       ?SendVisibleTableUserInfoToMobileUser@CAttemperEngineSink@@IAE_NPAUIServerUserItem@@G@Z 0042d840 f   AttemperEngineSink.obj
 0001:0002cec0       ?SensitiveWordFilter@CAttemperEngineSink@@UAEXPBDPADH@Z 0042dec0 f   AttemperEngineSink.obj
 0001:0002cf00       ?Serialize@?$CMap@KKKAAK@@UAEXAAVCArchive@@@Z 0042df00 f i AttemperEngineSink.obj
 0001:0002d0b0       ?SetAllowAndroidAttend@CServerRule@@SAXAAK_N@Z 0042e0b0 f i AttemperEngineSink.obj
 0001:0002d110       ?SetAllowDynamicJoin@CServerRule@@SAXAAK_N@Z 0042e110 f i AttemperEngineSink.obj
 0001:0002d170       ?SetAllowOffLineTrustee@CServerRule@@SAXAAK_N@Z 0042e170 f i AttemperEngineSink.obj
 0001:0002d1d0       ?SetAt@?$CMap@KKKAAK@@QAEXKAAK@Z 0042e1d0 f i AttemperEngineSink.obj
 0001:0002d210       ?SetAtGrow@?$CWHArray@PAUtagPersonalTableParameter@@ABQAU1@@@QAEXHABQAUtagPersonalTableParameter@@@Z 0042e210 f i AttemperEngineSink.obj
 0001:0002d2a0       ?SetAtGrow@?$CWHArray@PAUtagSystemMessage@@ABQAU1@@@QAEXHABQAUtagSystemMessage@@@Z 0042e2a0 f i AttemperEngineSink.obj
 0001:0002d330       ?SetDistributeRule@CDistributeManager@@QAEXE@Z 0042e330 f i AttemperEngineSink.obj
 0001:0002d360       ?SetForfendGameChat@CServerRule@@SAXAAK_N@Z 0042e360 f i AttemperEngineSink.obj
 0001:0002d3c0       ?SetForfendGameEnter@CServerRule@@SAXAAK_N@Z 0042e3c0 f i AttemperEngineSink.obj
 0001:0002d420       ?SetForfendGameLookon@CServerRule@@SAXAAK_N@Z 0042e420 f i AttemperEngineSink.obj
 0001:0002d480       ?SetForfendGameRule@CServerRule@@SAXAAK_N@Z 0042e480 f i AttemperEngineSink.obj
 0001:0002d4e0       ?SetForfendLockTable@CServerRule@@SAXAAK_N@Z 0042e4e0 f i AttemperEngineSink.obj
 0001:0002d540       ?SetForfendRoomChat@CServerRule@@SAXAAK_N@Z 0042e540 f i AttemperEngineSink.obj
 0001:0002d5a0       ?SetForfendRoomEnter@CServerRule@@SAXAAK_N@Z 0042e5a0 f i AttemperEngineSink.obj
 0001:0002d600       ?SetForfendSaveInGame@CServerRule@@SAXAAK_N@Z 0042e600 f i AttemperEngineSink.obj
 0001:0002d660       ?SetForfendSaveInRoom@CServerRule@@SAXAAK_N@Z 0042e660 f i AttemperEngineSink.obj
 0001:0002d6c0       ?SetForfendTakeInGame@CServerRule@@SAXAAK_N@Z 0042e6c0 f i AttemperEngineSink.obj
 0001:0002d720       ?SetForfendTakeInRoom@CServerRule@@SAXAAK_N@Z 0042e720 f i AttemperEngineSink.obj
 0001:0002d780       ?SetForfendWisperChat@CServerRule@@SAXAAK_N@Z 0042e780 f i AttemperEngineSink.obj
 0001:0002d7e0       ?SetForfendWisperOnGame@CServerRule@@SAXAAK_N@Z 0042e7e0 f i AttemperEngineSink.obj
 0001:0002d840       ?SetImmediateWriteScore@CServerRule@@SAXAAK_N@Z 0042e840 f i AttemperEngineSink.obj
 0001:0002d8a0       ?SetMobileUserParameter@CAttemperEngineSink@@IAEXPAUIServerUserItem@@EGG@Z 0042e8a0 f   AttemperEngineSink.obj
 0001:0002d900       ?SetRecordGameScore@CServerRule@@SAXAAK_N@Z 0042e900 f i AttemperEngineSink.obj
 0001:0002d960       ?SetRecordGameTrack@CServerRule@@SAXAAK_N@Z 0042e960 f i AttemperEngineSink.obj
 0001:0002d9c0       ?SetSize@?$CWHArray@PAUtagPersonalTableParameter@@ABQAU1@@@QAEXH@Z 0042e9c0 f i AttemperEngineSink.obj
 0001:0002dae0       ?SetSize@?$CWHArray@PAUtagSystemMessage@@ABQAU1@@@QAEXH@Z 0042eae0 f i AttemperEngineSink.obj
 0001:0002dc00       ?SetSize@?$CWHArray@PAVCTableFrame@@ABQAV1@@@QAEXH@Z 0042ec00 f i AttemperEngineSink.obj
 0001:0002dd20       ?SwitchUserItemConnect@CAttemperEngineSink@@IAE_NPAUIServerUserItem@@QADGEGG@Z 0042ed20 f   AttemperEngineSink.obj
 0001:0002e1c0       ?UnLockAndroidUser@CAttemperEngineSink@@UAEXGG@Z 0042f1c0 f   AttemperEngineSink.obj
 0001:0002e230       ?UpdateTablePlayerCount@CAttemperEngineSink@@UAEXGGG@Z 0042f230 f   AttemperEngineSink.obj
 0001:0002e2b0       ?__empty_global_delete@@YAXPAX@Z 0042f2b0 f i AttemperEngineSink.obj
 0001:0002e2d0       ?__empty_global_delete@@YAXPAXI@Z 0042f2d0 f i AttemperEngineSink.obj
 0001:0002e2d0       ?__global_delete@@YAXPAXI@Z 0042f2d0 f i AttemperEngineSink.obj
 0001:0002e2f0       ?data@CPlex@@QAEPAXXZ      0042f2f0 f i AttemperEngineSink.obj
 0001:0002e310       _==                        0042f310 f i AttemperEngineSink.obj
 0001:0002e360       _IsEqualGUID               0042f360 f i AttemperEngineSink.obj
 0001:0002e3b0       ___local_stdio_printf_options 0042f3b0 f i AttemperEngineSink.obj
 0001:0002e3d0       __snprintf                 0042f3d0 f i AttemperEngineSink.obj
 0001:0002e420       __vsnprintf                0042f420 f i AttemperEngineSink.obj
 0001:0002e460       __vsnprintf_l              0042f460 f i AttemperEngineSink.obj
 0001:0002e4d0       __vsnprintf_s              0042f4d0 f i AttemperEngineSink.obj
 0001:0002e510       __vsnprintf_s_l            0042f510 f i AttemperEngineSink.obj
 0001:0002e580       __vswprintf_s_l            0042f580 f i AttemperEngineSink.obj
 0001:0002e5f0       _swprintf_s                0042f5f0 f i AttemperEngineSink.obj
 0001:0002e670       ??$AtlConvAllocMemory@D@ATL@@YAXPAPADHPADH@Z 0042f670 f i DataBaseEngineSink.obj
 0001:0002e8a0       ??$AtlConvFreeMemory@D@ATL@@YAXPAD0H@Z 0042f8a0 f i DataBaseEngineSink.obj
 0001:0002e8f0       ??$AtlMultiply@I@ATL@@YAJPAIII@Z 0042f8f0 f i DataBaseEngineSink.obj
 0001:0002e950       ??$_snprintf_s@$0BA@@@YAHAAY0BA@DIPBDZZ 0042f950 f i DataBaseEngineSink.obj
 0001:0002e990       ??0?$CHeapPtr@DVCCRTAllocator@ATL@@@ATL@@QAE@XZ 0042f990 f i DataBaseEngineSink.obj
 0001:0002e9c0       ??0?$CHeapPtr@_WVCCRTAllocator@ATL@@@ATL@@QAE@XZ 0042f9c0 f i DataBaseEngineSink.obj
 0001:0002e9f0       ??0?$CHeapPtrBase@DVCCRTAllocator@ATL@@@ATL@@IAE@XZ 0042f9f0 f i DataBaseEngineSink.obj
 0001:0002ea20       ??0?$CHeapPtrBase@_WVCCRTAllocator@ATL@@@ATL@@IAE@XZ 0042fa20 f i DataBaseEngineSink.obj
 0001:0002ea50       ??0?$CTempldateHelper@UIDataBase@@@@QAE@ABU_GUID@@KPBD1@Z 0042fa50 f i DataBaseEngineSink.obj
 0001:0002eb00       ??0?$CW2AEX@$0IA@@ATL@@QAE@PB_W@Z 0042fb00 f i DataBaseEngineSink.obj
 0001:0002eb50       ??0CDataBaseEngineSink@@QAE@XZ 0042fb50 f   DataBaseEngineSink.obj
 0001:0002ed50       ??0CDataBaseHelper@@QAE@XZ 0042fd50 f i DataBaseEngineSink.obj
 0001:0002eda0       ??0CPreserveLastError@ATL@@QAE@XZ 0042fda0 f i DataBaseEngineSink.obj
 0001:0002edd0       ??0CTime@ATL@@QAE@ABU_SYSTEMTIME@@H@Z 0042fdd0 f i DataBaseEngineSink.obj
 0001:0002ee90       ??0CTime@ATL@@QAE@HHHHHHH@Z 0042fe90 f i DataBaseEngineSink.obj
 0001:0002f320       ??0CTime@ATL@@QAE@_J@Z     00430320 f i DataBaseEngineSink.obj
 0001:0002f350       ??0CTraceFileAndLineInfo@ATL@@QAE@PBDH@Z 00430350 f i DataBaseEngineSink.obj
 0001:0002f390       ??0DBO_GR_DissumeResult@@QAE@XZ 00430390 f i DataBaseEngineSink.obj
 0001:0002f3d0       ??0IDataBaseEngineSink@@QAE@XZ 004303d0 f i DataBaseEngineSink.obj
 0001:0002f400       ??0IGameDataBaseEngine@@QAE@XZ 00430400 f i DataBaseEngineSink.obj
 0001:0002f430       ??0_variant_t@@QAE@ABUtagVARIANT@@@Z 00430430 f i DataBaseEngineSink.obj
 0001:0002f480       ??0_variant_t@@QAE@XZ      00430480 f i DataBaseEngineSink.obj
 0001:0002f4b0       ??1?$CHeapPtr@DVCCRTAllocator@ATL@@@ATL@@QAE@XZ 004304b0 f i DataBaseEngineSink.obj
 0001:0002f4e0       ??1?$CHeapPtr@_WVCCRTAllocator@ATL@@@ATL@@QAE@XZ 004304e0 f i DataBaseEngineSink.obj
 0001:0002f510       ??1?$CHeapPtrBase@DVCCRTAllocator@ATL@@@ATL@@QAE@XZ 00430510 f i DataBaseEngineSink.obj
 0001:0002f540       ??1?$CHeapPtrBase@_WVCCRTAllocator@ATL@@@ATL@@QAE@XZ 00430540 f i DataBaseEngineSink.obj
 0001:0002f570       ??1?$CTempldateHelper@UIDataBase@@@@UAE@XZ 00430570 f i DataBaseEngineSink.obj
 0001:0002f5e0       ??1?$CW2AEX@$0IA@@ATL@@QAE@XZ 004305e0 f i DataBaseEngineSink.obj
 0001:0002f620       ??1CDataBaseEngineSink@@UAE@XZ 00430620 f   DataBaseEngineSink.obj
 0001:0002f730       ??1CDataBaseHelper@@UAE@XZ 00430730 f i DataBaseEngineSink.obj
 0001:0002f760       ??1CPreserveLastError@ATL@@QAE@XZ 00430760 f i DataBaseEngineSink.obj
 0001:0002f790       ??1_variant_t@@QAE@XZ      00430790 f i DataBaseEngineSink.obj
 0001:0002f7c0       ??B?$CHeapPtrBase@DVCCRTAllocator@ATL@@@ATL@@QBEPADXZ 004307c0 f i DataBaseEngineSink.obj
 0001:0002f7e0       ??B?$CHeapPtrBase@_WVCCRTAllocator@ATL@@@ATL@@QBEPA_WXZ 004307e0 f i DataBaseEngineSink.obj
 0001:0002f800       ??B?$CTraceCategoryEx@$0CAAA@$0A@@ATL@@QAEIXZ 00430800 f i DataBaseEngineSink.obj
 0001:0002f820       ??B?$CW2AEX@$0IA@@ATL@@QBEPADXZ 00430820 f i DataBaseEngineSink.obj
 0001:0002f840       ??C?$CTempldateHelper@UIDataBase@@@@QBEPAUIDataBase@@XZ 00430840 f i DataBaseEngineSink.obj
 0001:0002f870       ??RCTraceFileAndLineInfo@ATL@@QBAXHIPBDZZ 00430870 f i DataBaseEngineSink.obj
 0001:0002f920       ??_G?$CTempldateHelper@UIDataBase@@@@UAEPAXI@Z 00430920 f i DataBaseEngineSink.obj
 0001:0002f920       ??_E?$CTempldateHelper@UIDataBase@@@@UAEPAXI@Z 00430920 f i DataBaseEngineSink.obj
 0001:0002f970       ??_ECDataBaseEngineSink@@UAEPAXI@Z 00430970 f i DataBaseEngineSink.obj
 0001:0002f970       ??_GCDataBaseEngineSink@@UAEPAXI@Z 00430970 f i DataBaseEngineSink.obj
 0001:0002f9c0       ??_ECDataBaseHelper@@UAEPAXI@Z 004309c0 f i DataBaseEngineSink.obj
 0001:0002f9c0       ??_GCDataBaseHelper@@UAEPAXI@Z 004309c0 f i DataBaseEngineSink.obj
 0001:0002fa10       ?Allocate@?$CHeapPtr@DVCCRTAllocator@ATL@@@ATL@@QAE_NI@Z 00430a10 f i DataBaseEngineSink.obj
 0001:0002fa70       ?Allocate@?$CHeapPtr@_WVCCRTAllocator@ATL@@@ATL@@QAE_NI@Z 00430a70 f i DataBaseEngineSink.obj
 0001:0002fad0       ?Allocate@CCRTAllocator@ATL@@SAPAXI@Z 00430ad0 f i DataBaseEngineSink.obj
 0001:0002fb00       ?AllocateBytes@?$CHeapPtrBase@DVCCRTAllocator@ATL@@@ATL@@QAE_NI@Z 00430b00 f i DataBaseEngineSink.obj
 0001:0002fb80       ?AllocateBytes@?$CHeapPtrBase@_WVCCRTAllocator@ATL@@@ATL@@QAE_NI@Z 00430b80 f i DataBaseEngineSink.obj
 0001:0002fcb0       ?AtlThrowImpl@ATL@@YGXJ@Z  00430cb0 f i DataBaseEngineSink.obj
 0001:0002fd30       ?AtlThrowLastWin32@ATL@@YGXXZ 00430d30 f i DataBaseEngineSink.obj
 0001:0002fd70       ?CheckError@_com_util@@YAXJ@Z 00430d70 f i DataBaseEngineSink.obj
 0001:0002fda0       ?CloseInstance@?$CTempldateHelper@UIDataBase@@@@QAE_NXZ 00430da0 f i DataBaseEngineSink.obj
 0001:0002fe50       ?CreateInstance@?$CTempldateHelper@UIDataBase@@@@QAE_NXZ 00430e50 f i DataBaseEngineSink.obj
 0001:00030110       ?Free@?$CHeapPtrBase@DVCCRTAllocator@ATL@@@ATL@@QAEXXZ 00431110 f i DataBaseEngineSink.obj
 0001:00030150       ?Free@?$CHeapPtrBase@_WVCCRTAllocator@ATL@@@ATL@@QAEXXZ 00431150 f i DataBaseEngineSink.obj
 0001:00030190       ?Free@CCRTAllocator@ATL@@SAXPAX@Z 00431190 f i DataBaseEngineSink.obj
 0001:000301c0       ?GetCategoryName@CTrace@ATL@@CAPA_WI@Z 004311c0 f i DataBaseEngineSink.obj
 0001:00030230       ?GetCustomRule@CDataBaseEngineSink@@UAEPAXXZ 00431230 f i DataBaseEngineSink.obj
 0001:00030260       ?GetDataBase@CDataBaseEngineSink@@UAEPAXABU_GUID@@K@Z 00431260 f   DataBaseEngineSink.obj
 0001:00030310       ?GetDataBaseEngine@CDataBaseEngineSink@@UAEPAXABU_GUID@@K@Z 00431310 f   DataBaseEngineSink.obj
 0001:000303a0       ?GetGameServiceAttrib@CDataBaseEngineSink@@UAEPAUtagGameServiceAttrib@@XZ 004313a0 f i DataBaseEngineSink.obj
 0001:000303d0       ?GetGameServiceOption@CDataBaseEngineSink@@UAEPAUtagGameServiceOption@@XZ 004313d0 f i DataBaseEngineSink.obj
 0001:00030400       ?GetInterface@?$CTempldateHelper@UIDataBase@@@@QBEPAUIDataBase@@XZ 00431400 f i DataBaseEngineSink.obj
 0001:00030430       ?GetTime@CTime@ATL@@QBE_JXZ 00431430 f i DataBaseEngineSink.obj
 0001:00030460       ?Hex2Char@@YAXPADAAE@Z     00431460 f   DataBaseEngineSink.obj
 0001:00030660       ?HexStr2CharStr@@YAXPADHPAE@Z 00431660 f   DataBaseEngineSink.obj
 0001:000306e0       ?Init@?$CW2AEX@$0IA@@ATL@@AAEXPB_WI@Z 004316e0 f i DataBaseEngineSink.obj
 0001:00030890       ?OnDataBaseEngineConclude@CDataBaseEngineSink@@UAE_NPAUIUnknownEx@@@Z 00431890 f   DataBaseEngineSink.obj
 0001:00030a80       ?OnDataBaseEngineControl@CDataBaseEngineSink@@UAE_NGPAXG@Z 00431a80 f   DataBaseEngineSink.obj
 0001:00030aa0       ?OnDataBaseEngineRequest@CDataBaseEngineSink@@UAE_NGKPAXG@Z 00431aa0 f   DataBaseEngineSink.obj
 0001:00031e20       ?OnDataBaseEngineStart@CDataBaseEngineSink@@UAE_NPAUIUnknownEx@@@Z 00432e20 f   DataBaseEngineSink.obj
 0001:00032550       ?OnDataBaseEngineTimer@CDataBaseEngineSink@@UAE_NKI@Z 00433550 f   DataBaseEngineSink.obj
 0001:00032570       ?OnInsureDisposeResult@CDataBaseEngineSink@@AAEXKK_JPBD_NE@Z 00433570 f   DataBaseEngineSink.obj
 0001:00032850       ?OnLogonDisposeResult@CDataBaseEngineSink@@AAEXKKPBD_NEGG@Z 00433850 f   DataBaseEngineSink.obj
 0001:00033480       ?OnRequestBuyGameProperty@CDataBaseEngineSink@@IAE_NKPAXGAAK@Z 00434480 f   DataBaseEngineSink.obj
 0001:00033bd0       ?OnRequestCancelCreateTable@CDataBaseEngineSink@@IAE_NKPAXGAAK@Z 00434bd0 f   DataBaseEngineSink.obj
 0001:00034140       ?OnRequestCheckInDone@CDataBaseEngineSink@@IAE_NKPAXGAAK@Z 00435140 f   DataBaseEngineSink.obj
 0001:00034720       ?OnRequestCheckInQueryInfo@CDataBaseEngineSink@@IAE_NKPAXGAAK@Z 00435720 f   DataBaseEngineSink.obj
 0001:00034be0       ?OnRequestCreateTable@CDataBaseEngineSink@@IAE_NKPAXGAAK@Z 00435be0 f   DataBaseEngineSink.obj
 0001:00035350       ?OnRequestExchangeScoreByBeans@CDataBaseEngineSink@@IAE_NKPAXGAAK@Z 00436350 f   DataBaseEngineSink.obj
 0001:00035a30       ?OnRequestExchangeScoreByIngot@CDataBaseEngineSink@@IAE_NKPAXGAAK@Z 00436a30 f   DataBaseEngineSink.obj
 0001:00036100       ?OnRequestGameScoreRecord@CDataBaseEngineSink@@IAE_NKPAXGAAK@Z 00437100 f   DataBaseEngineSink.obj
 0001:000367a0       ?OnRequestGetSendPresent@CDataBaseEngineSink@@IAE_NKPAXGAAK@Z 004377a0 f   DataBaseEngineSink.obj
 0001:00036eb0       ?OnRequestHostCancelCreateTable@CDataBaseEngineSink@@IAE_NKPAXGAAK@Z 00437eb0 f   DataBaseEngineSink.obj
 0001:00037380       ?OnRequestLeaveGameServer@CDataBaseEngineSink@@IAE_NKPAXGAAK@Z 00438380 f   DataBaseEngineSink.obj
 0001:00037b30       ?OnRequestLoadAndroidParameter@CDataBaseEngineSink@@IAE_NKPAXGAAK@Z 00438b30 f   DataBaseEngineSink.obj
 0001:000383f0       ?OnRequestLoadAndroidUser@CDataBaseEngineSink@@IAE_NKPAXGAAK@Z 004393f0 f   DataBaseEngineSink.obj
 0001:000389c0       ?OnRequestLoadBaseEnsure@CDataBaseEngineSink@@IAE_NKPAXGAAK@Z 004399c0 f   DataBaseEngineSink.obj
 0001:00038cc0       ?OnRequestLoadCheckIn@CDataBaseEngineSink@@IAE_NKPAXGAAK@Z 00439cc0 f   DataBaseEngineSink.obj
 0001:00038fb0       ?OnRequestLoadGameBuff@CDataBaseEngineSink@@IAE_NKPAXGAAK@Z 00439fb0 f   DataBaseEngineSink.obj
 0001:000395a0       ?OnRequestLoadGameColumn@CDataBaseEngineSink@@IAE_NKPAXGAAK@Z 0043a5a0 f   DataBaseEngineSink.obj
 0001:00039a10       ?OnRequestLoadGameTrumpet@CDataBaseEngineSink@@IAE_NKPAXGAAK@Z 0043aa10 f   DataBaseEngineSink.obj
 0001:00039ce0       ?OnRequestLoadGrowLevelConfig@CDataBaseEngineSink@@IAE_NKPAXGAAK@Z 0043ace0 f   DataBaseEngineSink.obj
 0001:0003a060       ?OnRequestLoadParameter@CDataBaseEngineSink@@IAE_NKPAXGAAK@Z 0043b060 f   DataBaseEngineSink.obj
 0001:0003a420       ?OnRequestLoadPersonalParameter@CDataBaseEngineSink@@IAE_NKPAXGAAK@Z 0043b420 f   DataBaseEngineSink.obj
 0001:0003ad70       ?OnRequestLoadSensitiveWords@CDataBaseEngineSink@@IAE_NKPAXGAAK@Z 0043bd70 f   DataBaseEngineSink.obj
 0001:0003b060       ?OnRequestLoadSystemMessage@CDataBaseEngineSink@@IAE_NKPAXGAAK@Z 0043c060 f   DataBaseEngineSink.obj
 0001:0003b850       ?OnRequestLoadTaskList@CDataBaseEngineSink@@IAE_NKPAXGAAK@Z 0043c850 f   DataBaseEngineSink.obj
 0001:0003bef0       ?OnRequestLogonAccounts@CDataBaseEngineSink@@IAE_NKPAXGAAK@Z 0043cef0 f   DataBaseEngineSink.obj
 0001:0003c390       ?OnRequestLogonMobile@CDataBaseEngineSink@@IAE_NKPAXGAAK@Z 0043d390 f   DataBaseEngineSink.obj
 0001:0003c940       ?OnRequestLogonUserID@CDataBaseEngineSink@@IAE_NKPAXGAAKH@Z 0043d940 f   DataBaseEngineSink.obj
 0001:0003ce10       ?OnRequestManageMatchRight@CDataBaseEngineSink@@IAE_NKPAXGAAK@Z 0043de10 f   DataBaseEngineSink.obj
 0001:0003d0e0       ?OnRequestManageUserRight@CDataBaseEngineSink@@IAE_NKPAXGAAK@Z 0043e0e0 f   DataBaseEngineSink.obj
 0001:0003d310       ?OnRequestMatchBuySafeCard@CDataBaseEngineSink@@IAE_NKPAXGAAK@Z 0043e310 f   DataBaseEngineSink.obj
 0001:0003d860       ?OnRequestMatchCancel@CDataBaseEngineSink@@IAE_NKPAXGAAK@Z 0043e860 f   DataBaseEngineSink.obj
 0001:0003db40       ?OnRequestMatchEliminate@CDataBaseEngineSink@@IAE_NKPAXGAAK@Z 0043eb40 f   DataBaseEngineSink.obj
 0001:0003ddb0       ?OnRequestMatchOver@CDataBaseEngineSink@@IAE_NKPAXGAAK@Z 0043edb0 f   DataBaseEngineSink.obj
 0001:0003e3c0       ?OnRequestMatchQueryQualify@CDataBaseEngineSink@@IAE_NKPAXGAAK@Z 0043f3c0 f   DataBaseEngineSink.obj
 0001:0003e650       ?OnRequestMatchQueryReviveInfo@CDataBaseEngineSink@@IAE_NKPAXGAAK@Z 0043f650 f   DataBaseEngineSink.obj
 0001:0003e9a0       ?OnRequestMatchRecordGrades@CDataBaseEngineSink@@IAE_NKPAXGAAK@Z 0043f9a0 f   DataBaseEngineSink.obj
 0001:0003ec20       ?OnRequestMatchReward@CDataBaseEngineSink@@IAE_NKPAXGAAK@Z 0043fc20 f   DataBaseEngineSink.obj
 0001:0003eff0       ?OnRequestMatchSignup@CDataBaseEngineSink@@IAE_NKPAXGAAK@Z 0043fff0 f   DataBaseEngineSink.obj
 0001:0003f750       ?OnRequestMatchSignupStart@CDataBaseEngineSink@@IAE_NKPAXGAAK@Z 00440750 f   DataBaseEngineSink.obj
 0001:0003f9d0       ?OnRequestMatchStart@CDataBaseEngineSink@@IAE_NKPAXGAAK@Z 004409d0 f   DataBaseEngineSink.obj
 0001:0003fc20       ?OnRequestMatchUnSignup@CDataBaseEngineSink@@IAE_NKPAXGAAK@Z 00440c20 f   DataBaseEngineSink.obj
 0001:00040380       ?OnRequestMatchUserRevive@CDataBaseEngineSink@@IAE_NKPAXGAAK@Z 00441380 f   DataBaseEngineSink.obj
 0001:00040970       ?OnRequestMemberDayGift@CDataBaseEngineSink@@IAE_NKPAXGAAK@Z 00441970 f   DataBaseEngineSink.obj
 0001:00040e50       ?OnRequestMemberDayPresent@CDataBaseEngineSink@@IAE_NKPAXGAAK@Z 00441e50 f   DataBaseEngineSink.obj
 0001:00041380       ?OnRequestMemberLoadParameter@CDataBaseEngineSink@@IAE_NKPAXGAAK@Z 00442380 f   DataBaseEngineSink.obj
 0001:00041820       ?OnRequestMemberQueryInfo@CDataBaseEngineSink@@IAE_NKPAXGAAK@Z 00442820 f   DataBaseEngineSink.obj
 0001:00041ee0       ?OnRequestPayRoomCard@CDataBaseEngineSink@@IAE_NKPAXGAAK@Z 00442ee0 f   DataBaseEngineSink.obj
 0001:000423c0       ?OnRequestPropertyBackpack@CDataBaseEngineSink@@IAE_NKPAXGAAK@Z 004433c0 f   DataBaseEngineSink.obj
 0001:00042c60       ?OnRequestPropertyPresent@CDataBaseEngineSink@@IAE_NKPAXGAAK@Z 00443c60 f   DataBaseEngineSink.obj
 0001:00043200       ?OnRequestPropertyUse@CDataBaseEngineSink@@IAE_NKPAXGAAK@Z 00444200 f   DataBaseEngineSink.obj
 0001:00043a20       ?OnRequestPurchaseMember@CDataBaseEngineSink@@IAE_NKPAXGAAK@Z 00444a20 f   DataBaseEngineSink.obj
 0001:000440f0       ?OnRequestQueryGrowLevelParameter@CDataBaseEngineSink@@IAE_NKPAXGAAK@Z 004450f0 f   DataBaseEngineSink.obj
 0001:00044850       ?OnRequestQueryInsureInfo@CDataBaseEngineSink@@IAE_NKPAXGAAK@Z 00445850 f   DataBaseEngineSink.obj
 0001:00044ef0       ?OnRequestQuerySendPresent@CDataBaseEngineSink@@IAE_NKPAXGAAK@Z 00445ef0 f   DataBaseEngineSink.obj
 0001:000455b0       ?OnRequestQueryTransferUserInfo@CDataBaseEngineSink@@IAE_NKPAXGAAK@Z 004465b0 f   DataBaseEngineSink.obj
 0001:00045a00       ?OnRequestQueryUserRoomScore@CDataBaseEngineSink@@IAE_NKPAXGAAK@Z 00446a00 f   DataBaseEngineSink.obj
 0001:00045a20       ?OnRequestRoomTaskProgress@CDataBaseEngineSink@@IAE_NKPAXGAAK@Z 00446a20 f   DataBaseEngineSink.obj
 0001:00045c30       ?OnRequestSendTrumpet@CDataBaseEngineSink@@IAE_NKPAXGAAK@Z 00446c30 f   DataBaseEngineSink.obj
 0001:00045f50       ?OnRequestTakeBaseEnsure@CDataBaseEngineSink@@IAE_NKPAXGAAK@Z 00446f50 f   DataBaseEngineSink.obj
 0001:00046580       ?OnRequestTaskGiveUp@CDataBaseEngineSink@@IAE_NKPAXGAAK@Z 00447580 f   DataBaseEngineSink.obj
 0001:00046b10       ?OnRequestTaskQueryInfo@CDataBaseEngineSink@@IAE_NKPAXGAAK@Z 00447b10 f   DataBaseEngineSink.obj
 0001:00047190       ?OnRequestTaskReward@CDataBaseEngineSink@@IAE_NKPAXGAAK@Z 00448190 f   DataBaseEngineSink.obj
 0001:000477c0       ?OnRequestTaskTake@CDataBaseEngineSink@@IAE_NKPAXGAAK@Z 004487c0 f   DataBaseEngineSink.obj
 0001:00047d50       ?OnRequestUnlockAndroidUser@CDataBaseEngineSink@@IAE_NKPAXGAAK@Z 00448d50 f   DataBaseEngineSink.obj
 0001:00047f50       ?OnRequestUserEnableInsure@CDataBaseEngineSink@@IAE_NKPAXGAAK@Z 00448f50 f   DataBaseEngineSink.obj
 0001:00048530       ?OnRequestUserSaveScore@CDataBaseEngineSink@@IAE_NKPAXGAAK@Z 00449530 f   DataBaseEngineSink.obj
 0001:00048a00       ?OnRequestUserTakeScore@CDataBaseEngineSink@@IAE_NKPAXGAAK@Z 00449a00 f   DataBaseEngineSink.obj
 0001:00048ee0       ?OnRequestUserTransferScore@CDataBaseEngineSink@@IAE_NKPAXGAAK@Z 00449ee0 f   DataBaseEngineSink.obj
 0001:00049410       ?OnRequestWriteGameScore@CDataBaseEngineSink@@IAE_NKPAXGAAK@Z 0044a410 f   DataBaseEngineSink.obj
 0001:000499d0       ?OnRequestWriteJoinInfo@CDataBaseEngineSink@@IAE_NKPAXGAAK@Z 0044a9d0 f   DataBaseEngineSink.obj
 0001:00049c50       ?OnRequestWritePersonalGameScore@CDataBaseEngineSink@@IAE_NKPAXGAAK@Z 0044ac50 f   DataBaseEngineSink.obj
 0001:0004a4b0       ?OnRequestWriteUserGameData@CDataBaseEngineSink@@IAE_NKPAXGAAK@Z 0044b4b0 f   DataBaseEngineSink.obj
 0001:0004a7d0       ?OnRequestWriteVideoDataInfo@CDataBaseEngineSink@@IAE_NKPAXGAAK@Z 0044b7d0 f   DataBaseEngineSink.obj
 0001:0004ab10       ?OnRequestWriteVideoPlayerInfo@CDataBaseEngineSink@@IAE_NKPAXGAAK@Z 0044bb10 f   DataBaseEngineSink.obj
 0001:0004ad60       ?OnRequsetDissumeRoom@CDataBaseEngineSink@@IAE_NKPAXGAAK@Z 0044bd60 f   DataBaseEngineSink.obj
 0001:0004b3b0       ?OnRequsetInsertCreateRecord@CDataBaseEngineSink@@IAE_NKPAXGAAK@Z 0044c3b0 f   DataBaseEngineSink.obj
 0001:0004b780       ?PostGameDataBaseResult@CDataBaseEngineSink@@UAE_NGPAXG@Z 0044c780 f   DataBaseEngineSink.obj
 0001:0004b7a0       ?QueryInterface@CDataBaseEngineSink@@UAEPAXABU_GUID@@K@Z 0044c7a0 f   DataBaseEngineSink.obj
 0001:0004b8a5       ?QueryInterface@CDataBaseEngineSink@@W3AEPAXABU_GUID@@K@Z 0044c8a5 f i DataBaseEngineSink.obj
 0001:0004b8b0       ?Release@CDataBaseEngineSink@@UAEXXZ 0044c8b0 f i DataBaseEngineSink.obj
 0001:0004b8c7       ?Release@CDataBaseEngineSink@@W3AEXXZ 0044c8c7 f i DataBaseEngineSink.obj
 0001:0004b8e0       ?TraceV@CTrace@ATL@@CAXPBDHIIPB_W@Z 0044c8e0 f i DataBaseEngineSink.obj
 0001:0004bb70       ?TraceV@CTrace@ATL@@SAXPBDHII0PAD@Z 0044cb70 f i DataBaseEngineSink.obj
 0001:0004bda0       ?_AtlGetConversionACP@ATL@@YGIXZ 0044cda0 f i DataBaseEngineSink.obj
 0001:0004bdc0       _HRESULT_FROM_WIN32        0044cdc0 f i DataBaseEngineSink.obj
 0001:0004be10       __vscprintf                0044ce10 f i DataBaseEngineSink.obj
 0001:0004be40       __vscprintf_l              0044ce40 f i DataBaseEngineSink.obj
 0001:0004bf10       ??$DumpElements@PAUtagDBRequestHead@@@@YGXAAVCDumpContext@@PBQAUtagDBRequestHead@@H@Z 0044cf10 f i DBCorrespondManager.obj
 0001:0004bfc0       ??$SerializeElements@PAUtagDBRequestHead@@@@YGXAAVCArchive@@PAPAUtagDBRequestHead@@H@Z 0044cfc0 f i DBCorrespondManager.obj
 0001:0004c160       ??0?$CList@PAUtagDBRequestHead@@ABQAU1@@@QAE@H@Z 0044d160 f i DBCorrespondManager.obj
 0001:0004c250       ??0?$CWHArray@KABK@@QAE@XZ 0044d250 f i DBCorrespondManager.obj
 0001:0004c2b0       ??0CDBCorrespondManager@@QAE@XZ 0044d2b0 f   DBCorrespondManager.obj
 0001:0004c370       ??0IDBCorrespondManager@@QAE@XZ 0044d370 f i DBCorrespondManager.obj
 0001:0004c3a0       ??0IServiceModule@@QAE@XZ  0044d3a0 f i DBCorrespondManager.obj
 0001:0004c3d0       ??1?$CList@PAUtagDBRequestHead@@ABQAU1@@@UAE@XZ 0044d3d0 f i DBCorrespondManager.obj
 0001:0004c460       ??1?$CWHArray@KABK@@UAE@XZ 0044d460 f i DBCorrespondManager.obj
 0001:0004c4e0       ??1CDBCorrespondManager@@QAE@XZ 0044d4e0 f   DBCorrespondManager.obj
 0001:0004c590       ??A?$CWHArray@KABK@@QAEAAKH@Z 0044d590 f i DBCorrespondManager.obj
 0001:0004c5c0       ??_E?$CList@PAUtagDBRequestHead@@ABQAU1@@@UAEPAXI@Z 0044d5c0 f i DBCorrespondManager.obj
 0001:0004c5c0       ??_G?$CList@PAUtagDBRequestHead@@ABQAU1@@@UAEPAXI@Z 0044d5c0 f i DBCorrespondManager.obj
 0001:0004c620       ??_E?$CWHArray@KABK@@UAEPAXI@Z 0044d620 f i DBCorrespondManager.obj
 0001:0004c620       ??_G?$CWHArray@KABK@@UAEPAXI@Z 0044d620 f i DBCorrespondManager.obj
 0001:0004c670       ??_GCDBCorrespondManager@@QAEPAXI@Z 0044d670 f i DBCorrespondManager.obj
 0001:0004c6c0       ?Add@?$CWHArray@KABK@@QAEHABK@Z 0044d6c0 f i DBCorrespondManager.obj
 0001:0004c700       ?AddTail@?$CList@PAUtagDBRequestHead@@ABQAU1@@@QAEPAU__POSITION@@ABQAUtagDBRequestHead@@@Z 0044d700 f i DBCorrespondManager.obj
 0001:0004c790       ?AllocMemory@?$CWHArray@KABK@@QAEXH@Z 0044d790 f i DBCorrespondManager.obj
 0001:0004c900       ?AmortizeSyncData@CDBCorrespondManager@@QAE_NKGKPAXGE@Z 0044d900 f   DBCorrespondManager.obj
 0001:0004c9e0       ?AssertValid@?$CList@PAUtagDBRequestHead@@ABQAU1@@@UBEXXZ 0044d9e0 f i DBCorrespondManager.obj
 0001:0004cac0       ?ClearAmortizeData@CDBCorrespondManager@@QAEXXZ 0044dac0 f   DBCorrespondManager.obj
 0001:0004cb20       ?ConcludeService@CDBCorrespondManager@@UAE_NXZ 0044db20 f   DBCorrespondManager.obj
 0001:0004cbd0       ?Dump@?$CList@PAUtagDBRequestHead@@ABQAU1@@@UBEXAAVCDumpContext@@@Z 0044dbd0 f i DBCorrespondManager.obj
 0001:0004ccb0       ?ElementAt@?$CWHArray@KABK@@QAEAAKH@Z 0044dcb0 f i DBCorrespondManager.obj
 0001:0004cd30       ?FreeNode@?$CList@PAUtagDBRequestHead@@ABQAU1@@@IAEXPAUCNode@1@@Z 0044dd30 f i DBCorrespondManager.obj
 0001:0004cdb0       ?GetCount@?$CList@PAUtagDBRequestHead@@ABQAU1@@@QBEHXZ 0044ddb0 f i DBCorrespondManager.obj
 0001:0004cdd0       ?GetCount@?$CWHArray@KABK@@QBEHXZ 0044ddd0 f i DBCorrespondManager.obj
 0001:0004cdf0       ?GetHeadPosition@?$CList@PAUtagDBRequestHead@@ABQAU1@@@QBEPAU__POSITION@@XZ 0044ddf0 f i DBCorrespondManager.obj
 0001:0004ce10       ?GetNext@?$CList@PAUtagDBRequestHead@@ABQAU1@@@QAEAAPAUtagDBRequestHead@@AAPAU__POSITION@@@Z 0044de10 f i DBCorrespondManager.obj
 0001:0004ce80       ?GetUserArrayIndex@CDBCorrespondManager@@QAEHK@Z 0044de80 f   DBCorrespondManager.obj
 0001:0004cef0       ?InitDBCorrespondManager@CDBCorrespondManager@@UAA_NPAUIDataBaseEngine@@@Z 0044def0 f   DBCorrespondManager.obj
 0001:0004cf20       ?IsPostDBRequest@CDBCorrespondManager@@QAE_NK@Z 0044df20 f   DBCorrespondManager.obj
 0001:0004cf90       ?NewNode@?$CList@PAUtagDBRequestHead@@ABQAU1@@@IAEPAUCNode@1@PAU21@0@Z 0044df90 f i DBCorrespondManager.obj
 0001:0004d130       ?OnPostRequestComplete@CDBCorrespondManager@@UAA_NK_N@Z 0044e130 f   DBCorrespondManager.obj
 0001:0004d280       ?OnTimerNotify@CDBCorrespondManager@@UAA_NXZ 0044e280 f   DBCorrespondManager.obj
 0001:0004d310       ?PerformAmortisation@CDBCorrespondManager@@QAEXXZ 0044e310 f   DBCorrespondManager.obj
 0001:0004d3e0       ?PostDataBaseRequest@CDBCorrespondManager@@UAA_NKGKPAXGE@Z 0044e3e0 f   DBCorrespondManager.obj
 0001:0004d4a0       ?QueryInterface@CDBCorrespondManager@@UAEPAXABU_GUID@@K@Z 0044e4a0 f   DBCorrespondManager.obj
 0001:0004d550       ?Release@CDBCorrespondManager@@UAEXXZ 0044e550 f i DBCorrespondManager.obj
 0001:0004d5a0       ?RemoveAll@?$CList@PAUtagDBRequestHead@@ABQAU1@@@QAEXXZ 0044e5a0 f i DBCorrespondManager.obj
 0001:0004d640       ?RemoveAll@?$CWHArray@KABK@@QAEXXZ 0044e640 f i DBCorrespondManager.obj
 0001:0004d6c0       ?RemoveAt@?$CList@PAUtagDBRequestHead@@ABQAU1@@@QAEXPAU__POSITION@@@Z 0044e6c0 f i DBCorrespondManager.obj
 0001:0004d800       ?RemoveAt@?$CWHArray@KABK@@QAEXHH@Z 0044e800 f i DBCorrespondManager.obj
 0001:0004d940       ?RemoveHead@?$CList@PAUtagDBRequestHead@@ABQAU1@@@QAEPAUtagDBRequestHead@@XZ 0044e940 f i DBCorrespondManager.obj
 0001:0004da60       ?Serialize@?$CList@PAUtagDBRequestHead@@ABQAU1@@@UAEXAAVCArchive@@@Z 0044ea60 f i DBCorrespondManager.obj
 0001:0004db90       ?SetAtGrow@?$CWHArray@KABK@@QAEXHABK@Z 0044eb90 f i DBCorrespondManager.obj
 0001:0004dc20       ?SetSize@?$CWHArray@KABK@@QAEXH@Z 0044ec20 f i DBCorrespondManager.obj
 0001:0004dd40       ?StartService@CDBCorrespondManager@@UAE_NXZ 0044ed40 f   DBCorrespondManager.obj
 0001:0004dd90       ??0CDistributeManager@@QAE@XZ 0044ed90 f   DistributeManager.obj
 0001:0004de00       ??0CDistributeNodePool@@QAE@XZ 0044ee00 f   DistributeManager.obj
 0001:0004de20       ??1CDistributeManager@@UAE@XZ 0044ee20 f   DistributeManager.obj
 0001:0004de90       ??1CDistributeNodePool@@QAE@XZ 0044ee90 f   DistributeManager.obj
 0001:0004df90       ??A?$CWHArray@UtagDistributeInfo@@ABU1@@@QBEABUtagDistributeInfo@@H@Z 0044ef90 f i DistributeManager.obj
 0001:0004dfc0       ??_ECDistributeManager@@UAEPAXI@Z 0044efc0 f i DistributeManager.obj
 0001:0004dfc0       ??_GCDistributeManager@@UAEPAXI@Z 0044efc0 f i DistributeManager.obj
 0001:0004e010       ?Add@?$CWHArray@UtagDistributeInfo@@ABU1@@@QAEHABUtagDistributeInfo@@@Z 0044f010 f i DistributeManager.obj
 0001:0004e050       ?AllocMemory@?$CWHArray@UtagDistributeInfo@@ABU1@@@QAEXH@Z 0044f050 f i DistributeManager.obj
 0001:0004e1b0       ?AllocNode@CDistributeNodePool@@QAEPAUtagDistributeNode@@XZ 0044f1b0 f   DistributeManager.obj
 0001:0004e270       ?FilterRuleExitsIPAddr@CDistributeManager@@IAEHABV?$CWHArray@UtagDistributeInfo@@ABU1@@@K@Z 0044f270 f i DistributeManager.obj
 0001:0004e2f0       ?FilterRuleExitsSameTable@CDistributeManager@@IAEHABV?$CWHArray@UtagDistributeInfo@@ABU1@@@G@Z 0044f2f0 f i DistributeManager.obj
 0001:0004e370       ?FilterRuleIsAllAndroid@CDistributeManager@@IAEHABV?$CWHArray@UtagDistributeInfo@@ABU1@@@QAUIServerUserItem@@@Z 0044f370 f i DistributeManager.obj
 0001:0004e470       ?FreeNode@CDistributeNodePool@@QAEXPAX@Z 0044f470 f   DistributeManager.obj
 0001:0004e4b0       ?GetAt@?$CWHArray@UtagDistributeInfo@@ABU1@@@QBEABUtagDistributeInfo@@H@Z 0044f4b0 f i DistributeManager.obj
 0001:0004e520       ?InsertDistributeNode@CDistributeManager@@QAEHABUtagDistributeInfo@@@Z 0044f520 f   DistributeManager.obj
 0001:0004e6d0       ?PerformDistribute@CDistributeManager@@QAEGAAV?$CWHArray@UtagDistributeInfo@@ABU1@@@G@Z 0044f6d0 f   DistributeManager.obj
 0001:0004e890       ?RemoveAll@CDistributeManager@@QAEXXZ 0044f890 f   DistributeManager.obj
 0001:0004e900       ?RemoveDistributeNode@CDistributeManager@@QAEXPAUtagDistributeNode@@@Z 0044f900 f   DistributeManager.obj
 0001:0004ea30       ?RemoveDistributeNode@CDistributeManager@@QAEXPBUIServerUserItem@@@Z 0044fa30 f   DistributeManager.obj
 0001:0004ea80       ?SearchNode@CDistributeManager@@IAEPAUtagDistributeNode@@QBUIServerUserItem@@@Z 0044fa80 f   DistributeManager.obj
 0001:0004eaf0       ?SetAtGrow@?$CWHArray@UtagDistributeInfo@@ABU1@@@QAEXHABUtagDistributeInfo@@@Z 0044faf0 f i DistributeManager.obj
 0001:0004eb90       ?SetSize@?$CWHArray@UtagDistributeInfo@@ABU1@@@QAEXH@Z 0044fb90 f i DistributeManager.obj
 0001:0004ecb0       ??0CGameServerApp@@QAE@XZ  0044fcb0 f   GameServer.obj
 0001:0004ecf0       ??1CGameServerApp@@UAE@XZ  0044fcf0 f i GameServer.obj
 0001:0004ed20       ??_GCGameServerApp@@UAEPAXI@Z 0044fd20 f i GameServer.obj
 0001:0004ed20       ??_ECGameServerApp@@UAEPAXI@Z 0044fd20 f i GameServer.obj
 0001:0004ed80       ?GetApplicationRecoveryParameter@CWinApp@@UAEPAXXZ 0044fd80 f i GameServer.obj
 0001:0004eda0       ?GetApplicationRecoveryPingInterval@CWinApp@@UAEKXZ 0044fda0 f i GameServer.obj
 0001:0004edc0       ?GetApplicationRestartFlags@CWinApp@@UAEKXZ 0044fdc0 f i GameServer.obj
 0001:0004ede0       ?GetMessageMap@CGameServerApp@@MBEPBUAFX_MSGMAP@@XZ 0044fde0 f   GameServer.obj
 0001:0004ee00       ?GetThisMessageMap@CGameServerApp@@KGPBUAFX_MSGMAP@@XZ 0044fe00 f   GameServer.obj
 0001:0004ee20       ?InitInstance@CGameServerApp@@UAEHXZ 0044fe20 f   GameServer.obj
 0001:0004ef20       ?ReopenPreviousFilesAtRestart@CWinApp@@UBEHXZ 0044ff20 f i GameServer.obj
 0001:0004ef50       ?RestoreAutosavedFilesAtRestart@CWinApp@@UBEHXZ 0044ff50 f i GameServer.obj
 0001:0004ef80       ?SupportsApplicationRecovery@CWinApp@@UBEHXZ 0044ff80 f i GameServer.obj
 0001:0004efb0       ?SupportsAutosaveAtInterval@CWinApp@@UBEHXZ 0044ffb0 f i GameServer.obj
 0001:0004efe0       ?SupportsAutosaveAtRestart@CWinApp@@UBEHXZ 0044ffe0 f i GameServer.obj
 0001:0004f010       ?SupportsRestartManager@CWinApp@@UBEHXZ 00450010 f i GameServer.obj
 0001:0004f040       ?OnBnClickedStartService@CGameServerDlg@@IAEXXZ 00450040 f   GameServerDlg.obj
 0001:0004f0f0       ?OnBnClickedStopService@CGameServerDlg@@IAEXXZ 004500f0 f   GameServerDlg.obj
 0001:0004f1a0       ?OnBnClickedOpenServer@CGameServerDlg@@IAEXXZ 004501a0 f   GameServerDlg.obj
 0001:0004f330       ?OnBnClickedCreateServer@CGameServerDlg@@IAEXXZ 00450330 f   GameServerDlg.obj
 0001:0004f460       ?OnBnClickedOptionServer@CGameServerDlg@@IAEXXZ 00450460 f   GameServerDlg.obj
 0001:0004f650       ?OnBnClickedOptionMatch@CGameServerDlg@@IAEXXZ 00450650 f   GameServerDlg.obj
 0001:0004f820       ?OnQueryEndSession@CGameServerDlg@@QAEHXZ 00450820 f   GameServerDlg.obj
 0001:0004f870       ?OnMessageProcessCmdLine@CGameServerDlg@@QAEJIJ@Z 00450870 f   GameServerDlg.obj
 0001:0004f9b0       ??$_snprintf_s@$0BAE@@@YAHAAY0BAE@DIPBDZZ 004509b0 f i GameServerDlg.obj
 0001:0004f9f0       ??0?$CTempldateHelper@UIGameServiceManager@@@@QAE@ABU_GUID@@K@Z 004509f0 f i GameServerDlg.obj
 0001:0004faa0       ??0CGameServerDlg@@QAE@XZ  00450aa0 f   GameServerDlg.obj
 0001:0004fbd0       ??0CGameServiceManagerHelper@@QAE@XZ 00450bd0 f i GameServerDlg.obj
 0001:0004fc10       ??0CreateRoomPayFee@@QAE@XZ 00450c10 f i GameServerDlg.obj
 0001:0004fc70       ??0IServiceUnitsSink@@QAE@XZ 00450c70 f i GameServerDlg.obj
 0001:0004fca0       ??0tagModuleInitParameter@@QAE@XZ 00450ca0 f i GameServerDlg.obj
 0001:0004fcd0       ??0tagPersonalRoomOptionRightAndFee@@QAE@XZ 00450cd0 f i GameServerDlg.obj
 0001:0004fd10       ??1?$CTempldateHelper@UIGameServiceManager@@@@UAE@XZ 00450d10 f i GameServerDlg.obj
 0001:0004fd80       ??1CGameServerDlg@@UAE@XZ  00450d80 f   GameServerDlg.obj
 0001:0004fe00       ??1CGameServiceManagerHelper@@UAE@XZ 00450e00 f i GameServerDlg.obj
 0001:0004fe30       ??_E?$CTempldateHelper@UIGameServiceManager@@@@UAEPAXI@Z 00450e30 f i GameServerDlg.obj
 0001:0004fe30       ??_G?$CTempldateHelper@UIGameServiceManager@@@@UAEPAXI@Z 00450e30 f i GameServerDlg.obj
 0001:0004fe80       ??_ECGameServerDlg@@UAEPAXI@Z 00450e80 f i GameServerDlg.obj
 0001:0004fe80       ??_GCGameServerDlg@@UAEPAXI@Z 00450e80 f i GameServerDlg.obj
 0001:0004fee0       ??_ECGameServiceManagerHelper@@UAEPAXI@Z 00450ee0 f i GameServerDlg.obj
 0001:0004fee0       ??_GCGameServiceManagerHelper@@UAEPAXI@Z 00450ee0 f i GameServerDlg.obj
 0001:0004ff30       ?CloseInstance@?$CTempldateHelper@UIGameServiceManager@@@@QAE_NXZ 00450f30 f i GameServerDlg.obj
 0001:0004ffe0       ?CreateInstance@?$CTempldateHelper@UIGameServiceManager@@@@QAE_NXZ 00450fe0 f i GameServerDlg.obj
 0001:000502a0       ?DoDataExchange@CGameServerDlg@@MAEXPAVCDataExchange@@@Z 004512a0 f   GameServerDlg.obj
 0001:000502f0       ?GetInterface@?$CTempldateHelper@UIGameServiceManager@@@@QBEPAUIGameServiceManager@@XZ 004512f0 f i GameServerDlg.obj
 0001:00050320       ?GetMessageMap@CGameServerDlg@@MBEPBUAFX_MSGMAP@@XZ 00451320 f   GameServerDlg.obj
 0001:00050340       ?GetPlatformDBParameter@CGameServerDlg@@IAE_NAAUtagDataBaseParameter@@@Z 00451340 f   GameServerDlg.obj
 0001:00050570       ?GetThisMessageMap@CGameServerDlg@@KGPBUAFX_MSGMAP@@XZ 00451570 f   GameServerDlg.obj
 0001:00050590       ?OnCancel@CGameServerDlg@@MAEXXZ 00451590 f   GameServerDlg.obj
 0001:00050600       ?OnInitDialog@CGameServerDlg@@MAEHXZ 00451600 f   GameServerDlg.obj
 0001:000506f0       ?OnOK@CGameServerDlg@@MAEXXZ 004516f0 f   GameServerDlg.obj
 0001:00050710       ?OnServiceUnitsStatus@CGameServerDlg@@UAEXW4enServiceStatus@@@Z 00451710 f   GameServerDlg.obj
 0001:00050ba0       ?PreTranslateMessage@CGameServerDlg@@MAEHPAUtagMSG@@@Z 00451ba0 f   GameServerDlg.obj
 0001:00050bf0       ?SetModuleCreateInfo@?$CTempldateHelper@UIGameServiceManager@@@@QAEXPBD0@Z 00451bf0 f i GameServerDlg.obj
 0001:00050c40       ?StartServerService@CGameServerDlg@@IAE_NG@Z 00451c40 f   GameServerDlg.obj
 0001:00050e00       ?UpdateParameterStatus@CGameServerDlg@@IAEXAAUtagModuleInitParameter@@@Z 00451e00 f   GameServerDlg.obj
 0001:00051030       ?UpdateServerLogo@CGameServerDlg@@IAEXPBD@Z 00452030 f   GameServerDlg.obj
 0001:000510c0       ?UpdateServerTitle@CGameServerDlg@@IAEXW4enServiceStatus@@@Z 004520c0 f   GameServerDlg.obj
 0001:000511f0       ??0CInitParameter@@QAE@XZ  004521f0 f   InitParameter.obj
 0001:00051250       ??1CInitParameter@@UAE@XZ  00452250 f   InitParameter.obj
 0001:00051280       ??_ECInitParameter@@UAEPAXI@Z 00452280 f i InitParameter.obj
 0001:00051280       ??_GCInitParameter@@UAEPAXI@Z 00452280 f i InitParameter.obj
 0001:000512d0       ?InitParameter@CInitParameter@@QAEXXZ 004522d0 f   InitParameter.obj
 0001:000513e0       ?LoadInitParameter@CInitParameter@@QAEXXZ 004523e0 f   InitParameter.obj
 0001:00051810       ?ReadMobileParameter@CInitParameter@@QAEXXZ 00452810 f   InitParameter.obj
 0001:00051b00       ?SetServerParameter@CInitParameter@@QAEXPAUtagGameServiceAttrib@@PAUtagGameServiceOption@@@Z 00452b00 f   InitParameter.obj
 0001:00051b40       ??$?0$$V@?$_Compressed_pair@V?$allocator@PAVCToken@@@std@@V?$_Vector_val@U?$_Simple_types@PAVCToken@@@std@@@2@$00@std@@QAE@U_Zero_then_variadic_args_t@1@@Z 00452b40 f i SensitiveWordsFilter.obj
 0001:00051b80       ??$?0PAVCToken@@@?$allocator@U_Container_proxy@std@@@std@@QAE@ABV?$allocator@PAVCToken@@@1@@Z 00452b80 f i SensitiveWordsFilter.obj
 0001:00051ba0       ??$_Allocate@$07U_Default_allocate_traits@std@@$0A@@std@@YAPAXI@Z 00452ba0 f i SensitiveWordsFilter.obj
 0001:00051bf0       ??$_Allocate_manually_vector_aligned@U_Default_allocate_traits@std@@@std@@YAPAXI@Z 00452bf0 f i SensitiveWordsFilter.obj
[...]
 0002:00013698       __ehfuncinfo$??1?$CMap@GGPAVCGameKindItem@NServerListManager@@AAPAV12@@@UAE@XZ 0049d698     ServerListManager.obj
 0002:000136c0       __unwindtable$??0?$CMap@GGPAVCGameNodeItem@NServerListManager@@AAPAV12@@@QAE@H@Z 0049d6c0     ServerListManager.obj
 0002:000136c8       __ehfuncinfo$??0?$CMap@GGPAVCGameNodeItem@NServerListManager@@AAPAV12@@@QAE@H@Z 0049d6c8     ServerListManager.obj
 0002:000136f0       __ehfuncinfo$??1?$CMap@GGPAVCGameNodeItem@NServerListManager@@AAPAV12@@@UAE@XZ 0049d6f0     ServerListManager.obj
 0002:00013718       __unwindtable$??0?$CMap@GGPAVCGamePageItem@NServerListManager@@AAPAV12@@@QAE@H@Z 0049d718     ServerListManager.obj
 0002:00013720       __ehfuncinfo$??0?$CMap@GGPAVCGamePageItem@NServerListManager@@AAPAV12@@@QAE@H@Z 0049d720     ServerListManager.obj
 0002:00013748       __ehfuncinfo$??1?$CMap@GGPAVCGamePageItem@NServerListManager@@AAPAV12@@@UAE@XZ 0049d748     ServerListManager.obj
 0002:00013770       __unwindtable$??0?$CMap@GGPAVCGameServerItem@NServerListManager@@AAPAV12@@@QAE@H@Z 0049d770     ServerListManager.obj
 0002:00013778       __ehfuncinfo$??0?$CMap@GGPAVCGameServerItem@NServerListManager@@AAPAV12@@@QAE@H@Z 0049d778     ServerListManager.obj
 0002:000137a0       __ehfuncinfo$??1?$CMap@GGPAVCGameServerItem@NServerListManager@@AAPAV12@@@UAE@XZ 0049d7a0     ServerListManager.obj
 0002:000137c8       __ehfuncinfo$??0CServerListManager@NServerListManager@@QAE@XZ 0049d7c8     ServerListManager.obj
 0002:000137ec       __unwindtable$??0CServerListManager@NServerListManager@@QAE@XZ 0049d7ec     ServerListManager.obj
 0002:00013848       __catchsym$??1CServerListManager@NServerListManager@@UAE@XZ$39 0049d848     ServerListManager.obj
 0002:00013858       __catchsym$??1CServerListManager@NServerListManager@@UAE@XZ$38 0049d858     ServerListManager.obj
 0002:00013868       __catchsym$??1CServerListManager@NServerListManager@@UAE@XZ$37 0049d868     ServerListManager.obj
 0002:00013878       __catchsym$??1CServerListManager@NServerListManager@@UAE@XZ$36 0049d878     ServerListManager.obj
 0002:00013888       __catchsym$??1CServerListManager@NServerListManager@@UAE@XZ$35 0049d888     ServerListManager.obj
 0002:00013898       __catchsym$??1CServerListManager@NServerListManager@@UAE@XZ$34 0049d898     ServerListManager.obj
 0002:000138a8       __catchsym$??1CServerListManager@NServerListManager@@UAE@XZ$33 0049d8a8     ServerListManager.obj
 0002:000138b8       __catchsym$??1CServerListManager@NServerListManager@@UAE@XZ$32 0049d8b8     ServerListManager.obj
 0002:000138c8       __catchsym$??1CServerListManager@NServerListManager@@UAE@XZ$31 0049d8c8     ServerListManager.obj
 0002:000138d8       __catchsym$??1CServerListManager@NServerListManager@@UAE@XZ$30 0049d8d8     ServerListManager.obj
 0002:000138e8       __ehfuncinfo$??1CServerListManager@NServerListManager@@UAE@XZ 0049d8e8     ServerListManager.obj
 0002:0001390c       __tryblocktable$??1CServerListManager@NServerListManager@@UAE@XZ 0049d90c     ServerListManager.obj
 0002:000139d4       __unwindtable$??1CServerListManager@NServerListManager@@UAE@XZ 0049d9d4     ServerListManager.obj
 0002:00013b04       __catchsym$?InsertGameType@CServerListManager@NServerListManager@@QAE_NPAUtagGameType@@@Z$3 0049db04     ServerListManager.obj
 0002:00013b14       __tryblocktable$?InsertGameType@CServerListManager@NServerListManager@@QAE_NPAUtagGameType@@@Z 0049db14     ServerListManager.obj
 0002:00013b28       __unwindtable$?InsertGameType@CServerListManager@NServerListManager@@QAE_NPAUtagGameType@@@Z 0049db28     ServerListManager.obj
 0002:00013b40       __ehfuncinfo$?InsertGameType@CServerListManager@NServerListManager@@QAE_NPAUtagGameType@@@Z 0049db40     ServerListManager.obj
 0002:00013b70       __catchsym$?InsertGameKind@CServerListManager@NServerListManager@@QAE_NPAUtagGameKind@@@Z$3 0049db70     ServerListManager.obj
 0002:00013b80       __tryblocktable$?InsertGameKind@CServerListManager@NServerListManager@@QAE_NPAUtagGameKind@@@Z 0049db80     ServerListManager.obj
 0002:00013b94       __unwindtable$?InsertGameKind@CServerListManager@NServerListManager@@QAE_NPAUtagGameKind@@@Z 0049db94     ServerListManager.obj
 0002:00013bac       __ehfuncinfo$?InsertGameKind@CServerListManager@NServerListManager@@QAE_NPAUtagGameKind@@@Z 0049dbac     ServerListManager.obj
 0002:00013bdc       __catchsym$?InsertGameNode@CServerListManager@NServerListManager@@QAE_NPAUtagGameNode@@@Z$3 0049dbdc     ServerListManager.obj
 0002:00013bec       __tryblocktable$?InsertGameNode@CServerListManager@NServerListManager@@QAE_NPAUtagGameNode@@@Z 0049dbec     ServerListManager.obj
 0002:00013c00       __unwindtable$?InsertGameNode@CServerListManager@NServerListManager@@QAE_NPAUtagGameNode@@@Z 0049dc00     ServerListManager.obj
 0002:00013c18       __ehfuncinfo$?InsertGameNode@CServerListManager@NServerListManager@@QAE_NPAUtagGameNode@@@Z 0049dc18     ServerListManager.obj
 0002:00013c48       __catchsym$?InsertGamePage@CServerListManager@NServerListManager@@QAE_NPAUtagGamePage@@@Z$3 0049dc48     ServerListManager.obj
 0002:00013c58       __tryblocktable$?InsertGamePage@CServerListManager@NServerListManager@@QAE_NPAUtagGamePage@@@Z 0049dc58     ServerListManager.obj
 0002:00013c6c       __unwindtable$?InsertGamePage@CServerListManager@NServerListManager@@QAE_NPAUtagGamePage@@@Z 0049dc6c     ServerListManager.obj
 0002:00013c84       __ehfuncinfo$?InsertGamePage@CServerListManager@NServerListManager@@QAE_NPAUtagGamePage@@@Z 0049dc84     ServerListManager.obj
 0002:00013cb4       __catchsym$?InsertGameServer@CServerListManager@NServerListManager@@QAE_NPAUtagGameServer@@@Z$3 0049dcb4     ServerListManager.obj
 0002:00013cc4       __tryblocktable$?InsertGameServer@CServerListManager@NServerListManager@@QAE_NPAUtagGameServer@@@Z 0049dcc4     ServerListManager.obj
 0002:00013cd8       __unwindtable$?InsertGameServer@CServerListManager@NServerListManager@@QAE_NPAUtagGameServer@@@Z 0049dcd8     ServerListManager.obj
 0002:00013cf0       __ehfuncinfo$?InsertGameServer@CServerListManager@NServerListManager@@QAE_NPAUtagGameServer@@@Z 0049dcf0     ServerListManager.obj
 0002:00013d20       __ehfuncinfo$??1?$CTempldateHelper@UITimerEngine@@@@UAE@XZ 0049dd20     ServiceUnits.obj
 0002:00013d48       __unwindtable$?CreateInstance@?$CTempldateHelper@UITimerEngine@@@@QAE_NXZ 0049dd48     ServiceUnits.obj
 0002:00013d58       __tryblocktable$?CreateInstance@?$CTempldateHelper@UITimerEngine@@@@QAE_NXZ 0049dd58     ServiceUnits.obj
 0002:00013d6c       __catchsym$?CreateInstance@?$CTempldateHelper@UITimerEngine@@@@QAE_NXZ$3 0049dd6c     ServiceUnits.obj
 0002:00013d8c       __ehfuncinfo$?CreateInstance@?$CTempldateHelper@UITimerEngine@@@@QAE_NXZ 0049dd8c     ServiceUnits.obj
 0002:00013dbc       __ehfuncinfo$??1?$CTempldateHelper@UIDataBaseEngine@@@@UAE@XZ 0049ddbc     ServiceUnits.obj
 0002:00013de4       __unwindtable$?CreateInstance@?$CTempldateHelper@UIDataBaseEngine@@@@QAE_NXZ 0049dde4     ServiceUnits.obj
 0002:00013df4       __tryblocktable$?CreateInstance@?$CTempldateHelper@UIDataBaseEngine@@@@QAE_NXZ 0049ddf4     ServiceUnits.obj
 0002:00013e08       __catchsym$?CreateInstance@?$CTempldateHelper@UIDataBaseEngine@@@@QAE_NXZ$3 0049de08     ServiceUnits.obj
 0002:00013e28       __ehfuncinfo$?CreateInstance@?$CTempldateHelper@UIDataBaseEngine@@@@QAE_NXZ 0049de28     ServiceUnits.obj
 0002:00013e58       __ehfuncinfo$??1?$CTempldateHelper@UIAttemperEngine@@@@UAE@XZ 0049de58     ServiceUnits.obj
 0002:00013e80       __unwindtable$?CreateInstance@?$CTempldateHelper@UIAttemperEngine@@@@QAE_NXZ 0049de80     ServiceUnits.obj
 0002:00013e90       __tryblocktable$?CreateInstance@?$CTempldateHelper@UIAttemperEngine@@@@QAE_NXZ 0049de90     ServiceUnits.obj
 0002:00013ea4       __catchsym$?CreateInstance@?$CTempldateHelper@UIAttemperEngine@@@@QAE_NXZ$3 0049dea4     ServiceUnits.obj
 0002:00013ec4       __ehfuncinfo$?CreateInstance@?$CTempldateHelper@UIAttemperEngine@@@@QAE_NXZ 0049dec4     ServiceUnits.obj
 0002:00013ef4       __ehfuncinfo$??1?$CTempldateHelper@UITCPSocketService@@@@UAE@XZ 0049def4     ServiceUnits.obj
 0002:00013f1c       __unwindtable$?CreateInstance@?$CTempldateHelper@UITCPSocketService@@@@QAE_NXZ 0049df1c     ServiceUnits.obj
 0002:00013f2c       __tryblocktable$?CreateInstance@?$CTempldateHelper@UITCPSocketService@@@@QAE_NXZ 0049df2c     ServiceUnits.obj
 0002:00013f40       __catchsym$?CreateInstance@?$CTempldateHelper@UITCPSocketService@@@@QAE_NXZ$3 0049df40     ServiceUnits.obj
 0002:00013f60       __ehfuncinfo$?CreateInstance@?$CTempldateHelper@UITCPSocketService@@@@QAE_NXZ 0049df60     ServiceUnits.obj
 0002:00013f90       __ehfuncinfo$??1?$CTempldateHelper@UITCPNetworkEngine@@@@UAE@XZ 0049df90     ServiceUnits.obj
 0002:00013fb8       __unwindtable$?CreateInstance@?$CTempldateHelper@UITCPNetworkEngine@@@@QAE_NXZ 0049dfb8     ServiceUnits.obj
 0002:00013fc8       __tryblocktable$?CreateInstance@?$CTempldateHelper@UITCPNetworkEngine@@@@QAE_NXZ 0049dfc8     ServiceUnits.obj
 0002:00013fdc       __catchsym$?CreateInstance@?$CTempldateHelper@UITCPNetworkEngine@@@@QAE_NXZ$3 0049dfdc     ServiceUnits.obj
 0002:00013ffc       __ehfuncinfo$?CreateInstance@?$CTempldateHelper@UITCPNetworkEngine@@@@QAE_NXZ 0049dffc     ServiceUnits.obj
 0002:0001402c       __ehfuncinfo$??1?$CTempldateHelper@UIMatchServiceManager@@@@UAE@XZ 0049e02c     ServiceUnits.obj
 0002:00014054       __unwindtable$?CreateInstance@?$CTempldateHelper@UIMatchServiceManager@@@@QAE_NXZ 0049e054     ServiceUnits.obj
 0002:00014064       __tryblocktable$?CreateInstance@?$CTempldateHelper@UIMatchServiceManager@@@@QAE_NXZ 0049e064     ServiceUnits.obj
 0002:00014078       __catchsym$?CreateInstance@?$CTempldateHelper@UIMatchServiceManager@@@@QAE_NXZ$3 0049e078     ServiceUnits.obj
 0002:00014098       __ehfuncinfo$?CreateInstance@?$CTempldateHelper@UIMatchServiceManager@@@@QAE_NXZ 0049e098     ServiceUnits.obj
 0002:000140c8       __ehfuncinfo$??1?$CTempldateHelper@UIPersonalRoomServiceManager@@@@UAE@XZ 0049e0c8     ServiceUnits.obj
 0002:000140f0       __unwindtable$?CreateInstance@?$CTempldateHelper@UIPersonalRoomServiceManager@@@@QAE_NXZ 0049e0f0     ServiceUnits.obj
 0002:00014100       __tryblocktable$?CreateInstance@?$CTempldateHelper@UIPersonalRoomServiceManager@@@@QAE_NXZ 0049e100     ServiceUnits.obj
 0002:00014114       __catchsym$?CreateInstance@?$CTempldateHelper@UIPersonalRoomServiceManager@@@@QAE_NXZ$3 0049e114     ServiceUnits.obj
 0002:00014134       __ehfuncinfo$?CreateInstance@?$CTempldateHelper@UIPersonalRoomServiceManager@@@@QAE_NXZ 0049e134     ServiceUnits.obj
 0002:00014164       __ehfuncinfo$??0CServiceUnits@@QAE@XZ 0049e164     ServiceUnits.obj
 0002:00014188       __unwindtable$??0CServiceUnits@@QAE@XZ 0049e188     ServiceUnits.obj
 0002:0001422c       __ehfuncinfo$??1CServiceUnits@@UAE@XZ 0049e22c     ServiceUnits.obj
 0002:00014254       __unwindtable$?PostControlRequest@CServiceUnits@@QAE_NGPAXG@Z 0049e254     ServiceUnits.obj
 0002:0001425c       __ehfuncinfo$?PostControlRequest@CServiceUnits@@QAE_NGPAXG@Z 0049e25c     ServiceUnits.obj
 0002:00014284       __catchsym$?LoadDataBaseParameter@CServiceUnits@@QAE_NPBD0AAUtagDataBaseParameter@@@Z$4 0049e284     ServiceUnits.obj
 0002:00014294       __tryblocktable$?LoadDataBaseParameter@CServiceUnits@@QAE_NPBD0AAUtagDataBaseParameter@@@Z 0049e294     ServiceUnits.obj
 0002:000142a8       __unwindtable$?LoadDataBaseParameter@CServiceUnits@@QAE_NPBD0AAUtagDataBaseParameter@@@Z 0049e2a8     ServiceUnits.obj
 0002:000142c8       __ehfuncinfo$?LoadDataBaseParameter@CServiceUnits@@QAE_NPBD0AAUtagDataBaseParameter@@@Z 0049e2c8     ServiceUnits.obj
 0002:000142f8       __catchsym$?WritePersonalDissumeInfo@CServiceUnits@@AAE_NXZ$4 0049e2f8     ServiceUnits.obj
 0002:00014308       __tryblocktable$?WritePersonalDissumeInfo@CServiceUnits@@AAE_NXZ 0049e308     ServiceUnits.obj
 0002:0001431c       __unwindtable$?WritePersonalDissumeInfo@CServiceUnits@@AAE_NXZ 0049e31c     ServiceUnits.obj
 0002:0001433c       __ehfuncinfo$?WritePersonalDissumeInfo@CServiceUnits@@AAE_NXZ 0049e33c     ServiceUnits.obj
 0002:0001436c       __unwindtable$?WriteSeverCount@CServiceUnits@@QAEX_N@Z 0049e36c     ServiceUnits.obj
 0002:00014374       __ehfuncinfo$?WriteSeverCount@CServiceUnits@@QAEX_N@Z 0049e374     ServiceUnits.obj
 0002:0001439c       __unwindtable$?OnUIControlRequest@CServiceUnits@@IAEJIJ@Z 0049e39c     ServiceUnits.obj
 0002:000143a4       __ehfuncinfo$?OnUIControlRequest@CServiceUnits@@IAEJIJ@Z 0049e3a4     ServiceUnits.obj
 0002:000143cc       __ehfuncinfo$??1?$CSimpleArray@GV?$CSimpleArrayEqualHelper@G@ATL@@@ATL@@QAE@XZ 0049e3cc     Stdafx.obj
 0002:000143f4       __unwindtable$??0_ATL_WIN_MODULE70@ATL@@QAE@XZ 0049e3f4     Stdafx.obj
 0002:000143fc       __ehfuncinfo$??0_ATL_WIN_MODULE70@ATL@@QAE@XZ 0049e3fc     Stdafx.obj
 0002:00014424       __ehfuncinfo$??1CAtlComModule@ATL@@QAE@XZ 0049e424     Stdafx.obj
 0002:0001444c       __ehfuncinfo$??1CAtlWinModule@ATL@@QAE@XZ 0049e44c     Stdafx.obj
 0002:00014474       __unwindtable$??0?$CMap@KK_JAA_J@@QAE@H@Z 0049e474     TableFrame.obj
 0002:0001447c       __ehfuncinfo$??0?$CMap@KK_JAA_J@@QAE@H@Z 0049e47c     TableFrame.obj
 0002:000144a4       __ehfuncinfo$??1?$CMap@KK_JAA_J@@UAE@XZ 0049e4a4     TableFrame.obj
 0002:000144cc       __unwindtable$??0CTableFrame@@QAE@XZ 0049e4cc     TableFrame.obj
 0002:000144e4       __ehfuncinfo$??0CTableFrame@@QAE@XZ 0049e4e4     TableFrame.obj
 0002:00014510       __ehfuncinfo$??1CTableFrame@@UAE@XZ 0049e510     TableFrame.obj
 0002:00014538       __catchsym$?WriteUserScore@CTableFrame@@UAE_NGAAUtagScoreInfo@@KK@Z$2 0049e538     TableFrame.obj
 0002:00014548       __unwindtable$?WriteUserScore@CTableFrame@@UAE_NGAAUtagScoreInfo@@KK@Z 0049e548     TableFrame.obj
 0002:00014558       __tryblocktable$?WriteUserScore@CTableFrame@@UAE_NGAAUtagScoreInfo@@KK@Z 0049e558     TableFrame.obj
 0002:0001456c       __ehfuncinfo$?WriteUserScore@CTableFrame@@UAE_NGAAUtagScoreInfo@@KK@Z 0049e56c     TableFrame.obj
 0002:00014598       __unwindtable$?PerformStandUpAction@CTableFrame@@UAE_NPAUIServerUserItem@@_N@Z 0049e598     TableFrame.obj
 0002:000145a0       __ehfuncinfo$?PerformStandUpAction@CTableFrame@@UAE_NPAUIServerUserItem@@_N@Z 0049e5a0     TableFrame.obj
 0002:000145c8       __unwindtable$?InitializationFrame@CTableFrame@@QAE_NGAAUtagTableFrameParameter@@@Z 0049e5c8     TableFrame.obj
 0002:000145d0       __ehfuncinfo$?InitializationFrame@CTableFrame@@QAE_NGAAUtagTableFrameParameter@@@Z 0049e5d0     TableFrame.obj
 0002:00014660       __sehtable$_WinbaseIsolationAwarePrivatetRgzlnPgpgk@0 0049e660     mfcs140d:nolib.obj
 0002:00014680       __sehtable$_IsolationAwareUnregisterClassA@8 0049e680     mfcs140d:nolib.obj
 0002:000146a0       __ehfuncinfo$??_Estringdispid@CComTypeInfoHolder@ATL@@QAEPAXI@Z 0049e6a0     mfcs140d:nolib.obj
 0002:000146c8       __sehtable$___scrt_is_nonwritable_in_current_image 0049e6c8     msvcrtd:utility.obj
 0002:000146e8       __sehtable$??_L@YGXPAXIIP6EX0@Z1@Z 0049e6e8     msvcrtd:ehvecctr.obj
 0002:00014708       __sehtable$??_M@YGXPAXIIP6EX0@Z@Z 0049e708     msvcrtd:ehvecdtr.obj
 0002:00014728       __sehtable$?__ArrayUnwind@@YGXPAXIIP6EX0@Z@Z 0049e728     msvcrtd:ehvecdtr.obj
 0002:00014748       __ehfuncinfo$?__scrt_initialize_thread_safe_statics_platform_specific@@YAXXZ 0049e748     msvcrtd:thread_safe_statics.obj
 0002:00014770       __ehfuncinfo$?__scrt_uninitialize_thread_safe_statics@@YAXXZ 0049e770     msvcrtd:thread_safe_statics.obj
 0002:00014798       __sehtable$?__scrt_common_main_seh@@YAHXZ 0049e798     msvcrtd:exe_winmain.obj
 0002:000147b8       __sehtable$?notify_debugger@@YAXABUtagEXCEPTION_VISUALCPP_DEBUG_INFO@@@Z 0049e7b8     msvcrtd:error.obj
 0002:00014818       __sehtable$?_com_invoke_helper@@YAJPAUIDispatch@@JGGPAXPB_WPADPAPAUIErrorInfo@@@Z 0049e818     comsuppwd:invkprxy.obj
 0003:00000010       ?THIS_FILE@@3PADA          004a0010     AttemperEngineSink.obj
 0003:00000428       ?THIS_FILE@@3PADA          004a0428     TableFrame.obj
 0003:00003f64       ?nNewCount@@3HA            004a3f64     SensitiveWordsFilter.obj
 0003:000040d0       _GS_ExceptionRecord        004a40d0     msvcrtd:gs_report.obj
 0003:00004120       _GS_ContextRecord          004a4120     msvcrtd:gs_report.obj
 0003:00004494       ?is_initialized_as_dll@@3_NA 004a4494     msvcrtd:utility.obj
 0003:00004495       ?module_local_atexit_table_initialized@@3_NA 004a4495     msvcrtd:utility.obj
 0003:00004498       ?module_local_atexit_table@@3U_onexit_table_t@@A 004a4498     msvcrtd:utility.obj
 0003:000044a4       ?module_local_at_quick_exit_table@@3U_onexit_table_t@@A 004a44a4     msvcrtd:utility.obj
 0003:000044b8       ?_Tss_mutex@@3U_RTL_CRITICAL_SECTION@@A 004a44b8     msvcrtd:thread_safe_statics.obj
 0003:000044d0       ?_Tss_cv@@3U_RTL_CONDITION_VARIABLE@@A 004a44d0     msvcrtd:thread_safe_statics.obj
 0003:000044d4       ?_Tss_event@@3PAXA         004a44d4     msvcrtd:thread_safe_statics.obj
 0003:000044d8       ?encoded_sleep_condition_variable_cs@@3P6GHPAU_RTL_CONDITION_VARIABLE@@PAU_RTL_CRITICAL_SECTION@@K@ZA 004a44d8     msvcrtd:thread_safe_statics.obj
 0003:000044dc       ?encoded_wake_all_condition_variable@@3P6GXPAU_RTL_CONDITION_VARIABLE@@@ZA 004a44dc     msvcrtd:thread_safe_statics.obj
 0003:000044ec       ?init@?1??_RTC_InitBase@@9@4_NA 004a44ec     msvcrtd:init.obj
 0003:0000451c       ?_RTC_ErrorReportFunc@@3P6AHHPBDH00ZZA 004a451c     msvcrtd:userapi.obj
 0003:00004520       ?_RTC_ErrorReportFuncW@@3P6AHHPB_WH00ZZA 004a4520     msvcrtd:userapi.obj
 0003:00004528       ?mspdb@@3PAUHINSTANCE__@@A 004a4528     msvcrtd:pdblkup.obj
 0003:0000452c       ?alreadyTried@?1??GetPdbDll@@YAPAUHINSTANCE__@@XZ@4_NA 004a452c     msvcrtd:pdblkup.obj
 0003:0000452d       ?PDBOK@?1??_RTC_GetSrcLine@@YAHPAEPA_WKPAH1K@Z@4_NA 004a452d     msvcrtd:pdblkup.obj
 0004:000018f2       .idata$6                   004a68f2     ServiceCore:ServiceCore.dll
 0004:00001f7e       .idata$6                   004a6f7e     KernelEngine:KernelEngine.dll
 0004:00002338       .idata$6                   004a7338     ModuleManager:ModuleManager.dll
 0004:00002630       .idata$6                   004a7630     GameService:GameService.dll
 0004:00002640       .idata$6                   004a7640     mfc140d:mfc140d.dll
 0004:000029ec       .idata$6                   004a79ec     kernel32:KERNEL32.dll
 0004:00002a54       .idata$6                   004a7a54     user32:USER32.dll
 0004:00002a60       .idata$6                   004a7a60     comctl32:COMCTL32.dll
 0004:00002a8c       .idata$6                   004a7a8c     shlwapi:SHLWAPI.dll
 0004:00002a98       .idata$6                   004a7a98     oleaut32:OLEAUT32.dll
 0004:00002be4       .idata$6                   004a7be4     msvcprtd:MSVCP140D.dll
 0004:00002cda       .idata$6                   004a7cda     vcruntimed:VCRUNTIME140D.dll
 0004:000030c4       .idata$6                   004a80c4     ucrtd:ucrtbased.dll
 0007:00000490       $R000000                   004ab490     GameServer.res
 0007:000005b8       $R000128                   004ab5b8     GameServer.res
 0007:000008a0       $R000410                   004ab8a0     GameServer.res
 0007:00000f08       $R000A78                   004abf08     GameServer.res
 0007:00001db0       $R001920                   004acdb0     GameServer.res
 0007:00002658       $R0021C8                   004ad658     GameServer.res
 0007:00002bc0       $R002730                   004adbc0     GameServer.res
 0007:00005168       $R004CD8                   004b0168     GameServer.res
 0007:00006210       $R005D80                   004b1210     GameServer.res
 0007:00006678       $R0061E8                   004b1678     GameServer.res
 0007:00006700       $R006270                   004b1700     GameServer.res
 0007:000069e0       $R006550                   004b19e0     GameServer.res
 0007:00006cf0       $R006860                   004b1cf0     GameServer.res
