 GameService

 Timestamp is 5da6abf1 (Wed Oct 16 13:34:41 2019)

 Preferred load address is 10000000

 Start         Length     Name                   Class
 0001:00000000 00005190H .text$di                CODE
 0001:00005190 00027120H .text$mn                CODE
 0001:0002c2b0 00002580H .text$x                 CODE
 0001:0002e830 00001150H .text$yd                CODE
 0002:00000000 00000104H .CRT$XCA                DATA
 0002:00000104 00000104H .CRT$XCL                DATA
 0002:00000208 00000188H .CRT$XCU                DATA
 0002:00000390 00000104H .CRT$XCZ                DATA
 0002:00000494 00000104H .CRT$XIA                DATA
 0002:00000598 00000104H .CRT$XIC                DATA
 0002:0000069c 00000104H .CRT$XIZ                DATA
 0002:000007a0 00000004H .CRT$XLA                DATA
 0002:000007a4 00000004H .CRT$XLZ                DATA
 0002:000007a8 00000104H .CRT$XPA                DATA
 0002:000008ac 00000104H .CRT$XPZ                DATA
 0002:000009b0 00000104H .CRT$XTA                DATA
 0002:00000ab4 0000010cH .CRT$XTZ                DATA
 0002:00000bc0 00007f60H .rdata                  DATA
 0002:00008b20 0000011cH .rdata$T                DATA
 0002:00008c3c 00000ca4H .rdata$r                DATA
 0002:000098e0 000002c0H .rdata$sxdata           DATA
 0002:00009ba0 000001a0H .rdata$zzzdbg           DATA
 0002:00009d40 00000104H .rtc$IAA                DATA
 0002:00009e44 0000010cH .rtc$IMZ                DATA
 0002:00009f50 00000104H .rtc$IZZ                DATA
 0002:0000a054 00000104H .rtc$TAA                DATA
 0002:0000a158 0000010cH .rtc$TMZ                DATA
 0002:0000a264 00000104H .rtc$TZZ                DATA
 0002:0000a368 00001e1cH .xdata$x                DATA
 0002:0000c184 00000104H ATL$__a                 DATA
 0002:0000c288 00000108H ATL$__z                 DATA
 0002:0000c390 000039e3H .edata                  DATA
 0003:00000000 00000278H .data                   DATA
 0003:00000278 00000708H .data$r                 DATA
 0003:00000980 00002d6cH .bss                    DATA
 0004:00000000 00000444H .idata$5                DATA
 0004:00000444 000000a0H .idata$2                DATA
 0004:000004e4 00000014H .idata$3                DATA
 0004:000004f8 00000444H .idata$4                DATA
 0004:0000093c 00000ad2H .idata$6                DATA
 0005:00000000 00000104H .tls                    DATA
 0005:00000104 00000104H .tls$                   DATA
 0005:00000208 00000101H .tls$ZZZ                DATA
 0006:00000000 00000104H .00cfg                  DATA
 0007:00000000 000001c0H .rsrc$01                DATA
 0007:000001c0 00000709H .rsrc$02                DATA

  Address         Publics by Value              Rva+Base       Lib:Object

 0000:00000000       ___volatile_metadata       00000000     <absolute>
 0000:00000000       ___guard_iat_count         00000000     <absolute>
 0000:00000000       ___guard_longjmp_table     00000000     <absolute>
 0000:00000000       ___guard_longjmp_count     00000000     <absolute>
 0000:00000000       ___guard_fids_table        00000000     <absolute>
 0000:00000000       ___hybrid_code_map_count   00000000     <absolute>
 0000:00000000       ___enclave_config          00000000     <absolute>
 0000:00000000       ___guard_iat_table         00000000     <absolute>
 0000:00000000       ___dynamic_value_reloc_table 00000000     <absolute>
 0000:00000000       ___hybrid_auxiliary_iat    00000000     <absolute>
 0000:00000000       ___hybrid_code_map         00000000     <absolute>
 0000:00000000       ___guard_fids_count        00000000     <absolute>
 0000:0000002c       __tls_array                0000002c     <absolute>
 0000:0000005d       ___safe_se_handler_count   0000005d     <absolute>
 0000:00000100       ___guard_flags             00000100     <absolute>
 0000:00000000       ___ImageBase               10000000     <linker-defined>
 0001:00005190       ??$_Getvals@_W@?$time_get@DV?$istreambuf_iterator@DU?$char_traits@D@std@@@std@@@std@@IAEX_WABV_Locinfo@1@@Z 10006190 f i AndroidUserItem.obj
 0001:000052c0       ??$_Getvals@_W@?$time_get@_WV?$istreambuf_iterator@_WU?$char_traits@_W@std@@@std@@@std@@IAEX_WABV_Locinfo@1@@Z 100062c0 f i AndroidUserItem.obj
 0001:000053f0       ??$_Maklocstr@D@std@@YAPADPBDPADABU_Cvtvec@@@Z 100063f0 f i AndroidUserItem.obj
 0001:000054a0       ??$_Maklocstr@_W@std@@YAPA_WPBDPA_WABU_Cvtvec@@@Z 100064a0 f i AndroidUserItem.obj
 0001:00005620       ??0?$CTraceCategoryEx@$0CAAA@$0A@@ATL@@QAE@PBD@Z 10006620 f i AndroidUserItem.obj
 0001:00005660       ??0?$CWHArray@PAUtagTimerItem@@ABQAU1@@@QAE@ABV0@@Z 10006660 f i AndroidUserItem.obj
 0001:000056d0       ??0?$CWHArray@PAUtagTimerItem@@ABQAU1@@@QAE@XZ 100066d0 f i AndroidUserItem.obj
 0001:00005730       ??0CAndroidUserItem@@QAE@ABV0@@Z 10006730 f i AndroidUserItem.obj
 0001:000058b0       ??0CAndroidUserItem@@QAE@XZ 100068b0 f   AndroidUserItem.obj
 0001:00005a00       ??0IAndroidUserItem@@QAE@ABU0@@Z 10006a00 f i AndroidUserItem.obj
 0001:00005a40       ??0IAndroidUserItem@@QAE@XZ 10006a40 f i AndroidUserItem.obj
 0001:00005a70       ??0IUnknownEx@@QAE@ABU0@@Z 10006a70 f i AndroidUserItem.obj
 0001:00005aa0       ??0IUnknownEx@@QAE@XZ      10006aa0 f i AndroidUserItem.obj
 0001:00005ad0       ??1?$CWHArray@PAUtagTimerItem@@ABQAU1@@@UAE@XZ 10006ad0 f i AndroidUserItem.obj
 0001:00005b50       ??1CAndroidUserItem@@UAE@XZ 10006b50 f   AndroidUserItem.obj
 0001:00005bf0       ??2@YAPAXIPAX@Z            10006bf0 f i AndroidUserItem.obj
 0001:00005c10       ??4?$CWHArray@PAUtagTimerItem@@ABQAU1@@@QAEAAV0@ABV0@@Z 10006c10 f i AndroidUserItem.obj
 0001:00005c70       ??4CAndroidUserItem@@QAEAAV0@ABV0@@Z 10006c70 f i AndroidUserItem.obj
 0001:00005de0       ??4IAndroidUserItem@@QAEAAU0@ABU0@@Z 10006de0 f i AndroidUserItem.obj
 0001:00005e10       ??4IUnknownEx@@QAEAAU0@ABU0@@Z 10006e10 f i AndroidUserItem.obj
 0001:00005e30       ??A?$CWHArray@PAUtagTimerItem@@ABQAU1@@@QAEAAPAUtagTimerItem@@H@Z 10006e30 f i AndroidUserItem.obj
 0001:00005e60       ??_ECAndroidUserItem@@UAEPAXI@Z 10006e60 f i AndroidUserItem.obj
 0001:00005f40       ??_E?$CWHArray@PAUtagTimerItem@@ABQAU1@@@UAEPAXI@Z 10006f40 f i AndroidUserItem.obj
 0001:00005f40       ??_G?$CWHArray@PAUtagTimerItem@@ABQAU1@@@UAEPAXI@Z 10006f40 f i AndroidUserItem.obj
 0001:00005f90       ??_GCAndroidUserItem@@UAEPAXI@Z 10006f90 f i AndroidUserItem.obj
 0001:00005fe0       ??_H@YGXPAXIIP6EPAX0@Z@Z   10006fe0 f i AndroidUserItem.obj
 0001:00006030       ?Add@?$CWHArray@PAUtagTimerItem@@ABQAU1@@@QAEHABQAUtagTimerItem@@@Z 10007030 f i AndroidUserItem.obj
 0001:00006070       ?AfxAssertFailedLine@@YGHPBDH@Z 10007070 f i AndroidUserItem.obj
 0001:000060e0       ?AllocMemory@?$CWHArray@PAUtagTimerItem@@ABQAU1@@@QAEXH@Z 100070e0 f i AndroidUserItem.obj
 0001:00006250       ?Append@?$CWHArray@PAUtagTimerItem@@ABQAU1@@@QAEHABV1@@Z 10007250 f i AndroidUserItem.obj
 0001:00006340       ?CloseGameClient@CAndroidUserItem@@IAEXXZ 10007340 f   AndroidUserItem.obj
 0001:00006440       ?ElementAt@?$CWHArray@PAUtagTimerItem@@ABQAU1@@@QAEAAPAUtagTimerItem@@H@Z 10007440 f i AndroidUserItem.obj
 0001:000064c0       ?GetAndroidParameter@CAndroidUserItem@@UAEPAUtagAndroidParameter@@XZ 100074c0 f i AndroidUserItem.obj
 0001:000064e0       ?GetAndroidService@CAndroidUserItem@@UAEPAUtagAndroidService@@XZ 100074e0 f i AndroidUserItem.obj
 0001:00006500       ?GetBuildVer@@YAEK@Z       10007500 f i AndroidUserItem.obj
 0001:00006530       ?GetChairID@CAndroidUserItem@@UAEGXZ 10007530 f   AndroidUserItem.obj
 0001:000065a0       ?GetCount@?$CWHArray@PAUtagTimerItem@@ABQAU1@@@QBEHXZ 100075a0 f i AndroidUserItem.obj
 0001:000065c0       ?GetGameStatus@CAndroidUserItem@@UAEEXZ 100075c0 f i AndroidUserItem.obj
 0001:000065e0       ?GetMainVer@@YAEK@Z        100075e0 f i AndroidUserItem.obj
 0001:00006610       ?GetMeUserItem@CAndroidUserItem@@UAEPAUIServerUserItem@@XZ 10007610 f   AndroidUserItem.obj
 0001:00006630       ?GetProductVer@@YAEK@Z     10007630 f i AndroidUserItem.obj
 0001:00006660       ?GetSubVer@@YAEK@Z         10007660 f i AndroidUserItem.obj
 0001:00006690       ?GetTableID@CAndroidUserItem@@UAEGXZ 10007690 f   AndroidUserItem.obj
 0001:00006700       ?GetTableUserItem@CAndroidUserItem@@UAEPAUIServerUserItem@@G@Z 10007700 f   AndroidUserItem.obj
 0001:00006720       ?GetUserID@CAndroidUserItem@@UAEKXZ 10007720 f   AndroidUserItem.obj
 0001:00006740       ?InterfaceVersionCompare@@YA_NKK@Z 10007740 f i AndroidUserItem.obj
 0001:00006820       ?JudgeAndroidActionAndRemove@CAndroidUserItem@@UAE_NG@Z 10007820 f   AndroidUserItem.obj
 0001:000068b0       ?KillGameTimer@CAndroidUserItem@@UAE_NI@Z 100078b0 f   AndroidUserItem.obj
 0001:00006980       ?OnSocketGameMessage@CAndroidUserItem@@IAE_NGGPAXG@Z 10007980 f   AndroidUserItem.obj
 0001:00006cc0       ?OnSocketRead@CAndroidUserItem@@QAE_NGGPAXG@Z 10007cc0 f   AndroidUserItem.obj
 0001:00006de0       ?OnSocketSubLogonFailure@CAndroidUserItem@@IAE_NPAXG@Z 10007de0 f   AndroidUserItem.obj
 0001:00006e00       ?OnSocketSubLogonFinish@CAndroidUserItem@@IAE_NPAXG@Z 10007e00 f   AndroidUserItem.obj
 0001:00007010       ?OnSocketSubSystemMessage@CAndroidUserItem@@IAE_NPAXG@Z 10008010 f   AndroidUserItem.obj
 0001:00007120       ?OnSocketSubUserStatus@CAndroidUserItem@@IAE_NPAXG@Z 10008120 f   AndroidUserItem.obj
 0001:00007330       ?OnTimerPulse@CAndroidUserItem@@QAE_NKI@Z 10008330 f   AndroidUserItem.obj
 0001:000074d0       ?PerformSaveScore@CAndroidUserItem@@UAE_N_J@Z 100084d0 f   AndroidUserItem.obj
 0001:00007660       ?PerformTakeScore@CAndroidUserItem@@UAE_N_J@Z 10008660 f   AndroidUserItem.obj
 0001:00007740       ?QueryInterface@CAndroidUserItem@@UAEPAXABU_GUID@@K@Z 10008740 f   AndroidUserItem.obj
 0001:000077f0       ?RegisterCategory@CTrace@ATL@@SAXPBDI@Z 100087f0 f i AndroidUserItem.obj
 0001:00007910       ?Release@CAndroidUserItem@@UAEXXZ 10008910 f i AndroidUserItem.obj
 0001:00007960       ?RemoveAll@?$CWHArray@PAUtagTimerItem@@ABQAU1@@@QAEXXZ 10008960 f i AndroidUserItem.obj
 0001:000079e0       ?RemoveAt@?$CWHArray@PAUtagTimerItem@@ABQAU1@@@QAEXHH@Z 100089e0 f i AndroidUserItem.obj
 0001:00007b20       ?RepositUserItem@CAndroidUserItem@@QAEXXZ 10008b20 f   AndroidUserItem.obj
 0001:00007c80       ?SendChatMessage@CAndroidUserItem@@UAE_NKPBDK@Z 10008c80 f   AndroidUserItem.obj
 0001:00007dd0       ?SendSocketData@CAndroidUserItem@@UAE_NG@Z 10008dd0 f   AndroidUserItem.obj
 0001:00007e90       ?SendSocketData@CAndroidUserItem@@UAE_NGPAXG@Z 10008e90 f   AndroidUserItem.obj
 0001:00007f50       ?SendUserReady@CAndroidUserItem@@UAE_NPAXG@Z 10008f50 f   AndroidUserItem.obj
 0001:00008000       ?SetAtGrow@?$CWHArray@PAUtagTimerItem@@ABQAU1@@@QAEXHABQAUtagTimerItem@@@Z 10009000 f i AndroidUserItem.obj
 0001:00008090       ?SetGameStatus@CAndroidUserItem@@UAEXE@Z 10009090 f i AndroidUserItem.obj
 0001:000080c0       ?SetGameTimer@CAndroidUserItem@@UAE_NII@Z 100090c0 f   AndroidUserItem.obj
 0001:000082b0       ?SetSize@?$CWHArray@PAUtagTimerItem@@ABQAU1@@@QAEXH@Z 100092b0 f i AndroidUserItem.obj
 0001:000083d0       ?StartGameClient@CAndroidUserItem@@IAEXXZ 100093d0 f   AndroidUserItem.obj
 0001:00008530       ?_Maklocwcs@std@@YAPA_WPB_W@Z 10009530 f i AndroidUserItem.obj
 0001:000085b0       ?__empty_global_delete@@YAXPAX@Z 100095b0 f i AndroidUserItem.obj
 0001:000085d0       ?__global_delete@@YAXPAXI@Z 100095d0 f i AndroidUserItem.obj
 0001:000085d0       ?__empty_global_delete@@YAXPAXI@Z 100095d0 f i AndroidUserItem.obj
 0001:000085f0       _==                        100095f0 f i AndroidUserItem.obj
 0001:00008640       _IsEqualGUID               10009640 f i AndroidUserItem.obj
 0001:00008690       ___local_stdio_printf_options 10009690 f i AndroidUserItem.obj
 0001:000086b0       __vswprintf_s_l            100096b0 f i AndroidUserItem.obj
 0001:00008720       _swprintf_s                10009720 f i AndroidUserItem.obj
 0001:000087a0       _wmemcpy                   100097a0 f i AndroidUserItem.obj
 0001:000087d0       ??$CompareElements@KK@@YGHPBK0@Z 100097d0 f i AndroidUserManager.obj
 0001:000088d0       ??$DumpElements@K@@YGXAAVCDumpContext@@PBKH@Z 100098d0 f i AndroidUserManager.obj
 0001:00008980       ??$DumpElements@PAVCAndroidUserItem@@@@YGXAAVCDumpContext@@PBQAVCAndroidUserItem@@H@Z 10009980 f i AndroidUserManager.obj
 0001:00008a30       ??$HashKey@K@@YGIK@Z       10009a30 f i AndroidUserManager.obj
 0001:00008aa0       ??$SerializeElements@K@@YGXAAVCArchive@@PAKH@Z 10009aa0 f i AndroidUserManager.obj
 0001:00008c40       ??$SerializeElements@PAVCAndroidUserItem@@@@YGXAAVCArchive@@PAPAVCAndroidUserItem@@H@Z 10009c40 f i AndroidUserManager.obj
 0001:00008de0       ??0?$CMap@KKPAVCAndroidUserItem@@PAV1@@@QAE@H@Z 10009de0 f i AndroidUserManager.obj
 0001:00008ed0       ??0?$CWHArray@PAUtagAndroidParameterEx@@ABQAU1@@@QAE@XZ 10009ed0 f i AndroidUserManager.obj
 0001:00008f30       ??0?$CWHArray@PAVCAndroidUserItem@@ABQAV1@@@QAE@XZ 10009f30 f i AndroidUserManager.obj
 0001:00008f90       ??0CAndroidUserManager@@QAE@XZ 10009f90 f   AndroidUserManager.obj
 0001:00009190       ??0CAssoc@?$CMap@KKPAVCAndroidUserItem@@PAV1@@@QAE@K@Z 1000a190 f i AndroidUserManager.obj
 0001:000091c0       ??0CPair@?$CMap@KKPAVCAndroidUserItem@@PAV1@@@IAE@K@Z 1000a1c0 f i AndroidUserManager.obj
 0001:000091f0       ??0IAndroidUserManager@@QAE@XZ 1000a1f0 f i AndroidUserManager.obj
 0001:00009220       ??1?$CMap@KKPAVCAndroidUserItem@@PAV1@@@UAE@XZ 1000a220 f i AndroidUserManager.obj
 0001:000092b0       ??1?$CWHArray@PAUtagAndroidParameterEx@@ABQAU1@@@UAE@XZ 1000a2b0 f i AndroidUserManager.obj
 0001:00009330       ??1?$CWHArray@PAVCAndroidUserItem@@ABQAV1@@@UAE@XZ 1000a330 f i AndroidUserManager.obj
 0001:000093b0       ??1CAndroidUserManager@@UAE@XZ 1000a3b0 f   AndroidUserManager.obj
 0001:00009520       ??A?$CMap@KKPAVCAndroidUserItem@@PAV1@@@QAEAAPAVCAndroidUserItem@@K@Z 1000a520 f i AndroidUserManager.obj
 0001:00009650       ??A?$CWHArray@PAUtagAndroidParameterEx@@ABQAU1@@@QAEAAPAUtagAndroidParameterEx@@H@Z 1000a650 f i AndroidUserManager.obj
 0001:00009680       ??A?$CWHArray@PAVCAndroidUserItem@@ABQAV1@@@QAEAAPAVCAndroidUserItem@@H@Z 1000a680 f i AndroidUserManager.obj
 0001:000096b0       ??_ECAndroidUserManager@@UAEPAXI@Z 1000a6b0 f i AndroidUserManager.obj
 0001:00009790       ??_G?$CMap@KKPAVCAndroidUserItem@@PAV1@@@UAEPAXI@Z 1000a790 f i AndroidUserManager.obj
 0001:00009790       ??_E?$CMap@KKPAVCAndroidUserItem@@PAV1@@@UAEPAXI@Z 1000a790 f i AndroidUserManager.obj
 0001:000097f0       ??_E?$CWHArray@PAUtagAndroidParameterEx@@ABQAU1@@@UAEPAXI@Z 1000a7f0 f i AndroidUserManager.obj
 0001:000097f0       ??_G?$CWHArray@PAUtagAndroidParameterEx@@ABQAU1@@@UAEPAXI@Z 1000a7f0 f i AndroidUserManager.obj
 0001:00009840       ??_G?$CWHArray@PAVCAndroidUserItem@@ABQAV1@@@UAEPAXI@Z 1000a840 f i AndroidUserManager.obj
 0001:00009840       ??_E?$CWHArray@PAVCAndroidUserItem@@ABQAV1@@@UAEPAXI@Z 1000a840 f i AndroidUserManager.obj
 0001:00009890       ??_GCAndroidUserManager@@UAEPAXI@Z 1000a890 f i AndroidUserManager.obj
 0001:000098e0       ?ActiveAndroidUserItem@CAndroidUserManager@@IAEPAVCAndroidUserItem@@AAUtagAndroidItemConfig@@@Z 1000a8e0 f   AndroidUserManager.obj
 0001:00009e20       ?Add@?$CWHArray@PAUtagAndroidParameterEx@@ABQAU1@@@QAEHABQAUtagAndroidParameterEx@@@Z 1000ae20 f i AndroidUserManager.obj
 0001:00009e60       ?Add@?$CWHArray@PAVCAndroidUserItem@@ABQAV1@@@QAEHABQAVCAndroidUserItem@@@Z 1000ae60 f i AndroidUserManager.obj
 0001:00009ea0       ?AddAndroidParameter@CAndroidUserManager@@UAE_NQAUtagAndroidParameter@@G@Z 1000aea0 f   AndroidUserManager.obj
 0001:0000a060       ?AllocMemory@?$CWHArray@PAUtagAndroidParameterEx@@ABQAU1@@@QAEXH@Z 1000b060 f i AndroidUserManager.obj
 0001:0000a1d0       ?AllocMemory@?$CWHArray@PAVCAndroidUserItem@@ABQAV1@@@QAEXH@Z 1000b1d0 f i AndroidUserManager.obj
 0001:0000a340       ?AssertValid@?$CMap@KKPAVCAndroidUserItem@@PAV1@@@UBEXXZ 1000b340 f i AndroidUserManager.obj
 0001:0000a3c0       ?BatchServiceAwaitTime@CAndroidUserManager@@IAEKPAUtagAndroidParameter@@K@Z 1000b3c0 f   AndroidUserManager.obj
 0001:0000a480       ?BatchServiceRemaindTime@CAndroidUserManager@@IAEKPAUtagAndroidParameter@@K@Z 1000b480 f   AndroidUserManager.obj
 0001:0000a560       ?ConcludeService@CAndroidUserManager@@UAE_NXZ 1000b560 f   AndroidUserManager.obj
 0001:0000a790       ?CreateAndroidUserItem@CAndroidUserManager@@UAEPAUIAndroidUserItem@@AAUtagAndroidItemConfig@@@Z 1000b790 f   AndroidUserManager.obj
 0001:0000ab50       ?DeleteAndroidUserItem@CAndroidUserManager@@UAE_NK_N@Z 1000bb50 f   AndroidUserManager.obj
 0001:0000acb0       ?Dump@?$CMap@KKPAVCAndroidUserItem@@PAV1@@@UBEXAAVCDumpContext@@@Z 1000bcb0 f i AndroidUserManager.obj
 0001:0000adc0       ?ElementAt@?$CWHArray@PAUtagAndroidParameterEx@@ABQAU1@@@QAEAAPAUtagAndroidParameterEx@@H@Z 1000bdc0 f i AndroidUserManager.obj
 0001:0000ae40       ?ElementAt@?$CWHArray@PAVCAndroidUserItem@@ABQAV1@@@QAEAAPAVCAndroidUserItem@@H@Z 1000be40 f i AndroidUserManager.obj
 0001:0000aec0       ?ForceAndroidUserItemStandup@CAndroidUserManager@@IAEXPAVCAndroidUserItem@@@Z 1000bec0 f   AndroidUserManager.obj
 0001:0000afb0       ?FreeAndroidUserItem@CAndroidUserManager@@IAEXK@Z 1000bfb0 f   AndroidUserManager.obj
 0001:0000b090       ?FreeAssoc@?$CMap@KKPAVCAndroidUserItem@@PAV1@@@IAEXPAVCAssoc@1@@Z 1000c090 f i AndroidUserManager.obj
 0001:0000b110       ?GetAndroidCount@CAndroidUserManager@@UAEGXZ 1000c110 f i AndroidUserManager.obj
 0001:0000b140       ?GetAndroidLoadInfo@CAndroidUserManager@@UAE_NAAK0@Z 1000c140 f   AndroidUserManager.obj
 0001:0000b2c0       ?GetAndroidParameter@CAndroidUserManager@@QAEPAUtagAndroidParameterEx@@K@Z 1000c2c0 f   AndroidUserManager.obj
 0001:0000b370       ?GetAndroidParameterIndex@CAndroidUserManager@@IAEGPAUtagAndroidParameterEx@@@Z 1000c370 f   AndroidUserManager.obj
 0001:0000b400       ?GetAndroidStock@CAndroidUserManager@@UAEGXZ 1000c400 f i AndroidUserManager.obj
 0001:0000b420       ?GetAndroidUserInfo@CAndroidUserManager@@UAEGAAUtagAndroidUserInfo@@K@Z 1000c420 f   AndroidUserManager.obj
 0001:0000b790       ?GetAndroidUserItem@CAndroidUserManager@@IAEPAVCAndroidUserItem@@G@Z 1000c790 f   AndroidUserManager.obj
 0001:0000b890       ?GetAssocAt@?$CMap@KKPAVCAndroidUserItem@@PAV1@@@IBEPAVCAssoc@1@KAAI0@Z 1000c890 f i AndroidUserManager.obj
 0001:0000b940       ?GetCount@?$CMap@KKPAVCAndroidUserItem@@PAV1@@@QBEHXZ 1000c940 f i AndroidUserManager.obj
 0001:0000b960       ?GetCount@?$CWHArray@PAUtagAndroidParameterEx@@ABQAU1@@@QBEHXZ 1000c960 f i AndroidUserManager.obj
 0001:0000b980       ?GetCount@?$CWHArray@PAVCAndroidUserItem@@ABQAV1@@@QBEHXZ 1000c980 f i AndroidUserManager.obj
 0001:0000b9a0       ?GetGameMatchOption@CAndroidUserManager@@UAEPAUtagGameMatchOption@@XZ 1000c9a0 f i AndroidUserManager.obj
 0001:0000b9d0       ?GetGameServiceAttrib@CAndroidUserManager@@UAEPAUtagGameServiceAttrib@@XZ 1000c9d0 f i AndroidUserManager.obj
 0001:0000ba00       ?GetGameServiceOption@CAndroidUserManager@@UAEPAUtagGameServiceOption@@XZ 1000ca00 f i AndroidUserManager.obj
 0001:0000ba30       ?GetNextAssoc@?$CMap@KKPAVCAndroidUserItem@@PAV1@@@QBEXAAPAU__POSITION@@AAKAAPAVCAndroidUserItem@@@Z 1000ca30 f i AndroidUserManager.obj
 0001:0000bc80       ?GetStartPosition@?$CMap@KKPAVCAndroidUserItem@@PAV1@@@QBEPAU__POSITION@@XZ 1000cc80 f i AndroidUserManager.obj
 0001:0000bcc0       ?GetTodayTickCount@CAndroidUserManager@@IAEKAAU_SYSTEMTIME@@@Z 1000ccc0 f   AndroidUserManager.obj
 0001:0000bd10       ?InitAndroidUser@CAndroidUserManager@@UAE_NAAUtagAndroidUserParameter@@@Z 1000cd10 f   AndroidUserManager.obj
 0001:0000be10       ?InitHashTable@?$CMap@KKPAVCAndroidUserItem@@PAV1@@@QAEXIH@Z 1000ce10 f i AndroidUserManager.obj
 0001:0000bf90       ?InsertAndroidInfo@CAndroidUserManager@@UAE_NQAUtagAndroidAccountsInfo@@GK@Z 1000cf90 f   AndroidUserManager.obj
 0001:0000c1a0       ?IsAllowAndroidAttend@CServerRule@@SA_NK@Z 1000d1a0 f i AndroidUserManager.obj
 0001:0000c1e0       ?IsAllowAndroidSimulate@CServerRule@@SA_NK@Z 1000d1e0 f i AndroidUserManager.obj
 0001:0000c220       ?Lookup@?$CMap@KKPAVCAndroidUserItem@@PAV1@@@QBEHKAAPAVCAndroidUserItem@@@Z 1000d220 f i AndroidUserManager.obj
 0001:0000c290       ?NewAssoc@?$CMap@KKPAVCAndroidUserItem@@PAV1@@@IAEPAVCAssoc@1@K@Z 1000d290 f i AndroidUserManager.obj
 0001:0000c450       ?OnEventTimerPulse@CAndroidUserManager@@UAE_NKI@Z 1000d450 f   AndroidUserManager.obj
 0001:0000cfd0       ?QueryInterface@CAndroidUserManager@@UAEPAXABU_GUID@@K@Z 1000dfd0 f   AndroidUserManager.obj
 0001:0000d080       ?Release@CAndroidUserManager@@UAEXXZ 1000e080 f i AndroidUserManager.obj
 0001:0000d0a0       ?RemoveAll@?$CMap@KKPAVCAndroidUserItem@@PAV1@@@QAEXXZ 1000e0a0 f i AndroidUserManager.obj
 0001:0000d190       ?RemoveAll@?$CWHArray@PAUtagAndroidParameterEx@@ABQAU1@@@QAEXXZ 1000e190 f i AndroidUserManager.obj
 0001:0000d210       ?RemoveAll@?$CWHArray@PAVCAndroidUserItem@@ABQAV1@@@QAEXXZ 1000e210 f i AndroidUserManager.obj
 0001:0000d290       ?RemoveAndroidParameter@CAndroidUserManager@@UAE_NK@Z 1000e290 f   AndroidUserManager.obj
 0001:0000d500       ?RemoveAt@?$CWHArray@PAVCAndroidUserItem@@ABQAV1@@@QAEXHH@Z 1000e500 f i AndroidUserManager.obj
 0001:0000d640       ?RemoveKey@?$CMap@KKPAVCAndroidUserItem@@PAV1@@@QAEHK@Z 1000e640 f i AndroidUserManager.obj
 0001:0000d730       ?SearchAndroidUserItem@CAndroidUserManager@@UAEPAUIAndroidUserItem@@KK@Z 1000e730 f   AndroidUserManager.obj
 0001:0000d7d0       ?SendDataToClient@CAndroidUserManager@@UAE_NGGPAXG@Z 1000e7d0 f   AndroidUserManager.obj
 0001:0000d990       ?SendDataToClient@CAndroidUserManager@@UAE_NKGGPAXG@Z 1000e990 f   AndroidUserManager.obj
 0001:0000db10       ?SendDataToServer@CAndroidUserManager@@UAE_NKGGPAXG@Z 1000eb10 f   AndroidUserManager.obj
 0001:0000dca0       ?Serialize@?$CMap@KKPAVCAndroidUserItem@@PAV1@@@UAEXAAVCArchive@@@Z 1000eca0 f i AndroidUserManager.obj
 0001:0000de50       ?SetAt@?$CMap@KKPAVCAndroidUserItem@@PAV1@@@QAEXKPAVCAndroidUserItem@@@Z 1000ee50 f i AndroidUserManager.obj
 0001:0000de80       ?SetAtGrow@?$CWHArray@PAUtagAndroidParameterEx@@ABQAU1@@@QAEXHABQAUtagAndroidParameterEx@@@Z 1000ee80 f i AndroidUserManager.obj
 0001:0000df10       ?SetAtGrow@?$CWHArray@PAVCAndroidUserItem@@ABQAV1@@@QAEXHABQAVCAndroidUserItem@@@Z 1000ef10 f i AndroidUserManager.obj
 0001:0000dfa0       ?SetMainServiceFrame@CAndroidUserManager@@QAEXPAUIMainServiceFrame@@@Z 1000efa0 f   AndroidUserManager.obj
 0001:0000dfd0       ?SetSize@?$CWHArray@PAUtagAndroidParameterEx@@ABQAU1@@@QAEXH@Z 1000efd0 f i AndroidUserManager.obj
 0001:0000e0f0       ?SetSize@?$CWHArray@PAVCAndroidUserItem@@ABQAV1@@@QAEXH@Z 1000f0f0 f i AndroidUserManager.obj
 0001:0000e210       ?StartService@CAndroidUserManager@@UAE_NXZ 1000f210 f   AndroidUserManager.obj
 0001:0000e2f0       ?data@CPlex@@QAEPAXXZ      1000f2f0 f i AndroidUserManager.obj
 0001:0000e340       ??$?0$$V@?$_Compressed_pair@V?$allocator@U?$_Tree_node@U?$pair@$$CBKV?$vector@UtagPropertyBuff@@V?$allocator@UtagPropertyBuff@@@std@@@std@@@std@@PAX@std@@@std@@V?$_Tree_val@U?$_Tree_simple_types@U?$pair@$$CBKV?$vector@UtagPropertyBuff@@V?$allocator@UtagPropertyBuff@@@std@@@std@@@std@@@std@@@2@$00@std@@QAE@U_Zero_then_variadic_args_t@1@@Z 1000f340 f i GamePropertyManager.obj
 0001:0000e380       ??$?0$$V@?$_Compressed_pair@V?$allocator@UtagPropertyBuff@@@std@@V?$_Vector_val@U?$_Simple_types@UtagPropertyBuff@@@std@@@2@$00@std@@QAE@U_Zero_then_variadic_args_t@1@@Z 1000f380 f i GamePropertyManager.obj
 0001:0000e3c0       ??$?0AAV?$_Tree_iterator@V?$_Tree_val@U?$_Tree_simple_types@U?$pair@$$CBKV?$vector@UtagPropertyBuff@@V?$allocator@UtagPropertyBuff@@@std@@@std@@@std@@@std@@@std@@@std@@_N$0A@@?$pair@V?$_Tree_iterator@V?$_Tree_val@U?$_Tree_simple_types@U?$pair@$$CBKV?$vector@UtagPropertyBuff@@V?$allocator@UtagPropertyBuff@@@std@@@std@@@std@@@std@@@std@@@std@@_N@std@@QAE@AAV?$_Tree_iterator@V?$_Tree_val@U?$_Tree_simple_types@U?$pair@$$CBKV?$vector@UtagPropertyBuff@@V?$allocator@UtagPropertyBuff@@@std@@@std@@@std@@@std@@@std@@@1@$$QA_N@Z 1000f3c0 f i GamePropertyManager.obj
 0001:0000e420       ??$?0ABK$$Z$$V@?$pair@$$CBKV?$vector@UtagPropertyBuff@@V?$allocator@UtagPropertyBuff@@@std@@@std@@@std@@QAE@Upiecewise_construct_t@1@V?$tuple@ABK@1@V?$tuple@$$V@1@@Z 1000f420 f i GamePropertyManager.obj
 0001:0000e460       ??$?0ABK$0A@@?$tuple@ABK@std@@QAE@ABK@Z 1000f460 f i GamePropertyManager.obj
 0001:0000e4d0       ??$?0ABK@?$_Tuple_val@ABK@std@@QAE@ABK@Z 1000f4d0 f i GamePropertyManager.obj
 0001:0000e510       ??$?0ABU?$less@K@std@@U_Zero_then_variadic_args_t@1@@?$_Compressed_pair@U?$less@K@std@@V?$_Compressed_pair@V?$allocator@U?$_Tree_node@U?$pair@$$CBKV?$vector@UtagPropertyBuff@@V?$allocator@UtagPropertyBuff@@@std@@@std@@@std@@PAX@std@@@std@@V?$_Tree_val@U?$_Tree_simple_types@U?$pair@$$CBKV?$vector@UtagPropertyBuff@@V?$allocator@UtagPropertyBuff@@@std@@@std@@@std@@@std@@@2@$00@2@$00@std@@QAE@U_One_then_variadic_args_t@1@ABU?$less@K@1@$$QAU_Zero_then_variadic_args_t@1@@Z 1000f510 f i GamePropertyManager.obj
 0001:0000e560       ??$?0U?$_Tree_node@U?$pair@$$CBKV?$vector@UtagPropertyBuff@@V?$allocator@UtagPropertyBuff@@@std@@@std@@@std@@PAX@std@@@?$allocator@U_Container_proxy@std@@@std@@QAE@ABV?$allocator@U?$_Tree_node@U?$pair@$$CBKV?$vector@UtagPropertyBuff@@V?$allocator@UtagPropertyBuff@@@std@@@std@@@std@@PAX@std@@@1@@Z 1000f560 f i GamePropertyManager.obj
 0001:0000e580       ??$?0U_Exact_args_t@std@@$0A@@?$tuple@$$V@std@@QAE@U_Exact_args_t@1@@Z 1000f580 f i GamePropertyManager.obj
 0001:0000e5a0       ??$?0U_Exact_args_t@std@@ABK$$V$0A@@?$tuple@ABK@std@@QAE@U_Exact_args_t@1@ABK@Z 1000f5a0 f i GamePropertyManager.obj
 0001:0000e5f0       ??$?0UtagPropertyBuff@@@?$allocator@U_Container_proxy@std@@@std@@QAE@ABV?$allocator@UtagPropertyBuff@@@1@@Z 1000f5f0 f i GamePropertyManager.obj
 0001:0000e610       ??$?0V?$_Tree_iterator@V?$_Tree_val@U?$_Tree_simple_types@U?$pair@$$CBKV?$vector@UtagPropertyBuff@@V?$allocator@UtagPropertyBuff@@@std@@@std@@@std@@@std@@@std@@@std@@_N$0A@@?$pair@V?$_Tree_iterator@V?$_Tree_val@U?$_Tree_simple_types@U?$pair@$$CBKV?$vector@UtagPropertyBuff@@V?$allocator@UtagPropertyBuff@@@std@@@std@@@std@@@std@@@std@@@std@@_N@std@@QAE@$$QAV?$_Tree_iterator@V?$_Tree_val@U?$_Tree_simple_types@U?$pair@$$CBKV?$vector@UtagPropertyBuff@@V?$allocator@UtagPropertyBuff@@@std@@@std@@@std@@@std@@@std@@@1@$$QA_N@Z 1000f610 f i GamePropertyManager.obj
 0001:0000e670       ??$?0V?$allocator@UtagPropertyBuff@@@std@@$$V@?$_Compressed_pair@V?$allocator@UtagPropertyBuff@@@std@@V?$_Vector_val@U?$_Simple_types@UtagPropertyBuff@@@std@@@2@$00@std@@QAE@U_One_then_variadic_args_t@1@$$QAV?$allocator@UtagPropertyBuff@@@1@@Z 1000f670 f i GamePropertyManager.obj
 0001:0000e6b0       ??$?0V?$allocator@UtagPropertyBuff@@@std@@X@?$_Vector_alloc@U?$_Vec_base_types@UtagPropertyBuff@@V?$allocator@UtagPropertyBuff@@@std@@@std@@@std@@QAE@$$QAV?$allocator@UtagPropertyBuff@@@1@@Z 1000f6b0 f i GamePropertyManager.obj
 0001:0000e700       ??$?0V?$tuple@ABK@std@@V?$tuple@$$V@1@$0A@$$Z$S@?$pair@$$CBKV?$vector@UtagPropertyBuff@@V?$allocator@UtagPropertyBuff@@@std@@@std@@@std@@QAE@AAV?$tuple@ABK@1@AAV?$tuple@$$V@1@U?$integer_sequence@I$0A@@1@U?$integer_sequence@I$S@1@@Z 1000f700 f i GamePropertyManager.obj
 0001:0000e750       ??$_Allocate@$07U_Default_allocate_traits@std@@$0A@@std@@YAPAXI@Z 1000f750 f i GamePropertyManager.obj
 0001:0000e7a0       ??$_Allocate_manually_vector_aligned@U_Default_allocate_traits@std@@@std@@YAPAXI@Z 1000f7a0 f i GamePropertyManager.obj
 0001:0000e890       ??$_Buy_if_not_node@AAU?$pair@$$CBKV?$vector@UtagPropertyBuff@@V?$allocator@UtagPropertyBuff@@@std@@@std@@@std@@@?$_Tree@V?$_Tmap_traits@KV?$vector@UtagPropertyBuff@@V?$allocator@UtagPropertyBuff@@@std@@@std@@U?$less@K@2@V?$allocator@U?$pair@$$CBKV?$vector@UtagPropertyBuff@@V?$allocator@UtagPropertyBuff@@@std@@@std@@@std@@@2@$0A@@std@@@std@@IAEPAU?$_Tree_node@U?$pair@$$CBKV?$vector@UtagPropertyBuff@@V?$allocator@UtagPropertyBuff@@@std@@@std@@@std@@PAX@1@PAU21@AAU?$pair@$$CBKV?$vector@UtagPropertyBuff@@V?$allocator@UtagPropertyBuff@@@std@@@std@@@1@@Z 1000f890 f i GamePropertyManager.obj
 0001:0000e8b0       ??$_Buynode@ABUpiecewise_construct_t@std@@V?$tuple@ABK@2@V?$tuple@$$V@2@@?$_Tree_comp_alloc@V?$_Tmap_traits@KV?$vector@UtagPropertyBuff@@V?$allocator@UtagPropertyBuff@@@std@@@std@@U?$less@K@2@V?$allocator@U?$pair@$$CBKV?$vector@UtagPropertyBuff@@V?$allocator@UtagPropertyBuff@@@std@@@std@@@std@@@2@$0A@@std@@@std@@QAEPAU?$_Tree_node@U?$pair@$$CBKV?$vector@UtagPropertyBuff@@V?$allocator@UtagPropertyBuff@@@std@@@std@@@std@@PAX@1@ABUpiecewise_construct_t@1@$$QAV?$tuple@ABK@1@$$QAV?$tuple@$$V@1@@Z 1000f8b0 f i GamePropertyManager.obj
 0001:0000e9d0       ??$_Copy_memmove@PAUtagPropertyBuff@@PAU1@@std@@YAPAUtagPropertyBuff@@PAU1@00@Z 1000f9d0 f i GamePropertyManager.obj
 0001:0000ea30       ??$_Deallocate@$07$0A@@std@@YAXPAXI@Z 1000fa30 f i GamePropertyManager.obj
 0001:0000ea80       ??$_Deallocate_plain@V?$allocator@U_Container_proxy@std@@@std@@$0A@@std@@YAXAAV?$allocator@U_Container_proxy@std@@@0@QAU_Container_proxy@0@@Z 1000fa80 f i GamePropertyManager.obj
 0001:0000eab0       ??$_Debug_lt_pred@AAU?$less@K@std@@ABKABK@std@@YA_NAAU?$less@K@0@ABK1@Z 1000fab0 f i GamePropertyManager.obj
 0001:0000eb70       ??$_Debug_lt_pred@ABU?$less@K@std@@ABKABK@std@@YA_NABU?$less@K@0@ABK1@Z 1000fb70 f i GamePropertyManager.obj
 0001:0000ec30       ??$_Destroy_range1@V?$allocator@UtagPropertyBuff@@@std@@@std@@YAXPAUtagPropertyBuff@@0AAV?$allocator@UtagPropertyBuff@@@0@U?$integral_constant@_N$00@0@@Z 1000fc30 f i GamePropertyManager.obj
 0001:0000ec50       ??$_Destroy_range@V?$allocator@UtagPropertyBuff@@@std@@@std@@YAXPAUtagPropertyBuff@@0AAV?$allocator@UtagPropertyBuff@@@0@@Z 1000fc50 f i GamePropertyManager.obj
 0001:0000ec90       ??$_Emplace_back_with_unused_capacity@ABUtagPropertyBuff@@@?$vector@UtagPropertyBuff@@V?$allocator@UtagPropertyBuff@@@std@@@std@@AAE@ABUtagPropertyBuff@@@Z 1000fc90 f i GamePropertyManager.obj
 0001:0000ed40       ??$_Emplace_reallocate@ABUtagPropertyBuff@@@?$vector@UtagPropertyBuff@@V?$allocator@UtagPropertyBuff@@@std@@@std@@QAEPAUtagPropertyBuff@@QAU2@ABU2@@Z 1000fd40 f i GamePropertyManager.obj
 0001:0000efa0       ??$_Freenode0@V?$allocator@U?$_Tree_node@U?$pair@$$CBKV?$vector@UtagPropertyBuff@@V?$allocator@UtagPropertyBuff@@@std@@@std@@@std@@PAX@std@@@std@@@?$_Tree_node@U?$pair@$$CBKV?$vector@UtagPropertyBuff@@V?$allocator@UtagPropertyBuff@@@std@@@std@@@std@@PAX@std@@SAXAAV?$allocator@U?$_Tree_node@U?$pair@$$CBKV?$vector@UtagPropertyBuff@@V?$allocator@UtagPropertyBuff@@@std@@@std@@@std@@PAX@std@@@1@PAU01@@Z 1000ffa0 f i GamePropertyManager.obj
 0001:0000f070       ??$_Get_size_of_n@$07@std@@YAII@Z 10010070 f i GamePropertyManager.obj
 0001:0000f0b0       ??$_Get_size_of_n@$0CE@@std@@YAII@Z 100100b0 f i GamePropertyManager.obj
 0001:0000f0f0       ??$_Get_unwrapped@UtagPropertyBuff@@@std@@YAPAUtagPropertyBuff@@QAU1@@Z 100100f0 f i GamePropertyManager.obj
 0001:0000f110       ??$_Get_unwrapped_n@UtagPropertyBuff@@H$0A@@std@@YAPAUtagPropertyBuff@@QAU1@H@Z 10010110 f i GamePropertyManager.obj
 0001:0000f130       ??$_Idl_distance1@PAUtagPropertyBuff@@PAU1@@std@@YAHABQAUtagPropertyBuff@@0Urandom_access_iterator_tag@0@@Z 10010130 f i GamePropertyManager.obj
 0001:0000f160       ??$_Idl_distance@PAUtagPropertyBuff@@PAU1@@std@@YA@ABQAUtagPropertyBuff@@0@Z 10010160 f i GamePropertyManager.obj
 0001:0000f190       ??$_Insert_at@AAU?$pair@$$CBKV?$vector@UtagPropertyBuff@@V?$allocator@UtagPropertyBuff@@@std@@@std@@@std@@PAU?$_Tree_node@U?$pair@$$CBKV?$vector@UtagPropertyBuff@@V?$allocator@UtagPropertyBuff@@@std@@@std@@@std@@PAX@2@@?$_Tree@V?$_Tmap_traits@KV?$vector@UtagPropertyBuff@@V?$allocator@UtagPropertyBuff@@@std@@@std@@U?$less@K@2@V?$allocator@U?$pair@$$CBKV?$vector@UtagPropertyBuff@@V?$allocator@UtagPropertyBuff@@@std@@@std@@@std@@@2@$0A@@std@@@std@@IAE?AV?$_Tree_iterator@V?$_Tree_val@U?$_Tree_simple_types@U?$pair@$$CBKV?$vector@UtagPropertyBuff@@V?$allocator@UtagPropertyBuff@@@std@@@std@@@std@@@std@@@std@@@1@_NPAU?$_Tree_node@U?$pair@$$CBKV?$vector@UtagPropertyBuff@@V?$allocator@UtagPropertyBuff@@@std@@@std@@@std@@PAX@1@AAU?$pair@$$CBKV?$vector@UtagPropertyBuff@@V?$allocator@UtagPropertyBuff@@@std@@@std@@@1@1@Z 10010190 f i GamePropertyManager.obj
 0001:0000f4d0       ??$_Insert_hint@AAU?$pair@$$CBKV?$vector@UtagPropertyBuff@@V?$allocator@UtagPropertyBuff@@@std@@@std@@@std@@PAU?$_Tree_node@U?$pair@$$CBKV?$vector@UtagPropertyBuff@@V?$allocator@UtagPropertyBuff@@@std@@@std@@@std@@PAX@2@@?$_Tree@V?$_Tmap_traits@KV?$vector@UtagPropertyBuff@@V?$allocator@UtagPropertyBuff@@@std@@@std@@U?$less@K@2@V?$allocator@U?$pair@$$CBKV?$vector@UtagPropertyBuff@@V?$allocator@UtagPropertyBuff@@@std@@@std@@@std@@@2@$0A@@std@@@std@@IAE?AV?$_Tree_iterator@V?$_Tree_val@U?$_Tree_simple_types@U?$pair@$$CBKV?$vector@UtagPropertyBuff@@V?$allocator@UtagPropertyBuff@@@std@@@std@@@std@@@std@@@std@@@1@V?$_Tree_const_iterator@V?$_Tree_val@U?$_Tree_simple_types@U?$pair@$$CBKV?$vector@UtagPropertyBuff@@V?$allocator@UtagPropertyBuff@@@std@@@std@@@std@@@std@@@std@@@1@AAU?$pair@$$CBKV?$vector@UtagPropertyBuff@@V?$allocator@UtagPropertyBuff@@@std@@@std@@@1@PAU?$_Tree_node@U?$pair@$$CBKV?$vector@UtagPropertyBuff@@V?$allocator@UtagPropertyBuff@@@std@@@std@@@std@@PAX@1@@Z 100104d0 f i GamePropertyManager.obj
 0001:00010640       ??$_Insert_nohint@AAU?$pair@$$CBKV?$vector@UtagPropertyBuff@@V?$allocator@UtagPropertyBuff@@@std@@@std@@@std@@PAU?$_Tree_node@U?$pair@$$CBKV?$vector@UtagPropertyBuff@@V?$allocator@UtagPropertyBuff@@@std@@@std@@@std@@PAX@2@@?$_Tree@V?$_Tmap_traits@KV?$vector@UtagPropertyBuff@@V?$allocator@UtagPropertyBuff@@@std@@@std@@U?$less@K@2@V?$allocator@U?$pair@$$CBKV?$vector@UtagPropertyBuff@@V?$allocator@UtagPropertyBuff@@@std@@@std@@@std@@@2@$0A@@std@@@std@@IAE?AU?$pair@V?$_Tree_iterator@V?$_Tree_val@U?$_Tree_simple_types@U?$pair@$$CBKV?$vector@UtagPropertyBuff@@V?$allocator@UtagPropertyBuff@@@std@@@std@@@std@@@std@@@std@@@std@@_N@1@_NAAU?$pair@$$CBKV?$vector@UtagPropertyBuff@@V?$allocator@UtagPropertyBuff@@@std@@@std@@@1@PAU?$_Tree_node@U?$pair@$$CBKV?$vector@UtagPropertyBuff@@V?$allocator@UtagPropertyBuff@@@std@@@std@@@std@@PAX@1@@Z 10011640 f i GamePropertyManager.obj
 0001:00010bb0       ??$_Kfn@$$CBKV?$vector@UtagPropertyBuff@@V?$allocator@UtagPropertyBuff@@@std@@@std@@@?$_Tmap_traits@KV?$vector@UtagPropertyBuff@@V?$allocator@UtagPropertyBuff@@@std@@@std@@U?$less@K@2@V?$allocator@U?$pair@$$CBKV?$vector@UtagPropertyBuff@@V?$allocator@UtagPropertyBuff@@@std@@@std@@@std@@@2@$0A@@std@@SAABKABU?$pair@$$CBKV?$vector@UtagPropertyBuff@@V?$allocator@UtagPropertyBuff@@@std@@@std@@@1@@Z 10011bb0 f i GamePropertyManager.obj
 0001:00010bd0       ??$_Lbound@K@?$_Tree@V?$_Tmap_traits@KV?$vector@UtagPropertyBuff@@V?$allocator@UtagPropertyBuff@@@std@@@std@@U?$less@K@2@V?$allocator@U?$pair@$$CBKV?$vector@UtagPropertyBuff@@V?$allocator@UtagPropertyBuff@@@std@@@std@@@std@@@2@$0A@@std@@@std@@IBEPAU?$_Tree_node@U?$pair@$$CBKV?$vector@UtagPropertyBuff@@V?$allocator@UtagPropertyBuff@@@std@@@std@@@std@@PAX@1@ABK@Z 10011bd0 f i GamePropertyManager.obj
 0001:00010c70       ??$_Min_value@I@std@@YAABIABI0@Z 10011c70 f i GamePropertyManager.obj
 0001:00010cb0       ??$_Ptr_copy_cat@UtagPropertyBuff@@U1@@std@@YA?AU_Really_trivial_ptr_iterator_tag@0@ABQAUtagPropertyBuff@@0@Z 10011cb0 f i GamePropertyManager.obj
 0001:00010cd0       ??$_Ptr_move_cat@UtagPropertyBuff@@U1@@std@@YA?AU_Really_trivial_ptr_iterator_tag@0@ABQAUtagPropertyBuff@@0@Z 10011cd0 f i GamePropertyManager.obj
 0001:00010cf0       ??$_Seek_wrapped@UtagPropertyBuff@@@std@@YAXAAPAUtagPropertyBuff@@QAU1@@Z 10011cf0 f i GamePropertyManager.obj
 0001:00010d10       ??$_Try_emplace@ABK$$V@?$map@KV?$vector@UtagPropertyBuff@@V?$allocator@UtagPropertyBuff@@@std@@@std@@U?$less@K@2@V?$allocator@U?$pair@$$CBKV?$vector@UtagPropertyBuff@@V?$allocator@UtagPropertyBuff@@@std@@@std@@@std@@@2@@std@@QAE?AU?$pair@V?$_Tree_iterator@V?$_Tree_val@U?$_Tree_simple_types@U?$pair@$$CBKV?$vector@UtagPropertyBuff@@V?$allocator@UtagPropertyBuff@@@std@@@std@@@std@@@std@@@std@@@std@@_N@1@ABK@Z 10011d10 f i GamePropertyManager.obj
 0001:00010fb0       ??$_Ucopy@PAUtagPropertyBuff@@@?$vector@UtagPropertyBuff@@V?$allocator@UtagPropertyBuff@@@std@@@std@@AAEPAUtagPropertyBuff@@PAU2@00@Z 10011fb0 f i GamePropertyManager.obj
 0001:00010ff0       ??$_Unfancy@U_Container_proxy@std@@@std@@YAPAU_Container_proxy@0@PAU10@@Z 10011ff0 f i GamePropertyManager.obj
 0001:00011010       ??$_Unfancy@UtagPropertyBuff@@@std@@YAPAUtagPropertyBuff@@PAU1@@Z 10012010 f i GamePropertyManager.obj
 0001:00011030       ??$_Uninitialized_copy@PAUtagPropertyBuff@@PAU1@V?$allocator@UtagPropertyBuff@@@std@@@std@@YAPAUtagPropertyBuff@@QAU1@0PAU1@AAV?$allocator@UtagPropertyBuff@@@0@@Z 10012030 f i GamePropertyManager.obj
 0001:000110f0       ??$_Uninitialized_copy_al_unchecked@UtagPropertyBuff@@U1@V?$allocator@UtagPropertyBuff@@@std@@@std@@YAPAUtagPropertyBuff@@QAU1@00AAV?$allocator@UtagPropertyBuff@@@0@U_Really_trivial_ptr_iterator_tag@0@U?$integral_constant@_N$00@0@@Z 100120f0 f i GamePropertyManager.obj
 0001:00011120       ??$_Uninitialized_move@PAUtagPropertyBuff@@PAU1@V?$allocator@UtagPropertyBuff@@@std@@@std@@YAPAUtagPropertyBuff@@QAU1@0PAU1@AAV?$allocator@UtagPropertyBuff@@@0@@Z 10012120 f i GamePropertyManager.obj
 0001:000111e0       ??$_Uninitialized_move_al_unchecked@UtagPropertyBuff@@U1@V?$allocator@UtagPropertyBuff@@@std@@@std@@YAPAUtagPropertyBuff@@QAU1@00AAV?$allocator@UtagPropertyBuff@@@0@U_Really_trivial_ptr_iterator_tag@0@U?$integral_constant@_N$00@0@@Z 100121e0 f i GamePropertyManager.obj
 0001:00011210       ??$addressof@PAU?$_Tree_node@U?$pair@$$CBKV?$vector@UtagPropertyBuff@@V?$allocator@UtagPropertyBuff@@@std@@@std@@@std@@PAX@std@@@std@@YAPAPAU?$_Tree_node@U?$pair@$$CBKV?$vector@UtagPropertyBuff@@V?$allocator@UtagPropertyBuff@@@std@@@std@@@std@@PAX@0@AAPAU10@@Z 10012210 f i GamePropertyManager.obj
 0001:00011230       ??$addressof@U?$pair@$$CBKV?$vector@UtagPropertyBuff@@V?$allocator@UtagPropertyBuff@@@std@@@std@@@std@@@std@@YAPAU?$pair@$$CBKV?$vector@UtagPropertyBuff@@V?$allocator@UtagPropertyBuff@@@std@@@std@@@0@AAU10@@Z 10012230 f i GamePropertyManager.obj
 0001:00011250       ??$addressof@V?$_Tree_val@U?$_Tree_simple_types@U?$pair@$$CBKV?$vector@UtagPropertyBuff@@V?$allocator@UtagPropertyBuff@@@std@@@std@@@std@@@std@@@std@@@std@@YAPAV?$_Tree_val@U?$_Tree_simple_types@U?$pair@$$CBKV?$vector@UtagPropertyBuff@@V?$allocator@UtagPropertyBuff@@@std@@@std@@@std@@@std@@@0@AAV10@@Z 10012250 f i GamePropertyManager.obj
 0001:00011270       ??$addressof@V?$_Vector_val@U?$_Simple_types@UtagPropertyBuff@@@std@@@std@@@std@@YAPAV?$_Vector_val@U?$_Simple_types@UtagPropertyBuff@@@std@@@0@AAV10@@Z 10012270 f i GamePropertyManager.obj
 0001:00011290       ??$construct@PAU?$_Tree_node@U?$pair@$$CBKV?$vector@UtagPropertyBuff@@V?$allocator@UtagPropertyBuff@@@std@@@std@@@std@@PAX@std@@AAPAU12@@?$_Default_allocator_traits@V?$allocator@U?$_Tree_node@U?$pair@$$CBKV?$vector@UtagPropertyBuff@@V?$allocator@UtagPropertyBuff@@@std@@@std@@@std@@PAX@std@@@std@@@std@@SAXAAV?$allocator@U?$_Tree_node@U?$pair@$$CBKV?$vector@UtagPropertyBuff@@V?$allocator@UtagPropertyBuff@@@std@@@std@@@std@@PAX@std@@@1@QAPAU?$_Tree_node@U?$pair@$$CBKV?$vector@UtagPropertyBuff@@V?$allocator@UtagPropertyBuff@@@std@@@std@@@std@@PAX@1@AAPAU31@@Z 10012290 f i GamePropertyManager.obj
 0001:000112e0       ??$construct@U?$pair@$$CBKV?$vector@UtagPropertyBuff@@V?$allocator@UtagPropertyBuff@@@std@@@std@@@std@@ABUpiecewise_construct_t@2@V?$tuple@ABK@2@V?$tuple@$$V@2@@?$_Default_allocator_traits@V?$allocator@U?$_Tree_node@U?$pair@$$CBKV?$vector@UtagPropertyBuff@@V?$allocator@UtagPropertyBuff@@@std@@@std@@@std@@PAX@std@@@std@@@std@@SAXAAV?$allocator@U?$_Tree_node@U?$pair@$$CBKV?$vector@UtagPropertyBuff@@V?$allocator@UtagPropertyBuff@@@std@@@std@@@std@@PAX@std@@@1@QAU?$pair@$$CBKV?$vector@UtagPropertyBuff@@V?$allocator@UtagPropertyBuff@@@std@@@std@@@1@ABUpiecewise_construct_t@1@$$QAV?$tuple@ABK@1@$$QAV?$tuple@$$V@1@@Z 100122e0 f i GamePropertyManager.obj
 0001:00011370       ??$construct@U_Container_proxy@std@@U12@@?$_Default_allocator_traits@V?$allocator@U_Container_proxy@std@@@std@@@std@@SAXAAV?$allocator@U_Container_proxy@std@@@1@QAU_Container_proxy@1@$$QAU31@@Z 10012370 f i GamePropertyManager.obj
 0001:000113c0       ??$construct@UtagPropertyBuff@@ABU1@@?$_Default_allocator_traits@V?$allocator@UtagPropertyBuff@@@std@@@std@@SAXAAV?$allocator@UtagPropertyBuff@@@1@QAUtagPropertyBuff@@ABU3@@Z 100123c0 f i GamePropertyManager.obj
 0001:00011410       ??$destroy@PAU?$_Tree_node@U?$pair@$$CBKV?$vector@UtagPropertyBuff@@V?$allocator@UtagPropertyBuff@@@std@@@std@@@std@@PAX@std@@@?$_Default_allocator_traits@V?$allocator@U?$_Tree_node@U?$pair@$$CBKV?$vector@UtagPropertyBuff@@V?$allocator@UtagPropertyBuff@@@std@@@std@@@std@@PAX@std@@@std@@@std@@SAXAAV?$allocator@U?$_Tree_node@U?$pair@$$CBKV?$vector@UtagPropertyBuff@@V?$allocator@UtagPropertyBuff@@@std@@@std@@@std@@PAX@std@@@1@QAPAU?$_Tree_node@U?$pair@$$CBKV?$vector@UtagPropertyBuff@@V?$allocator@UtagPropertyBuff@@@std@@@std@@@std@@PAX@1@@Z 10012410 f i GamePropertyManager.obj
 0001:00011430       ??$destroy@U?$pair@$$CBKV?$vector@UtagPropertyBuff@@V?$allocator@UtagPropertyBuff@@@std@@@std@@@std@@@?$_Default_allocator_traits@V?$allocator@U?$_Tree_node@U?$pair@$$CBKV?$vector@UtagPropertyBuff@@V?$allocator@UtagPropertyBuff@@@std@@@std@@@std@@PAX@std@@@std@@@std@@SAXAAV?$allocator@U?$_Tree_node@U?$pair@$$CBKV?$vector@UtagPropertyBuff@@V?$allocator@UtagPropertyBuff@@@std@@@std@@@std@@PAX@std@@@1@QAU?$pair@$$CBKV?$vector@UtagPropertyBuff@@V?$allocator@UtagPropertyBuff@@@std@@@std@@@1@@Z 10012430 f i GamePropertyManager.obj
 0001:00011450       ??$destroy@U_Container_proxy@std@@@?$_Default_allocator_traits@V?$allocator@U_Container_proxy@std@@@std@@@std@@SAXAAV?$allocator@U_Container_proxy@std@@@1@QAU_Container_proxy@1@@Z 10012450 f i GamePropertyManager.obj
 0001:00011470       ??$emplace_back@ABUtagPropertyBuff@@@?$vector@UtagPropertyBuff@@V?$allocator@UtagPropertyBuff@@@std@@@std@@QAE@ABUtagPropertyBuff@@@Z 10012470 f i GamePropertyManager.obj
 0001:000114f0       ??$emplace_hint@ABUpiecewise_construct_t@std@@V?$tuple@ABK@2@V?$tuple@$$V@2@@?$_Tree@V?$_Tmap_traits@KV?$vector@UtagPropertyBuff@@V?$allocator@UtagPropertyBuff@@@std@@@std@@U?$less@K@2@V?$allocator@U?$pair@$$CBKV?$vector@UtagPropertyBuff@@V?$allocator@UtagPropertyBuff@@@std@@@std@@@std@@@2@$0A@@std@@@std@@QAE?AV?$_Tree_iterator@V?$_Tree_val@U?$_Tree_simple_types@U?$pair@$$CBKV?$vector@UtagPropertyBuff@@V?$allocator@UtagPropertyBuff@@@std@@@std@@@std@@@std@@@std@@@1@V?$_Tree_const_iterator@V?$_Tree_val@U?$_Tree_simple_types@U?$pair@$$CBKV?$vector@UtagPropertyBuff@@V?$allocator@UtagPropertyBuff@@@std@@@std@@@std@@@std@@@std@@@1@ABUpiecewise_construct_t@1@$$QAV?$tuple@ABK@1@$$QAV?$tuple@$$V@1@@Z 100124f0 f i GamePropertyManager.obj
 0001:000115f0       ??$forward@AAPAU?$_Tree_node@U?$pair@$$CBKV?$vector@UtagPropertyBuff@@V?$allocator@UtagPropertyBuff@@@std@@@std@@@std@@PAX@std@@@std@@YAAAPAU?$_Tree_node@U?$pair@$$CBKV?$vector@UtagPropertyBuff@@V?$allocator@UtagPropertyBuff@@@std@@@std@@@std@@PAX@0@AAPAU10@@Z 100125f0 f i GamePropertyManager.obj
 0001:00011610       ??$forward@AAU?$pair@$$CBKV?$vector@UtagPropertyBuff@@V?$allocator@UtagPropertyBuff@@@std@@@std@@@std@@@std@@YAAAU?$pair@$$CBKV?$vector@UtagPropertyBuff@@V?$allocator@UtagPropertyBuff@@@std@@@std@@@0@AAU10@@Z 10012610 f i GamePropertyManager.obj
 0001:00011630       ??$forward@AAV?$_Tree_iterator@V?$_Tree_val@U?$_Tree_simple_types@U?$pair@$$CBKV?$vector@UtagPropertyBuff@@V?$allocator@UtagPropertyBuff@@@std@@@std@@@std@@@std@@@std@@@std@@@std@@YAAAV?$_Tree_iterator@V?$_Tree_val@U?$_Tree_simple_types@U?$pair@$$CBKV?$vector@UtagPropertyBuff@@V?$allocator@UtagPropertyBuff@@@std@@@std@@@std@@@std@@@std@@@0@AAV10@@Z 10012630 f i GamePropertyManager.obj
 0001:00011650       ??$forward@ABK@std@@YAABKABK@Z 10012650 f i GamePropertyManager.obj
 0001:00011670       ??$forward@ABU?$less@K@std@@@std@@YAABU?$less@K@0@ABU10@@Z 10012670 f i GamePropertyManager.obj
 0001:00011690       ??$forward@ABUpiecewise_construct_t@std@@@std@@YAABUpiecewise_construct_t@0@ABU10@@Z 10012690 f i GamePropertyManager.obj
 0001:000116b0       ??$forward@ABUtagPropertyBuff@@@std@@YAABUtagPropertyBuff@@ABU1@@Z 100126b0 f i GamePropertyManager.obj
 0001:000116d0       ??$forward@U_Container_proxy@std@@@std@@YA$$QAU_Container_proxy@0@AAU10@@Z 100126d0 f i GamePropertyManager.obj
 0001:000116f0       ??$forward@U_Zero_then_variadic_args_t@std@@@std@@YA$$QAU_Zero_then_variadic_args_t@0@AAU10@@Z 100126f0 f i GamePropertyManager.obj
 0001:00011710       ??$forward@V?$_Tree_iterator@V?$_Tree_val@U?$_Tree_simple_types@U?$pair@$$CBKV?$vector@UtagPropertyBuff@@V?$allocator@UtagPropertyBuff@@@std@@@std@@@std@@@std@@@std@@@std@@@std@@YA$$QAV?$_Tree_iterator@V?$_Tree_val@U?$_Tree_simple_types@U?$pair@$$CBKV?$vector@UtagPropertyBuff@@V?$allocator@UtagPropertyBuff@@@std@@@std@@@std@@@std@@@std@@@0@AAV10@@Z 10012710 f i GamePropertyManager.obj
 0001:00011730       ??$forward@V?$allocator@UtagPropertyBuff@@@std@@@std@@YA$$QAV?$allocator@UtagPropertyBuff@@@0@AAV10@@Z 10012730 f i GamePropertyManager.obj
 0001:00011750       ??$forward@V?$tuple@$$V@std@@@std@@YA$$QAV?$tuple@$$V@0@AAV10@@Z 10012750 f i GamePropertyManager.obj
 0001:00011770       ??$forward@V?$tuple@ABK@std@@@std@@YA$$QAV?$tuple@ABK@0@AAV10@@Z 10012770 f i GamePropertyManager.obj
 0001:00011790       ??$forward@_N@std@@YA$$QA_NAA_N@Z 10012790 f i GamePropertyManager.obj
 0001:000117b0       ??$forward_as_tuple@$$V@std@@YA?AV?$tuple@$$V@0@XZ 100127b0 f i GamePropertyManager.obj
 0001:000117e0       ??$forward_as_tuple@ABK@std@@YA?AV?$tuple@ABK@0@ABK@Z 100127e0 f i GamePropertyManager.obj
 0001:00011820       ??$get@$0A@ABK@std@@YAABK$$QAV?$tuple@ABK@0@@Z 10012820 f i GamePropertyManager.obj
 0001:00011850       ??$move@AAD@std@@YA$$QADAAD@Z 10012850 f i GamePropertyManager.obj
 0001:00011870       ??$move@AAV?$tuple@ABK@std@@@std@@YA$$QAV?$tuple@ABK@0@AAV10@@Z 10012870 f i GamePropertyManager.obj
 0001:00011890       ??$swap@DX@std@@YAXAAD0@Z  10012890 f i GamePropertyManager.obj
 0001:000118f0       ??$try_emplace@$$V@?$map@KV?$vector@UtagPropertyBuff@@V?$allocator@UtagPropertyBuff@@@std@@@std@@U?$less@K@2@V?$allocator@U?$pair@$$CBKV?$vector@UtagPropertyBuff@@V?$allocator@UtagPropertyBuff@@@std@@@std@@@std@@@2@@std@@QAE?AU?$pair@V?$_Tree_iterator@V?$_Tree_val@U?$_Tree_simple_types@U?$pair@$$CBKV?$vector@UtagPropertyBuff@@V?$allocator@UtagPropertyBuff@@@std@@@std@@@std@@@std@@@std@@@std@@_N@1@ABK@Z 100128f0 f i GamePropertyManager.obj
 0001:00011940       ??0?$CWHArray@UtagPropertyInfo@@ABU1@@@QAE@ABV0@@Z 10012940 f i GamePropertyManager.obj
 0001:000119b0       ??0?$CWHArray@UtagPropertyInfo@@ABU1@@@QAE@XZ 100129b0 f i GamePropertyManager.obj
 0001:00011a10       ??0?$_Tree@V?$_Tmap_traits@KV?$vector@UtagPropertyBuff@@V?$allocator@UtagPropertyBuff@@@std@@@std@@U?$less@K@2@V?$allocator@U?$pair@$$CBKV?$vector@UtagPropertyBuff@@V?$allocator@UtagPropertyBuff@@@std@@@std@@@std@@@2@$0A@@std@@@std@@QAE@ABU?$less@K@1@@Z 10012a10 f i GamePropertyManager.obj
 0001:00011a40       ??0?$_Tree_comp_alloc@V?$_Tmap_traits@KV?$vector@UtagPropertyBuff@@V?$allocator@UtagPropertyBuff@@@std@@@std@@U?$less@K@2@V?$allocator@U?$pair@$$CBKV?$vector@UtagPropertyBuff@@V?$allocator@UtagPropertyBuff@@@std@@@std@@@std@@@2@$0A@@std@@@std@@QAE@ABU?$less@K@1@@Z 10012a40 f i GamePropertyManager.obj
 0001:00011a90       ??0?$_Tree_const_iterator@V?$_Tree_val@U?$_Tree_simple_types@U?$pair@$$CBKV?$vector@UtagPropertyBuff@@V?$allocator@UtagPropertyBuff@@@std@@@std@@@std@@@std@@@std@@@std@@QAE@$$QAV01@@Z 10012a90 f i GamePropertyManager.obj
 0001:00011ac0       ??0?$_Tree_const_iterator@V?$_Tree_val@U?$_Tree_simple_types@U?$pair@$$CBKV?$vector@UtagPropertyBuff@@V?$allocator@UtagPropertyBuff@@@std@@@std@@@std@@@std@@@std@@@std@@QAE@ABV01@@Z 10012ac0 f i GamePropertyManager.obj
 0001:00011af0       ??0?$_Tree_const_iterator@V?$_Tree_val@U?$_Tree_simple_types@U?$pair@$$CBKV?$vector@UtagPropertyBuff@@V?$allocator@UtagPropertyBuff@@@std@@@std@@@std@@@std@@@std@@@std@@QAE@PAU?$_Tree_node@U?$pair@$$CBKV?$vector@UtagPropertyBuff@@V?$allocator@UtagPropertyBuff@@@std@@@std@@@std@@PAX@1@PBV?$_Tree_val@U?$_Tree_simple_types@U?$pair@$$CBKV?$vector@UtagPropertyBuff@@V?$allocator@UtagPropertyBuff@@@std@@@std@@@std@@@std@@@1@@Z 10012af0 f i GamePropertyManager.obj
 0001:00011b30       ??0?$_Tree_const_iterator@V?$_Tree_val@U?$_Tree_simple_types@U?$pair@$$CBKV?$vector@UtagPropertyBuff@@V?$allocator@UtagPropertyBuff@@@std@@@std@@@std@@@std@@@std@@@std@@QAE@XZ 10012b30 f i GamePropertyManager.obj
 0001:00011b60       ??0?$_Tree_iterator@V?$_Tree_val@U?$_Tree_simple_types@U?$pair@$$CBKV?$vector@UtagPropertyBuff@@V?$allocator@UtagPropertyBuff@@@std@@@std@@@std@@@std@@@std@@@std@@QAE@$$QAV01@@Z 10012b60 f i GamePropertyManager.obj
 0001:00011b90       ??0?$_Tree_iterator@V?$_Tree_val@U?$_Tree_simple_types@U?$pair@$$CBKV?$vector@UtagPropertyBuff@@V?$allocator@UtagPropertyBuff@@@std@@@std@@@std@@@std@@@std@@@std@@QAE@ABV01@@Z 10012b90 f i GamePropertyManager.obj
 0001:00011bc0       ??0?$_Tree_iterator@V?$_Tree_val@U?$_Tree_simple_types@U?$pair@$$CBKV?$vector@UtagPropertyBuff@@V?$allocator@UtagPropertyBuff@@@std@@@std@@@std@@@std@@@std@@@std@@QAE@PAU?$_Tree_node@U?$pair@$$CBKV?$vector@UtagPropertyBuff@@V?$allocator@UtagPropertyBuff@@@std@@@std@@@std@@PAX@1@PBV?$_Tree_val@U?$_Tree_simple_types@U?$pair@$$CBKV?$vector@UtagPropertyBuff@@V?$allocator@UtagPropertyBuff@@@std@@@std@@@std@@@std@@@1@@Z 10012bc0 f i GamePropertyManager.obj
 0001:00011c00       ??0?$_Tree_unchecked_const_iterator@V?$_Tree_val@U?$_Tree_simple_types@U?$pair@$$CBKV?$vector@UtagPropertyBuff@@V?$allocator@UtagPropertyBuff@@@std@@@std@@@std@@@std@@@std@@U_Iterator_base12@2@@std@@QAE@$$QAV01@@Z 10012c00 f i GamePropertyManager.obj
 0001:00011c40       ??0?$_Tree_unchecked_const_iterator@V?$_Tree_val@U?$_Tree_simple_types@U?$pair@$$CBKV?$vector@UtagPropertyBuff@@V?$allocator@UtagPropertyBuff@@@std@@@std@@@std@@@std@@@std@@U_Iterator_base12@2@@std@@QAE@ABV01@@Z 10012c40 f i GamePropertyManager.obj
 0001:00011c80       ??0?$_Tree_unchecked_const_iterator@V?$_Tree_val@U?$_Tree_simple_types@U?$pair@$$CBKV?$vector@UtagPropertyBuff@@V?$allocator@UtagPropertyBuff@@@std@@@std@@@std@@@std@@@std@@U_Iterator_base12@2@@std@@QAE@PAU?$_Tree_node@U?$pair@$$CBKV?$vector@UtagPropertyBuff@@V?$allocator@UtagPropertyBuff@@@std@@@std@@@std@@PAX@1@PBV?$_Tree_val@U?$_Tree_simple_types@U?$pair@$$CBKV?$vector@UtagPropertyBuff@@V?$allocator@UtagPropertyBuff@@@std@@@std@@@std@@@std@@@1@@Z 10012c80 f i GamePropertyManager.obj
 0001:00011cd0       ??0?$_Tree_unchecked_const_iterator@V?$_Tree_val@U?$_Tree_simple_types@U?$pair@$$CBKV?$vector@UtagPropertyBuff@@V?$allocator@UtagPropertyBuff@@@std@@@std@@@std@@@std@@@std@@U_Iterator_base12@2@@std@@QAE@XZ 10012cd0 f i GamePropertyManager.obj
 0001:00011d10       ??0?$_Tree_val@U?$_Tree_simple_types@U?$pair@$$CBKV?$vector@UtagPropertyBuff@@V?$allocator@UtagPropertyBuff@@@std@@@std@@@std@@@std@@@std@@QAE@XZ 10012d10 f i GamePropertyManager.obj
 0001:00011d50       ??0?$_Vector_alloc@U?$_Vec_base_types@UtagPropertyBuff@@V?$allocator@UtagPropertyBuff@@@std@@@std@@@std@@QAE@XZ 10012d50 f i GamePropertyManager.obj
 0001:00011d90       ??0?$_Vector_val@U?$_Simple_types@UtagPropertyBuff@@@std@@@std@@QAE@XZ 10012d90 f i GamePropertyManager.obj
 0001:00011de0       ??0?$allocator@U?$_Tree_node@U?$pair@$$CBKV?$vector@UtagPropertyBuff@@V?$allocator@UtagPropertyBuff@@@std@@@std@@@std@@PAX@std@@@std@@QAE@XZ 10012de0 f i GamePropertyManager.obj
 0001:00011e00       ??0?$allocator@UtagPropertyBuff@@@std@@QAE@XZ 10012e00 f i GamePropertyManager.obj
 0001:00011e20       ??0?$map@KV?$vector@UtagPropertyBuff@@V?$allocator@UtagPropertyBuff@@@std@@@std@@U?$less@K@2@V?$allocator@U?$pair@$$CBKV?$vector@UtagPropertyBuff@@V?$allocator@UtagPropertyBuff@@@std@@@std@@@std@@@2@@std@@QAE@XZ 10012e20 f i GamePropertyManager.obj
 0001:00011e50       ??0?$tuple@$$V@std@@QAE@ABV01@@Z 10012e50 f i GamePropertyManager.obj
 0001:00011e70       ??0?$tuple@$$V@std@@QAE@XZ 10012e70 f i GamePropertyManager.obj
 0001:00011e90       ??0?$tuple@ABK@std@@QAE@$$QAV01@@Z 10012e90 f i GamePropertyManager.obj
 0001:00011ed0       ??0?$vector@UtagPropertyBuff@@V?$allocator@UtagPropertyBuff@@@std@@@std@@QAE@ABV01@@Z 10012ed0 f i GamePropertyManager.obj
 0001:00012000       ??0?$vector@UtagPropertyBuff@@V?$allocator@UtagPropertyBuff@@@std@@@std@@QAE@XZ 10013000 f i GamePropertyManager.obj
 0001:00012060       ??0CGamePropertyManager@@QAE@ABV0@@Z 10013060 f i GamePropertyManager.obj
 0001:000120a0       ??0CGamePropertyManager@@QAE@XZ 100130a0 f   GamePropertyManager.obj
 0001:000120e0       ??0_Container_base12@std@@QAE@XZ 100130e0 f i GamePropertyManager.obj
 0001:00012110       ??0_Container_proxy@std@@QAE@XZ 10013110 f i GamePropertyManager.obj
 0001:00012150       ??0_Iterator_base12@std@@QAE@ABU01@@Z 10013150 f i GamePropertyManager.obj
 0001:000121a0       ??0_Iterator_base12@std@@QAE@XZ 100131a0 f i GamePropertyManager.obj
 0001:000121e0       ??1?$CWHArray@UtagPropertyInfo@@ABU1@@@UAE@XZ 100131e0 f i GamePropertyManager.obj
 0001:00012260       ??1?$_Tree@V?$_Tmap_traits@KV?$vector@UtagPropertyBuff@@V?$allocator@UtagPropertyBuff@@@std@@@std@@U?$less@K@2@V?$allocator@U?$pair@$$CBKV?$vector@UtagPropertyBuff@@V?$allocator@UtagPropertyBuff@@@std@@@std@@@std@@@2@$0A@@std@@@std@@QAE@XZ 10013260 f i GamePropertyManager.obj
 0001:000122c0       ??1?$_Tree_comp_alloc@V?$_Tmap_traits@KV?$vector@UtagPropertyBuff@@V?$allocator@UtagPropertyBuff@@@std@@@std@@U?$less@K@2@V?$allocator@U?$pair@$$CBKV?$vector@UtagPropertyBuff@@V?$allocator@UtagPropertyBuff@@@std@@@std@@@std@@@2@$0A@@std@@@std@@QAE@XZ 100132c0 f i GamePropertyManager.obj
 0001:00012330       ??1?$_Tree_const_iterator@V?$_Tree_val@U?$_Tree_simple_types@U?$pair@$$CBKV?$vector@UtagPropertyBuff@@V?$allocator@UtagPropertyBuff@@@std@@@std@@@std@@@std@@@std@@@std@@QAE@XZ 10013330 f i GamePropertyManager.obj
 0001:00012360       ??1?$_Tree_iterator@V?$_Tree_val@U?$_Tree_simple_types@U?$pair@$$CBKV?$vector@UtagPropertyBuff@@V?$allocator@UtagPropertyBuff@@@std@@@std@@@std@@@std@@@std@@@std@@QAE@XZ 10013360 f i GamePropertyManager.obj
 0001:00012390       ??1?$_Tree_unchecked_const_iterator@V?$_Tree_val@U?$_Tree_simple_types@U?$pair@$$CBKV?$vector@UtagPropertyBuff@@V?$allocator@UtagPropertyBuff@@@std@@@std@@@std@@@std@@@std@@U_Iterator_base12@2@@std@@QAE@XZ 10013390 f i GamePropertyManager.obj
 0001:000123c0       ??1?$_Vector_alloc@U?$_Vec_base_types@UtagPropertyBuff@@V?$allocator@UtagPropertyBuff@@@std@@@std@@@std@@QAE@XZ 100133c0 f i GamePropertyManager.obj
 0001:00012420       ??1?$map@KV?$vector@UtagPropertyBuff@@V?$allocator@UtagPropertyBuff@@@std@@@std@@U?$less@K@2@V?$allocator@U?$pair@$$CBKV?$vector@UtagPropertyBuff@@V?$allocator@UtagPropertyBuff@@@std@@@std@@@std@@@2@@std@@QAE@XZ 10013420 f i GamePropertyManager.obj
 0001:00012450       ??1?$pair@$$CBKV?$vector@UtagPropertyBuff@@V?$allocator@UtagPropertyBuff@@@std@@@std@@@std@@QAE@XZ 10013450 f i GamePropertyManager.obj
 0001:00012480       ??1?$pair@V?$_Tree_iterator@V?$_Tree_val@U?$_Tree_simple_types@U?$pair@$$CBKV?$vector@UtagPropertyBuff@@V?$allocator@UtagPropertyBuff@@@std@@@std@@@std@@@std@@@std@@@std@@_N@std@@QAE@XZ 10013480 f i GamePropertyManager.obj
 0001:000124b0       ??1?$vector@UtagPropertyBuff@@V?$allocator@UtagPropertyBuff@@@std@@@std@@QAE@XZ 100134b0 f i GamePropertyManager.obj
 0001:00012510       ??1CGamePropertyManager@@UAE@XZ 10013510 f   GamePropertyManager.obj
 0001:00012540       ??1_Iterator_base12@std@@QAE@XZ 10013540 f i GamePropertyManager.obj
 0001:000125b0       ??4?$CWHArray@UtagPropertyInfo@@ABU1@@@QAEAAV0@ABV0@@Z 100135b0 f i GamePropertyManager.obj
 0001:00012610       ??4?$_Tree_const_iterator@V?$_Tree_val@U?$_Tree_simple_types@U?$pair@$$CBKV?$vector@UtagPropertyBuff@@V?$allocator@UtagPropertyBuff@@@std@@@std@@@std@@@std@@@std@@@std@@QAEAAV01@ABV01@@Z 10013610 f i GamePropertyManager.obj
 0001:00012640       ??4?$_Tree_unchecked_const_iterator@V?$_Tree_val@U?$_Tree_simple_types@U?$pair@$$CBKV?$vector@UtagPropertyBuff@@V?$allocator@UtagPropertyBuff@@@std@@@std@@@std@@@std@@@std@@U_Iterator_base12@2@@std@@QAEAAV01@ABV01@@Z 10013640 f i GamePropertyManager.obj
 0001:00012680       ??4CGamePropertyManager@@QAEAAV0@ABV0@@Z 10013680 f i GamePropertyManager.obj
 0001:000126c0       ??4_Iterator_base12@std@@QAEAAU01@ABU01@@Z 100136c0 f i GamePropertyManager.obj
 0001:00012770       ??8?$_Tree_const_iterator@V?$_Tree_val@U?$_Tree_simple_types@U?$pair@$$CBKV?$vector@UtagPropertyBuff@@V?$allocator@UtagPropertyBuff@@@std@@@std@@@std@@@std@@@std@@@std@@QBE_NABV01@@Z 10013770 f i GamePropertyManager.obj
 0001:00012840       ??9?$_Tree_const_iterator@V?$_Tree_val@U?$_Tree_simple_types@U?$pair@$$CBKV?$vector@UtagPropertyBuff@@V?$allocator@UtagPropertyBuff@@@std@@@std@@@std@@@std@@@std@@@std@@QBE_NABV01@@Z 10013840 f i GamePropertyManager.obj
 0001:00012890       ??A?$CWHArray@UtagPropertyInfo@@ABU1@@@QAEAAUtagPropertyInfo@@H@Z 10013890 f i GamePropertyManager.obj
 0001:000128c0       ??A?$map@KV?$vector@UtagPropertyBuff@@V?$allocator@UtagPropertyBuff@@@std@@@std@@U?$less@K@2@V?$allocator@U?$pair@$$CBKV?$vector@UtagPropertyBuff@@V?$allocator@UtagPropertyBuff@@@std@@@std@@@std@@@2@@std@@QAEAAV?$vector@UtagPropertyBuff@@V?$allocator@UtagPropertyBuff@@@std@@@1@ABK@Z 100138c0 f i GamePropertyManager.obj
 0001:00012960       ??A?$vector@UtagPropertyBuff@@V?$allocator@UtagPropertyBuff@@@std@@@std@@QAEAAUtagPropertyBuff@@I@Z 10013960 f i GamePropertyManager.obj
 0001:00012a10       ??C?$_Tree_iterator@V?$_Tree_val@U?$_Tree_simple_types@U?$pair@$$CBKV?$vector@UtagPropertyBuff@@V?$allocator@UtagPropertyBuff@@@std@@@std@@@std@@@std@@@std@@@std@@QBEPAU?$pair@$$CBKV?$vector@UtagPropertyBuff@@V?$allocator@UtagPropertyBuff@@@std@@@std@@@1@XZ 10013a10 f i GamePropertyManager.obj
 0001:00012a40       ??D?$_Tree_const_iterator@V?$_Tree_val@U?$_Tree_simple_types@U?$pair@$$CBKV?$vector@UtagPropertyBuff@@V?$allocator@UtagPropertyBuff@@@std@@@std@@@std@@@std@@@std@@@std@@QBEABU?$pair@$$CBKV?$vector@UtagPropertyBuff@@V?$allocator@UtagPropertyBuff@@@std@@@std@@@1@XZ 10013a40 f i GamePropertyManager.obj
 0001:00012b60       ??D?$_Tree_iterator@V?$_Tree_val@U?$_Tree_simple_types@U?$pair@$$CBKV?$vector@UtagPropertyBuff@@V?$allocator@UtagPropertyBuff@@@std@@@std@@@std@@@std@@@std@@@std@@QBEAAU?$pair@$$CBKV?$vector@UtagPropertyBuff@@V?$allocator@UtagPropertyBuff@@@std@@@std@@@1@XZ 10013b60 f i GamePropertyManager.obj
 0001:00012b90       ??E?$_Tree_const_iterator@V?$_Tree_val@U?$_Tree_simple_types@U?$pair@$$CBKV?$vector@UtagPropertyBuff@@V?$allocator@UtagPropertyBuff@@@std@@@std@@@std@@@std@@@std@@@std@@QAE?AV01@H@Z 10013b90 f i GamePropertyManager.obj
 0001:00012c40       ??E?$_Tree_const_iterator@V?$_Tree_val@U?$_Tree_simple_types@U?$pair@$$CBKV?$vector@UtagPropertyBuff@@V?$allocator@UtagPropertyBuff@@@std@@@std@@@std@@@std@@@std@@@std@@QAEAAV01@XZ 10013c40 f i GamePropertyManager.obj
 0001:00012d50       ??E?$_Tree_unchecked_const_iterator@V?$_Tree_val@U?$_Tree_simple_types@U?$pair@$$CBKV?$vector@UtagPropertyBuff@@V?$allocator@UtagPropertyBuff@@@std@@@std@@@std@@@std@@@std@@U_Iterator_base12@2@@std@@QAEAAV01@XZ 10013d50 f i GamePropertyManager.obj
 0001:00012df0       ??F?$_Tree_const_iterator@V?$_Tree_val@U?$_Tree_simple_types@U?$pair@$$CBKV?$vector@UtagPropertyBuff@@V?$allocator@UtagPropertyBuff@@@std@@@std@@@std@@@std@@@std@@@std@@QAEAAV01@XZ 10013df0 f i GamePropertyManager.obj
 0001:00012f10       ??F?$_Tree_iterator@V?$_Tree_val@U?$_Tree_simple_types@U?$pair@$$CBKV?$vector@UtagPropertyBuff@@V?$allocator@UtagPropertyBuff@@@std@@@std@@@std@@@std@@@std@@@std@@QAEAAV01@XZ 10013f10 f i GamePropertyManager.obj
 0001:00012f40       ??F?$_Tree_unchecked_const_iterator@V?$_Tree_val@U?$_Tree_simple_types@U?$pair@$$CBKV?$vector@UtagPropertyBuff@@V?$allocator@UtagPropertyBuff@@@std@@@std@@@std@@@std@@@std@@U_Iterator_base12@2@@std@@QAEAAV01@XZ 10013f40 f i GamePropertyManager.obj
 0001:00013010       ??R?$less@K@std@@QBE_NABK0@Z 10014010 f i GamePropertyManager.obj
 0001:00013060       ??_ECGamePropertyManager@@UAEPAXI@Z 10014060 f i GamePropertyManager.obj
 0001:00013140       ??_E?$CWHArray@UtagPropertyInfo@@ABU1@@@UAEPAXI@Z 10014140 f i GamePropertyManager.obj
 0001:00013140       ??_G?$CWHArray@UtagPropertyInfo@@ABU1@@@UAEPAXI@Z 10014140 f i GamePropertyManager.obj
 0001:00013190       ??_G?$pair@$$CBKV?$vector@UtagPropertyBuff@@V?$allocator@UtagPropertyBuff@@@std@@@std@@@std@@QAEPAXI@Z 10014190 f i GamePropertyManager.obj
 0001:000131e0       ??_GCGamePropertyManager@@UAEPAXI@Z 100141e0 f i GamePropertyManager.obj
 0001:00013230       ?AllocMemory@?$CWHArray@UtagPropertyInfo@@ABU1@@@QAEXH@Z 10014230 f i GamePropertyManager.obj
 0001:000133a0       ?ClearUserBuff@CGamePropertyManager@@QAE_NK@Z 100143a0 f   GamePropertyManager.obj
 0001:00013400       ?ElementAt@?$CWHArray@UtagPropertyInfo@@ABU1@@@QAEAAUtagPropertyInfo@@H@Z 10014400 f i GamePropertyManager.obj
 0001:00013480       ?GetCount@?$CWHArray@UtagPropertyInfo@@ABU1@@@QBEHXZ 10014480 f i GamePropertyManager.obj
 0001:000134a0       ?GetData@?$CWHArray@UtagPropertyInfo@@ABU1@@@QAEPAUtagPropertyInfo@@XZ 100144a0 f i GamePropertyManager.obj
 0001:000134c0       ?IsValid@@YA_NUtagPropertyBuff@@@Z 100144c0 f   GamePropertyManager.obj
 0001:00013530       ?SearchPropertyItem@CGamePropertyManager@@QAEPAUtagPropertyInfo@@G@Z 10014530 f   GamePropertyManager.obj
 0001:000135b0       ?SearchValidPropertyBuff@CGamePropertyManager@@SAPAUtagPropertyBuff@@KW4PROP_KIND@@@Z 100145b0 f   GamePropertyManager.obj
 0001:00013740       ?SetGamePropertyBuff@CGamePropertyManager@@QAE_NKQBUtagPropertyBuff@@G@Z 10014740 f   GamePropertyManager.obj
 0001:000137c0       ?SetGamePropertyInfo@CGamePropertyManager@@QAE_NQAUtagPropertyInfo@@G@Z 100147c0 f   GamePropertyManager.obj
 0001:00013820       ?SetSize@?$CWHArray@UtagPropertyInfo@@ABU1@@@QAEXH@Z 10014820 f i GamePropertyManager.obj
 0001:00013950       ?_Adjust_manually_vector_aligned@std@@YAXAAPAXAAI@Z 10014950 f i GamePropertyManager.obj
 0001:00013ac0       ?_Adopt@_Iterator_base12@std@@QAEXPBU_Container_base12@2@@Z 10014ac0 f i GamePropertyManager.obj
 0001:00013ba0       ?_Alloc_proxy@?$_Tree_comp_alloc@V?$_Tmap_traits@KV?$vector@UtagPropertyBuff@@V?$allocator@UtagPropertyBuff@@@std@@@std@@U?$less@K@2@V?$allocator@U?$pair@$$CBKV?$vector@UtagPropertyBuff@@V?$allocator@UtagPropertyBuff@@@std@@@std@@@std@@@2@$0A@@std@@@std@@QAEXXZ 10014ba0 f i GamePropertyManager.obj
 0001:00013c50       ?_Alloc_proxy@?$_Vector_alloc@U?$_Vec_base_types@UtagPropertyBuff@@V?$allocator@UtagPropertyBuff@@@std@@@std@@@std@@QAEXXZ 10014c50 f i GamePropertyManager.obj
 0001:00013d00       ?_Allocate@_Default_allocate_traits@std@@SAPAXI@Z 10014d00 f i GamePropertyManager.obj
 0001:00013d30       ?_Buy@?$vector@UtagPropertyBuff@@V?$allocator@UtagPropertyBuff@@@std@@@std@@AAE_NI@Z 10014d30 f i GamePropertyManager.obj
 0001:00013e10       ?_Buyheadnode@?$_Tree_comp_alloc@V?$_Tmap_traits@KV?$vector@UtagPropertyBuff@@V?$allocator@UtagPropertyBuff@@@std@@@std@@U?$less@K@2@V?$allocator@U?$pair@$$CBKV?$vector@UtagPropertyBuff@@V?$allocator@UtagPropertyBuff@@@std@@@std@@@std@@@2@$0A@@std@@@std@@QAEPAU?$_Tree_node@U?$pair@$$CBKV?$vector@UtagPropertyBuff@@V?$allocator@UtagPropertyBuff@@@std@@@std@@@std@@PAX@2@XZ 10014e10 f i GamePropertyManager.obj
 0001:00013f50       ?_Buynode0@?$_Tree_comp_alloc@V?$_Tmap_traits@KV?$vector@UtagPropertyBuff@@V?$allocator@UtagPropertyBuff@@@std@@@std@@U?$less@K@2@V?$allocator@U?$pair@$$CBKV?$vector@UtagPropertyBuff@@V?$allocator@UtagPropertyBuff@@@std@@@std@@@std@@@2@$0A@@std@@@std@@QAEPAU?$_Tree_node@U?$pair@$$CBKV?$vector@UtagPropertyBuff@@V?$allocator@UtagPropertyBuff@@@std@@@std@@@std@@PAX@2@XZ 10014f50 f i GamePropertyManager.obj
 0001:000140a0       ?_Calculate_growth@?$vector@UtagPropertyBuff@@V?$allocator@UtagPropertyBuff@@@std@@@std@@ABEII@Z 100150a0 f i GamePropertyManager.obj
 0001:00014110       ?_Change_array@?$vector@UtagPropertyBuff@@V?$allocator@UtagPropertyBuff@@@std@@@std@@AAEXQAUtagPropertyBuff@@II@Z 10015110 f i GamePropertyManager.obj
 0001:000141d0       ?_Clrcont@_Iterator_base12@std@@QAEXXZ 100151d0 f i GamePropertyManager.obj
 0001:00014200       ?_Compare@?$_Tree@V?$_Tmap_traits@KV?$vector@UtagPropertyBuff@@V?$allocator@UtagPropertyBuff@@@std@@@std@@U?$less@K@2@V?$allocator@U?$pair@$$CBKV?$vector@UtagPropertyBuff@@V?$allocator@UtagPropertyBuff@@@std@@@std@@@std@@@2@$0A@@std@@@std@@IBE_NABK0@Z 10015200 f i GamePropertyManager.obj
 0001:00014240       ?_Construct@?$_Tree_comp_alloc@V?$_Tmap_traits@KV?$vector@UtagPropertyBuff@@V?$allocator@UtagPropertyBuff@@@std@@@std@@U?$less@K@2@V?$allocator@U?$pair@$$CBKV?$vector@UtagPropertyBuff@@V?$allocator@UtagPropertyBuff@@@std@@@std@@@std@@@2@$0A@@std@@@std@@QAEXXZ 10015240 f i GamePropertyManager.obj
 0001:00014300       ?_Destroy@?$vector@UtagPropertyBuff@@V?$allocator@UtagPropertyBuff@@@std@@@std@@AAEXPAUtagPropertyBuff@@0@Z 10015300 f i GamePropertyManager.obj
 0001:00014340       ?_Destroy_if_node@?$_Tree@V?$_Tmap_traits@KV?$vector@UtagPropertyBuff@@V?$allocator@UtagPropertyBuff@@@std@@@std@@U?$less@K@2@V?$allocator@U?$pair@$$CBKV?$vector@UtagPropertyBuff@@V?$allocator@UtagPropertyBuff@@@std@@@std@@@std@@@2@$0A@@std@@@std@@IAEXPAU?$_Tree_node@U?$pair@$$CBKV?$vector@UtagPropertyBuff@@V?$allocator@UtagPropertyBuff@@@std@@@std@@@std@@PAX@2@@Z 10015340 f i GamePropertyManager.obj
 0001:000143a0       ?_Erase@?$_Tree@V?$_Tmap_traits@KV?$vector@UtagPropertyBuff@@V?$allocator@UtagPropertyBuff@@@std@@@std@@U?$less@K@2@V?$allocator@U?$pair@$$CBKV?$vector@UtagPropertyBuff@@V?$allocator@UtagPropertyBuff@@@std@@@std@@@std@@@2@$0A@@std@@@std@@IAEXPAU?$_Tree_node@U?$pair@$$CBKV?$vector@UtagPropertyBuff@@V?$allocator@UtagPropertyBuff@@@std@@@std@@@std@@PAX@2@@Z 100153a0 f i GamePropertyManager.obj
 0001:00014440       ?_Extract@?$_Tree_val@U?$_Tree_simple_types@U?$pair@$$CBKV?$vector@UtagPropertyBuff@@V?$allocator@UtagPropertyBuff@@@std@@@std@@@std@@@std@@@std@@QAEPAU?$_Tree_node@U?$pair@$$CBKV?$vector@UtagPropertyBuff@@V?$allocator@UtagPropertyBuff@@@std@@@std@@@std@@PAX@2@V?$_Tree_const_iterator@V?$_Tree_val@U?$_Tree_simple_types@U?$pair@$$CBKV?$vector@UtagPropertyBuff@@V?$allocator@UtagPropertyBuff@@@std@@@std@@@std@@@std@@@std@@@2@@Z 10015440 f i GamePropertyManager.obj
 0001:00014a70       ?_Free_proxy@?$_Tree_comp_alloc@V?$_Tmap_traits@KV?$vector@UtagPropertyBuff@@V?$allocator@UtagPropertyBuff@@@std@@@std@@U?$less@K@2@V?$allocator@U?$pair@$$CBKV?$vector@UtagPropertyBuff@@V?$allocator@UtagPropertyBuff@@@std@@@std@@@std@@@2@$0A@@std@@@std@@QAEXXZ 10015a70 f i GamePropertyManager.obj
 0001:00014b00       ?_Free_proxy@?$_Vector_alloc@U?$_Vec_base_types@UtagPropertyBuff@@V?$allocator@UtagPropertyBuff@@@std@@@std@@@std@@QAEXXZ 10015b00 f i GamePropertyManager.obj
 0001:00014b90       ?_Freeheadnode@?$_Tree_comp_alloc@V?$_Tmap_traits@KV?$vector@UtagPropertyBuff@@V?$allocator@UtagPropertyBuff@@@std@@@std@@U?$less@K@2@V?$allocator@U?$pair@$$CBKV?$vector@UtagPropertyBuff@@V?$allocator@UtagPropertyBuff@@@std@@@std@@@std@@@2@$0A@@std@@@std@@QAEXPAU?$_Tree_node@U?$pair@$$CBKV?$vector@UtagPropertyBuff@@V?$allocator@UtagPropertyBuff@@@std@@@std@@@std@@PAX@2@@Z 10015b90 f i GamePropertyManager.obj
 0001:00014bd0       ?_Freenode0@?$_Tree_comp_alloc@V?$_Tmap_traits@KV?$vector@UtagPropertyBuff@@V?$allocator@UtagPropertyBuff@@@std@@@std@@U?$less@K@2@V?$allocator@U?$pair@$$CBKV?$vector@UtagPropertyBuff@@V?$allocator@UtagPropertyBuff@@@std@@@std@@@std@@@2@$0A@@std@@@std@@QAEXPAU?$_Tree_node@U?$pair@$$CBKV?$vector@UtagPropertyBuff@@V?$allocator@UtagPropertyBuff@@@std@@@std@@@std@@PAX@2@@Z 10015bd0 f i GamePropertyManager.obj
 0001:00014c10       ?_Get_data@?$_Tree_comp_alloc@V?$_Tmap_traits@KV?$vector@UtagPropertyBuff@@V?$allocator@UtagPropertyBuff@@@std@@@std@@U?$less@K@2@V?$allocator@U?$pair@$$CBKV?$vector@UtagPropertyBuff@@V?$allocator@UtagPropertyBuff@@@std@@@std@@@std@@@2@$0A@@std@@@std@@QAEAAV?$_Tree_val@U?$_Tree_simple_types@U?$pair@$$CBKV?$vector@UtagPropertyBuff@@V?$allocator@UtagPropertyBuff@@@std@@@std@@@std@@@std@@@2@XZ 10015c10 f i GamePropertyManager.obj
 0001:00014c40       ?_Get_data@?$_Tree_comp_alloc@V?$_Tmap_traits@KV?$vector@UtagPropertyBuff@@V?$allocator@UtagPropertyBuff@@@std@@@std@@U?$less@K@2@V?$allocator@U?$pair@$$CBKV?$vector@UtagPropertyBuff@@V?$allocator@UtagPropertyBuff@@@std@@@std@@@std@@@2@$0A@@std@@@std@@QBEABV?$_Tree_val@U?$_Tree_simple_types@U?$pair@$$CBKV?$vector@UtagPropertyBuff@@V?$allocator@UtagPropertyBuff@@@std@@@std@@@std@@@std@@@2@XZ 10015c40 f i GamePropertyManager.obj
 0001:00014c70       ?_Get_data@?$_Vector_alloc@U?$_Vec_base_types@UtagPropertyBuff@@V?$allocator@UtagPropertyBuff@@@std@@@std@@@std@@QAEAAV?$_Vector_val@U?$_Simple_types@UtagPropertyBuff@@@std@@@2@XZ 10015c70 f i GamePropertyManager.obj
 0001:00014ca0       ?_Get_data@?$_Vector_alloc@U?$_Vec_base_types@UtagPropertyBuff@@V?$allocator@UtagPropertyBuff@@@std@@@std@@@std@@QBEABV?$_Vector_val@U?$_Simple_types@UtagPropertyBuff@@@std@@@2@XZ 10015ca0 f i GamePropertyManager.obj
 0001:00014cd0       ?_Get_first@?$_Compressed_pair@U?$less@K@std@@V?$_Compressed_pair@V?$allocator@U?$_Tree_node@U?$pair@$$CBKV?$vector@UtagPropertyBuff@@V?$allocator@UtagPropertyBuff@@@std@@@std@@@std@@PAX@std@@@std@@V?$_Tree_val@U?$_Tree_simple_types@U?$pair@$$CBKV?$vector@UtagPropertyBuff@@V?$allocator@UtagPropertyBuff@@@std@@@std@@@std@@@std@@@2@$00@2@$00@std@@QAEAAU?$less@K@2@XZ 10015cd0 f i GamePropertyManager.obj
 0001:00014cf0       ?_Get_first@?$_Compressed_pair@U?$less@K@std@@V?$_Compressed_pair@V?$allocator@U?$_Tree_node@U?$pair@$$CBKV?$vector@UtagPropertyBuff@@V?$allocator@UtagPropertyBuff@@@std@@@std@@@std@@PAX@std@@@std@@V?$_Tree_val@U?$_Tree_simple_types@U?$pair@$$CBKV?$vector@UtagPropertyBuff@@V?$allocator@UtagPropertyBuff@@@std@@@std@@@std@@@std@@@2@$00@2@$00@std@@QBEABU?$less@K@2@XZ 10015cf0 f i GamePropertyManager.obj
 0001:00014d10       ?_Get_first@?$_Compressed_pair@V?$allocator@U?$_Tree_node@U?$pair@$$CBKV?$vector@UtagPropertyBuff@@V?$allocator@UtagPropertyBuff@@@std@@@std@@@std@@PAX@std@@@std@@V?$_Tree_val@U?$_Tree_simple_types@U?$pair@$$CBKV?$vector@UtagPropertyBuff@@V?$allocator@UtagPropertyBuff@@@std@@@std@@@std@@@std@@@2@$00@std@@QAEAAV?$allocator@U?$_Tree_node@U?$pair@$$CBKV?$vector@UtagPropertyBuff@@V?$allocator@UtagPropertyBuff@@@std@@@std@@@std@@PAX@std@@@2@XZ 10015d10 f i GamePropertyManager.obj
 0001:00014d30       ?_Get_first@?$_Compressed_pair@V?$allocator@U?$_Tree_node@U?$pair@$$CBKV?$vector@UtagPropertyBuff@@V?$allocator@UtagPropertyBuff@@@std@@@std@@@std@@PAX@std@@@std@@V?$_Tree_val@U?$_Tree_simple_types@U?$pair@$$CBKV?$vector@UtagPropertyBuff@@V?$allocator@UtagPropertyBuff@@@std@@@std@@@std@@@std@@@2@$00@std@@QBEABV?$allocator@U?$_Tree_node@U?$pair@$$CBKV?$vector@UtagPropertyBuff@@V?$allocator@UtagPropertyBuff@@@std@@@std@@@std@@PAX@std@@@2@XZ 10015d30 f i GamePropertyManager.obj
 0001:00014d50       ?_Get_first@?$_Compressed_pair@V?$allocator@UtagPropertyBuff@@@std@@V?$_Vector_val@U?$_Simple_types@UtagPropertyBuff@@@std@@@2@$00@std@@QAEAAV?$allocator@UtagPropertyBuff@@@2@XZ 10015d50 f i GamePropertyManager.obj
 0001:00014d70       ?_Get_first@?$_Compressed_pair@V?$allocator@UtagPropertyBuff@@@std@@V?$_Vector_val@U?$_Simple_types@UtagPropertyBuff@@@std@@@2@$00@std@@QBEABV?$allocator@UtagPropertyBuff@@@2@XZ 10015d70 f i GamePropertyManager.obj
 0001:00014d90       ?_Get_second@?$_Compressed_pair@U?$less@K@std@@V?$_Compressed_pair@V?$allocator@U?$_Tree_node@U?$pair@$$CBKV?$vector@UtagPropertyBuff@@V?$allocator@UtagPropertyBuff@@@std@@@std@@@std@@PAX@std@@@std@@V?$_Tree_val@U?$_Tree_simple_types@U?$pair@$$CBKV?$vector@UtagPropertyBuff@@V?$allocator@UtagPropertyBuff@@@std@@@std@@@std@@@std@@@2@$00@2@$00@std@@QAEAAV?$_Compressed_pair@V?$allocator@U?$_Tree_node@U?$pair@$$CBKV?$vector@UtagPropertyBuff@@V?$allocator@UtagPropertyBuff@@@std@@@std@@@std@@PAX@std@@@std@@V?$_Tree_val@U?$_Tree_simple_types@U?$pair@$$CBKV?$vector@UtagPropertyBuff@@V?$allocator@UtagPropertyBuff@@@std@@@std@@@std@@@std@@@2@$00@2@XZ 10015d90 f i GamePropertyManager.obj
 0001:00014db0       ?_Get_second@?$_Compressed_pair@U?$less@K@std@@V?$_Compressed_pair@V?$allocator@U?$_Tree_node@U?$pair@$$CBKV?$vector@UtagPropertyBuff@@V?$allocator@UtagPropertyBuff@@@std@@@std@@@std@@PAX@std@@@std@@V?$_Tree_val@U?$_Tree_simple_types@U?$pair@$$CBKV?$vector@UtagPropertyBuff@@V?$allocator@UtagPropertyBuff@@@std@@@std@@@std@@@std@@@2@$00@2@$00@std@@QBEABV?$_Compressed_pair@V?$allocator@U?$_Tree_node@U?$pair@$$CBKV?$vector@UtagPropertyBuff@@V?$allocator@UtagPropertyBuff@@@std@@@std@@@std@@PAX@std@@@std@@V?$_Tree_val@U?$_Tree_simple_types@U?$pair@$$CBKV?$vector@UtagPropertyBuff@@V?$allocator@UtagPropertyBuff@@@std@@@std@@@std@@@std@@@2@$00@2@XZ 10015db0 f i GamePropertyManager.obj
 0001:00014dd0       ?_Get_second@?$_Compressed_pair@V?$allocator@U?$_Tree_node@U?$pair@$$CBKV?$vector@UtagPropertyBuff@@V?$allocator@UtagPropertyBuff@@@std@@@std@@@std@@PAX@std@@@std@@V?$_Tree_val@U?$_Tree_simple_types@U?$pair@$$CBKV?$vector@UtagPropertyBuff@@V?$allocator@UtagPropertyBuff@@@std@@@std@@@std@@@std@@@2@$00@std@@QAEAAV?$_Tree_val@U?$_Tree_simple_types@U?$pair@$$CBKV?$vector@UtagPropertyBuff@@V?$allocator@UtagPropertyBuff@@@std@@@std@@@std@@@std@@@2@XZ 10015dd0 f i GamePropertyManager.obj
 0001:00014df0       ?_Get_second@?$_Compressed_pair@V?$allocator@U?$_Tree_node@U?$pair@$$CBKV?$vector@UtagPropertyBuff@@V?$allocator@UtagPropertyBuff@@@std@@@std@@@std@@PAX@std@@@std@@V?$_Tree_val@U?$_Tree_simple_types@U?$pair@$$CBKV?$vector@UtagPropertyBuff@@V?$allocator@UtagPropertyBuff@@@std@@@std@@@std@@@std@@@2@$00@std@@QBEABV?$_Tree_val@U?$_Tree_simple_types@U?$pair@$$CBKV?$vector@UtagPropertyBuff@@V?$allocator@UtagPropertyBuff@@@std@@@std@@@std@@@std@@@2@XZ 10015df0 f i GamePropertyManager.obj
 0001:00014e10       ?_Get_second@?$_Compressed_pair@V?$allocator@UtagPropertyBuff@@@std@@V?$_Vector_val@U?$_Simple_types@UtagPropertyBuff@@@std@@@2@$00@std@@QAEAAV?$_Vector_val@U?$_Simple_types@UtagPropertyBuff@@@std@@@2@XZ 10015e10 f i GamePropertyManager.obj
 0001:00014e30       ?_Get_second@?$_Compressed_pair@V?$allocator@UtagPropertyBuff@@@std@@V?$_Vector_val@U?$_Simple_types@UtagPropertyBuff@@@std@@@2@$00@std@@QBEABV?$_Vector_val@U?$_Simple_types@UtagPropertyBuff@@@std@@@2@XZ 10015e30 f i GamePropertyManager.obj
 0001:00014e50       ?_Getal@?$_Tree_comp_alloc@V?$_Tmap_traits@KV?$vector@UtagPropertyBuff@@V?$allocator@UtagPropertyBuff@@@std@@@std@@U?$less@K@2@V?$allocator@U?$pair@$$CBKV?$vector@UtagPropertyBuff@@V?$allocator@UtagPropertyBuff@@@std@@@std@@@std@@@2@$0A@@std@@@std@@QAEAAV?$allocator@U?$_Tree_node@U?$pair@$$CBKV?$vector@UtagPropertyBuff@@V?$allocator@UtagPropertyBuff@@@std@@@std@@@std@@PAX@std@@@2@XZ 10015e50 f i GamePropertyManager.obj
 0001:00014e80       ?_Getal@?$_Tree_comp_alloc@V?$_Tmap_traits@KV?$vector@UtagPropertyBuff@@V?$allocator@UtagPropertyBuff@@@std@@@std@@U?$less@K@2@V?$allocator@U?$pair@$$CBKV?$vector@UtagPropertyBuff@@V?$allocator@UtagPropertyBuff@@@std@@@std@@@std@@@2@$0A@@std@@@std@@QBEABV?$allocator@U?$_Tree_node@U?$pair@$$CBKV?$vector@UtagPropertyBuff@@V?$allocator@UtagPropertyBuff@@@std@@@std@@@std@@PAX@std@@@2@XZ 10015e80 f i GamePropertyManager.obj
 0001:00014eb0       ?_Getal@?$_Vector_alloc@U?$_Vec_base_types@UtagPropertyBuff@@V?$allocator@UtagPropertyBuff@@@std@@@std@@@std@@QAEAAV?$allocator@UtagPropertyBuff@@@2@XZ 10015eb0 f i GamePropertyManager.obj
 0001:00014ee0       ?_Getal@?$_Vector_alloc@U?$_Vec_base_types@UtagPropertyBuff@@V?$allocator@UtagPropertyBuff@@@std@@@std@@@std@@QBEABV?$allocator@UtagPropertyBuff@@@2@XZ 10015ee0 f i GamePropertyManager.obj
 0001:00014f10       ?_Getcomp@?$_Tree_comp_alloc@V?$_Tmap_traits@KV?$vector@UtagPropertyBuff@@V?$allocator@UtagPropertyBuff@@@std@@@std@@U?$less@K@2@V?$allocator@U?$pair@$$CBKV?$vector@UtagPropertyBuff@@V?$allocator@UtagPropertyBuff@@@std@@@std@@@std@@@2@$0A@@std@@@std@@QAEAAU?$less@K@2@XZ 10015f10 f i GamePropertyManager.obj
 0001:00014f40       ?_Getcomp@?$_Tree_comp_alloc@V?$_Tmap_traits@KV?$vector@UtagPropertyBuff@@V?$allocator@UtagPropertyBuff@@@std@@@std@@U?$less@K@2@V?$allocator@U?$pair@$$CBKV?$vector@UtagPropertyBuff@@V?$allocator@UtagPropertyBuff@@@std@@@std@@@std@@@2@$0A@@std@@@std@@QBEABU?$less@K@2@XZ 10015f40 f i GamePropertyManager.obj
 0001:00014f70       ?_Getcont@_Iterator_base12@std@@QBEPBU_Container_base12@2@XZ 10015f70 f i GamePropertyManager.obj
 0001:00014fb0       ?_Getpfirst@?$_Tree_comp_alloc@V?$_Tmap_traits@KV?$vector@UtagPropertyBuff@@V?$allocator@UtagPropertyBuff@@@std@@@std@@U?$less@K@2@V?$allocator@U?$pair@$$CBKV?$vector@UtagPropertyBuff@@V?$allocator@UtagPropertyBuff@@@std@@@std@@@std@@@2@$0A@@std@@@std@@QBEPAPAU_Iterator_base12@2@XZ 10015fb0 f i GamePropertyManager.obj
 0001:00014fe0       ?_Getpfirst@?$_Vector_alloc@U?$_Vec_base_types@UtagPropertyBuff@@V?$allocator@UtagPropertyBuff@@@std@@@std@@@std@@QBEPAPAU_Iterator_base12@2@XZ 10015fe0 f i GamePropertyManager.obj
 0001:00015010       ?_Getpfirst@_Container_base12@std@@QBEPAPAU_Iterator_base12@2@XZ 10016010 f i GamePropertyManager.obj
 0001:00015050       ?_Getpnext@_Iterator_base12@std@@QAEPAPAU12@XZ 10016050 f i GamePropertyManager.obj
 0001:00015070       ?_Has_unused_capacity@?$vector@UtagPropertyBuff@@V?$allocator@UtagPropertyBuff@@@std@@@std@@ABE_NXZ 10016070 f i GamePropertyManager.obj
 0001:000150c0       ?_Key@?$_Tree@V?$_Tmap_traits@KV?$vector@UtagPropertyBuff@@V?$allocator@UtagPropertyBuff@@@std@@@std@@U?$less@K@2@V?$allocator@U?$pair@$$CBKV?$vector@UtagPropertyBuff@@V?$allocator@UtagPropertyBuff@@@std@@@std@@@std@@@2@$0A@@std@@@std@@IBEABKPAU?$_Tree_node@U?$pair@$$CBKV?$vector@UtagPropertyBuff@@V?$allocator@UtagPropertyBuff@@@std@@@std@@@std@@PAX@2@@Z 100160c0 f i GamePropertyManager.obj
 0001:000150f0       ?_Kfn@?$_Tree@V?$_Tmap_traits@KV?$vector@UtagPropertyBuff@@V?$allocator@UtagPropertyBuff@@@std@@@std@@U?$less@K@2@V?$allocator@U?$pair@$$CBKV?$vector@UtagPropertyBuff@@V?$allocator@UtagPropertyBuff@@@std@@@std@@@std@@@2@$0A@@std@@@std@@IBEABKABU?$pair@$$CBKV?$vector@UtagPropertyBuff@@V?$allocator@UtagPropertyBuff@@@std@@@std@@@2@@Z 100160f0 f i GamePropertyManager.obj
 0001:00015120       ?_Lmost@?$_Tree_val@U?$_Tree_simple_types@U?$pair@$$CBKV?$vector@UtagPropertyBuff@@V?$allocator@UtagPropertyBuff@@@std@@@std@@@std@@@std@@@std@@QBEAAPAU?$_Tree_node@U?$pair@$$CBKV?$vector@UtagPropertyBuff@@V?$allocator@UtagPropertyBuff@@@std@@@std@@@std@@PAX@2@XZ 10016120 f i GamePropertyManager.obj
 0001:00015140       ?_Lrotate@?$_Tree_val@U?$_Tree_simple_types@U?$pair@$$CBKV?$vector@UtagPropertyBuff@@V?$allocator@UtagPropertyBuff@@@std@@@std@@@std@@@std@@@std@@QAEXPAU?$_Tree_node@U?$pair@$$CBKV?$vector@UtagPropertyBuff@@V?$allocator@UtagPropertyBuff@@@std@@@std@@@std@@PAX@2@@Z 10016140 f i GamePropertyManager.obj
 0001:00015210       ?_Max@?$_Tree_val@U?$_Tree_simple_types@U?$pair@$$CBKV?$vector@UtagPropertyBuff@@V?$allocator@UtagPropertyBuff@@@std@@@std@@@std@@@std@@@std@@SAPAU?$_Tree_node@U?$pair@$$CBKV?$vector@UtagPropertyBuff@@V?$allocator@UtagPropertyBuff@@@std@@@std@@@std@@PAX@2@PAU32@@Z 10016210 f i GamePropertyManager.obj
 0001:00015250       ?_Min@?$_Tree_val@U?$_Tree_simple_types@U?$pair@$$CBKV?$vector@UtagPropertyBuff@@V?$allocator@UtagPropertyBuff@@@std@@@std@@@std@@@std@@@std@@SAPAU?$_Tree_node@U?$pair@$$CBKV?$vector@UtagPropertyBuff@@V?$allocator@UtagPropertyBuff@@@std@@@std@@@std@@PAX@2@PAU32@@Z 10016250 f i GamePropertyManager.obj
 0001:00015290       ?_Myend@?$_Vector_alloc@U?$_Vec_base_types@UtagPropertyBuff@@V?$allocator@UtagPropertyBuff@@@std@@@std@@@std@@QAEAAPAUtagPropertyBuff@@XZ 10016290 f i GamePropertyManager.obj
 0001:000152c0       ?_Myend@?$_Vector_alloc@U?$_Vec_base_types@UtagPropertyBuff@@V?$allocator@UtagPropertyBuff@@@std@@@std@@@std@@QBEABQAUtagPropertyBuff@@XZ 100162c0 f i GamePropertyManager.obj
[...]
 0002:0000bbac       __ehfuncinfo$??_ECUserTaskManager@@UAEPAXI@Z 1003cbac     UserTaskManager.obj
 0002:0000bc38       __sehtable$_WinbaseIsolationAwarePrivatetRgzlnPgpgk@0 1003cc38     mfcs140d:nolib.obj
 0002:0000bc58       __sehtable$_IsolationAwareUnregisterClassA@8 1003cc58     mfcs140d:nolib.obj
 0002:0000bc78       __ehfuncinfo$??_Estringdispid@CComTypeInfoHolder@ATL@@QAEPAXI@Z 1003cc78     mfcs140d:nolib.obj
 0002:0000bca0       __sehtable$??_M@YGXPAXIIP6EX0@Z@Z 1003cca0     msvcrtd:ehvecdtr.obj
 0002:0000bcc0       __sehtable$?__ArrayUnwind@@YGXPAXIIP6EX0@Z@Z 1003ccc0     msvcrtd:ehvecdtr.obj
 0002:0000bce0       __sehtable$___scrt_is_nonwritable_in_current_image 1003cce0     msvcrtd:utility.obj
 0002:0000bd00       __ehfuncinfo$?__scrt_initialize_thread_safe_statics_platform_specific@@YAXXZ 1003cd00     msvcrtd:thread_safe_statics.obj
 0002:0000bd28       __ehfuncinfo$?__scrt_uninitialize_thread_safe_statics@@YAXXZ 1003cd28     msvcrtd:thread_safe_statics.obj
 0002:0000bd50       __sehtable$?dllmain_crt_process_attach@@YAHQAUHINSTANCE__@@QAX@Z 1003cd50     msvcrtd:dll_dllmain.obj
 0002:0000bd70       __sehtable$?dllmain_crt_process_detach@@YAH_N@Z 1003cd70     msvcrtd:dll_dllmain.obj
 0002:0000bd90       __sehtable$?dllmain_dispatch@@YAHQAUHINSTANCE__@@KQAX@Z 1003cd90     msvcrtd:dll_dllmain.obj
 0002:0000bdb0       __sehtable$?notify_debugger@@YAXABUtagEXCEPTION_VISUALCPP_DEBUG_INFO@@@Z 1003cdb0     msvcrtd:error.obj
 0002:0000c390       .edata                     1003d390     GameService.exp
 0002:0000c3b8       rgpv                       1003d3b8     GameService.exp
 0002:0000c6d4       rgszName                   1003d6d4     GameService.exp
 0002:0000c9f0       rgwOrd                     1003d9f0     GameService.exp
 0002:0000cb7e       szName                     1003db7e     GameService.exp
 0002:0000cb8e       $N00001                    1003db8e     GameService.exp
 0002:0000cbaf       $N00002                    1003dbaf     GameService.exp
 0002:0000cbcb       $N00003                    1003dbcb     GameService.exp
 0002:0000cbea       $N00004                    1003dbea     GameService.exp
 0002:0000cc0f       $N00005                    1003dc0f     GameService.exp
 0002:0000cc2f       $N00006                    1003dc2f     GameService.exp
 0002:0000cc4a       $N00007                    1003dc4a     GameService.exp
 0002:0000cc68       $N00008                    1003dc68     GameService.exp
 0002:0000cc84       $N00009                    1003dc84     GameService.exp
 0002:0000cca0       $N00010                    1003dca0     GameService.exp
 0002:0000ccbf       $N00011                    1003dcbf     GameService.exp
 0002:0000ccdf       $N00012                    1003dcdf     GameService.exp
 0002:0000ccfa       $N00013                    1003dcfa     GameService.exp
 0002:0000cd18       $N00014                    1003dd18     GameService.exp
 0002:0000cd34       $N00015                    1003dd34     GameService.exp
 0002:0000cd59       $N00016                    1003dd59     GameService.exp
 0002:0000cd82       $N00017                    1003dd82     GameService.exp
 0002:0000cd9c       $N00018                    1003dd9c     GameService.exp
 0002:0000cdb9       $N00019                    1003ddb9     GameService.exp
 0002:0000cdd7       $N00020                    1003ddd7     GameService.exp
 0002:0000ce01       $N00021                    1003de01     GameService.exp
 0002:0000ce2e       $N00022                    1003de2e     GameService.exp
 0002:0000ce4a       $N00023                    1003de4a     GameService.exp
 0002:0000ce64       $N00024                    1003de64     GameService.exp
 0002:0000cec4       $N00025                    1003dec4     GameService.exp
 0002:0000cf0f       $N00026                    1003df0f     GameService.exp
 0002:0000cf51       $N00027                    1003df51     GameService.exp
 0002:0000cf9d       $N00028                    1003df9d     GameService.exp
 0002:0000cfeb       $N00029                    1003dfeb     GameService.exp
 0002:0000d019       $N00030                    1003e019     GameService.exp
 0002:0000d043       $N00031                    1003e043     GameService.exp
 0002:0000d071       $N00032                    1003e071     GameService.exp
 0002:0000d0a0       $N00033                    1003e0a0     GameService.exp
 0002:0000d0ce       $N00034                    1003e0ce     GameService.exp
 0002:0000d12e       $N00035                    1003e12e     GameService.exp
 0002:0000d170       $N00036                    1003e170     GameService.exp
 0002:0000d1a7       $N00037                    1003e1a7     GameService.exp
 0002:0000d1e7       $N00038                    1003e1e7     GameService.exp
 0002:0000d213       $N00039                    1003e213     GameService.exp
 0002:0000d23e       $N00040                    1003e23e     GameService.exp
 0002:0000d27e       $N00041                    1003e27e     GameService.exp
 0002:0000d2cf       $N00042                    1003e2cf     GameService.exp
 0002:0000d30c       $N00043                    1003e30c     GameService.exp
 0002:0000d35a       $N00044                    1003e35a     GameService.exp
 0002:0000d38c       $N00045                    1003e38c     GameService.exp
 0002:0000d3ba       $N00046                    1003e3ba     GameService.exp
 0002:0000d3e7       $N00047                    1003e3e7     GameService.exp
 0002:0000d413       $N00048                    1003e413     GameService.exp
 0002:0000d448       $N00049                    1003e448     GameService.exp
 0002:0000d48d       $N00050                    1003e48d     GameService.exp
 0002:0000d4d8       $N00051                    1003e4d8     GameService.exp
 0002:0000d528       $N00052                    1003e528     GameService.exp
 0002:0000d569       $N00053                    1003e569     GameService.exp
 0002:0000d596       $N00054                    1003e596     GameService.exp
 0002:0000d5de       $N00055                    1003e5de     GameService.exp
 0002:0000d623       $N00056                    1003e623     GameService.exp
 0002:0000d649       $N00057                    1003e649     GameService.exp
 0002:0000d66e       $N00058                    1003e66e     GameService.exp
 0002:0000d692       $N00059                    1003e692     GameService.exp
 0002:0000d6b9       $N00060                    1003e6b9     GameService.exp
 0002:0000d6df       $N00061                    1003e6df     GameService.exp
 0002:0000d717       $N00062                    1003e717     GameService.exp
 0002:0000d742       $N00063                    1003e742     GameService.exp
 0002:0000d765       $N00064                    1003e765     GameService.exp
 0002:0000d7ab       $N00065                    1003e7ab     GameService.exp
 0002:0000d7f5       $N00066                    1003e7f5     GameService.exp
 0002:0000d83f       $N00067                    1003e83f     GameService.exp
 0002:0000d867       $N00068                    1003e867     GameService.exp
 0002:0000d892       $N00069                    1003e892     GameService.exp
 0002:0000d8b5       $N00070                    1003e8b5     GameService.exp
 0002:0000d8dc       $N00071                    1003e8dc     GameService.exp
 0002:0000d904       $N00072                    1003e904     GameService.exp
 0002:0000d92a       $N00073                    1003e92a     GameService.exp
 0002:0000d952       $N00074                    1003e952     GameService.exp
 0002:0000d97a       $N00075                    1003e97a     GameService.exp
 0002:0000d9a2       $N00076                    1003e9a2     GameService.exp
 0002:0000d9ca       $N00077                    1003e9ca     GameService.exp
 0002:0000da05       $N00078                    1003ea05     GameService.exp
 0002:0000da2d       $N00079                    1003ea2d     GameService.exp
 0002:0000da5b       $N00080                    1003ea5b     GameService.exp
 0002:0000da86       $N00081                    1003ea86     GameService.exp
 0002:0000daad       $N00082                    1003eaad     GameService.exp
 0002:0000dad4       $N00083                    1003ead4     GameService.exp
 0002:0000daf9       $N00084                    1003eaf9     GameService.exp
 0002:0000db1d       $N00085                    1003eb1d     GameService.exp
 0002:0000db5c       $N00086                    1003eb5c     GameService.exp
 0002:0000db8c       $N00087                    1003eb8c     GameService.exp
 0002:0000dbc0       $N00088                    1003ebc0     GameService.exp
 0002:0000dbff       $N00089                    1003ebff     GameService.exp
 0002:0000dc29       $N00090                    1003ec29     GameService.exp
 0002:0000dc52       $N00091                    1003ec52     GameService.exp
 0002:0000dc7b       $N00092                    1003ec7b     GameService.exp
 0002:0000dca6       $N00093                    1003eca6     GameService.exp
 0002:0000dcd4       $N00094                    1003ecd4     GameService.exp
 0002:0000dcfb       $N00095                    1003ecfb     GameService.exp
 0002:0000dd1f       $N00096                    1003ed1f     GameService.exp
 0002:0000dd42       $N00097                    1003ed42     GameService.exp
 0002:0000dd76       $N00098                    1003ed76     GameService.exp
 0002:0000dd9e       $N00099                    1003ed9e     GameService.exp
 0002:0000ddcb       $N00100                    1003edcb     GameService.exp
 0002:0000ddf4       $N00101                    1003edf4     GameService.exp
 0002:0000de20       $N00102                    1003ee20     GameService.exp
 0002:0000de4a       $N00103                    1003ee4a     GameService.exp
 0002:0000de86       $N00104                    1003ee86     GameService.exp
 0002:0000deac       $N00105                    1003eeac     GameService.exp
 0002:0000dee0       $N00106                    1003eee0     GameService.exp
 0002:0000df07       $N00107                    1003ef07     GameService.exp
 0002:0000df2e       $N00108                    1003ef2e     GameService.exp
 0002:0000df6e       $N00109                    1003ef6e     GameService.exp
 0002:0000dfaf       $N00110                    1003efaf     GameService.exp
 0002:0000dfd7       $N00111                    1003efd7     GameService.exp
 0002:0000e001       $N00112                    1003f001     GameService.exp
 0002:0000e04b       $N00113                    1003f04b     GameService.exp
 0002:0000e078       $N00114                    1003f078     GameService.exp
 0002:0000e0c5       $N00115                    1003f0c5     GameService.exp
 0002:0000e12b       $N00116                    1003f12b     GameService.exp
 0002:0000e153       $N00117                    1003f153     GameService.exp
 0002:0000e17b       $N00118                    1003f17b     GameService.exp
 0002:0000e1a2       $N00119                    1003f1a2     GameService.exp
 0002:0000e20d       $N00120                    1003f20d     GameService.exp
 0002:0000e235       $N00121                    1003f235     GameService.exp
 0002:0000e29f       $N00122                    1003f29f     GameService.exp
 0002:0000e2c5       $N00123                    1003f2c5     GameService.exp
 0002:0000e2fd       $N00124                    1003f2fd     GameService.exp
 0002:0000e327       $N00125                    1003f327     GameService.exp
 0002:0000e356       $N00126                    1003f356     GameService.exp
 0002:0000e386       $N00127                    1003f386     GameService.exp
 0002:0000e3b2       $N00128                    1003f3b2     GameService.exp
 0002:0000e3e4       $N00129                    1003f3e4     GameService.exp
 0002:0000e419       $N00130                    1003f419     GameService.exp
 0002:0000e447       $N00131                    1003f447     GameService.exp
 0002:0000e47e       $N00132                    1003f47e     GameService.exp
 0002:0000e4b4       $N00133                    1003f4b4     GameService.exp
 0002:0000e4ec       $N00134                    1003f4ec     GameService.exp
 0002:0000e521       $N00135                    1003f521     GameService.exp
 0002:0000e54b       $N00136                    1003f54b     GameService.exp
 0002:0000e579       $N00137                    1003f579     GameService.exp
 0002:0000e5a7       $N00138                    1003f5a7     GameService.exp
 0002:0000e5dd       $N00139                    1003f5dd     GameService.exp
 0002:0000e616       $N00140                    1003f616     GameService.exp
 0002:0000e64b       $N00141                    1003f64b     GameService.exp
 0002:0000e683       $N00142                    1003f683     GameService.exp
 0002:0000e6b9       $N00143                    1003f6b9     GameService.exp
 0002:0000e6f8       $N00144                    1003f6f8     GameService.exp
 0002:0000e71a       $N00145                    1003f71a     GameService.exp
 0002:0000e73f       $N00146                    1003f73f     GameService.exp
 0002:0000e760       $N00147                    1003f760     GameService.exp
 0002:0000e784       $N00148                    1003f784     GameService.exp
 0002:0000e7a6       $N00149                    1003f7a6     GameService.exp
 0002:0000e7dc       $N00150                    1003f7dc     GameService.exp
 0002:0000e80a       $N00151                    1003f80a     GameService.exp
 0002:0000e834       $N00152                    1003f834     GameService.exp
 0002:0000e85e       $N00153                    1003f85e     GameService.exp
 0002:0000e889       $N00154                    1003f889     GameService.exp
 0002:0000e8b0       $N00155                    1003f8b0     GameService.exp
 0002:0000e8f9       $N00156                    1003f8f9     GameService.exp
 0002:0000e93e       $N00157                    1003f93e     GameService.exp
 0002:0000e981       $N00158                    1003f981     GameService.exp
 0002:0000e9c0       $N00159                    1003f9c0     GameService.exp
 0002:0000ea01       $N00160                    1003fa01     GameService.exp
 0002:0000ea57       $N00161                    1003fa57     GameService.exp
 0002:0000ea87       $N00162                    1003fa87     GameService.exp
 0002:0000eabc       $N00163                    1003fabc     GameService.exp
 0002:0000eaf2       $N00164                    1003faf2     GameService.exp
 0002:0000eb28       $N00165                    1003fb28     GameService.exp
 0002:0000eb53       $N00166                    1003fb53     GameService.exp
 0002:0000eb82       $N00167                    1003fb82     GameService.exp
 0002:0000ebaf       $N00168                    1003fbaf     GameService.exp
 0002:0000ebd9       $N00169                    1003fbd9     GameService.exp
 0002:0000ec03       $N00170                    1003fc03     GameService.exp
 0002:0000ec4c       $N00171                    1003fc4c     GameService.exp
 0002:0000ec94       $N00172                    1003fc94     GameService.exp
 0002:0000ecbd       $N00173                    1003fcbd     GameService.exp
 0002:0000ece7       $N00174                    1003fce7     GameService.exp
 0002:0000ed13       $N00175                    1003fd13     GameService.exp
 0002:0000ed5a       $N00176                    1003fd5a     GameService.exp
 0002:0000ed83       $N00177                    1003fd83     GameService.exp
 0002:0000edc4       $N00178                    1003fdc4     GameService.exp
 0002:0000eded       $N00179                    1003fded     GameService.exp
 0002:0000ee1c       $N00180                    1003fe1c     GameService.exp
 0002:0000ee48       $N00181                    1003fe48     GameService.exp
 0002:0000ee8a       $N00182                    1003fe8a     GameService.exp
 0002:0000eeb2       $N00183                    1003feb2     GameService.exp
 0002:0000eedc       $N00184                    1003fedc     GameService.exp
 0002:0000ef0a       $N00185                    1003ff0a     GameService.exp
 0002:0000ef37       $N00186                    1003ff37     GameService.exp
 0002:0000ef64       $N00187                    1003ff64     GameService.exp
 0002:0000ef97       $N00188                    1003ff97     GameService.exp
 0002:0000efc2       $N00189                    1003ffc2     GameService.exp
 0002:0000f002       $N00190                    10040002     GameService.exp
 0002:0000f031       $N00191                    10040031     GameService.exp
 0002:0000f05c       $N00192                    1004005c     GameService.exp
 0002:0000f0d2       $N00193                    100400d2     GameService.exp
 0002:0000f0fc       $N00194                    100400fc     GameService.exp
 0002:0000f127       $N00195                    10040127     GameService.exp
 0002:0000f157       $N00196                    10040157     GameService.exp
 0002:0000f182       $N00197                    10040182     GameService.exp
 0002:0000f1b3       $N00198                    100401b3     GameService.exp
 0002:0000f2aa       $N00199                    100402aa     GameService.exp
 0003:000030c4       ?GameServiceDLL@@3UAFX_EXTENSION_MODULE@@A 100440c4     GameService.obj
 0003:00003238       ?is_initialized_as_dll@@3_NA 10044238     msvcrtd:utility.obj
 0003:00003239       ?module_local_atexit_table_initialized@@3_NA 10044239     msvcrtd:utility.obj
 0003:0000323c       ?module_local_atexit_table@@3U_onexit_table_t@@A 1004423c     msvcrtd:utility.obj
 0003:00003248       ?module_local_at_quick_exit_table@@3U_onexit_table_t@@A 10044248     msvcrtd:utility.obj
 0003:0000325c       ?_Tss_mutex@@3U_RTL_CRITICAL_SECTION@@A 1004425c     msvcrtd:thread_safe_statics.obj
 0003:00003274       ?_Tss_cv@@3U_RTL_CONDITION_VARIABLE@@A 10044274     msvcrtd:thread_safe_statics.obj
 0003:00003278       ?_Tss_event@@3PAXA         10044278     msvcrtd:thread_safe_statics.obj
 0003:0000327c       ?encoded_sleep_condition_variable_cs@@3P6GHPAU_RTL_CONDITION_VARIABLE@@PAU_RTL_CRITICAL_SECTION@@K@ZA 1004427c     msvcrtd:thread_safe_statics.obj
 0003:00003280       ?encoded_wake_all_condition_variable@@3P6GXPAU_RTL_CONDITION_VARIABLE@@@ZA 10044280     msvcrtd:thread_safe_statics.obj
 0003:00003290       ?__proc_attached@@3HA      10044290     msvcrtd:dll_dllmain.obj
 0003:00003294       ?init@?1??_RTC_InitBase@@9@4_NA 10044294     msvcrtd:init.obj
 0003:000032a8       _GS_ExceptionRecord        100442a8     msvcrtd:gs_report.obj
 0003:000032f8       _GS_ContextRecord          100442f8     msvcrtd:gs_report.obj
 0003:00003684       ?_RTC_ErrorReportFunc@@3P6AHHPBDH00ZZA 10044684     msvcrtd:userapi.obj
 0003:00003688       ?_RTC_ErrorReportFuncW@@3P6AHHPB_WH00ZZA 10044688     msvcrtd:userapi.obj
 0003:00003690       ?mspdb@@3PAUHINSTANCE__@@A 10044690     msvcrtd:pdblkup.obj
 0003:00003694       ?alreadyTried@?1??GetPdbDll@@YAPAUHINSTANCE__@@XZ@4_NA 10044694     msvcrtd:pdblkup.obj
 0003:00003695       ?PDBOK@?1??_RTC_GetSrcLine@@YAHPAEPA_WKPAH1K@Z@4_NA 10044695     msvcrtd:pdblkup.obj
 0004:00000974       .idata$6                   10045974     KernelEngine:KernelEngine.dll
 0004:00000986       .idata$6                   10045986     mfc140d:mfc140d.dll
 0004:00000cfa       .idata$6                   10045cfa     kernel32:KERNEL32.dll
 0004:00000d3e       .idata$6                   10045d3e     user32:USER32.dll
 0004:00000d4a       .idata$6                   10045d4a     oleaut32:OLEAUT32.dll
 0004:00000e96       .idata$6                   10045e96     msvcprtd:MSVCP140D.dll
 0004:00000f8c       .idata$6                   10045f8c     vcruntimed:VCRUNTIME140D.dll
 0004:00001206       .idata$6                   10046206     ucrtd:ucrtbased.dll
 0007:000001c0       $R000000                   100491c0     GameService.res
 0007:000004a0       $R0002E0                   100494a0     GameService.res
