 MatchService

 Timestamp is 5da6ac3e (Wed Oct 16 13:35:58 2019)

 Preferred load address is 10000000

 Start         Length     Name                   Class
 0001:00000000 00004320H .text$di                CODE
 0001:00004320 00023ac0H .text$mn                CODE
 0001:00027de0 00001a40H .text$x                 CODE
 0001:00029820 0000110fH .text$yd                CODE
 0002:00000000 00000104H .CRT$XCA                DATA
 0002:00000104 00000104H .CRT$XCL                DATA
 0002:00000208 0000017cH .CRT$XCU                DATA
 0002:00000384 00000104H .CRT$XCZ                DATA
 0002:00000488 00000104H .CRT$XIA                DATA
 0002:0000058c 00000104H .CRT$XIC                DATA
 0002:00000690 00000104H .CRT$XIZ                DATA
 0002:00000794 00000004H .CRT$XLA                DATA
 0002:00000798 00000004H .CRT$XLZ                DATA
 0002:0000079c 00000104H .CRT$XPA                DATA
 0002:000008a0 00000104H .CRT$XPZ                DATA
 0002:000009a4 00000104H .CRT$XTA                DATA
 0002:00000aa8 00000108H .CRT$XTZ                DATA
 0002:00000bb0 0000693cH .rdata                  DATA
 0002:000074ec 0000011cH .rdata$T                DATA
 0002:00007608 00000db8H .rdata$r                DATA
 0002:000083c0 000001d0H .rdata$sxdata           DATA
 0002:00008590 000001a0H .rdata$zzzdbg           DATA
 0002:00008730 00000104H .rtc$IAA                DATA
 0002:00008834 0000010cH .rtc$IMZ                DATA
 0002:00008940 00000104H .rtc$IZZ                DATA
 0002:00008a44 00000104H .rtc$TAA                DATA
 0002:00008b48 0000010cH .rtc$TMZ                DATA
 0002:00008c54 00000104H .rtc$TZZ                DATA
 0002:00008d58 00001044H .xdata$x                DATA
 0002:00009d9c 00000104H ATL$__a                 DATA
 0002:00009ea0 00000110H ATL$__z                 DATA
 0002:00009fb0 00000834H .edata                  DATA
 0003:00000000 0000031cH .data                   DATA
 0003:0000031c 0000068cH .data$r                 DATA
 0003:000009a8 00002d5cH .bss                    DATA
 0004:00000000 00000408H .idata$5                DATA
 0004:00000408 000000a0H .idata$2                DATA
 0004:000004a8 00000014H .idata$3                DATA
 0004:000004bc 00000408H .idata$4                DATA
 0004:000008c4 00000a74H .idata$6                DATA
 0005:00000000 00000104H .tls                    DATA
 0005:00000104 00000104H .tls$                   DATA
 0005:00000208 00000101H .tls$ZZZ                DATA
 0006:00000000 00000104H .00cfg                  DATA
 0007:00000000 000001c0H .rsrc$01                DATA
 0007:000001c0 00000713H .rsrc$02                DATA

  Address         Publics by Value              Rva+Base       Lib:Object

 0000:00000000       ___hybrid_code_map         00000000     <absolute>
 0000:00000000       ___hybrid_auxiliary_iat    00000000     <absolute>
 0000:00000000       ___guard_iat_table         00000000     <absolute>
 0000:00000000       ___guard_longjmp_count     00000000     <absolute>
 0000:00000000       ___dynamic_value_reloc_table 00000000     <absolute>
 0000:00000000       ___guard_iat_count         00000000     <absolute>
 0000:00000000       ___guard_fids_table        00000000     <absolute>
 0000:00000000       ___guard_longjmp_table     00000000     <absolute>
 0000:00000000       ___enclave_config          00000000     <absolute>
 0000:00000000       ___volatile_metadata       00000000     <absolute>
 0000:00000000       ___guard_fids_count        00000000     <absolute>
 0000:00000000       ___hybrid_code_map_count   00000000     <absolute>
 0000:0000002b       ___safe_se_handler_count   0000002b     <absolute>
 0000:0000002c       __tls_array                0000002c     <absolute>
 0000:00000100       ___guard_flags             00000100     <absolute>
 0000:00000000       ___ImageBase               10000000     <linker-defined>
 0001:00004320       ??$CompareElements@KK@@YGHPBK0@Z 10005320 f i DistributeManager.obj
 0001:00004420       ??$DumpElements@K@@YGXAAVCDumpContext@@PBKH@Z 10005420 f i DistributeManager.obj
 0001:000044d0       ??$DumpElements@PAUtagSameTableInfo@@@@YGXAAVCDumpContext@@PBQAUtagSameTableInfo@@H@Z 100054d0 f i DistributeManager.obj
 0001:00004580       ??$HashKey@K@@YGIK@Z       10005580 f i DistributeManager.obj
 0001:000045f0       ??$SerializeElements@K@@YGXAAVCArchive@@PAKH@Z 100055f0 f i DistributeManager.obj
 0001:00004790       ??$SerializeElements@PAUtagSameTableInfo@@@@YGXAAVCArchive@@PAPAUtagSameTableInfo@@H@Z 10005790 f i DistributeManager.obj
 0001:00004930       ??0?$CMap@KKPAUtagSameTableInfo@@PAU1@@@QAE@H@Z 10005930 f i DistributeManager.obj
 0001:00004a20       ??0?$CWHArray@PAUtagSameTableInfo@@ABQAU1@@@QAE@XZ 10005a20 f i DistributeManager.obj
 0001:00004a80       ??0CAssoc@?$CMap@KKPAUtagSameTableInfo@@PAU1@@@QAE@K@Z 10005a80 f i DistributeManager.obj
 0001:00004ab0       ??0CDistributeManager@@QAE@XZ 10005ab0 f   DistributeManager.obj
 0001:00004bc0       ??0CDistributeNodePool@@QAE@XZ 10005bc0 f   DistributeManager.obj
 0001:00004be0       ??0CPair@?$CMap@KKPAUtagSameTableInfo@@PAU1@@@IAE@K@Z 10005be0 f i DistributeManager.obj
 0001:00004c10       ??0tagDistributeNode@@QAE@XZ 10005c10 f i DistributeManager.obj
 0001:00004c50       ??1?$CMap@KKPAUtagSameTableInfo@@PAU1@@@UAE@XZ 10005c50 f i DistributeManager.obj
 0001:00004ce0       ??1?$CWHArray@PAUtagSameTableInfo@@ABQAU1@@@UAE@XZ 10005ce0 f i DistributeManager.obj
 0001:00004d60       ??1CDistributeManager@@UAE@XZ 10005d60 f   DistributeManager.obj
 0001:00004f20       ??1CDistributeNodePool@@QAE@XZ 10005f20 f   DistributeManager.obj
 0001:00005040       ??1tagDistributeNode@@QAE@XZ 10006040 f i DistributeManager.obj
 0001:00005070       ??2@YAPAXIPAX@Z            10006070 f i DistributeManager.obj
 0001:00005090       ??A?$CMap@KKPAUtagSameTableInfo@@PAU1@@@QAEAAPAUtagSameTableInfo@@K@Z 10006090 f i DistributeManager.obj
 0001:000051c0       ??A?$CWHArray@PAUtagSameTableInfo@@ABQAU1@@@QAEAAPAUtagSameTableInfo@@H@Z 100061c0 f i DistributeManager.obj
 0001:000051f0       ??A?$CWHArray@UtagDistributeInfo@@ABU1@@@QAEAAUtagDistributeInfo@@H@Z 100061f0 f i DistributeManager.obj
 0001:00005220       ??A?$CWHArray@UtagDistributeInfo@@ABU1@@@QBEABUtagDistributeInfo@@H@Z 10006220 f i DistributeManager.obj
 0001:00005250       ??_G?$CMap@KKPAUtagSameTableInfo@@PAU1@@@UAEPAXI@Z 10006250 f i DistributeManager.obj
 0001:00005250       ??_E?$CMap@KKPAUtagSameTableInfo@@PAU1@@@UAEPAXI@Z 10006250 f i DistributeManager.obj
 0001:000052b0       ??_G?$CWHArray@PAUtagSameTableInfo@@ABQAU1@@@UAEPAXI@Z 100062b0 f i DistributeManager.obj
 0001:000052b0       ??_E?$CWHArray@PAUtagSameTableInfo@@ABQAU1@@@UAEPAXI@Z 100062b0 f i DistributeManager.obj
 0001:00005300       ??_ECDistributeManager@@UAEPAXI@Z 10006300 f i DistributeManager.obj
 0001:00005300       ??_GCDistributeManager@@UAEPAXI@Z 10006300 f i DistributeManager.obj
 0001:00005350       ??_GtagDistributeNode@@QAEPAXI@Z 10006350 f i DistributeManager.obj
 0001:000053a0       ?ActiveSameTableInfo@CDistributeManager@@IAEPAUtagSameTableInfo@@XZ 100063a0 f   DistributeManager.obj
 0001:00005510       ?Add@?$CWHArray@PAUtagSameTableInfo@@ABQAU1@@@QAEHABQAUtagSameTableInfo@@@Z 10006510 f i DistributeManager.obj
 0001:00005550       ?Add@?$CWHArray@UtagDistributeInfo@@ABU1@@@QAEHABUtagDistributeInfo@@@Z 10006550 f i DistributeManager.obj
 0001:00005590       ?AfxAssertFailedLine@@YGHPBDH@Z 10006590 f i DistributeManager.obj
 0001:00005600       ?AllocMemory@?$CWHArray@PAUtagSameTableInfo@@ABQAU1@@@QAEXH@Z 10006600 f i DistributeManager.obj
 0001:00005770       ?AllocMemory@?$CWHArray@UtagDistributeInfo@@ABU1@@@QAEXH@Z 10006770 f i DistributeManager.obj
 0001:000058d0       ?AllocNode@CDistributeNodePool@@QAEPAUtagDistributeNode@@XZ 100068d0 f   DistributeManager.obj
 0001:000059f0       ?Append@?$CWHArray@PAUtagSameTableInfo@@ABQAU1@@@QAEHABV1@@Z 100069f0 f i DistributeManager.obj
 0001:00005ae0       ?AssertValid@?$CMap@KKPAUtagSameTableInfo@@PAU1@@@UBEXXZ 10006ae0 f i DistributeManager.obj
 0001:00005b60       ?Dump@?$CMap@KKPAUtagSameTableInfo@@PAU1@@@UBEXAAVCDumpContext@@@Z 10006b60 f i DistributeManager.obj
 0001:00005c70       ?ElementAt@?$CWHArray@PAUtagSameTableInfo@@ABQAU1@@@QAEAAPAUtagSameTableInfo@@H@Z 10006c70 f i DistributeManager.obj
 0001:00005cf0       ?ElementAt@?$CWHArray@UtagDistributeInfo@@ABU1@@@QAEAAUtagDistributeInfo@@H@Z 10006cf0 f i DistributeManager.obj
 0001:00005d60       ?FilterRuleExitsIPAddr@CDistributeManager@@IAEHABV?$CWHArray@UtagDistributeInfo@@ABU1@@@K@Z 10006d60 f i DistributeManager.obj
 0001:00005dd0       ?FilterRuleIsAllAndroid@CDistributeManager@@IAEHABV?$CWHArray@UtagDistributeInfo@@ABU1@@@QAUIServerUserItem@@@Z 10006dd0 f i DistributeManager.obj
 0001:00005ed0       ?FilterRuleIsLastSameTable@CDistributeManager@@IAEHABV?$CWHArray@UtagDistributeInfo@@ABU1@@@K@Z 10006ed0 f i DistributeManager.obj
 0001:00005fd0       ?FreeAssoc@?$CMap@KKPAUtagSameTableInfo@@PAU1@@@IAEXPAVCAssoc@1@@Z 10006fd0 f i DistributeManager.obj
 0001:00006050       ?FreeNode@CDistributeNodePool@@QAEXPAX@Z 10007050 f   DistributeManager.obj
 0001:00006090       ?GetAssocAt@?$CMap@KKPAUtagSameTableInfo@@PAU1@@@IBEPAVCAssoc@1@KAAI0@Z 10007090 f i DistributeManager.obj
 0001:00006140       ?GetAt@?$CWHArray@PAUtagSameTableInfo@@ABQAU1@@@QAEAAPAUtagSameTableInfo@@H@Z 10007140 f i DistributeManager.obj
 0001:000061c0       ?GetAt@?$CWHArray@UtagDistributeInfo@@ABU1@@@QBEABUtagDistributeInfo@@H@Z 100071c0 f i DistributeManager.obj
 0001:00006230       ?GetCount@?$CWHArray@PAUtagSameTableInfo@@ABQAU1@@@QBEHXZ 10007230 f i DistributeManager.obj
 0001:00006250       ?GetCount@?$CWHArray@UtagDistributeInfo@@ABU1@@@QBEHXZ 10007250 f i DistributeManager.obj
 0001:00006270       ?GetNextAssoc@?$CMap@KKPAUtagSameTableInfo@@PAU1@@@QBEXAAPAU__POSITION@@AAKAAPAUtagSameTableInfo@@@Z 10007270 f i DistributeManager.obj
 0001:000064c0       ?GetStartPosition@?$CMap@KKPAUtagSameTableInfo@@PAU1@@@QBEPAU__POSITION@@XZ 100074c0 f i DistributeManager.obj
 0001:00006500       ?GetUserSameTableInfo@CDistributeManager@@QAEPAUtagSameTableInfo@@K@Z 10007500 f   DistributeManager.obj
 0001:00006570       ?InitHashTable@?$CMap@KKPAUtagSameTableInfo@@PAU1@@@QAEXIH@Z 10007570 f i DistributeManager.obj
 0001:000066f0       ?InsertDistributeNode@CDistributeManager@@QAEHABUtagDistributeInfo@@@Z 100076f0 f   DistributeManager.obj
 0001:000068e0       ?Lookup@?$CMap@KKPAUtagSameTableInfo@@PAU1@@@QBEHKAAPAUtagSameTableInfo@@@Z 100078e0 f i DistributeManager.obj
 0001:00006950       ?NewAssoc@?$CMap@KKPAUtagSameTableInfo@@PAU1@@@IAEPAVCAssoc@1@K@Z 10007950 f i DistributeManager.obj
 0001:00006b10       ?PerformDistribute@CDistributeManager@@QAEGAAV?$CWHArray@UtagDistributeInfo@@ABU1@@@G@Z 10007b10 f   DistributeManager.obj
 0001:00006d90       ?RemoveAll@?$CMap@KKPAUtagSameTableInfo@@PAU1@@@QAEXXZ 10007d90 f i DistributeManager.obj
 0001:00006e80       ?RemoveAll@?$CWHArray@PAUtagSameTableInfo@@ABQAU1@@@QAEXXZ 10007e80 f i DistributeManager.obj
 0001:00006f00       ?RemoveAll@CDistributeManager@@QAEXXZ 10007f00 f   DistributeManager.obj
 0001:00006f70       ?RemoveAt@?$CWHArray@PAUtagSameTableInfo@@ABQAU1@@@QAEXHH@Z 10007f70 f i DistributeManager.obj
 0001:000070b0       ?RemoveDistributeNode@CDistributeManager@@QAEXPAUIServerUserItem@@@Z 100080b0 f   DistributeManager.obj
 0001:00007100       ?RemoveDistributeNode@CDistributeManager@@QAEXPAUtagDistributeNode@@@Z 10008100 f   DistributeManager.obj
 0001:00007250       ?RemoveKey@?$CMap@KKPAUtagSameTableInfo@@PAU1@@@QAEHK@Z 10008250 f i DistributeManager.obj
 0001:00007340       ?RemoveSameTableInfo@CDistributeManager@@IAEXPAUtagSameTableInfo@@@Z 10008340 f   DistributeManager.obj
 0001:000073f0       ?RemoveUserSameTableInfo@CDistributeManager@@QAEXK@Z 100083f0 f   DistributeManager.obj
 0001:00007450       ?SearchNode@CDistributeManager@@QAEPAUtagDistributeNode@@PAUIServerUserItem@@@Z 10008450 f   DistributeManager.obj
 0001:000074c0       ?Serialize@?$CMap@KKPAUtagSameTableInfo@@PAU1@@@UAEXAAVCArchive@@@Z 100084c0 f i DistributeManager.obj
 0001:00007670       ?SetAt@?$CMap@KKPAUtagSameTableInfo@@PAU1@@@QAEXKPAUtagSameTableInfo@@@Z 10008670 f i DistributeManager.obj
 0001:000076a0       ?SetAtGrow@?$CWHArray@PAUtagSameTableInfo@@ABQAU1@@@QAEXHABQAUtagSameTableInfo@@@Z 100086a0 f i DistributeManager.obj
 0001:00007730       ?SetAtGrow@?$CWHArray@UtagDistributeInfo@@ABU1@@@QAEXHABUtagDistributeInfo@@@Z 10008730 f i DistributeManager.obj
 0001:000077e0       ?SetSize@?$CWHArray@PAUtagSameTableInfo@@ABQAU1@@@QAEXH@Z 100087e0 f i DistributeManager.obj
 0001:00007900       ?SetSize@?$CWHArray@UtagDistributeInfo@@ABU1@@@QAEXH@Z 10008900 f i DistributeManager.obj
 0001:00007a20       ?__empty_global_delete@@YAXPAX@Z 10008a20 f i DistributeManager.obj
 0001:00007a40       ?__empty_global_delete@@YAXPAXI@Z 10008a40 f i DistributeManager.obj
 0001:00007a40       ?__global_delete@@YAXPAXI@Z 10008a40 f i DistributeManager.obj
 0001:00007a60       ?data@CPlex@@QAEPAXXZ      10008a60 f i DistributeManager.obj
 0001:00007ab0       _ExtRawDllMain@12          10008ab0 f   GameMatchServer.obj
 0001:00007b30       ??B?$CTypedSimpleList@PAUCRuntimeClass@@@@QAEPAUCRuntimeClass@@XZ 10008b30 f i GameMatchServer.obj
 0001:00007b60       ??B?$CTypedSimpleList@PAVCOleObjectFactory@@@@QAEPAVCOleObjectFactory@@XZ 10008b60 f i GameMatchServer.obj
 0001:00007b90       ?GetHead@CSimpleList@@QBEPAXXZ 10008b90 f i GameMatchServer.obj
 0001:00007bb0       _DllMain@12                10008bb0 f   GameMatchServer.obj
 0001:00007c50       ??$AtlMultiply@I@ATL@@YAJPAIII@Z 10008c50 f i ImmediateGroup.obj
 0001:00007cb0       ??$DumpElements@PAUIServerUserItem@@@@YGXAAVCDumpContext@@PBQAUIServerUserItem@@H@Z 10008cb0 f i ImmediateGroup.obj
 0001:00007d60       ??$SerializeElements@PAUIServerUserItem@@@@YGXAAVCArchive@@PAPAUIServerUserItem@@H@Z 10008d60 f i ImmediateGroup.obj
 0001:00007f00       ??$_snprintf_s@$0BAA@@@YAHAAY0BAA@DIPBDZZ 10008f00 f i ImmediateGroup.obj
 0001:00007f40       ??$_snprintf_s@$0EA@@@YAHAAY0EA@DIPBDZZ 10008f40 f i ImmediateGroup.obj
 0001:00007f80       ??$_snprintf_s@$0EAA@@@YAHAAY0EAA@DIPBDZZ 10008f80 f i ImmediateGroup.obj
 0001:00007fc0       ??$_snprintf_s@$0IA@@@YAHAAY0IA@DIPBDZZ 10008fc0 f i ImmediateGroup.obj
 0001:00008000       ??0?$CHeapPtr@DVCCRTAllocator@ATL@@@ATL@@QAE@XZ 10009000 f i ImmediateGroup.obj
 0001:00008030       ??0?$CHeapPtr@_WVCCRTAllocator@ATL@@@ATL@@QAE@XZ 10009030 f i ImmediateGroup.obj
 0001:00008060       ??0?$CHeapPtrBase@DVCCRTAllocator@ATL@@@ATL@@IAE@XZ 10009060 f i ImmediateGroup.obj
 0001:00008090       ??0?$CHeapPtrBase@_WVCCRTAllocator@ATL@@@ATL@@IAE@XZ 10009090 f i ImmediateGroup.obj
 0001:000080c0       ??0?$CMap@KKPAUIServerUserItem@@PAU1@@@QAE@H@Z 100090c0 f i ImmediateGroup.obj
 0001:000081b0       ??0?$CTraceCategoryEx@$0CAAA@$0A@@ATL@@QAE@PBD@Z 100091b0 f i ImmediateGroup.obj
 0001:000081f0       ??0?$CWHArray@PAUIServerUserItem@@ABQAU1@@@QAE@XZ 100091f0 f i ImmediateGroup.obj
 0001:00008250       ??0?$CWHArray@PAUtagMatchTimer@@ABQAU1@@@QAE@XZ 10009250 f i ImmediateGroup.obj
 0001:000082b0       ??0?$CWHArray@PAUtagTableFrameInfo@@ABQAU1@@@QAE@XZ 100092b0 f i ImmediateGroup.obj
 0001:00008310       ??0CAssoc@?$CMap@KKPAUIServerUserItem@@PAU1@@@QAE@K@Z 10009310 f i ImmediateGroup.obj
 0001:00008340       ??0CImmediateGroup@@QAE@_JPAUtagGameMatchOption@@PAUIImmediateGroupSink@@@Z 10009340 f   ImmediateGroup.obj
 0001:000084c0       ??0CPair@?$CMap@KKPAUIServerUserItem@@PAU1@@@IAE@K@Z 100094c0 f i ImmediateGroup.obj
 0001:000084f0       ??0CPreserveLastError@ATL@@QAE@XZ 100094f0 f i ImmediateGroup.obj
 0001:00008520       ??0CTime@ATL@@QAE@_J@Z     10009520 f i ImmediateGroup.obj
 0001:00008550       ??0CTraceFileAndLineInfo@ATL@@QAE@PBDH@Z 10009550 f i ImmediateGroup.obj
 0001:00008590       ??0IMatchEventSink@@QAE@XZ 10009590 f i ImmediateGroup.obj
 0001:000085c0       ??0IUnknownEx@@QAE@XZ      100095c0 f i ImmediateGroup.obj
 0001:000085f0       ??1?$CHeapPtr@DVCCRTAllocator@ATL@@@ATL@@QAE@XZ 100095f0 f i ImmediateGroup.obj
 0001:00008620       ??1?$CHeapPtr@_WVCCRTAllocator@ATL@@@ATL@@QAE@XZ 10009620 f i ImmediateGroup.obj
 0001:00008650       ??1?$CHeapPtrBase@DVCCRTAllocator@ATL@@@ATL@@QAE@XZ 10009650 f i ImmediateGroup.obj
 0001:00008680       ??1?$CHeapPtrBase@_WVCCRTAllocator@ATL@@@ATL@@QAE@XZ 10009680 f i ImmediateGroup.obj
 0001:000086b0       ??1?$CMap@KKPAUIServerUserItem@@PAU1@@@UAE@XZ 100096b0 f i ImmediateGroup.obj
 0001:00008740       ??1?$CWHArray@PAUIServerUserItem@@ABQAU1@@@UAE@XZ 10009740 f i ImmediateGroup.obj
 0001:000087c0       ??1?$CWHArray@PAUtagMatchTimer@@ABQAU1@@@UAE@XZ 100097c0 f i ImmediateGroup.obj
 0001:00008840       ??1?$CWHArray@PAUtagTableFrameInfo@@ABQAU1@@@UAE@XZ 10009840 f i ImmediateGroup.obj
 0001:000088c0       ??1CImmediateGroup@@UAE@XZ 100098c0 f   ImmediateGroup.obj
 0001:00008a80       ??1CPreserveLastError@ATL@@QAE@XZ 10009a80 f i ImmediateGroup.obj
 0001:00008ab0       ??A?$CMap@KKPAUIServerUserItem@@PAU1@@@QAEAAPAUIServerUserItem@@K@Z 10009ab0 f i ImmediateGroup.obj
 0001:00008be0       ??A?$CWHArray@PAUIServerUserItem@@ABQAU1@@@QAEAAPAUIServerUserItem@@H@Z 10009be0 f i ImmediateGroup.obj
 0001:00008c10       ??A?$CWHArray@PAUtagMatchTimer@@ABQAU1@@@QAEAAPAUtagMatchTimer@@H@Z 10009c10 f i ImmediateGroup.obj
 0001:00008c40       ??A?$CWHArray@PAUtagTableFrameInfo@@ABQAU1@@@QAEAAPAUtagTableFrameInfo@@H@Z 10009c40 f i ImmediateGroup.obj
 0001:00008c70       ??B?$CHeapPtrBase@DVCCRTAllocator@ATL@@@ATL@@QBEPADXZ 10009c70 f i ImmediateGroup.obj
 0001:00008c90       ??B?$CHeapPtrBase@_WVCCRTAllocator@ATL@@@ATL@@QBEPA_WXZ 10009c90 f i ImmediateGroup.obj
 0001:00008cb0       ??B?$CTraceCategoryEx@$0CAAA@$0A@@ATL@@QAEIXZ 10009cb0 f i ImmediateGroup.obj
 0001:00008cd0       ??RCTraceFileAndLineInfo@ATL@@QBAXHIPBDZZ 10009cd0 f i ImmediateGroup.obj
 0001:00008d80       ??_E?$CMap@KKPAUIServerUserItem@@PAU1@@@UAEPAXI@Z 10009d80 f i ImmediateGroup.obj
 0001:00008d80       ??_G?$CMap@KKPAUIServerUserItem@@PAU1@@@UAEPAXI@Z 10009d80 f i ImmediateGroup.obj
 0001:00008de0       ??_G?$CWHArray@PAUIServerUserItem@@ABQAU1@@@UAEPAXI@Z 10009de0 f i ImmediateGroup.obj
 0001:00008de0       ??_E?$CWHArray@PAUIServerUserItem@@ABQAU1@@@UAEPAXI@Z 10009de0 f i ImmediateGroup.obj
 0001:00008e30       ??_E?$CWHArray@PAUtagMatchTimer@@ABQAU1@@@UAEPAXI@Z 10009e30 f i ImmediateGroup.obj
 0001:00008e30       ??_G?$CWHArray@PAUtagMatchTimer@@ABQAU1@@@UAEPAXI@Z 10009e30 f i ImmediateGroup.obj
 0001:00008e80       ??_E?$CWHArray@PAUtagTableFrameInfo@@ABQAU1@@@UAEPAXI@Z 10009e80 f i ImmediateGroup.obj
 0001:00008e80       ??_G?$CWHArray@PAUtagTableFrameInfo@@ABQAU1@@@UAEPAXI@Z 10009e80 f i ImmediateGroup.obj
 0001:00008ed0       ??_GCImmediateGroup@@UAEPAXI@Z 10009ed0 f i ImmediateGroup.obj
 0001:00008ed0       ??_ECImmediateGroup@@UAEPAXI@Z 10009ed0 f i ImmediateGroup.obj
 0001:00008f20       ?Add@?$CWHArray@PAUIServerUserItem@@ABQAU1@@@QAEHABQAUIServerUserItem@@@Z 10009f20 f i ImmediateGroup.obj
 0001:00008f60       ?Add@?$CWHArray@PAUtagMatchTimer@@ABQAU1@@@QAEHABQAUtagMatchTimer@@@Z 10009f60 f i ImmediateGroup.obj
 0001:00008fa0       ?Add@?$CWHArray@PAUtagTableFrameInfo@@ABQAU1@@@QAEHABQAUtagTableFrameInfo@@@Z 10009fa0 f i ImmediateGroup.obj
 0001:00008fe0       ?AllKillMatchTimer@CImmediateGroup@@IAEXXZ 10009fe0 f   ImmediateGroup.obj
 0001:00009100       ?AllocMemory@?$CWHArray@PAUIServerUserItem@@ABQAU1@@@QAEXH@Z 1000a100 f i ImmediateGroup.obj
 0001:00009270       ?AllocMemory@?$CWHArray@PAUtagMatchTimer@@ABQAU1@@@QAEXH@Z 1000a270 f i ImmediateGroup.obj
 0001:000093e0       ?AllocMemory@?$CWHArray@PAUtagTableFrameInfo@@ABQAU1@@@QAEXH@Z 1000a3e0 f i ImmediateGroup.obj
 0001:00009550       ?Allocate@?$CHeapPtr@DVCCRTAllocator@ATL@@@ATL@@QAE_NI@Z 1000a550 f i ImmediateGroup.obj
 0001:000095b0       ?Allocate@?$CHeapPtr@_WVCCRTAllocator@ATL@@@ATL@@QAE_NI@Z 1000a5b0 f i ImmediateGroup.obj
 0001:00009610       ?Allocate@CCRTAllocator@ATL@@SAPAXI@Z 1000a610 f i ImmediateGroup.obj
 0001:00009640       ?AllocateBytes@?$CHeapPtrBase@DVCCRTAllocator@ATL@@@ATL@@QAE_NI@Z 1000a640 f i ImmediateGroup.obj
 0001:000096c0       ?AllocateBytes@?$CHeapPtrBase@_WVCCRTAllocator@ATL@@@ATL@@QAE_NI@Z 1000a6c0 f i ImmediateGroup.obj
 0001:00009740       ?AssertValid@?$CMap@KKPAUIServerUserItem@@PAU1@@@UBEXXZ 1000a740 f i ImmediateGroup.obj
 0001:000097c0       ?AtlThrowImpl@ATL@@YGXJ@Z  1000a7c0 f i ImmediateGroup.obj
 0001:00009840       ?CaptureMatchTimer@CImmediateGroup@@IAEXXZ 1000a840 f   ImmediateGroup.obj
 0001:000099e0       ?CheckMatchTaskFinish@CImmediateGroup@@IAE_NXZ 1000a9e0 f   ImmediateGroup.obj
 0001:00009a50       ?CheckMatchUser@CImmediateGroup@@IAE_NXZ 1000aa50 f   ImmediateGroup.obj
 0001:00009b80       ?CheckSwitchTaskFinish@CImmediateGroup@@IAE_NXZ 1000ab80 f   ImmediateGroup.obj
 0001:00009bf0       ?CheckTableStart@CImmediateGroup@@IAEXPAUITableFrame@@@Z 1000abf0 f   ImmediateGroup.obj
 0001:00009d30       ?ContinueGame@CImmediateGroup@@IAEXPAUITableFrame@@@Z 1000ad30 f   ImmediateGroup.obj
 0001:00009ee0       ?Dump@?$CMap@KKPAUIServerUserItem@@PAU1@@@UBEXAAVCDumpContext@@@Z 1000aee0 f i ImmediateGroup.obj
 0001:00009ff0       ?EfficacyStartMatch@CImmediateGroup@@IAEXXZ 1000aff0 f   ImmediateGroup.obj
 0001:0000a3e0       ?ElementAt@?$CWHArray@PAUIServerUserItem@@ABQAU1@@@QAEAAPAUIServerUserItem@@H@Z 1000b3e0 f i ImmediateGroup.obj
 0001:0000a460       ?ElementAt@?$CWHArray@PAUtagMatchTimer@@ABQAU1@@@QAEAAPAUtagMatchTimer@@H@Z 1000b460 f i ImmediateGroup.obj
 0001:0000a4e0       ?ElementAt@?$CWHArray@PAUtagTableFrameInfo@@ABQAU1@@@QAEAAPAUtagTableFrameInfo@@H@Z 1000b4e0 f i ImmediateGroup.obj
 0001:0000a560       ?Free@?$CHeapPtrBase@DVCCRTAllocator@ATL@@@ATL@@QAEXXZ 1000b560 f i ImmediateGroup.obj
 0001:0000a5a0       ?Free@?$CHeapPtrBase@_WVCCRTAllocator@ATL@@@ATL@@QAEXXZ 1000b5a0 f i ImmediateGroup.obj
 0001:0000a5e0       ?Free@CCRTAllocator@ATL@@SAXPAX@Z 1000b5e0 f i ImmediateGroup.obj
 0001:0000a610       ?FreeAssoc@?$CMap@KKPAUIServerUserItem@@PAU1@@@IAEXPAVCAssoc@1@@Z 1000b610 f i ImmediateGroup.obj
 0001:0000a690       ?GetAsSystemTime@CTime@ATL@@QBE_NAAU_SYSTEMTIME@@@Z 1000b690 f i ImmediateGroup.obj
 0001:0000a780       ?GetAssocAt@?$CMap@KKPAUIServerUserItem@@PAU1@@@IBEPAVCAssoc@1@KAAI0@Z 1000b780 f i ImmediateGroup.obj
 0001:0000a830       ?GetBuildVer@@YAEK@Z       1000b830 f i ImmediateGroup.obj
 0001:0000a860       ?GetCategoryName@CTrace@ATL@@CAPA_WI@Z 1000b860 f i ImmediateGroup.obj
 0001:0000a8d0       ?GetCount@?$CMap@KKPAUIServerUserItem@@PAU1@@@QBEHXZ 1000b8d0 f i ImmediateGroup.obj
 0001:0000a8f0       ?GetCount@?$CWHArray@PAUIServerUserItem@@ABQAU1@@@QBEHXZ 1000b8f0 f i ImmediateGroup.obj
 0001:0000a910       ?GetCount@?$CWHArray@PAUtagMatchTimer@@ABQAU1@@@QBEHXZ 1000b910 f i ImmediateGroup.obj
 0001:0000a930       ?GetCount@?$CWHArray@PAUtagTableFrameInfo@@ABQAU1@@@QBEHXZ 1000b930 f i ImmediateGroup.obj
 0001:0000a950       ?GetLocalTm@CTime@ATL@@QBEPAUtm@@PAU3@@Z 1000b950 f i ImmediateGroup.obj
 0001:0000aa50       ?GetMainVer@@YAEK@Z        1000ba50 f i ImmediateGroup.obj
 0001:0000aa80       ?GetNextAssoc@?$CMap@KKPAUIServerUserItem@@PAU1@@@QBEXAAPAU__POSITION@@AAKAAPAUIServerUserItem@@@Z 1000ba80 f i ImmediateGroup.obj
 0001:0000acd0       ?GetProductVer@@YAEK@Z     1000bcd0 f i ImmediateGroup.obj
 0001:0000ad00       ?GetStartPosition@?$CMap@KKPAUIServerUserItem@@PAU1@@@QBEPAU__POSITION@@XZ 1000bd00 f i ImmediateGroup.obj
 0001:0000ad40       ?GetSubVer@@YAEK@Z         1000bd40 f i ImmediateGroup.obj
 0001:0000ad70       ?GetTableInterface@CImmediateGroup@@IAEPAUtagTableFrameInfo@@PAUITableFrame@@@Z 1000bd70 f   ImmediateGroup.obj
 0001:0000adf0       ?GetTickCount@CTime@ATL@@SG?AV12@XZ 1000bdf0 f i ImmediateGroup.obj
 0001:0000ae30       ?GetUserRank@CImmediateGroup@@IAEGPAUIServerUserItem@@PAUITableFrame@@@Z 1000be30 f   ImmediateGroup.obj
 0001:0000b080       ?InitHashTable@?$CMap@KKPAUIServerUserItem@@PAU1@@@QAEXIH@Z 1000c080 f i ImmediateGroup.obj
 0001:0000b200       ?InsertFreeGroup@CImmediateGroup@@IAEXPAUIServerUserItem@@@Z 1000c200 f   ImmediateGroup.obj
 0001:0000b2f0       ?InterfaceVersionCompare@@YA_NKK@Z 1000c2f0 f i ImmediateGroup.obj
 0001:0000b3d0       ?KillMatchGameTimer@CImmediateGroup@@IAEXK@Z 1000c3d0 f   ImmediateGroup.obj
 0001:0000b430       ?KillMatchTimer@CImmediateGroup@@IAE_NH@Z 1000c430 f   ImmediateGroup.obj
 0001:0000b590       ?KillMatchTimer@CImmediateGroup@@IAE_NKI@Z 1000c590 f   ImmediateGroup.obj
 0001:0000b710       ?Lookup@?$CMap@KKPAUIServerUserItem@@PAU1@@@QBEHKAAPAUIServerUserItem@@@Z 1000c710 f i ImmediateGroup.obj
 0001:0000b780       ?MatchOver@CImmediateGroup@@IAEXXZ 1000c780 f   ImmediateGroup.obj
 0001:0000b820       ?NewAssoc@?$CMap@KKPAUIServerUserItem@@PAU1@@@IAEPAVCAssoc@1@K@Z 1000c820 f i ImmediateGroup.obj
 0001:0000b9e0       ?OnActionUserOnReady@CImmediateGroup@@UAE_NGGPAUIServerUserItem@@PAXG@Z 1000c9e0 f   ImmediateGroup.obj
 0001:0000ba00       ?OnActionUserSitDown@CImmediateGroup@@UAE_NGGPAUIServerUserItem@@_N@Z 1000ca00 f   ImmediateGroup.obj
 0001:0000ba20       ?OnActionUserStandUp@CImmediateGroup@@UAE_NGGPAUIServerUserItem@@_N@Z 1000ca20 f   ImmediateGroup.obj
 0001:0000ba40       ?OnEventGameEnd@CImmediateGroup@@UAE_NPAUITableFrame@@GPAUIServerUserItem@@E@Z 1000ca40 f   ImmediateGroup.obj
 0001:0000beb0       ?OnEventGameStart@CImmediateGroup@@UAE_NPAUITableFrame@@G@Z 1000ceb0 f   ImmediateGroup.obj
 0001:0000c060       ?OnEventUserReturnMatch@CImmediateGroup@@UAE_NPAUITableFrame@@PAUIServerUserItem@@@Z 1000d060 f   ImmediateGroup.obj
 0001:0000c0b0       ?OnTimeMessage@CImmediateGroup@@IAE_NKI@Z 1000d0b0 f   ImmediateGroup.obj
 0001:0000c1a0       ?OnUserQuitMatch@CImmediateGroup@@QAE_NPAUIServerUserItem@@@Z 1000d1a0 f   ImmediateGroup.obj
 0001:0000c310       ?OnUserSignUpMatch@CImmediateGroup@@QAE_NPAUIServerUserItem@@@Z 1000d310 f   ImmediateGroup.obj
 0001:0000c650       ?PerformAllUserStandUp@CImmediateGroup@@IAEXPAUITableFrame@@@Z 1000d650 f   ImmediateGroup.obj
 0001:0000c720       ?PerformAllUserStandUp@CImmediateGroup@@IAEXXZ 1000d720 f   ImmediateGroup.obj
 0001:0000c7e0       ?PerformDistributeTable@CImmediateGroup@@IAEXXZ 1000d7e0 f   ImmediateGroup.obj
 0001:0000cc50       ?PostMatchTimer@CImmediateGroup@@IAEXKHIJ@Z 1000dc50 f   ImmediateGroup.obj
 0001:0000ccc0       ?QueryInterface@CImmediateGroup@@UAEPAXABU_GUID@@K@Z 1000dcc0 f   ImmediateGroup.obj
 0001:0000cd70       ?RegisterCategory@CTrace@ATL@@SAXPBDI@Z 1000dd70 f i ImmediateGroup.obj
 0001:0000ce90       ?Release@CImmediateGroup@@UAEXXZ 1000de90 f i ImmediateGroup.obj
 0001:0000cee0       ?RemoveAll@?$CMap@KKPAUIServerUserItem@@PAU1@@@QAEXXZ 1000dee0 f i ImmediateGroup.obj
 0001:0000cfd0       ?RemoveAll@?$CWHArray@PAUIServerUserItem@@ABQAU1@@@QAEXXZ 1000dfd0 f i ImmediateGroup.obj
 0001:0000d050       ?RemoveAll@?$CWHArray@PAUtagTableFrameInfo@@ABQAU1@@@QAEXXZ 1000e050 f i ImmediateGroup.obj
 0001:0000d0d0       ?RemoveAt@?$CWHArray@PAUIServerUserItem@@ABQAU1@@@QAEXHH@Z 1000e0d0 f i ImmediateGroup.obj
 0001:0000d210       ?RemoveAt@?$CWHArray@PAUtagMatchTimer@@ABQAU1@@@QAEXHH@Z 1000e210 f i ImmediateGroup.obj
 0001:0000d350       ?RemoveKey@?$CMap@KKPAUIServerUserItem@@PAU1@@@QAEHK@Z 1000e350 f i ImmediateGroup.obj
 0001:0000d440       ?SendGroupMessage@CImmediateGroup@@IAEXPBD@Z 1000e440 f   ImmediateGroup.obj
 0001:0000d510       ?SendTableMatchInfo@CImmediateGroup@@IAEXPAUITableFrame@@G@Z 1000e510 f   ImmediateGroup.obj
 0001:0000d7d0       ?SendWaitMessage@CImmediateGroup@@IAEXPAUITableFrame@@G@Z 1000e7d0 f   ImmediateGroup.obj
 0001:0000dc50       ?Serialize@?$CMap@KKPAUIServerUserItem@@PAU1@@@UAEXAAVCArchive@@@Z 1000ec50 f i ImmediateGroup.obj
 0001:0000de00       ?SetAt@?$CMap@KKPAUIServerUserItem@@PAU1@@@QAEXKPAUIServerUserItem@@@Z 1000ee00 f i ImmediateGroup.obj
 0001:0000de30       ?SetAtGrow@?$CWHArray@PAUIServerUserItem@@ABQAU1@@@QAEXHABQAUIServerUserItem@@@Z 1000ee30 f i ImmediateGroup.obj
 0001:0000dec0       ?SetAtGrow@?$CWHArray@PAUtagMatchTimer@@ABQAU1@@@QAEXHABQAUtagMatchTimer@@@Z 1000eec0 f i ImmediateGroup.obj
 0001:0000df50       ?SetAtGrow@?$CWHArray@PAUtagTableFrameInfo@@ABQAU1@@@QAEXHABQAUtagTableFrameInfo@@@Z 1000ef50 f i ImmediateGroup.obj
 0001:0000dfe0       ?SetMatchGameTimer@CImmediateGroup@@IAEXKKKI@Z 1000efe0 f   ImmediateGroup.obj
 0001:0000e050       ?SetSize@?$CWHArray@PAUIServerUserItem@@ABQAU1@@@QAEXH@Z 1000f050 f i ImmediateGroup.obj
 0001:0000e170       ?SetSize@?$CWHArray@PAUtagMatchTimer@@ABQAU1@@@QAEXH@Z 1000f170 f i ImmediateGroup.obj
 0001:0000e290       ?SetSize@?$CWHArray@PAUtagTableFrameInfo@@ABQAU1@@@QAEXH@Z 1000f290 f i ImmediateGroup.obj
 0001:0000e3b0       ?SortMapUser@CImmediateGroup@@IAEGQAUtagMatchScore@@@Z 1000f3b0 f   ImmediateGroup.obj
 0001:0000e680       ?TraceV@CTrace@ATL@@CAXPBDHIIPB_W@Z 1000f680 f i ImmediateGroup.obj
 0001:0000e910       ?TraceV@CTrace@ATL@@SAXPBDHII0PAD@Z 1000f910 f i ImmediateGroup.obj
 0001:0000eb40       _==                        1000fb40 f i ImmediateGroup.obj
 0001:0000eb90       _HRESULT_FROM_WIN32        1000fb90 f i ImmediateGroup.obj
 0001:0000ebe0       _IsEqualGUID               1000fbe0 f i ImmediateGroup.obj
 0001:0000ec30       ___local_stdio_printf_options 1000fc30 f i ImmediateGroup.obj
 0001:0000ec50       __vscprintf                1000fc50 f i ImmediateGroup.obj
 0001:0000ec80       __vscprintf_l              1000fc80 f i ImmediateGroup.obj
 0001:0000ecf0       __vsnprintf_s              1000fcf0 f i ImmediateGroup.obj
 0001:0000ed30       __vsnprintf_s_l            1000fd30 f i ImmediateGroup.obj
 0001:0000eda0       __vswprintf_s_l            1000fda0 f i ImmediateGroup.obj
 0001:0000ee10       _swprintf_s                1000fe10 f i ImmediateGroup.obj
 0001:0000ee90       ??0?$CWHArray@EABE@@QAE@XZ 1000fe90 f i ImmediateMatch.obj
 0001:0000eef0       ??0?$CWHArray@PAVCImmediateGroup@@ABQAV1@@@QAE@XZ 1000fef0 f i ImmediateMatch.obj
 0001:0000ef50       ??0?$CWHArray@PAVCTableFrameHook@@ABQAV1@@@QAE@XZ 1000ff50 f i ImmediateMatch.obj
 0001:0000efb0       ??0CImmediateMatch@@QAE@XZ 1000ffb0 f   ImmediateMatch.obj
 0001:0000f1a0       ??0CMatchServiceManager@@QAE@ABV0@@Z 100101a0 f i ImmediateMatch.obj
 0001:0000f210       ??0IGameMatchItem@@QAE@XZ  10010210 f i ImmediateMatch.obj
 0001:0000f240       ??0IImmediateGroupSink@@QAE@XZ 10010240 f i ImmediateMatch.obj
 0001:0000f270       ??0IMatchServiceManager@@QAE@ABU0@@Z 10010270 f i ImmediateMatch.obj
 0001:0000f2b0       ??0IServerUserItemSink@@QAE@XZ 100102b0 f i ImmediateMatch.obj
 0001:0000f2e0       ??0IUnknownEx@@QAE@ABU0@@Z 100102e0 f i ImmediateMatch.obj
 0001:0000f310       ??1?$CWHArray@EABE@@UAE@XZ 10010310 f i ImmediateMatch.obj
 0001:0000f390       ??1?$CWHArray@PAVCImmediateGroup@@ABQAV1@@@UAE@XZ 10010390 f i ImmediateMatch.obj
 0001:0000f410       ??1?$CWHArray@PAVCTableFrameHook@@ABQAV1@@@UAE@XZ 10010410 f i ImmediateMatch.obj
 0001:0000f490       ??1CImmediateMatch@@UAE@XZ 10010490 f   ImmediateMatch.obj
 0001:0000f7a0       ??4CMatchServiceManager@@QAEAAV0@ABV0@@Z 100107a0 f i ImmediateMatch.obj
 0001:0000f800       ??4IMatchServiceManager@@QAEAAU0@ABU0@@Z 10010800 f i ImmediateMatch.obj
 0001:0000f830       ??4IUnknownEx@@QAEAAU0@ABU0@@Z 10010830 f i ImmediateMatch.obj
 0001:0000f850       ??A?$CWHArray@EABE@@QAEAAEH@Z 10010850 f i ImmediateMatch.obj
 0001:0000f880       ??A?$CWHArray@PAVCImmediateGroup@@ABQAV1@@@QAEAAPAVCImmediateGroup@@H@Z 10010880 f i ImmediateMatch.obj
 0001:0000f8b0       ??_ECMatchServiceManager@@UAEPAXI@Z 100108b0 f i ImmediateMatch.obj
 0001:0000f990       ??_G?$CWHArray@EABE@@UAEPAXI@Z 10010990 f i ImmediateMatch.obj
 0001:0000f990       ??_E?$CWHArray@EABE@@UAEPAXI@Z 10010990 f i ImmediateMatch.obj
 0001:0000f9e0       ??_G?$CWHArray@PAVCImmediateGroup@@ABQAV1@@@UAEPAXI@Z 100109e0 f i ImmediateMatch.obj
 0001:0000f9e0       ??_E?$CWHArray@PAVCImmediateGroup@@ABQAV1@@@UAEPAXI@Z 100109e0 f i ImmediateMatch.obj
 0001:0000fa30       ??_G?$CWHArray@PAVCTableFrameHook@@ABQAV1@@@UAEPAXI@Z 10010a30 f i ImmediateMatch.obj
 0001:0000fa30       ??_E?$CWHArray@PAVCTableFrameHook@@ABQAV1@@@UAEPAXI@Z 10010a30 f i ImmediateMatch.obj
 0001:0000fa80       ??_GCImmediateMatch@@UAEPAXI@Z 10010a80 f i ImmediateMatch.obj
 0001:0000fa80       ??_ECImmediateMatch@@UAEPAXI@Z 10010a80 f i ImmediateMatch.obj
 0001:0000fad0       ??_GCMatchServiceManager@@UAEPAXI@Z 10010ad0 f i ImmediateMatch.obj
 0001:0000fb20       ?Add@?$CWHArray@EABE@@QAEHABE@Z 10010b20 f i ImmediateMatch.obj
 0001:0000fb60       ?Add@?$CWHArray@PAVCImmediateGroup@@ABQAV1@@@QAEHABQAVCImmediateGroup@@@Z 10010b60 f i ImmediateMatch.obj
 0001:0000fba0       ?AddMatchTable@CImmediateGroup@@IAEXPAUtagTableFrameInfo@@@Z 10010ba0 f i ImmediateMatch.obj
 0001:0000fbd0       ?AllocMemory@?$CWHArray@EABE@@QAEXH@Z 10010bd0 f i ImmediateMatch.obj
 0001:0000fd30       ?AllocMemory@?$CWHArray@PAVCImmediateGroup@@ABQAV1@@@QAEXH@Z 10010d30 f i ImmediateMatch.obj
 0001:0000fea0       ?Append@?$CWHArray@PAVCImmediateGroup@@ABQAV1@@@QAEHABV1@@Z 10010ea0 f i ImmediateMatch.obj
 0001:0000ff90       ?BindTableFrame@CImmediateMatch@@UAE_NPAUITableFrame@@G@Z 10010f90 f   ImmediateMatch.obj
 0001:00010190       ?CalcMatchNo@CImmediateMatch@@AAE_JXZ 10011190 f   ImmediateMatch.obj
 0001:00010310       ?DeleteUserItem@CImmediateMatch@@AAE_NK@Z 10011310 f   ImmediateMatch.obj
 0001:00010420       ?ElementAt@?$CWHArray@EABE@@QAEAAEH@Z 10011420 f i ImmediateMatch.obj
 0001:00010490       ?ElementAt@?$CWHArray@PAVCImmediateGroup@@ABQAV1@@@QAEAAPAVCImmediateGroup@@H@Z 10011490 f i ImmediateMatch.obj
 0001:00010510       ?GetCount@?$CWHArray@EABE@@QBEHXZ 10011510 f i ImmediateMatch.obj
 0001:00010530       ?GetCount@?$CWHArray@PAVCImmediateGroup@@ABQAV1@@@QBEHXZ 10011530 f i ImmediateMatch.obj
 0001:00010550       ?GetFreeAndroidUserItem@CImmediateMatch@@UAEPAUIAndroidUserItem@@XZ 10011550 f   ImmediateMatch.obj
 0001:00010570       ?GetNullTable@CImmediateMatch@@AAEGXZ 10011570 f   ImmediateMatch.obj
 0001:00010700       ?InitMatchInterface@CImmediateMatch@@UAE_NAAUtagMatchManagerParameter@@@Z 10011700 f   ImmediateMatch.obj
 0001:00010970       ?InsertNullTable@CImmediateMatch@@UAEXXZ 10011970 f   ImmediateMatch.obj
 0001:00010cb0       ?IsImmediateWriteScore@CServerRule@@SA_NK@Z 10011cb0 f i ImmediateMatch.obj
 0001:00010cf0       ?IsSuportPlayBack@CServerRule@@SA_NK@Z 10011cf0 f i ImmediateMatch.obj
 0001:00010d30       ?KillGameTimer@CImmediateMatch@@UAE_NKPAVCImmediateGroup@@@Z 10011d30 f   ImmediateMatch.obj
 0001:00010d80       ?OnEventDataBase@CImmediateMatch@@UAE_NGPAUIServerUserItem@@PAXGK@Z 10011d80 f   ImmediateMatch.obj
 0001:00011d10       ?OnEventEnterMatch@CImmediateMatch@@UAE_NKPAXK_N@Z 10012d10 f   ImmediateMatch.obj
 0001:00011f90       ?OnEventMatchOver@CImmediateMatch@@UAE_NPAVCImmediateGroup@@@Z 10012f90 f   ImmediateMatch.obj
 0001:000120d0       ?OnEventMatchStart@CImmediateMatch@@UAE_NPAVCImmediateGroup@@@Z 100130d0 f   ImmediateMatch.obj
 0001:00012340       ?OnEventSocketMatch@CImmediateMatch@@UAE_NGPAXGPAUIServerUserItem@@K@Z 10013340 f   ImmediateMatch.obj
 0001:00012580       ?OnEventTimer@CImmediateMatch@@UAE_NKI@Z 10013580 f   ImmediateMatch.obj
 0001:00012820       ?OnEventUserItemGameData@CImmediateMatch@@UAE_NPAUIServerUserItem@@E@Z 10013820 f   ImmediateMatch.obj
 0001:00012880       ?OnEventUserItemRight@CImmediateMatch@@UAE_NPAUIServerUserItem@@KKE@Z 10013880 f   ImmediateMatch.obj
 0001:000128f0       ?OnEventUserItemScore@CImmediateMatch@@UAE_NPAUIServerUserItem@@E@Z 100138f0 f   ImmediateMatch.obj
 0001:00012fa0       ?OnEventUserItemStatus@CImmediateMatch@@UAE_NPAUIServerUserItem@@GG@Z 10013fa0 f   ImmediateMatch.obj
 0001:00013030       ?OnEventUserJoinMatch@CImmediateMatch@@UAE_NPAUIServerUserItem@@EK@Z 10014030 f   ImmediateMatch.obj
 0001:000137c0       ?OnEventUserLogon@CImmediateMatch@@UAE_NPAUIServerUserItem@@@Z 100147c0 f   ImmediateMatch.obj
 0001:00013a60       ?OnEventUserLogonFinish@CImmediateMatch@@UAE_NPAUIServerUserItem@@@Z 10014a60 f   ImmediateMatch.obj
 0001:00013aa0       ?OnEventUserLogout@CImmediateMatch@@UAE_NPAUIServerUserItem@@@Z 10014aa0 f   ImmediateMatch.obj
 0001:00013ae0       ?OnEventUserQuitMatch@CImmediateMatch@@UAE_NPAUIServerUserItem@@EPAGK@Z 10014ae0 f   ImmediateMatch.obj
 0001:00013df0       ?OnStartService@CImmediateMatch@@UAEXXZ 10014df0 f   ImmediateMatch.obj
 0001:00013fc0       ?QueryInterface@CImmediateMatch@@UAEPAXABU_GUID@@K@Z 10014fc0 f   ImmediateMatch.obj
 0001:000140c5       ?QueryInterface@CImmediateMatch@@W7AEPAXABU_GUID@@K@Z 100150c5 f i ImmediateMatch.obj
 0001:000140d0       ?Release@CImmediateMatch@@UAEXXZ 100150d0 f i ImmediateMatch.obj
 0001:00014120       ?Release@CImmediateMatch@@W7AEXXZ 10015120 f i ImmediateMatch.obj
 0001:00014130       ?Release@CMatchServiceManager@@UAEXXZ 10015130 f i ImmediateMatch.obj
 0001:00014180       ?RemoveAll@?$CWHArray@EABE@@QAEXXZ 10015180 f i ImmediateMatch.obj
 0001:00014200       ?RemoveAll@?$CWHArray@PAVCImmediateGroup@@ABQAV1@@@QAEXXZ 10015200 f i ImmediateMatch.obj
 0001:00014280       ?RemoveAt@?$CWHArray@EABE@@QAEXHH@Z 10015280 f i ImmediateMatch.obj
 0001:000143b0       ?RemoveAt@?$CWHArray@PAUtagTableFrameInfo@@ABQAU1@@@QAEXHH@Z 100153b0 f i ImmediateMatch.obj
 0001:000144f0       ?RemoveAt@?$CWHArray@PAVCImmediateGroup@@ABQAV1@@@QAEXHH@Z 100154f0 f i ImmediateMatch.obj
 0001:00014630       ?RemoveMatchUserItem@CImmediateMatch@@AAE_NPAUIServerUserItem@@@Z 10015630 f   ImmediateMatch.obj
 0001:00014710       ?SendData@CImmediateMatch@@UAE_NPAUIServerUserItem@@GGPAXG@Z 10015710 f   ImmediateMatch.obj
 0001:000147c0       ?SendGameMessage@CImmediateMatch@@UAE_NPAUIServerUserItem@@PBDG@Z 100157c0 f   ImmediateMatch.obj
 0001:00014930       ?SendGroupData@CImmediateMatch@@UAE_NGGPAXGPAVCImmediateGroup@@@Z 10015930 f   ImmediateMatch.obj
 0001:000149e0       ?SendGroupUserMessage@CImmediateMatch@@UAE_NPBDPAVCImmediateGroup@@@Z 100159e0 f   ImmediateMatch.obj
 0001:00014a70       ?SendGroupUserScore@CImmediateMatch@@UAE_NPAUIServerUserItem@@PAVCImmediateGroup@@@Z 10015a70 f   ImmediateMatch.obj
 0001:00014c60       ?SendGroupUserStatus@CImmediateMatch@@UAE_NPAUIServerUserItem@@PAVCImmediateGroup@@@Z 10015c60 f   ImmediateMatch.obj
 0001:00014e20       ?SendMatchInfo@CImmediateMatch@@UAE_NPAUIServerUserItem@@@Z 10015e20 f   ImmediateMatch.obj
 0001:00015070       ?SendRoomMessage@CImmediateMatch@@UAE_NPAUIServerUserItem@@PBDG@Z 10016070 f   ImmediateMatch.obj
 0001:000151c0       ?SetAtGrow@?$CWHArray@EABE@@QAEXHABE@Z 100161c0 f i ImmediateMatch.obj
 0001:00015250       ?SetAtGrow@?$CWHArray@PAVCImmediateGroup@@ABQAV1@@@QAEXHABQAVCImmediateGroup@@@Z 10016250 f i ImmediateMatch.obj
 0001:000152e0       ?SetGameTimer@CImmediateMatch@@UAE_NKKKIPAVCImmediateGroup@@@Z 100162e0 f   ImmediateMatch.obj
 0001:00015330       ?SetSize@?$CWHArray@EABE@@QAEXH@Z 10016330 f i ImmediateMatch.obj
 0001:00015440       ?SetSize@?$CWHArray@PAVCImmediateGroup@@ABQAV1@@@QAEXH@Z 10016440 f i ImmediateMatch.obj
 0001:00015560       ?WriteUserAward@CImmediateMatch@@AAE_NPAUIServerUserItem@@PAUtagMatchRankInfo@@@Z 10016560 f   ImmediateMatch.obj
 0001:00015900       ??0?$CWHArray@UtagDistributeInfo@@ABU1@@@QAE@XZ 10016900 f i LockTimeMatch.obj
 0001:00015960       ??0CLockTimeMatch@@QAE@XZ  10016960 f   LockTimeMatch.obj
 0001:00015aa0       ??0CTime@ATL@@QAE@ABU_SYSTEMTIME@@H@Z 10016aa0 f i LockTimeMatch.obj
 0001:00015b60       ??0CTime@ATL@@QAE@HHHHHHH@Z 10016b60 f i LockTimeMatch.obj
 0001:00015ff0       ??0CTime@ATL@@QAE@XZ       10016ff0 f i LockTimeMatch.obj
 0001:00016020       ??0CTimeSpan@ATL@@QAE@_J@Z 10017020 f i LockTimeMatch.obj
 0001:00016050       ??1?$CWHArray@UtagDistributeInfo@@ABU1@@@UAE@XZ 10017050 f i LockTimeMatch.obj
 0001:000160d0       ??1CLockTimeMatch@@UAE@XZ  100170d0 f   LockTimeMatch.obj
 0001:00016280       ??GCTime@ATL@@QBE?AVCTimeSpan@1@V01@@Z 10017280 f i LockTimeMatch.obj
 0001:000162c0       ??MCTime@ATL@@QBE_NV01@@Z  100172c0 f i LockTimeMatch.obj
 0001:00016320       ??PCTime@ATL@@QBE_NV01@@Z  10017320 f i LockTimeMatch.obj
 0001:00016380       ??_E?$CWHArray@UtagDistributeInfo@@ABU1@@@UAEPAXI@Z 10017380 f i LockTimeMatch.obj
 0001:00016380       ??_G?$CWHArray@UtagDistributeInfo@@ABU1@@@UAEPAXI@Z 10017380 f i LockTimeMatch.obj
 0001:000163d0       ??_ECLockTimeMatch@@UAEPAXI@Z 100173d0 f i LockTimeMatch.obj
 0001:000163d0       ??_GCLockTimeMatch@@UAEPAXI@Z 100173d0 f i LockTimeMatch.obj
 0001:00016420       ?BindTableFrame@CLockTimeMatch@@UAE_NPAUITableFrame@@G@Z 10017420 f   LockTimeMatch.obj
 0001:00016610       ?CalcMatchNo@CLockTimeMatch@@IAE_JXZ 10017610 f   LockTimeMatch.obj
 0001:000166f0       ?ClearSameTableUser@CLockTimeMatch@@IAEXK@Z 100176f0 f   LockTimeMatch.obj
 0001:00016750       ?GetCount@CDistributeManager@@QAEGXZ 10017750 f i LockTimeMatch.obj
 0001:00016770       ?GetDay@CTime@ATL@@QBEHXZ  10017770 f i LockTimeMatch.obj
 0001:000167e0       ?GetDays@CTimeSpan@ATL@@QBE_JXZ 100177e0 f i LockTimeMatch.obj
 0001:00016820       ?GetHour@CTime@ATL@@QBEHXZ 10017820 f i LockTimeMatch.obj
 0001:00016890       ?GetMatchStartInterval@CLockTimeMatch@@IAEKXZ 10017890 f   LockTimeMatch.obj
 0001:00016a40       ?GetMinute@CTime@ATL@@QBEHXZ 10017a40 f i LockTimeMatch.obj
 0001:00016ab0       ?GetMonth@CTime@ATL@@QBEHXZ 10017ab0 f i LockTimeMatch.obj
 0001:00016b20       ?GetSecond@CTime@ATL@@QBEHXZ 10017b20 f i LockTimeMatch.obj
 0001:00016b90       ?GetTotalSeconds@CTimeSpan@ATL@@QBE_JXZ 10017b90 f i LockTimeMatch.obj
 0001:00016bc0       ?GetYear@CTime@ATL@@QBEHXZ 10017bc0 f i LockTimeMatch.obj
 0001:00016c30       ?InitMatchInterface@CLockTimeMatch@@UAE_NAAUtagMatchManagerParameter@@@Z 10017c30 f   LockTimeMatch.obj
 0001:00016eb0       ?InsertDistribute@CLockTimeMatch@@IAE_NPAUIServerUserItem@@@Z 10017eb0 f   LockTimeMatch.obj
 0001:000170b0       ?InsertSameTableUser@CLockTimeMatch@@IAEXKK@Z 100180b0 f   LockTimeMatch.obj
 0001:00017110       ?IsMatchSignupEnd@CLockTimeMatch@@IAE_NXZ 10018110 f   LockTimeMatch.obj
 0001:00017240       ?IsMatchSignupStart@CLockTimeMatch@@IAE_NXZ 10018240 f   LockTimeMatch.obj
 0001:00017370       ?OnActionUserOnReady@CLockTimeMatch@@UAE_NGGPAUIServerUserItem@@PAXG@Z 10018370 f   LockTimeMatch.obj
 0001:00017390       ?OnActionUserSitDown@CLockTimeMatch@@UAE_NGGPAUIServerUserItem@@_N@Z 10018390 f   LockTimeMatch.obj
 0001:000173b0       ?OnActionUserStandUp@CLockTimeMatch@@UAE_NGGPAUIServerUserItem@@_N@Z 100183b0 f   LockTimeMatch.obj
 0001:00017550       ?OnEventDataBase@CLockTimeMatch@@UAE_NGPAUIServerUserItem@@PAXGK@Z 10018550 f   LockTimeMatch.obj
 0001:00018370       ?OnEventEnterMatch@CLockTimeMatch@@UAE_NKPAXK_N@Z 10019370 f   LockTimeMatch.obj
 0001:00018700       ?OnEventGameEnd@CLockTimeMatch@@UAE_NPAUITableFrame@@GPAUIServerUserItem@@E@Z 10019700 f   LockTimeMatch.obj
 0001:00018c70       ?OnEventGameStart@CLockTimeMatch@@UAE_NPAUITableFrame@@G@Z 10019c70 f   LockTimeMatch.obj
 0001:00018f80       ?OnEventSocketMatch@CLockTimeMatch@@UAE_NGPAXGPAUIServerUserItem@@K@Z 10019f80 f   LockTimeMatch.obj
 0001:00019520       ?OnEventTimer@CLockTimeMatch@@UAE_NKI@Z 1001a520 f   LockTimeMatch.obj
 0001:0001a560       ?OnEventUserItemGameData@CLockTimeMatch@@UAE_NPAUIServerUserItem@@E@Z 1001b560 f   LockTimeMatch.obj
 0001:0001a5c0       ?OnEventUserItemRight@CLockTimeMatch@@UAE_NPAUIServerUserItem@@KKE@Z 1001b5c0 f   LockTimeMatch.obj
 0001:0001a630       ?OnEventUserItemScore@CLockTimeMatch@@UAE_NPAUIServerUserItem@@E@Z 1001b630 f   LockTimeMatch.obj
 0001:0001ac50       ?OnEventUserItemStatus@CLockTimeMatch@@UAE_NPAUIServerUserItem@@GG@Z 1001bc50 f   LockTimeMatch.obj
 0001:0001ace0       ?OnEventUserJoinMatch@CLockTimeMatch@@UAE_NPAUIServerUserItem@@EK@Z 1001bce0 f   LockTimeMatch.obj
 0001:0001b120       ?OnEventUserLogon@CLockTimeMatch@@UAE_NPAUIServerUserItem@@@Z 1001c120 f   LockTimeMatch.obj
 0001:0001b380       ?OnEventUserLogonFinish@CLockTimeMatch@@UAE_NPAUIServerUserItem@@@Z 1001c380 f   LockTimeMatch.obj
 0001:0001b5c0       ?OnEventUserLogout@CLockTimeMatch@@UAE_NPAUIServerUserItem@@@Z 1001c5c0 f   LockTimeMatch.obj
 0001:0001b5f0       ?OnEventUserQuitMatch@CLockTimeMatch@@UAE_NPAUIServerUserItem@@EPAGK@Z 1001c5f0 f   LockTimeMatch.obj
 0001:0001b850       ?OnEventUserReturnMatch@CLockTimeMatch@@UAE_NPAUITableFrame@@PAUIServerUserItem@@@Z 1001c850 f   LockTimeMatch.obj
 0001:0001b8a0       ?OnStartService@CLockTimeMatch@@UAEXXZ 1001c8a0 f   LockTimeMatch.obj
 0001:0001ba00       ?PerformAllUserStandUp@CLockTimeMatch@@IAEXPAUITableFrame@@@Z 1001ca00 f   LockTimeMatch.obj
 0001:0001bae0       ?PerformDistribute@CLockTimeMatch@@IAE_NXZ 1001cae0 f   LockTimeMatch.obj
 0001:0001c020       ?QueryInterface@CLockTimeMatch@@UAEPAXABU_GUID@@K@Z 1001d020 f   LockTimeMatch.obj
 0001:0001c189       ?QueryInterface@CLockTimeMatch@@W3AEPAXABU_GUID@@K@Z 1001d189 f i LockTimeMatch.obj
 0001:0001c193       ?QueryInterface@CLockTimeMatch@@W7AEPAXABU_GUID@@K@Z 1001d193 f i LockTimeMatch.obj
 0001:0001c1a0       ?Release@CLockTimeMatch@@UAEXXZ 1001d1a0 f i LockTimeMatch.obj
 0001:0001c1f0       ?Release@CLockTimeMatch@@W3AEXXZ 1001d1f0 f i LockTimeMatch.obj
 0001:0001c1fa       ?Release@CLockTimeMatch@@W7AEXXZ 1001d1fa f i LockTimeMatch.obj
 0001:0001c210       ?RemoveDistribute@CLockTimeMatch@@IAE_NPAUIServerUserItem@@@Z 1001d210 f   LockTimeMatch.obj
 0001:0001c280       ?SendDeductFeeNotify@CLockTimeMatch@@IAE_NPAUIServerUserItem@@@Z 1001d280 f   LockTimeMatch.obj
 0001:0001c450       ?SendEliminateNotify@CLockTimeMatch@@IAE_NPAUIServerUserItem@@@Z 1001d450 f   LockTimeMatch.obj
 0001:0001c5e0       ?SendMatchUserInitScore@CLockTimeMatch@@IAE_NPAUIServerUserItem@@@Z 1001d5e0 f   LockTimeMatch.obj
 0001:0001c6a0       ?SendMatchUserScore@CLockTimeMatch@@IAE_NPAUIServerUserItem@@@Z 1001d6a0 f   LockTimeMatch.obj
 0001:0001c800       ?SendReviveNotify@CLockTimeMatch@@IAE_NPAUIServerUserItem@@E_N@Z 1001d800 f   LockTimeMatch.obj
 0001:0001c9d0       ?SendSafeCardNotify@CLockTimeMatch@@IAE_NPAUIServerUserItem@@@Z 1001d9d0 f   LockTimeMatch.obj
 0001:0001cb00       ?SendSignupSuccessNotify@CLockTimeMatch@@IAE_NPAUIServerUserItem@@@Z 1001db00 f   LockTimeMatch.obj
 0001:0001cba0       ?SendTableUserMatchInfo@CLockTimeMatch@@IAEXPAUITableFrame@@G@Z 1001dba0 f   LockTimeMatch.obj
 0001:0001ce00       ?SetDistributeRule@CDistributeManager@@QAEXE@Z 1001de00 f i LockTimeMatch.obj
 0001:0001ce30       ?SwitchMatchTimer@CLockTimeMatch@@IAEXXZ 1001de30 f   LockTimeMatch.obj
 0001:0001cfd0       ?UpdateMatchStatus@CLockTimeMatch@@IAEXXZ 1001dfd0 f   LockTimeMatch.obj
 0001:0001d270       ?VerifyMatchTime@CLockTimeMatch@@AAE_NPADGAAG@Z 1001e270 f   LockTimeMatch.obj
 0001:0001d5f0       ?VerifyUserEnterMatch@CLockTimeMatch@@AAE_NPAUIServerUserItem@@@Z 1001e5f0 f   LockTimeMatch.obj
 0001:0001d980       ?WriteUserAward@CLockTimeMatch@@IAE_NPAUIServerUserItem@@PAUtagMatchRankInfo@@@Z 1001e980 f   LockTimeMatch.obj
 0001:0001dbf0       __snprintf_s               1001ebf0 f i LockTimeMatch.obj
 0001:0001dc80       ??0CMatchServiceManager@@QAE@XZ 1001ec80 f   MatchServiceManager.obj
 0001:0001dcd0       ??0IMatchServiceManager@@QAE@XZ 1001ecd0 f i MatchServiceManager.obj
 0001:0001dd00       ??1CMatchServiceManager@@UAE@XZ 1001ed00 f   MatchServiceManager.obj
 0001:0001dde0       ?BindTableFrame@CMatchServiceManager@@UAE_NPAUITableFrame@@G@Z 1001ede0 f   MatchServiceManager.obj
 0001:0001de60       ?CreateGameMatch@CMatchServiceManager@@UAE_NE@Z 1001ee60 f   MatchServiceManager.obj
 0001:0001e0a0       ?GetServerUserItemSink@CMatchServiceManager@@UAEPAUIUnknownEx@@XZ 1001f0a0 f   MatchServiceManager.obj
 0001:0001e140       ?InitMatchInterface@CMatchServiceManager@@UAE_NAAUtagMatchManagerParameter@@@Z 1001f140 f   MatchServiceManager.obj
 0001:0001e1c0       ?OnEventDataBase@CMatchServiceManager@@UAE_NGPAUIServerUserItem@@PAXGK@Z 1001f1c0 f   MatchServiceManager.obj
 0001:0001e250       ?OnEventEnterMatch@CMatchServiceManager@@UAE_NKPAXK_N@Z 1001f250 f   MatchServiceManager.obj
 0001:0001e2e0       ?OnEventSocketMatch@CMatchServiceManager@@UAE_NGPAXGPAUIServerUserItem@@K@Z 1001f2e0 f   MatchServiceManager.obj
 0001:0001e370       ?OnEventTimer@CMatchServiceManager@@UAE_NKI@Z 1001f370 f   MatchServiceManager.obj
 0001:0001e3f0       ?OnEventUserJoinMatch@CMatchServiceManager@@UAE_NPAUIServerUserItem@@EK@Z 1001f3f0 f   MatchServiceManager.obj
 0001:0001e470       ?OnEventUserLogon@CMatchServiceManager@@UAE_NPAUIServerUserItem@@@Z 1001f470 f   MatchServiceManager.obj
 0001:0001e4f0       ?OnEventUserLogonFinish@CMatchServiceManager@@UAE_NPAUIServerUserItem@@@Z 1001f4f0 f   MatchServiceManager.obj
 0001:0001e570       ?OnEventUserLogout@CMatchServiceManager@@UAE_NPAUIServerUserItem@@@Z 1001f570 f   MatchServiceManager.obj
 0001:0001e5f0       ?OnEventUserQuitMatch@CMatchServiceManager@@UAE_NPAUIServerUserItem@@EPAGK@Z 1001f5f0 f   MatchServiceManager.obj
 0001:0001e680       ?QueryInterface@CMatchServiceManager@@UAEPAXABU_GUID@@K@Z 1001f680 f   MatchServiceManager.obj
 0001:0001e730       ?StartService@CMatchServiceManager@@UAE_NXZ 1001f730 f   MatchServiceManager.obj
 0001:0001e7c0       ?StopService@CMatchServiceManager@@UAE_NXZ 1001f7c0 f   MatchServiceManager.obj
 0001:0001e850       _CreateMatchServiceManager 1001f850 f   MatchServiceManager.obj
 0001:0001ea20       ?_AfxInitManaged@@YAHXZ    1001fa20 f i Stdafx.obj
 0001:0001ea40       ??$AtlAdd@H@ATL@@YAJPAHHH@Z 1001fa40 f i Stdafx.obj
 0001:0001ea90       ??$AtlAdd@I@ATL@@YAJPAIII@Z 1001fa90 f i Stdafx.obj
 0001:0001eae0       ??$AtlAdd@K@ATL@@YAJPAKKK@Z 1001fae0 f i Stdafx.obj
 0001:0001eb30       ??$AtlAlignUp@H@ATL@@YGHHK@Z 1001fb30 f i Stdafx.obj
 0001:0001eb60       ??$AtlMultiply@K@ATL@@YAJPAKKK@Z 1001fb60 f i Stdafx.obj
 0001:0001ebc0       ??$_Getvals@_W@?$time_get@DV?$istreambuf_iterator@DU?$char_traits@D@std@@@std@@@std@@IAEX_WABV_Locinfo@1@@Z 1001fbc0 f i Stdafx.obj
 0001:0001ecf0       ??$_Getvals@_W@?$time_get@_WV?$istreambuf_iterator@_WU?$char_traits@_W@std@@@std@@@std@@IAEX_WABV_Locinfo@1@@Z 1001fcf0 f i Stdafx.obj
 0001:0001ee20       ??$_Maklocstr@D@std@@YAPADPBDPADABU_Cvtvec@@@Z 1001fe20 f i Stdafx.obj
 0001:0001eed0       ??$_Maklocstr@_W@std@@YAPA_WPBDPA_WABU_Cvtvec@@@Z 1001fed0 f i Stdafx.obj
 0001:0001f050       ??0?$CSimpleArray@GV?$CSimpleArrayEqualHelper@G@ATL@@@ATL@@QAE@XZ 10020050 f i Stdafx.obj
 0001:0001f090       ??0?$CTraceCategoryEx@$00$0A@@ATL@@QAE@PBD@Z 10020090 f i Stdafx.obj
 0001:0001f0c0       ??0?$CTraceCategoryEx@$01$0A@@ATL@@QAE@PBD@Z 100200c0 f i Stdafx.obj
 0001:0001f0f0       ??0?$CTraceCategoryEx@$03$0A@@ATL@@QAE@PBD@Z 100200f0 f i Stdafx.obj
 0001:0001f120       ??0?$CTraceCategoryEx@$07$0A@@ATL@@QAE@PBD@Z 10020120 f i Stdafx.obj
 0001:0001f150       ??0?$CTraceCategoryEx@$0BA@$0A@@ATL@@QAE@PBD@Z 10020150 f i Stdafx.obj
 0001:0001f180       ??0?$CTraceCategoryEx@$0BAA@$0A@@ATL@@QAE@PBD@Z 10020180 f i Stdafx.obj
 0001:0001f1c0       ??0?$CTraceCategoryEx@$0BAAA@$0A@@ATL@@QAE@PBD@Z 100201c0 f i Stdafx.obj
 0001:0001f200       ??0?$CTraceCategoryEx@$0BAAAA@$0A@@ATL@@QAE@PBD@Z 10020200 f i Stdafx.obj
 0001:0001f240       ??0?$CTraceCategoryEx@$0BAAAAA@$0A@@ATL@@QAE@PBD@Z 10020240 f i Stdafx.obj
 0001:0001f280       ??0?$CTraceCategoryEx@$0CA@$0A@@ATL@@QAE@PBD@Z 10020280 f i Stdafx.obj
 0001:0001f2b0       ??0?$CTraceCategoryEx@$0CAA@$0A@@ATL@@QAE@PBD@Z 100202b0 f i Stdafx.obj
 0001:0001f2f0       ??0?$CTraceCategoryEx@$0CAAAA@$0A@@ATL@@QAE@PBD@Z 100202f0 f i Stdafx.obj
 0001:0001f330       ??0?$CTraceCategoryEx@$0CAAAAA@$0A@@ATL@@QAE@PBD@Z 10020330 f i Stdafx.obj
 0001:0001f370       ??0?$CTraceCategoryEx@$0EA@$0A@@ATL@@QAE@PBD@Z 10020370 f i Stdafx.obj
 0001:0001f3a0       ??0?$CTraceCategoryEx@$0EAA@$0A@@ATL@@QAE@PBD@Z 100203a0 f i Stdafx.obj
 0001:0001f3e0       ??0?$CTraceCategoryEx@$0EAAA@$0A@@ATL@@QAE@PBD@Z 100203e0 f i Stdafx.obj
 0001:0001f420       ??0?$CTraceCategoryEx@$0EAAAA@$0A@@ATL@@QAE@PBD@Z 10020420 f i Stdafx.obj
 0001:0001f460       ??0?$CTraceCategoryEx@$0EAAAAA@$0A@@ATL@@QAE@PBD@Z 10020460 f i Stdafx.obj
 0001:0001f4a0       ??0?$CTraceCategoryEx@$0IA@$0A@@ATL@@QAE@PBD@Z 100204a0 f i Stdafx.obj
 0001:0001f4e0       ??0?$CTraceCategoryEx@$0IAA@$0A@@ATL@@QAE@PBD@Z 100204e0 f i Stdafx.obj
 0001:0001f520       ??0?$CTraceCategoryEx@$0IAAA@$0A@@ATL@@QAE@PBD@Z 10020520 f i Stdafx.obj
 0001:0001f560       ??0?$CTraceCategoryEx@$0IAAAA@$0A@@ATL@@QAE@PBD@Z 10020560 f i Stdafx.obj
 0001:0001f5a0       ??0CAtlComModule@ATL@@QAE@XZ 100205a0 f i Stdafx.obj
 0001:0001f690       ??0CAtlStringMgr@ATL@@QAE@PAUIAtlMemMgr@1@@Z 10020690 f i Stdafx.obj
 0001:0001f6f0       ??0CAtlStringMgrStaticInitializer@ATLImplementationDetails@ATL@@QAE@XZ 100206f0 f i Stdafx.obj
 0001:0001f720       ??0CAtlWinModule@ATL@@QAE@XZ 10020720 f i Stdafx.obj
 0001:0001f7c0       ??0CComCriticalSection@ATL@@QAE@XZ 100207c0 f i Stdafx.obj
 0001:0001f7f0       ??0CNilStringData@ATL@@QAE@XZ 100207f0 f i Stdafx.obj
 0001:0001f870       ??0CWin32Heap@ATL@@QAE@PAX@Z 10020870 f i Stdafx.obj
 0001:0001f8f0       ??0_ATL_COM_MODULE70@ATL@@QAE@XZ 100208f0 f i Stdafx.obj
 0001:0001f920       ??0_ATL_WIN_MODULE70@ATL@@QAE@XZ 10020920 f i Stdafx.obj
 0001:0001f9a0       ??1?$CSimpleArray@GV?$CSimpleArrayEqualHelper@G@ATL@@@ATL@@QAE@XZ 100209a0 f i Stdafx.obj
 0001:0001fa00       ??1CAtlComModule@ATL@@QAE@XZ 10020a00 f i Stdafx.obj
 0001:0001fa60       ??1CAtlStringMgr@ATL@@UAE@XZ 10020a60 f i Stdafx.obj
 0001:0001fa80       ??1CAtlWinModule@ATL@@QAE@XZ 10020a80 f i Stdafx.obj
 0001:0001fae0       ??1CComCriticalSection@ATL@@QAE@XZ 10020ae0 f i Stdafx.obj
 0001:0001fb00       ??1CWin32Heap@ATL@@UAE@XZ  10020b00 f i Stdafx.obj
 0001:0001fb90       ??1_ATL_COM_MODULE70@ATL@@QAE@XZ 10020b90 f i Stdafx.obj
 0001:0001fbc0       ??1_ATL_WIN_MODULE70@ATL@@QAE@XZ 10020bc0 f i Stdafx.obj
 0001:0001fc00       ??A?$CSimpleArray@GV?$CSimpleArrayEqualHelper@G@ATL@@@ATL@@QAEAAGH@Z 10020c00 f i Stdafx.obj
 0001:0001fca0       ??B?$CTraceCategoryEx@$01$0A@@ATL@@QAEIXZ 10020ca0 f i Stdafx.obj
 0001:0001fcc0       ??B?$CTraceCategoryEx@$0CA@$0A@@ATL@@QAEIXZ 10020cc0 f i Stdafx.obj
 0001:0001fce0       ??_ECAtlStringMgr@ATL@@UAEPAXI@Z 10020ce0 f i Stdafx.obj
 0001:0001fce0       ??_GCAtlStringMgr@ATL@@UAEPAXI@Z 10020ce0 f i Stdafx.obj
 0001:0001fd30       ??_ECWin32Heap@ATL@@UAEPAXI@Z 10020d30 f i Stdafx.obj
 0001:0001fd30       ??_GCWin32Heap@ATL@@UAEPAXI@Z 10020d30 f i Stdafx.obj
 0001:0001fd80       ??_H@YGXPAXIIP6EPAX0@Z@Z   10020d80 f i Stdafx.obj
 0001:0001fdd0       ?AddRef@CStringData@ATL@@QAEXXZ 10020dd0 f i Stdafx.obj
 0001:0001fe30       ?Allocate@CAtlStringMgr@ATL@@UAEPAUCStringData@2@HH@Z 10020e30 f i Stdafx.obj
 0001:00020000       ?Allocate@CWin32Heap@ATL@@UAEPAXI@Z 10021000 f i Stdafx.obj
 0001:00020040       ?AtlWinModuleInit@ATL@@YGJPAU_ATL_WIN_MODULE70@1@@Z 10021040 f i Stdafx.obj
 0001:00020130       ?AtlWinModuleTerm@ATL@@YGJPAU_ATL_WIN_MODULE70@1@PAUHINSTANCE__@@@Z 10021130 f i Stdafx.obj
 0001:00020200       ?Clone@CAtlStringMgr@ATL@@UAEPAUIAtlStringMgr@2@XZ 10021200 f i Stdafx.obj
 0001:00020220       ?Free@CAtlStringMgr@ATL@@UAEXPAUCStringData@2@@Z 10021220 f i Stdafx.obj
 0001:000202d0       ?Free@CWin32Heap@ATL@@UAEXPAX@Z 100212d0 f i Stdafx.obj
 0001:00020350       ?GetInstance@CAtlStringMgr@ATL@@SAPAUIAtlStringMgr@2@XZ 10021350 f i Stdafx.obj
 0001:00020450       ?GetModuleInstance@CAtlBaseModule@ATL@@QAEPAUHINSTANCE__@@XZ 10021450 f i Stdafx.obj
 0001:00020470       ?GetNilString@CAtlStringMgr@ATL@@UAEPAUCStringData@2@XZ 10021470 f i Stdafx.obj
 0001:000204a0       ?GetSize@?$CSimpleArray@GV?$CSimpleArrayEqualHelper@G@ATL@@@ATL@@QBEHXZ 100214a0 f i Stdafx.obj
 0001:000204c0       ?GetSize@CWin32Heap@ATL@@UAEIPAX@Z 100214c0 f i Stdafx.obj
 0001:00020500       ?Init@CComCriticalSection@ATL@@QAEJXZ 10021500 f i Stdafx.obj
 0001:00020560       ?Reallocate@CAtlStringMgr@ATL@@UAEPAUCStringData@2@PAU32@HH@Z 10021560 f i Stdafx.obj
 0001:00020750       ?Reallocate@CWin32Heap@ATL@@UAEPAXPAXI@Z 10021750 f i Stdafx.obj
 0001:000207d0       ?RemoveAll@?$CSimpleArray@GV?$CSimpleArrayEqualHelper@G@ATL@@@ATL@@QAEXXZ 100217d0 f i Stdafx.obj
 0001:00020850       ?SetManager@CNilStringData@ATL@@QAEXPAUIAtlStringMgr@2@@Z 10021850 f i Stdafx.obj
 0001:000208b0       ?Term@CAtlComModule@ATL@@QAEXXZ 100218b0 f i Stdafx.obj
 0001:00020970       ?Term@CAtlWinModule@ATL@@QAEXXZ 10021970 f i Stdafx.obj
 0001:000209a0       ?Term@CComCriticalSection@ATL@@QAEJXZ 100219a0 f i Stdafx.obj
 0001:000209d0       ?_AtlInitializeCriticalSectionEx@ATL@@YAHPAU_RTL_CRITICAL_SECTION@@KK@Z 100219d0 f i Stdafx.obj
 0001:00020a00       ?_AtlRaiseException@ATL@@YAXKK@Z 10021a00 f i Stdafx.obj
 0001:00020a30       ?_Maklocwcs@std@@YAPA_WPB_W@Z 10021a30 f i Stdafx.obj
 0001:00020ab0       _wmemcpy                   10021ab0 f i Stdafx.obj
 0001:00020ae0       ??0CTableFrameHook@@QAE@XZ 10021ae0 f   TableFrameHook.obj
 0001:00020b50       ??0ITableFrameHook@@QAE@XZ 10021b50 f i TableFrameHook.obj
 0001:00020b80       ??0ITableUserAction@@QAE@XZ 10021b80 f i TableFrameHook.obj
 0001:00020bb0       ??1CTableFrameHook@@UAE@XZ 10021bb0 f   TableFrameHook.obj
 0001:00020be0       ??_GCTableFrameHook@@UAEPAXI@Z 10021be0 f i TableFrameHook.obj
 0001:00020be0       ??_ECTableFrameHook@@UAEPAXI@Z 10021be0 f i TableFrameHook.obj
 0001:00020c30       ?InitTableFrameHook@CTableFrameHook@@UAE_NPAUIUnknownEx@@@Z 10021c30 f   TableFrameHook.obj
 0001:00020d10       ?OnActionUserConnect@CTableFrameHook@@UAE_NGPAUIServerUserItem@@@Z 10021d10 f i TableFrameHook.obj
 0001:00020d30       ?OnActionUserOffLine@CTableFrameHook@@UAE_NGPAUIServerUserItem@@@Z 10021d30 f i TableFrameHook.obj
 0001:00020d50       ?OnActionUserOnReady@CTableFrameHook@@UAE_NGPAUIServerUserItem@@PAXG@Z 10021d50 f   TableFrameHook.obj
 0001:00020dc0       ?OnActionUserSitDown@CTableFrameHook@@UAE_NGPAUIServerUserItem@@_N@Z 10021dc0 f   TableFrameHook.obj
 0001:00020e30       ?OnActionUserStandUp@CTableFrameHook@@UAE_NGPAUIServerUserItem@@_N@Z 10021e30 f   TableFrameHook.obj
 0001:00020ea0       ?OnEventGameEnd@CTableFrameHook@@UAE_NGPAUIServerUserItem@@E@Z 10021ea0 f   TableFrameHook.obj
 0001:00020f00       ?OnEventGameStart@CTableFrameHook@@UAE_NG@Z 10021f00 f   TableFrameHook.obj
 0001:00020f60       ?OnEventUserReturnMatch@CTableFrameHook@@UAE_NPAUIServerUserItem@@@Z 10021f60 f   TableFrameHook.obj
 0001:00020fb0       ?QueryInterface@CTableFrameHook@@UAEPAXABU_GUID@@K@Z 10021fb0 f   TableFrameHook.obj
 0001:000210b5       ?QueryInterface@CTableFrameHook@@W3AEPAXABU_GUID@@K@Z 100220b5 f i TableFrameHook.obj
 0001:000210c0       ?Release@CTableFrameHook@@UAEXXZ 100220c0 f i TableFrameHook.obj
 0001:00021110       ?Release@CTableFrameHook@@W3AEXXZ 10022110 f i TableFrameHook.obj
 0001:00021120       ?SetMatchEventSink@CTableFrameHook@@UAE_NPAUIUnknownEx@@@Z 10022120 f   TableFrameHook.obj
 0001:0002117b       ?TraceString@CTraceService@@SA_NPBDW4enTraceLevel@@@Z 1002217b f   KernelEngine:KernelEngine.dll
 0001:00021181       ??2@YAPAXI@Z               10022181 f   mfc140d:mfc140d.dll
 0001:00021187       ??_U@YAPAXI@Z              10022187 f   mfc140d:mfc140d.dll
 0001:0002118d       ??_V@YAXPAX@Z              1002218d f   mfc140d:mfc140d.dll
 0001:00021193       ?AfxAssertValidObject@@YGXPBVCObject@@PBDH@Z 10022193 f   mfc140d:mfc140d.dll
 0001:00021199       ?AfxThrowInvalidArgException@@YGXXZ 10022199 f   mfc140d:mfc140d.dll
 0001:0002119f       ?GetRuntimeClass@CObject@@UBEPAUCRuntimeClass@@XZ 1002219f f   mfc140d:mfc140d.dll
 0001:000211a5       ??1CObject@@UAE@XZ         100221a5 f   mfc140d:mfc140d.dll
 0001:000211ab       ??3CObject@@SGXPAX@Z       100221ab f   mfc140d:mfc140d.dll
 0001:000211b1       ??0CObject@@IAE@XZ         100221b1 f   mfc140d:mfc140d.dll
 0001:000211b7       ?Serialize@CObject@@UAEXAAVCArchive@@@Z 100221b7 f   mfc140d:mfc140d.dll
 0001:000211bd       ?AssertValid@CObject@@UBEXXZ 100221bd f   mfc140d:mfc140d.dll
 0001:000211c3       ?Dump@CObject@@UBEXAAVCDumpContext@@@Z 100221c3 f   mfc140d:mfc140d.dll
 0001:000211c9       ?AfxIsValidAddress@@YGHPBXIH@Z 100221c9 f   mfc140d:mfc140d.dll
 0001:000211cf       ??_U@YAPAXIPBDH@Z          100221cf f   mfc140d:mfc140d.dll
 0001:000211d5       ?IsStoring@CArchive@@QBEHXZ 100221d5 f   mfc140d:mfc140d.dll
 0001:000211db       ?EnsureRead@CArchive@@QAEXPAXI@Z 100221db f   mfc140d:mfc140d.dll
 0001:000211e1       ?Write@CArchive@@QAEXPBXI@Z 100221e1 f   mfc140d:mfc140d.dll
 0001:000211e7       ?ReadCount@CArchive@@QAEKXZ 100221e7 f   mfc140d:mfc140d.dll
 0001:000211ed       ?WriteCount@CArchive@@QAEXK@Z 100221ed f   mfc140d:mfc140d.dll
 0001:000211f3       ?GetDepth@CDumpContext@@QBEHXZ 100221f3 f   mfc140d:mfc140d.dll
 0001:000211f9       ??6CDumpContext@@QAEAAV0@PBD@Z 100221f9 f   mfc140d:mfc140d.dll
 0001:000211ff       ??6CDumpContext@@QAEAAV0@H@Z 100221ff f   mfc140d:mfc140d.dll
 0001:00021205       ?Create@CPlex@@SGPAU1@AAPAU1@II@Z 10022205 f   mfc140d:mfc140d.dll
 0001:0002120b       ?FreeDataChain@CPlex@@QAEXXZ 1002220b f   mfc140d:mfc140d.dll
 0001:00021211       ??3@YAXPAX@Z               10022211 f   mfc140d:mfc140d.dll
 0001:00021217       ??2CObject@@SGPAXI@Z       10022217 f   mfc140d:mfc140d.dll
 0001:0002121d       ?AfxGetModuleState@@YGPAVAFX_MODULE_STATE@@XZ 1002221d f   mfc140d:mfc140d.dll
 0001:00021223       ??0CDynLinkLibrary@@QAE@AAUAFX_EXTENSION_MODULE@@H@Z 10022223 f   mfc140d:mfc140d.dll
 0001:00021229       ?AfxInitExtensionModule@@YGHAAUAFX_EXTENSION_MODULE@@PAUHINSTANCE__@@@Z 10022229 f   mfc140d:mfc140d.dll
 0001:0002122f       ?AfxTermExtensionModule@@YGXAAUAFX_EXTENSION_MODULE@@H@Z 1002222f f   mfc140d:mfc140d.dll
 0001:00021235       ?AfxThrowMemoryException@@YGXXZ 10022235 f   mfc140d:mfc140d.dll
 0001:0002123b       ?AfxThrowOleException@@YGXJ@Z 1002223b f   mfc140d:mfc140d.dll
 0001:00021241       ??B?$CSimpleStringT@D$00@ATL@@QBEPBDXZ 10022241 f   mfc140d:mfc140d.dll
 0001:00021247       ??0?$CStringT@DV?$StrTraitMFC_DLL@DV?$ChTraitsCRT@D@ATL@@@@@ATL@@QAE@XZ 10022247 f   mfc140d:mfc140d.dll
 0001:0002124d       ??1?$CStringT@DV?$StrTraitMFC_DLL@DV?$ChTraitsCRT@D@ATL@@@@@ATL@@QAE@XZ 1002224d f   mfc140d:mfc140d.dll
 0001:00021253       ?Format@?$CStringT@DV?$StrTraitMFC_DLL@DV?$ChTraitsCRT@D@ATL@@@@@ATL@@QAAXPBDZZ 10022253 f   mfc140d:mfc140d.dll
 0001:00021259       ??2@YAPAXIPBDH@Z           10022259 f   mfc140d:mfc140d.dll
 0001:0002125f       ??3@YAXPAXPBDH@Z           1002225f f   mfc140d:mfc140d.dll
 0001:00021270       ??1CComBSTR@ATL@@QAE@XZ    10022270 f i mfcs140d:nolib.obj
 0001:000212b0       ??1stringdispid@CComTypeInfoHolder@ATL@@QAE@XZ 100222b0 f i mfcs140d:nolib.obj
 0001:000212e0       ??_Estringdispid@CComTypeInfoHolder@ATL@@QAEPAXI@Z 100222e0 f i mfcs140d:nolib.obj
 0001:000213c0       _IsolationAwareActivateActCtx@8 100223c0 f i mfcs140d:nolib.obj
 0001:00021480       _IsolationAwareCreateActCtxW@4 10022480 f i mfcs140d:nolib.obj
 0001:00021540       _IsolationAwareDeactivateActCtx@8 10022540 f i mfcs140d:nolib.obj
 0001:00021600       _IsolationAwareFindActCtxSectionStringW@20 10022600 f i mfcs140d:nolib.obj
 0001:000216d0       _IsolationAwarePrivatenPgViNgRzlnPgpgk@4 100226d0 f i mfcs140d:nolib.obj
 0001:000217f0       _IsolationAwarePrivatezltRgCebPnQQeRff@12 100227f0 f i mfcs140d:nolib.obj
 0001:000218c0       _IsolationAwarePrivatezltRgzbQhYRuNaQYRJ@4 100228c0 f i mfcs140d:nolib.obj
 0001:000218f0       _IsolationAwarePrivatezltRgzbQhYRuNaQYRn@4 100228f0 f i mfcs140d:nolib.obj
 0001:00021920       _IsolationAwareQueryActCtxW@28 10022920 f i mfcs140d:nolib.obj
 0001:00021a00       _IsolationAwareUnregisterClassA@8 10022a00 f i mfcs140d:nolib.obj
 0001:00021c10       _WinbaseIsolationAwarePrivatetRgCebPnQQeRff_xReaRYQP_QYY@4 10022c10 f i mfcs140d:nolib.obj
 0001:00021c40       _WinbaseIsolationAwarePrivatetRgzlnPgpgk@0 10022c40 f i mfcs140d:nolib.obj
 0001:00022090       ??3@YAXPAXI@Z              10023090 f   msvcrtd:delete_scalar_size.obj
 0001:000220b0       @__security_check_cookie@4 100230b0 f   msvcrtd:secchk.obj
 0001:000220d0       ??1type_info@@UAE@XZ       100230d0 f   msvcrtd:std_type_info_static.obj
 0001:000220f0       ??_Gtype_info@@UAEPAXI@Z   100230f0 f i msvcrtd:std_type_info_static.obj
 0001:000220f0       ??_Etype_info@@UAEPAXI@Z   100230f0 f i msvcrtd:std_type_info_static.obj
 0001:00022130       ??_M@YGXPAXIHP6EX0@Z@Z     10023130 f   msvcrtd:ehvecdtr.obj
 0001:00022160       ??_M@YGXPAXIIP6EX0@Z@Z     10023160 f   msvcrtd:ehvecdtr.obj
 0001:000222a0       ?__ArrayUnwind@@YGXPAXIIP6EX0@Z@Z 100232a0 f   msvcrtd:ehvecdtr.obj
 0001:00022380       ??_V@YAXPAXI@Z             10023380 f   msvcrtd:delete_array_size.obj
 0001:000223e0       ??$__crt_fast_decode_pointer@P6GHPAU_RTL_CONDITION_VARIABLE@@PAU_RTL_CRITICAL_SECTION@@K@Z@@YAP6GHPAU_RTL_CONDITION_VARIABLE@@PAU_RTL_CRITICAL_SECTION@@K@ZQ6GH01K@Z@Z 100233e0 f i msvcrtd:thread_safe_statics.obj
 0001:00022410       ??$__crt_fast_decode_pointer@P6GXPAU_RTL_CONDITION_VARIABLE@@@Z@@YAP6GXPAU_RTL_CONDITION_VARIABLE@@@ZQ6GX0@Z@Z 10023410 f i msvcrtd:thread_safe_statics.obj
 0001:00022440       ??$__crt_fast_encode_pointer@P6GHPAU_RTL_CONDITION_VARIABLE@@PAU_RTL_CRITICAL_SECTION@@K@Z@@YAP6GHPAU_RTL_CONDITION_VARIABLE@@PAU_RTL_CRITICAL_SECTION@@K@ZQ6GH01K@Z@Z 10023440 f i msvcrtd:thread_safe_statics.obj
 0001:00022480       ??$__crt_fast_encode_pointer@P6GXPAU_RTL_CONDITION_VARIABLE@@@Z@@YAP6GXPAU_RTL_CONDITION_VARIABLE@@@ZQ6GX0@Z@Z 10023480 f i msvcrtd:thread_safe_statics.obj
 0001:000224c0       ?__crt_rotate_pointer_value@@YAIIH@Z 100234c0 f i msvcrtd:thread_safe_statics.obj
 0001:00022640       ?__scrt_is_event_api_used@@YA_NQAX@Z 10023640 f i msvcrtd:thread_safe_statics.obj
 0001:000226f0       __Init_thread_abort        100236f0 f   msvcrtd:thread_safe_statics.obj
 0001:00022720       __Init_thread_footer       10023720 f   msvcrtd:thread_safe_statics.obj
 0001:00022780       __Init_thread_header       10023780 f   msvcrtd:thread_safe_statics.obj
 0001:00022810       __Init_thread_lock         10023810 f   msvcrtd:thread_safe_statics.obj
 0001:00022830       __Init_thread_notify       10023830 f   msvcrtd:thread_safe_statics.obj
 0001:000228b0       __Init_thread_unlock       100238b0 f   msvcrtd:thread_safe_statics.obj
 0001:000228d0       __Init_thread_wait         100238d0 f   msvcrtd:thread_safe_statics.obj
 0001:00022990       __allmul                   10023990 f   msvcrtd:llmul.obj
 0001:000229e0       __allshl                   100239e0 f   msvcrtd:llshl.obj
 0001:00022a10       __alldiv                   10023a10 f   msvcrtd:lldiv.obj
 0001:00022af0       ??$__crt_fast_decode_pointer@PAP6AXXZ@@YAPAP6AXXZQAP6AXXZ@Z 10023af0 f i msvcrtd:utility.obj
 0001:00022b20       ??$__crt_fast_encode_pointer@PAP6AXXZ@@YAPAP6AXXZQAP6AXXZ@Z 10023b20 f i msvcrtd:utility.obj
 0001:00022b60       ?configure_argv@__scrt_narrow_argv_policy@@SAHXZ 10023b60 f i msvcrtd:utility.obj
 0001:00022c30       ?initialize_environment@__scrt_narrow_environment_policy@@SAHXZ 10023c30 f i msvcrtd:utility.obj
 0001:00022cd0       _NtCurrentTeb              10023cd0 f i msvcrtd:utility.obj
 0001:00022ce0       ___scrt_acquire_startup_lock 10023ce0 f   msvcrtd:utility.obj
 0001:00022d40       ___scrt_dllmain_after_initialize_c 10023d40 f   msvcrtd:utility.obj
 0001:00022d80       ___scrt_dllmain_before_initialize_c 10023d80 f   msvcrtd:utility.obj
 0001:00022db0       ___scrt_dllmain_crt_thread_attach 10023db0 f   msvcrtd:utility.obj
 0001:00022df0       ___scrt_dllmain_crt_thread_detach 10023df0 f   msvcrtd:utility.obj
 0001:00022e10       ___scrt_dllmain_exception_filter 10023e10 f   msvcrtd:utility.obj
 0001:00022e70       ___scrt_dllmain_uninitialize_c 10023e70 f   msvcrtd:utility.obj
 0001:00022eb0       ___scrt_dllmain_uninitialize_critical 10023eb0 f   msvcrtd:utility.obj
 0001:00022ed0       ___scrt_initialize_crt     10023ed0 f   msvcrtd:utility.obj
 0001:00022f30       ___scrt_initialize_onexit_tables 10023f30 f   msvcrtd:utility.obj
 0001:00023050       ___scrt_is_nonwritable_in_current_image 10024050 f   msvcrtd:utility.obj
 0001:000231d0       ___scrt_release_startup_lock 100241d0 f   msvcrtd:utility.obj
 0001:00023200       ___scrt_uninitialize_crt   10024200 f   msvcrtd:utility.obj
 0001:00023250       __onexit                   10024250 f   msvcrtd:utility.obj
 0001:000232e0       _at_quick_exit             100242e0 f   msvcrtd:utility.obj
 0001:00023340       _atexit                    10024340 f   msvcrtd:utility.obj
 0001:00023940       __CRT_INIT@12              10024940 f   msvcrtd:dll_dllmain.obj
 0001:00023960       __DllMainCRTStartup@12     10024960 f   msvcrtd:dll_dllmain.obj
 0001:00023990       @_RTC_AllocaHelper@12      10024990 f   msvcrtd:stack.obj
 0001:000239d0       @_RTC_CheckStackVars2@12   100249d0 f   msvcrtd:stack.obj
 0001:00023af0       @_RTC_CheckStackVars@8     10024af0 f   msvcrtd:stack.obj
 0001:00023b70       __RTC_CheckEsp             10024b70 f   msvcrtd:stack.obj
 0001:00023bb0       __CRT_RTC_INIT             10024bb0 f   msvcrtd:init.obj
 0001:00023bc0       __CRT_RTC_INITW            10024bc0 f   msvcrtd:init.obj
 0001:00023bd0       __RTC_InitBase             10024bd0 f   msvcrtd:init.obj
 0001:00023c10       __RTC_Shutdown             10024c10 f   msvcrtd:init.obj
 0001:00023c30       __except_handler4          10024c30 f   msvcrtd:chandler4gs.obj
 0001:00023c60       @_guard_check_icall_nop@4  10024c60 f i msvcrtd:guard_support.obj
 0001:00023c70       _ReadNoFence               10024c70 f i msvcrtd:guard_support.obj
 0001:00023c90       _ReadPointerNoFence        10024c90 f i msvcrtd:guard_support.obj
 0001:00023cb0       __guard_icall_checks_enforced 10024cb0 f i msvcrtd:guard_support.obj
 0001:00023cf0       ___raise_securityfailure   10024cf0 f   msvcrtd:gs_report.obj
 0001:00023d30       ___report_gsfailure        10024d30 f   msvcrtd:gs_report.obj
 0001:00023e80       ___report_rangecheckfailure 10024e80 f   msvcrtd:gs_report.obj
 0001:00023e90       ___report_securityfailure  10024e90 f   msvcrtd:gs_report.obj
 0001:00023fa0       ___report_securityfailureEx 10024fa0 f   msvcrtd:gs_report.obj
 0001:00024110       ___scrt_fastfail           10025110 f   msvcrtd:utility_desktop.obj
 0001:000242a0       ___scrt_get_show_window_mode 100252a0 f   msvcrtd:utility_desktop.obj
 0001:000242f0       ___scrt_initialize_mta     100252f0 f   msvcrtd:utility_desktop.obj
 0001:00024300       ___scrt_initialize_winrt   10025300 f   msvcrtd:utility_desktop.obj
 0001:00024310       ___scrt_is_managed_app     10025310 f   msvcrtd:utility_desktop.obj
 0001:000243c0       ___scrt_set_unhandled_exception_filter 100253c0 f   msvcrtd:utility_desktop.obj
 0001:000243e0       ___scrt_exe_initialize_mta 100253e0 f   msvcrtd:utility_desktop.obj
 0001:000243e0       ___scrt_stub_for_initialize_mta 100253e0 f   msvcrtd:utility_desktop.obj
 0001:000243f0       ___scrt_unhandled_exception_filter@4 100253f0 f   msvcrtd:utility_desktop.obj
 0001:00024470       __crt_debugger_hook        10025470 f   msvcrtd:utility_desktop.obj
 0001:00024490       ___isa_available_init      10025490 f   msvcrtd:cpu_disp.obj
 0001:00024820       __get_startup_argv_mode    10025820 f   msvcrtd:argv_mode.obj
 0001:00024830       ___scrt_is_ucrt_dll_in_use 10025830 f   msvcrtd:ucrt_detection.obj
 0001:000248f0       ___security_init_cookie    100258f0 f   msvcrtd:gs_support.obj
 0001:00024990       ?__scrt_initialize_type_info@@YAXXZ 10025990 f   msvcrtd:tncleanup.obj
 0001:000249b0       ?__scrt_uninitialize_type_info@@YAXXZ 100259b0 f   msvcrtd:tncleanup.obj
 0001:000249d0       ___local_stdio_scanf_options 100259d0 f i msvcrtd:default_local_stdio_options.obj
 0001:000249e0       ___scrt_initialize_default_local_stdio_options 100259e0 f   msvcrtd:default_local_stdio_options.obj
 0001:00024a30       ___scrt_get_dyn_tls_init_callback 10025a30 f   msvcrtd:dyn_tls_init.obj
 0001:00024a40       __RTC_Initialize           10025a40 f   msvcrtd:initsect.obj
 0001:00024a80       __RTC_Terminate            10025a80 f   msvcrtd:initsect.obj
 0001:00024b70       ?_RTC_AllocaFailure@@YAXPAXPAU_RTC_ALLOCA_NODE@@H@Z 10025b70 f   msvcrtd:error.obj
 0001:00024c90       ?_RTC_Failure@@YAXPAXH@Z   10025c90 f   msvcrtd:error.obj
 0001:00024d00       ?_RTC_StackFailure@@YAXPAXPBD@Z 10025d00 f   msvcrtd:error.obj
 0001:000251b0       __RTC_UninitUse            100261b0 f   msvcrtd:error.obj
 0001:00025290       __vsprintf_s_l             10026290 f i msvcrtd:error.obj
 0001:000252d0       _sprintf_s                 100262d0 f i msvcrtd:error.obj
 0001:00025300       ?_RTC_GetErrorFunc@@YAP6AHHPBDH00ZZPBX@Z 10026300 f   msvcrtd:userapi.obj
 0001:00025310       ?_RTC_GetErrorFuncW@@YAP6AHHPB_WH00ZZPBX@Z 10026310 f   msvcrtd:userapi.obj
 0001:00025320       __RTC_GetErrDesc           10026320 f   msvcrtd:userapi.obj
 0001:00025340       __RTC_NumErrors            10026340 f   msvcrtd:userapi.obj
 0001:00025350       __RTC_SetErrorFunc         10026350 f   msvcrtd:userapi.obj
 0001:00025380       __RTC_SetErrorFuncW        10026380 f   msvcrtd:userapi.obj
 0001:000253b0       __RTC_SetErrorType         100263b0 f   msvcrtd:userapi.obj
 0001:00025970       ?_RTC_GetSrcLine@@YAHPAEPA_WKPAH1K@Z 10026970 f   msvcrtd:pdblkup.obj
 0001:00025de0       __except_handler4_noexcept 10026de0 f   msvcrtd:chandler4_noexcept.obj
 0001:00025e38       _GetLastError@0            10026e38 f   kernel32:KERNEL32.dll
 0001:00025e3e       _SetLastError@4            10026e3e f   kernel32:KERNEL32.dll
 0001:00025e44       _lstrcpynA@12              10026e44 f   kernel32:KERNEL32.dll
 0001:00025e4a       _lstrlenA@4                10026e4a f   kernel32:KERNEL32.dll
 0001:00025e50       _MultiByteToWideChar@24    10026e50 f   kernel32:KERNEL32.dll
 0001:00025e56       _GetSystemTime@4           10026e56 f   kernel32:KERNEL32.dll
 0001:00025e5c       _GetLocalTime@4            10026e5c f   kernel32:KERNEL32.dll
 0001:00025e62       _DecodePointer@4           10026e62 f   kernel32:KERNEL32.dll
 0001:00025e68       _RaiseException@16         10026e68 f   kernel32:KERNEL32.dll
 0001:00025e6e       _HeapDestroy@4             10026e6e f   kernel32:KERNEL32.dll
 0001:00025e74       _HeapAlloc@12              10026e74 f   kernel32:KERNEL32.dll
 0001:00025e7a       _HeapReAlloc@16            10026e7a f   kernel32:KERNEL32.dll
 0001:00025e80       _HeapFree@12               10026e80 f   kernel32:KERNEL32.dll
 0001:00025e86       _HeapSize@12               10026e86 f   kernel32:KERNEL32.dll
 0001:00025e8c       _GetProcessHeap@0          10026e8c f   kernel32:KERNEL32.dll
 0001:00025e92       _InitializeCriticalSectionAndSpinCount@8 10026e92 f   kernel32:KERNEL32.dll
 0001:00025e98       _DeleteCriticalSection@4   10026e98 f   kernel32:KERNEL32.dll
 0001:00025e9e       _OutputDebugStringA@4      10026e9e f   kernel32:KERNEL32.dll
 0001:00025ea4       _GetModuleFileNameW@12     10026ea4 f   kernel32:KERNEL32.dll
 0001:00025eaa       _GetModuleHandleA@4        10026eaa f   kernel32:KERNEL32.dll
 0001:00025eb0       _GetModuleHandleW@4        10026eb0 f   kernel32:KERNEL32.dll
 0001:00025eb6       _GetProcAddress@8          10026eb6 f   kernel32:KERNEL32.dll
 0001:00025ebc       _LoadLibraryW@4            10026ebc f   kernel32:KERNEL32.dll
 0001:00025ec2       _CloseHandle@4             10026ec2 f   kernel32:KERNEL32.dll
 0001:00025ec8       _EnterCriticalSection@4    10026ec8 f   kernel32:KERNEL32.dll
 0001:00025ece       _LeaveCriticalSection@4    10026ece f   kernel32:KERNEL32.dll
 0001:00025ed4       _SetEvent@4                10026ed4 f   kernel32:KERNEL32.dll
 0001:00025eda       _ResetEvent@4              10026eda f   kernel32:KERNEL32.dll
 0001:00025ee0       _WaitForSingleObjectEx@12  10026ee0 f   kernel32:KERNEL32.dll
 0001:00025ee6       _CreateEventW@16           10026ee6 f   kernel32:KERNEL32.dll
 0001:00025eec       _UnhandledExceptionFilter@4 10026eec f   kernel32:KERNEL32.dll
 0001:00025ef2       _SetUnhandledExceptionFilter@4 10026ef2 f   kernel32:KERNEL32.dll
 0001:00025ef8       _GetCurrentProcess@0       10026ef8 f   kernel32:KERNEL32.dll
 0001:00025efe       _TerminateProcess@8        10026efe f   kernel32:KERNEL32.dll
 0001:00025f04       _IsProcessorFeaturePresent@4 10026f04 f   kernel32:KERNEL32.dll
 0001:00025f0a       _IsDebuggerPresent@0       10026f0a f   kernel32:KERNEL32.dll
 0001:00025f10       _GetStartupInfoW@4         10026f10 f   kernel32:KERNEL32.dll
 0001:00025f16       _QueryPerformanceCounter@4 10026f16 f   kernel32:KERNEL32.dll
 0001:00025f1c       _GetCurrentProcessId@0     10026f1c f   kernel32:KERNEL32.dll
 0001:00025f22       _GetCurrentThreadId@0      10026f22 f   kernel32:KERNEL32.dll
 0001:00025f28       _GetSystemTimeAsFileTime@4 10026f28 f   kernel32:KERNEL32.dll
 0001:00025f2e       _InitializeSListHead@4     10026f2e f   kernel32:KERNEL32.dll
 0001:00025f34       _WideCharToMultiByte@32    10026f34 f   kernel32:KERNEL32.dll
 0001:00025f3a       _VirtualQuery@12           10026f3a f   kernel32:KERNEL32.dll
 0001:00025f40       _FreeLibrary@4             10026f40 f   kernel32:KERNEL32.dll
 0001:00025f46       _PeekMessageA@20           10026f46 f   user32:USER32.dll
 0001:00025f4c       _PostQuitMessage@4         10026f4c f   user32:USER32.dll
 0001:00025f52       _UnregisterClassA@8        10026f52 f   user32:USER32.dll
 0001:00025f58       ??$?2PAUHINSTANCE__@@@Wrapper@?$CSimpleArray@PAUHINSTANCE__@@V?$CSimpleArrayEqualHelper@PAUHINSTANCE__@@@ATL@@@ATL@@SAPAXIPAPAUHINSTANCE__@@@Z 10026f58 f i atls:atlbase.obj
 0001:00025f62       ??0?$CComCritSecLock@VCComCriticalSection@ATL@@@ATL@@QAE@AAVCComCriticalSection@1@_N@Z 10026f62 f i atls:atlbase.obj
 0001:00025f92       ??0?$CSimpleArray@PAUHINSTANCE__@@V?$CSimpleArrayEqualHelper@PAUHINSTANCE__@@@ATL@@@ATL@@QAE@XZ 10026f92 f i atls:atlbase.obj
 0001:00025fa2       ??0CAtlBaseModule@ATL@@QAE@XZ 10026fa2 f   atls:atlbase.obj
 0001:00026009       ??0Wrapper@?$CSimpleArray@PAUHINSTANCE__@@V?$CSimpleArrayEqualHelper@PAUHINSTANCE__@@@ATL@@@ATL@@QAE@ABQAUHINSTANCE__@@@Z 10027009 f i atls:atlbase.obj
 0001:0002601d       ??0_ATL_BASE_MODULE70@ATL@@QAE@XZ 1002701d f i atls:atlbase.obj
 0001:00026048       ??1?$CComCritSecLock@VCComCriticalSection@ATL@@@ATL@@QAE@XZ 10027048 f i atls:atlbase.obj
 0001:00026064       ??1?$CSimpleArray@PAUHINSTANCE__@@V?$CSimpleArrayEqualHelper@PAUHINSTANCE__@@@ATL@@@ATL@@QAE@XZ 10027064 f i atls:atlbase.obj
 0001:00026069       ??1CAtlBaseModule@ATL@@QAE@XZ 10027069 f   atls:atlbase.obj
 0001:00026084       ??1_ATL_BASE_MODULE70@ATL@@QAE@XZ 10027084 f i atls:atlbase.obj
 0001:0002608e       ??A?$CSimpleArray@PAUHINSTANCE__@@V?$CSimpleArrayEqualHelper@PAUHINSTANCE__@@@ATL@@@ATL@@QAEAAPAUHINSTANCE__@@H@Z 1002708e f i atls:atlbase.obj
 0001:000260bc       ?Add@?$CSimpleArray@PAUHINSTANCE__@@V?$CSimpleArrayEqualHelper@PAUHINSTANCE__@@@ATL@@@ATL@@QAEHABQAUHINSTANCE__@@@Z 100270bc f i atls:atlbase.obj
 0001:0002615e       ?AddResourceInstance@CAtlBaseModule@ATL@@QAE_NPAUHINSTANCE__@@@Z 1002715e f   atls:atlbase.obj
 0001:0002619d       ?AtlCrtErrorCheck@ATL@@YAHH@Z 1002719d f i atls:atlbase.obj
 0001:000261e6       ?GetHInstanceAt@CAtlBaseModule@ATL@@QAEPAUHINSTANCE__@@H@Z 100271e6 f   atls:atlbase.obj
 0001:0002623c       ?GetSize@?$CSimpleArray@PAUHINSTANCE__@@V?$CSimpleArrayEqualHelper@PAUHINSTANCE__@@@ATL@@@ATL@@QBEHXZ 1002723c f i atls:atlbase.obj
 0001:00026240       ?InternalSetAtIndex@?$CSimpleArray@PAUHINSTANCE__@@V?$CSimpleArrayEqualHelper@PAUHINSTANCE__@@@ATL@@@ATL@@QAEXHABQAUHINSTANCE__@@@Z 10027240 f i atls:atlbase.obj
 0001:00026260       ?Lock@?$CComCritSecLock@VCComCriticalSection@ATL@@@ATL@@QAEJXZ 10027260 f i atls:atlbase.obj
 0001:00026277       ?Lock@CComCriticalSection@ATL@@QAEJXZ 10027277 f i atls:atlbase.obj
 0001:00026283       ?RemoveAll@?$CSimpleArray@PAUHINSTANCE__@@V?$CSimpleArrayEqualHelper@PAUHINSTANCE__@@@ATL@@@ATL@@QAEXXZ 10027283 f i atls:atlbase.obj
[...]
 0002:00005c78       ?IID_IMatchServiceManager@@3U_GUID@@B 10031c78     TableFrameHook.obj
 0002:00005c88       ?IID_IMatchEventSink@@3U_GUID@@B 10031c88     TableFrameHook.obj
 0002:00005c98       ?IID_ITableFrameHook@@3U_GUID@@B 10031c98     TableFrameHook.obj
 0002:00006598       _GS_ExceptionPointers      10032598     msvcrtd:gs_report.obj
 0002:000065a4       ?_RTC_ErrorMessages@@3QBQBDB 100325a4     msvcrtd:error.obj
 0002:000065bc       ?_RTC_NoFalsePositives@@3QBHB 100325bc     msvcrtd:error.obj
 0002:000065d4       ?stack_premsg@@3QBDB       100325d4     msvcrtd:error.obj
 0002:000065f0       ?stack_postmsg@@3QBDB      100325f0     msvcrtd:error.obj
 0002:00006604       ?uninit_premsg@@3QBDB      10032604     msvcrtd:error.obj
 0002:00006614       ?uninit_postmsg@@3QBDB     10032614     msvcrtd:error.obj
 0002:00006c58       ?_RTC_errlist@@3QBQBDB     10032c58     msvcrtd:userapi.obj
 0002:00006d3c       ?mspdbName@@3QB_WB         10032d3c     msvcrtd:pdblkup.obj
 0002:00006d60       ?debugCrtFileName@@3QB_WB  10032d60     msvcrtd:pdblkup.obj
 0002:00006ef0       ?dllExt@?1??GetPdbDllPathFromFilePath@@YAHPB_WPA_WI@Z@4QB_WB 10032ef0     msvcrtd:pdblkup.obj
 0002:00006efc       ?mspdbFilename@?1??GetPdbDllPathFromFilePath@@YAHPB_WPA_WI@Z@4QB_WB 10032efc     msvcrtd:pdblkup.obj
 0002:00008834       __RTC_InitBase.rtc$IMZ     10034834     mfcs140d:nolib.obj
 0002:00008838       __RTC_InitBase.rtc$IMZ     10034838     mfcs140d:stdafx.obj
 0002:00008b48       __RTC_Shutdown.rtc$TMZ     10034b48     mfcs140d:nolib.obj
 0002:00008b4c       __RTC_Shutdown.rtc$TMZ     10034b4c     mfcs140d:stdafx.obj
 0002:00008d58       __catchsym$??1CDistributeNodePool@@QAE@XZ$2 10034d58     DistributeManager.obj
 0002:00008d68       __unwindtable$??1CDistributeNodePool@@QAE@XZ 10034d68     DistributeManager.obj
 0002:00008d78       __tryblocktable$??1CDistributeNodePool@@QAE@XZ 10034d78     DistributeManager.obj
 0002:00008d8c       __ehfuncinfo$??1CDistributeNodePool@@QAE@XZ 10034d8c     DistributeManager.obj
 0002:00008db8       __unwindtable$?AllocNode@CDistributeNodePool@@QAEPAUtagDistributeNode@@XZ 10034db8     DistributeManager.obj
 0002:00008dc0       __ehfuncinfo$?AllocNode@CDistributeNodePool@@QAEPAUtagDistributeNode@@XZ 10034dc0     DistributeManager.obj
 0002:00008de8       __unwindtable$??0?$CMap@KKPAUtagSameTableInfo@@PAU1@@@QAE@H@Z 10034de8     DistributeManager.obj
 0002:00008df0       __ehfuncinfo$??0?$CMap@KKPAUtagSameTableInfo@@PAU1@@@QAE@H@Z 10034df0     DistributeManager.obj
 0002:00008e18       __ehfuncinfo$??1?$CMap@KKPAUtagSameTableInfo@@PAU1@@@UAE@XZ 10034e18     DistributeManager.obj
 0002:00008e40       __unwindtable$??0CDistributeManager@@QAE@XZ 10034e40     DistributeManager.obj
 0002:00008e60       __ehfuncinfo$??0CDistributeManager@@QAE@XZ 10034e60     DistributeManager.obj
 0002:00008e8c       __catchsym$??1CDistributeManager@@UAE@XZ$6 10034e8c     DistributeManager.obj
 0002:00008e9c       __tryblocktable$??1CDistributeManager@@UAE@XZ 10034e9c     DistributeManager.obj
 0002:00008eb0       __ehfuncinfo$??1CDistributeManager@@UAE@XZ 10034eb0     DistributeManager.obj
 0002:00008ed4       __unwindtable$??1CDistributeManager@@UAE@XZ 10034ed4     DistributeManager.obj
 0002:00008f10       __catchsym$?ActiveSameTableInfo@CDistributeManager@@IAEPAUtagSameTableInfo@@XZ$2 10034f10     DistributeManager.obj
 0002:00008f20       __unwindtable$?ActiveSameTableInfo@CDistributeManager@@IAEPAUtagSameTableInfo@@XZ 10034f20     DistributeManager.obj
 0002:00008f30       __tryblocktable$?ActiveSameTableInfo@CDistributeManager@@IAEPAUtagSameTableInfo@@XZ 10034f30     DistributeManager.obj
 0002:00008f44       __ehfuncinfo$?ActiveSameTableInfo@CDistributeManager@@IAEPAUtagSameTableInfo@@XZ 10034f44     DistributeManager.obj
 0002:00008fd4       __unwindtable$?TraceV@CTrace@ATL@@SAXPBDHII0PAD@Z 10034fd4     ImmediateGroup.obj
 0002:00008fe4       __ehfuncinfo$?TraceV@CTrace@ATL@@SAXPBDHII0PAD@Z 10034fe4     ImmediateGroup.obj
 0002:00009010       __unwindtable$??RCTraceFileAndLineInfo@ATL@@QBAXHIPBDZZ 10035010     ImmediateGroup.obj
 0002:00009018       __ehfuncinfo$??RCTraceFileAndLineInfo@ATL@@QBAXHIPBDZZ 10035018     ImmediateGroup.obj
 0002:00009040       __unwindtable$??0?$CMap@KKPAUIServerUserItem@@PAU1@@@QAE@H@Z 10035040     ImmediateGroup.obj
 0002:00009048       __ehfuncinfo$??0?$CMap@KKPAUIServerUserItem@@PAU1@@@QAE@H@Z 10035048     ImmediateGroup.obj
 0002:00009070       __ehfuncinfo$??1?$CMap@KKPAUIServerUserItem@@PAU1@@@UAE@XZ 10035070     ImmediateGroup.obj
 0002:00009098       __unwindtable$??0CImmediateGroup@@QAE@_JPAUtagGameMatchOption@@PAUIImmediateGroupSink@@@Z 10035098     ImmediateGroup.obj
 0002:000090b8       __ehfuncinfo$??0CImmediateGroup@@QAE@_JPAUtagGameMatchOption@@PAUIImmediateGroupSink@@@Z 100350b8     ImmediateGroup.obj
 0002:000090e4       __catchsym$??1CImmediateGroup@@UAE@XZ$6 100350e4     ImmediateGroup.obj
 0002:000090f4       __tryblocktable$??1CImmediateGroup@@UAE@XZ 100350f4     ImmediateGroup.obj
 0002:00009108       __ehfuncinfo$??1CImmediateGroup@@UAE@XZ 10035108     ImmediateGroup.obj
 0002:0000912c       __unwindtable$??1CImmediateGroup@@UAE@XZ 1003512c     ImmediateGroup.obj
 0002:00009168       __catchsym$?OnEventGameEnd@CImmediateGroup@@UAE_NPAUITableFrame@@GPAUIServerUserItem@@E@Z$2 10035168     ImmediateGroup.obj
 0002:00009178       __unwindtable$?OnEventGameEnd@CImmediateGroup@@UAE_NPAUITableFrame@@GPAUIServerUserItem@@E@Z 10035178     ImmediateGroup.obj
 0002:00009188       __tryblocktable$?OnEventGameEnd@CImmediateGroup@@UAE_NPAUITableFrame@@GPAUIServerUserItem@@E@Z 10035188     ImmediateGroup.obj
 0002:0000919c       __ehfuncinfo$?OnEventGameEnd@CImmediateGroup@@UAE_NPAUITableFrame@@GPAUIServerUserItem@@E@Z 1003519c     ImmediateGroup.obj
 0002:000091c8       __unwindtable$?PerformDistributeTable@CImmediateGroup@@IAEXXZ 100351c8     ImmediateGroup.obj
 0002:000091d0       __ehfuncinfo$?PerformDistributeTable@CImmediateGroup@@IAEXXZ 100351d0     ImmediateGroup.obj
 0002:000091f8       __unwindtable$?CheckMatchUser@CImmediateGroup@@IAE_NXZ 100351f8     ImmediateGroup.obj
 0002:00009200       __ehfuncinfo$?CheckMatchUser@CImmediateGroup@@IAE_NXZ 10035200     ImmediateGroup.obj
 0002:00009228       __catchsym$?AllKillMatchTimer@CImmediateGroup@@IAEXXZ$2 10035228     ImmediateGroup.obj
 0002:00009238       __unwindtable$?AllKillMatchTimer@CImmediateGroup@@IAEXXZ 10035238     ImmediateGroup.obj
 0002:00009248       __tryblocktable$?AllKillMatchTimer@CImmediateGroup@@IAEXXZ 10035248     ImmediateGroup.obj
 0002:0000925c       __ehfuncinfo$?AllKillMatchTimer@CImmediateGroup@@IAEXXZ 1003525c     ImmediateGroup.obj
 0002:00009288       __catchsym$?KillMatchTimer@CImmediateGroup@@IAE_NH@Z$2 10035288     ImmediateGroup.obj
 0002:00009298       __unwindtable$?KillMatchTimer@CImmediateGroup@@IAE_NH@Z 10035298     ImmediateGroup.obj
 0002:000092a8       __tryblocktable$?KillMatchTimer@CImmediateGroup@@IAE_NH@Z 100352a8     ImmediateGroup.obj
 0002:000092bc       __ehfuncinfo$?KillMatchTimer@CImmediateGroup@@IAE_NH@Z 100352bc     ImmediateGroup.obj
 0002:000092e8       __catchsym$?KillMatchTimer@CImmediateGroup@@IAE_NKI@Z$2 100352e8     ImmediateGroup.obj
 0002:000092f8       __unwindtable$?KillMatchTimer@CImmediateGroup@@IAE_NKI@Z 100352f8     ImmediateGroup.obj
 0002:00009308       __tryblocktable$?KillMatchTimer@CImmediateGroup@@IAE_NKI@Z 10035308     ImmediateGroup.obj
 0002:0000931c       __ehfuncinfo$?KillMatchTimer@CImmediateGroup@@IAE_NKI@Z 1003531c     ImmediateGroup.obj
 0002:00009348       __ehfuncinfo$??_ECMatchServiceManager@@UAEPAXI@Z 10035348     ImmediateMatch.obj
 0002:00009370       __unwindtable$??0CImmediateMatch@@QAE@XZ 10035370     ImmediateMatch.obj
 0002:00009390       __ehfuncinfo$??0CImmediateMatch@@QAE@XZ 10035390     ImmediateMatch.obj
 0002:000093bc       __catchsym$??1CImmediateMatch@@UAE@XZ$13 100353bc     ImmediateMatch.obj
 0002:000093cc       __catchsym$??1CImmediateMatch@@UAE@XZ$12 100353cc     ImmediateMatch.obj
 0002:000093dc       __catchsym$??1CImmediateMatch@@UAE@XZ$11 100353dc     ImmediateMatch.obj
 0002:000093ec       __ehfuncinfo$??1CImmediateMatch@@UAE@XZ 100353ec     ImmediateMatch.obj
 0002:00009410       __tryblocktable$??1CImmediateMatch@@UAE@XZ 10035410     ImmediateMatch.obj
 0002:0000944c       __unwindtable$??1CImmediateMatch@@UAE@XZ 1003544c     ImmediateMatch.obj
 0002:000094bc       __unwindtable$?OnStartService@CImmediateMatch@@UAEXXZ 100354bc     ImmediateMatch.obj
 0002:000094c4       __ehfuncinfo$?OnStartService@CImmediateMatch@@UAEXXZ 100354c4     ImmediateMatch.obj
 0002:000094ec       __unwindtable$?BindTableFrame@CImmediateMatch@@UAE_NPAUITableFrame@@G@Z 100354ec     ImmediateMatch.obj
 0002:000094f4       __ehfuncinfo$?BindTableFrame@CImmediateMatch@@UAE_NPAUITableFrame@@G@Z 100354f4     ImmediateMatch.obj
 0002:0000951c       __catchsym$?OnEventTimer@CImmediateMatch@@UAE_NKI@Z$2 1003551c     ImmediateMatch.obj
 0002:0000952c       __unwindtable$?OnEventTimer@CImmediateMatch@@UAE_NKI@Z 1003552c     ImmediateMatch.obj
 0002:0000953c       __tryblocktable$?OnEventTimer@CImmediateMatch@@UAE_NKI@Z 1003553c     ImmediateMatch.obj
 0002:00009550       __ehfuncinfo$?OnEventTimer@CImmediateMatch@@UAE_NKI@Z 10035550     ImmediateMatch.obj
 0002:0000957c       __catchsym$?OnEventDataBase@CImmediateMatch@@UAE_NGPAUIServerUserItem@@PAXGK@Z$2 1003557c     ImmediateMatch.obj
 0002:0000958c       __unwindtable$?OnEventDataBase@CImmediateMatch@@UAE_NGPAUIServerUserItem@@PAXGK@Z 1003558c     ImmediateMatch.obj
 0002:0000959c       __tryblocktable$?OnEventDataBase@CImmediateMatch@@UAE_NGPAUIServerUserItem@@PAXGK@Z 1003559c     ImmediateMatch.obj
 0002:000095b0       __ehfuncinfo$?OnEventDataBase@CImmediateMatch@@UAE_NGPAUIServerUserItem@@PAXGK@Z 100355b0     ImmediateMatch.obj
 0002:000095dc       __unwindtable$?OnEventMatchStart@CImmediateMatch@@UAE_NPAVCImmediateGroup@@@Z 100355dc     ImmediateMatch.obj
 0002:000095e4       __ehfuncinfo$?OnEventMatchStart@CImmediateMatch@@UAE_NPAVCImmediateGroup@@@Z 100355e4     ImmediateMatch.obj
 0002:0000960c       __catchsym$?DeleteUserItem@CImmediateMatch@@AAE_NK@Z$2 1003560c     ImmediateMatch.obj
 0002:0000961c       __unwindtable$?DeleteUserItem@CImmediateMatch@@AAE_NK@Z 1003561c     ImmediateMatch.obj
 0002:0000962c       __tryblocktable$?DeleteUserItem@CImmediateMatch@@AAE_NK@Z 1003562c     ImmediateMatch.obj
 0002:00009640       __ehfuncinfo$?DeleteUserItem@CImmediateMatch@@AAE_NK@Z 10035640     ImmediateMatch.obj
 0002:000096a8       __catchsym$??1CLockTimeMatch@@UAE@XZ$3 100356a8     LockTimeMatch.obj
 0002:000096b8       __tryblocktable$??1CLockTimeMatch@@UAE@XZ 100356b8     LockTimeMatch.obj
 0002:000096cc       __unwindtable$??1CLockTimeMatch@@UAE@XZ 100356cc     LockTimeMatch.obj
 0002:000096e4       __ehfuncinfo$??1CLockTimeMatch@@UAE@XZ 100356e4     LockTimeMatch.obj
 0002:00009714       __unwindtable$?BindTableFrame@CLockTimeMatch@@UAE_NPAUITableFrame@@G@Z 10035714     LockTimeMatch.obj
 0002:0000971c       __ehfuncinfo$?BindTableFrame@CLockTimeMatch@@UAE_NPAUITableFrame@@G@Z 1003571c     LockTimeMatch.obj
 0002:00009744       __unwindtable$?PerformDistribute@CLockTimeMatch@@IAE_NXZ 10035744     LockTimeMatch.obj
 0002:0000974c       __ehfuncinfo$?PerformDistribute@CLockTimeMatch@@IAE_NXZ 1003574c     LockTimeMatch.obj
 0002:00009774       __catchsym$??1CMatchServiceManager@@UAE@XZ$2 10035774     MatchServiceManager.obj
 0002:00009784       __unwindtable$??1CMatchServiceManager@@UAE@XZ 10035784     MatchServiceManager.obj
 0002:00009794       __tryblocktable$??1CMatchServiceManager@@UAE@XZ 10035794     MatchServiceManager.obj
 0002:000097a8       __ehfuncinfo$??1CMatchServiceManager@@UAE@XZ 100357a8     MatchServiceManager.obj
 0002:000097d4       __catchsym$?CreateGameMatch@CMatchServiceManager@@UAE_NE@Z$4 100357d4     MatchServiceManager.obj
 0002:000097e4       __tryblocktable$?CreateGameMatch@CMatchServiceManager@@UAE_NE@Z 100357e4     MatchServiceManager.obj
 0002:000097f8       __unwindtable$?CreateGameMatch@CMatchServiceManager@@UAE_NE@Z 100357f8     MatchServiceManager.obj
 0002:00009818       __ehfuncinfo$?CreateGameMatch@CMatchServiceManager@@UAE_NE@Z 10035818     MatchServiceManager.obj
 0002:00009848       __catchsym$_CreateMatchServiceManager$6 10035848     MatchServiceManager.obj
 0002:00009858       __catchsym$_CreateMatchServiceManager$5 10035858     MatchServiceManager.obj
 0002:00009868       __ehfuncinfo$_CreateMatchServiceManager 10035868     MatchServiceManager.obj
 0002:0000988c       __tryblocktable$_CreateMatchServiceManager 1003588c     MatchServiceManager.obj
 0002:000098b4       __unwindtable$_CreateMatchServiceManager 100358b4     MatchServiceManager.obj
 0002:000098ec       __ehfuncinfo$??1?$CSimpleArray@GV?$CSimpleArrayEqualHelper@G@ATL@@@ATL@@QAE@XZ 100358ec     Stdafx.obj
 0002:00009914       __unwindtable$??0_ATL_WIN_MODULE70@ATL@@QAE@XZ 10035914     Stdafx.obj
 0002:0000991c       __ehfuncinfo$??0_ATL_WIN_MODULE70@ATL@@QAE@XZ 1003591c     Stdafx.obj
 0002:00009944       __ehfuncinfo$??1CAtlComModule@ATL@@QAE@XZ 10035944     Stdafx.obj
 0002:0000996c       __ehfuncinfo$??1CAtlWinModule@ATL@@QAE@XZ 1003596c     Stdafx.obj
 0002:00009998       __sehtable$_WinbaseIsolationAwarePrivatetRgzlnPgpgk@0 10035998     mfcs140d:nolib.obj
 0002:000099b8       __sehtable$_IsolationAwareUnregisterClassA@8 100359b8     mfcs140d:nolib.obj
 0002:000099d8       __ehfuncinfo$??_Estringdispid@CComTypeInfoHolder@ATL@@QAEPAXI@Z 100359d8     mfcs140d:nolib.obj
 0002:00009a00       __sehtable$??_M@YGXPAXIIP6EX0@Z@Z 10035a00     msvcrtd:ehvecdtr.obj
 0002:00009a20       __sehtable$?__ArrayUnwind@@YGXPAXIIP6EX0@Z@Z 10035a20     msvcrtd:ehvecdtr.obj
 0002:00009a40       __ehfuncinfo$?__scrt_initialize_thread_safe_statics_platform_specific@@YAXXZ 10035a40     msvcrtd:thread_safe_statics.obj
 0002:00009a68       __ehfuncinfo$?__scrt_uninitialize_thread_safe_statics@@YAXXZ 10035a68     msvcrtd:thread_safe_statics.obj
 0002:00009a90       __sehtable$___scrt_is_nonwritable_in_current_image 10035a90     msvcrtd:utility.obj
 0002:00009ab0       __sehtable$?dllmain_crt_process_attach@@YAHQAUHINSTANCE__@@QAX@Z 10035ab0     msvcrtd:dll_dllmain.obj
 0002:00009ad0       __sehtable$?dllmain_crt_process_detach@@YAH_N@Z 10035ad0     msvcrtd:dll_dllmain.obj
 0002:00009af0       __sehtable$?dllmain_dispatch@@YAHQAUHINSTANCE__@@KQAX@Z 10035af0     msvcrtd:dll_dllmain.obj
 0002:00009b10       __sehtable$?notify_debugger@@YAXABUtagEXCEPTION_VISUALCPP_DEBUG_INFO@@@Z 10035b10     msvcrtd:error.obj
 0002:00009fb0       .edata                     10035fb0     MatchService.exp
 0002:00009fd8       rgpv                       10035fd8     MatchService.exp
 0002:0000a034       rgszName                   10036034     MatchService.exp
 0002:0000a090       rgwOrd                     10036090     MatchService.exp
 0002:0000a0be       szName                     100360be     MatchService.exp
 0002:0000a0cf       $N00001                    100360cf     MatchService.exp
 0002:0000a0f4       $N00002                    100360f4     MatchService.exp
 0002:0000a114       $N00003                    10036114     MatchService.exp
 0002:0000a134       $N00004                    10036134     MatchService.exp
 0002:0000a15d       $N00005                    1003615d     MatchService.exp
 0002:0000a17b       $N00006                    1003617b     MatchService.exp
 0002:0000a1ba       $N00007                    100361ba     MatchService.exp
 0002:0000a1ea       $N00008                    100361ea     MatchService.exp
 0002:0000a22c       $N00009                    1003622c     MatchService.exp
 0002:0000a27b       $N00010                    1003627b     MatchService.exp
 0002:0000a2c4       $N00011                    100362c4     MatchService.exp
 0002:0000a2fc       $N00012                    100362fc     MatchService.exp
 0002:0000a348       $N00013                    10036348     MatchService.exp
 0002:0000a376       $N00014                    10036376     MatchService.exp
 0002:0000a3c0       $N00015                    100363c0     MatchService.exp
 0002:0000a404       $N00016                    10036404     MatchService.exp
 0002:0000a44e       $N00017                    1003644e     MatchService.exp
 0002:0000a493       $N00018                    10036493     MatchService.exp
 0002:0000a4e0       $N00019                    100364e0     MatchService.exp
 0002:0000a51a       $N00020                    1003651a     MatchService.exp
 0002:0000a540       $N00021                    10036540     MatchService.exp
 0002:0000a56c       $N00022                    1003656c     MatchService.exp
 0002:0000a597       $N00023                    10036597     MatchService.exp
 0003:00000058       ?THIS_FILE@@3PADA          10037058     ImmediateMatch.obj
 0003:000009b0       ?GameServerDLL@@3UAFX_EXTENSION_MODULE@@A 100379b0     GameMatchServer.obj
 0003:000030e8       ?wMatchCount@?1??CalcMatchNo@CImmediateMatch@@AAE_JXZ@4KA 1003a0e8     ImmediateMatch.obj
 0003:000030ec       ?wLastDay@?1??CalcMatchNo@CImmediateMatch@@AAE_JXZ@4KA 1003a0ec     ImmediateMatch.obj
 0003:000030f0       ?$TSS0@?1??CalcMatchNo@CImmediateMatch@@AAE_JXZ@4HA 1003a0f0     ImmediateMatch.obj
 0003:00003248       ?_Tss_mutex@@3U_RTL_CRITICAL_SECTION@@A 1003a248     msvcrtd:thread_safe_statics.obj
 0003:00003260       ?_Tss_cv@@3U_RTL_CONDITION_VARIABLE@@A 1003a260     msvcrtd:thread_safe_statics.obj
 0003:00003264       ?_Tss_event@@3PAXA         1003a264     msvcrtd:thread_safe_statics.obj
 0003:00003268       ?encoded_sleep_condition_variable_cs@@3P6GHPAU_RTL_CONDITION_VARIABLE@@PAU_RTL_CRITICAL_SECTION@@K@ZA 1003a268     msvcrtd:thread_safe_statics.obj
 0003:0000326c       ?encoded_wake_all_condition_variable@@3P6GXPAU_RTL_CONDITION_VARIABLE@@@ZA 1003a26c     msvcrtd:thread_safe_statics.obj
 0003:00003284       ?is_initialized_as_dll@@3_NA 1003a284     msvcrtd:utility.obj
 0003:00003285       ?module_local_atexit_table_initialized@@3_NA 1003a285     msvcrtd:utility.obj
 0003:00003288       ?module_local_atexit_table@@3U_onexit_table_t@@A 1003a288     msvcrtd:utility.obj
 0003:00003294       ?module_local_at_quick_exit_table@@3U_onexit_table_t@@A 1003a294     msvcrtd:utility.obj
 0003:000032a8       ?__proc_attached@@3HA      1003a2a8     msvcrtd:dll_dllmain.obj
 0003:000032ac       ?init@?1??_RTC_InitBase@@9@4_NA 1003a2ac     msvcrtd:init.obj
 0003:000032b0       _GS_ExceptionRecord        1003a2b0     msvcrtd:gs_report.obj
 0003:00003300       _GS_ContextRecord          1003a300     msvcrtd:gs_report.obj
 0003:0000369c       ?_RTC_ErrorReportFunc@@3P6AHHPBDH00ZZA 1003a69c     msvcrtd:userapi.obj
 0003:000036a0       ?_RTC_ErrorReportFuncW@@3P6AHHPB_WH00ZZA 1003a6a0     msvcrtd:userapi.obj
 0003:000036a8       ?mspdb@@3PAUHINSTANCE__@@A 1003a6a8     msvcrtd:pdblkup.obj
 0003:000036ac       ?alreadyTried@?1??GetPdbDll@@YAPAUHINSTANCE__@@XZ@4_NA 1003a6ac     msvcrtd:pdblkup.obj
 0003:000036ad       ?PDBOK@?1??_RTC_GetSrcLine@@YAHPAEPA_WKPAH1K@Z@4_NA 1003a6ad     msvcrtd:pdblkup.obj
 0004:000008fc       .idata$6                   1003b8fc     KernelEngine:KernelEngine.dll
 0004:0000090e       .idata$6                   1003b90e     mfc140d:mfc140d.dll
 0004:00000c80       .idata$6                   1003bc80     kernel32:KERNEL32.dll
 0004:00000cc4       .idata$6                   1003bcc4     user32:USER32.dll
 0004:00000cd0       .idata$6                   1003bcd0     oleaut32:OLEAUT32.dll
 0004:00000dc8       .idata$6                   1003bdc8     msvcprtd:MSVCP140D.dll
 0004:00000ebe       .idata$6                   1003bebe     vcruntimed:VCRUNTIME140D.dll
 0004:00001138       .idata$6                   1003c138     ucrtd:ucrtbased.dll
 0007:000001c0       $R000000                   1003f1c0     GameMatchServer.res
 0007:000004a8       $R0002E8                   1003f4a8     GameMatchServer.res
