 ModuleManager

 Timestamp is 5da6ac2c (Wed Oct 16 13:35:40 2019)

 Preferred load address is 10000000

 Start         Length     Name                   Class
 0001:00000000 00005270H .text$di                CODE
 0001:00005270 00033460H .text$mn                CODE
 0001:000386d0 00002d40H .text$x                 CODE
 0001:0003b410 0000110fH .text$yd                CODE
 0002:00000000 00000104H .CRT$XCA                DATA
 0002:00000104 00000104H .CRT$XCL                DATA
 0002:00000208 0000017cH .CRT$XCU                DATA
 0002:00000384 00000104H .CRT$XCZ                DATA
 0002:00000488 00000104H .CRT$XIA                DATA
 0002:0000058c 00000104H .CRT$XIC                DATA
 0002:00000690 00000104H .CRT$XIZ                DATA
 0002:00000794 00000004H .CRT$XLA                DATA
 0002:00000798 00000004H .CRT$XLZ                DATA
 0002:0000079c 00000104H .CRT$XPA                DATA
 0002:000008a0 00000104H .CRT$XPZ                DATA
 0002:000009a4 00000104H .CRT$XTA                DATA
 0002:00000aa8 00000108H .CRT$XTZ                DATA
 0002:00000bb0 0000ccc8H .rdata                  DATA
 0002:0000d878 0000011cH .rdata$T                DATA
 0002:0000d994 0000191cH .rdata$r                DATA
 0002:0000f2b0 0000034cH .rdata$sxdata           DATA
 0002:0000f5fc 000001a0H .rdata$zzzdbg           DATA
 0002:0000f79c 00000104H .rtc$IAA                DATA
 0002:0000f8a0 0000010cH .rtc$IMZ                DATA
 0002:0000f9ac 00000104H .rtc$IZZ                DATA
 0002:0000fab0 00000104H .rtc$TAA                DATA
 0002:0000fbb4 0000010cH .rtc$TMZ                DATA
 0002:0000fcc0 00000108H .rtc$TZZ                DATA
 0002:0000fdc8 000022a8H .xdata$x                DATA
 0002:00012070 00000104H ATL$__a                 DATA
 0002:00012174 0000010cH ATL$__z                 DATA
 0002:00012280 00007b26H .edata                  DATA
 0003:00000000 0000024cH .data                   DATA
 0003:0000024c 00000bacH .data$r                 DATA
 0003:00000df8 00002f1cH .bss                    DATA
 0004:00000000 00000940H .idata$5                DATA
 0004:00000940 000000c8H .idata$2                DATA
 0004:00000a08 00000014H .idata$3                DATA
 0004:00000a1c 00000940H .idata$4                DATA
 0004:0000135c 00001225H .idata$6                DATA
 0005:00000000 00000104H .tls                    DATA
 0005:00000104 00000104H .tls$                   DATA
 0005:00000208 00000101H .tls$ZZZ                DATA
 0006:00000000 00000104H .00cfg                  DATA
 0007:00000000 000006a0H .rsrc$01                DATA
 0007:000006a0 00004f90H .rsrc$02                DATA

  Address         Publics by Value              Rva+Base       Lib:Object

 0000:00000000       ___hybrid_code_map_count   00000000     <absolute>
 0000:00000000       ___volatile_metadata       00000000     <absolute>
 0000:00000000       ___hybrid_code_map         00000000     <absolute>
 0000:00000000       ___guard_iat_count         00000000     <absolute>
 0000:00000000       ___dynamic_value_reloc_table 00000000     <absolute>
 0000:00000000       ___guard_longjmp_count     00000000     <absolute>
 0000:00000000       ___guard_longjmp_table     00000000     <absolute>
 0000:00000000       ___guard_iat_table         00000000     <absolute>
 0000:00000000       ___guard_fids_count        00000000     <absolute>
 0000:00000000       ___hybrid_auxiliary_iat    00000000     <absolute>
 0000:00000000       ___guard_fids_table        00000000     <absolute>
 0000:00000000       ___enclave_config          00000000     <absolute>
 0000:0000002c       __tls_array                0000002c     <absolute>
 0000:0000007a       ___safe_se_handler_count   0000007a     <absolute>
 0000:00000100       ___guard_flags             00000100     <absolute>
 0000:00000000       ___ImageBase               10000000     <linker-defined>
 0001:00005270       ?OnSize@CDlgMatchItem@@AAEXIHH@Z 10006270 f   DlgMatchWizard.obj
 0001:000052d0       ?GetThisMessageMap@CDlgMatchItem@@KGPBUAFX_MSGMAP@@XZ 100062d0 f   DlgMatchWizard.obj
 0001:000052f0       ?OnCbnSelchangeComboFromMatch@CDlgMatchSignup1@@IAEXXZ 100062f0 f   DlgMatchWizard.obj
 0001:000054c0       ?OnBnClickedAddReward@CDlgMatchReward@@QAEXXZ 100064c0 f   DlgMatchWizard.obj
 0001:000055d0       ?OnBnClickedModifyReward@CDlgMatchReward@@QAEXXZ 100065d0 f   DlgMatchWizard.obj
 0001:000056c0       ?OnBnClickedDeleteReward@CDlgMatchReward@@QAEXXZ 100066c0 f   DlgMatchWizard.obj
 0001:000057c0       ?OnLvnItemchangedListReward@CDlgMatchReward@@IAEXPAUtagNMHDR@@PAJ@Z 100067c0 f   DlgMatchWizard.obj
 0001:00005830       ?OnSize@CDlgMatchWizardItem@@AAEXIHH@Z 10006830 f   DlgMatchWizard.obj
 0001:00005890       ?GetThisMessageMap@CDlgMatchWizardItem@@KGPBUAFX_MSGMAP@@XZ 10006890 f   DlgMatchWizard.obj
 0001:000058b0       ?OnCbnSelchangeComboMatchType@CDlgMatchWizardStep1@@IAEXXZ 100068b0 f   DlgMatchWizard.obj
 0001:00005960       ?OnTcnSelchangeMatchOption@CDlgMatchWizardStep1@@IAEXPAUtagNMHDR@@PAJ@Z 10006960 f   DlgMatchWizard.obj
 0001:000059b0       ?OnBnClickedLast@CDlgMatchWizard@@QAEXXZ 100069b0 f   DlgMatchWizard.obj
 0001:00005a50       ?OnBnClickedNext@CDlgMatchWizard@@QAEXXZ 10006a50 f   DlgMatchWizard.obj
 0001:00005ac0       ?OnBnClickedFinish@CDlgMatchWizard@@QAEXXZ 10006ac0 f   DlgMatchWizard.obj
 0001:00006230       ??$AtlMultiply@I@ATL@@YAJPAIII@Z 10007230 f i DlgMatchWizard.obj
 0001:00006290       ??$_Getvals@_W@?$time_get@DV?$istreambuf_iterator@DU?$char_traits@D@std@@@std@@@std@@IAEX_WABV_Locinfo@1@@Z 10007290 f i DlgMatchWizard.obj
 0001:000063c0       ??$_Getvals@_W@?$time_get@_WV?$istreambuf_iterator@_WU?$char_traits@_W@std@@@std@@@std@@IAEX_WABV_Locinfo@1@@Z 100073c0 f i DlgMatchWizard.obj
 0001:000064f0       ??$_Maklocstr@D@std@@YAPADPBDPADABU_Cvtvec@@@Z 100074f0 f i DlgMatchWizard.obj
 0001:000065a0       ??$_Maklocstr@_W@std@@YAPA_WPBDPA_WABU_Cvtvec@@@Z 100075a0 f i DlgMatchWizard.obj
 0001:00006720       ??$_snprintf_s@$0EA@@@YAHAAY0EA@DIPBDZZ 10007720 f i DlgMatchWizard.obj
 0001:00006760       ??$_snprintf_s@$0IA@@@YAHAAY0IA@DIPBDZZ 10007760 f i DlgMatchWizard.obj
 0001:000067a0       ??0?$CHeapPtr@DVCCRTAllocator@ATL@@@ATL@@QAE@XZ 100077a0 f i DlgMatchWizard.obj
 0001:000067d0       ??0?$CHeapPtr@_WVCCRTAllocator@ATL@@@ATL@@QAE@XZ 100077d0 f i DlgMatchWizard.obj
 0001:00006800       ??0?$CHeapPtrBase@DVCCRTAllocator@ATL@@@ATL@@IAE@XZ 10007800 f i DlgMatchWizard.obj
 0001:00006830       ??0?$CHeapPtrBase@_WVCCRTAllocator@ATL@@@ATL@@IAE@XZ 10007830 f i DlgMatchWizard.obj
 0001:00006860       ??0?$CTraceCategoryEx@$0CAAA@$0A@@ATL@@QAE@PBD@Z 10007860 f i DlgMatchWizard.obj
 0001:000068a0       ??0?$CWHArray@PAUtagGameMatchOption@@ABQAU1@@@QAE@ABV0@@Z 100078a0 f i DlgMatchWizard.obj
 0001:00006910       ??0?$CWHArray@PAUtagMatchRewardInfo@@ABQAU1@@@QAE@ABV0@@Z 10007910 f i DlgMatchWizard.obj
 0001:00006980       ??0CDlgMatchDistribute@@QAE@XZ 10007980 f   DlgMatchWizard.obj
 0001:000069c0       ??0CDlgMatchImmediate@@QAE@XZ 100079c0 f   DlgMatchWizard.obj
 0001:00006a00       ??0CDlgMatchItem@@IAE@I@Z  10007a00 f   DlgMatchWizard.obj
 0001:00006a70       ??0CDlgMatchLockTime@@QAE@XZ 10007a70 f   DlgMatchWizard.obj
 0001:00006ab0       ??0CDlgMatchRankingMode@@QAE@XZ 10007ab0 f   DlgMatchWizard.obj
 0001:00006af0       ??0CDlgMatchReward@@QAE@XZ 10007af0 f   DlgMatchWizard.obj
 0001:00006b80       ??0CDlgMatchSignup1@@QAE@XZ 10007b80 f   DlgMatchWizard.obj
 0001:00006bc0       ??0CDlgMatchSignup2@@QAE@XZ 10007bc0 f   DlgMatchWizard.obj
 0001:00006c00       ??0CDlgMatchWizard@@QAE@XZ 10007c00 f   DlgMatchWizard.obj
 0001:00006d90       ??0CDlgMatchWizardItem@@IAE@I@Z 10007d90 f   DlgMatchWizard.obj
 0001:00006e20       ??0CDlgMatchWizardStep1@@QAE@XZ 10007e20 f   DlgMatchWizard.obj
 0001:00006f30       ??0CDlgMatchWizardStep2@@QAE@XZ 10007f30 f   DlgMatchWizard.obj
 0001:00006ff0       ??0CMatchInfoBuffer@@QAE@ABV0@@Z 10007ff0 f i DlgMatchWizard.obj
 0001:00007050       ??0CMatchInfoManager@@QAE@ABV0@@Z 10008050 f i DlgMatchWizard.obj
 0001:00007080       ??0CPreserveLastError@ATL@@QAE@XZ 10008080 f i DlgMatchWizard.obj
 0001:000070b0       ??0CRect@@QAE@HHHH@Z       100080b0 f i DlgMatchWizard.obj
 0001:00007100       ??0CRect@@QAE@XZ           10008100 f i DlgMatchWizard.obj
 0001:00007150       ??0CRewardInfoBuffer@@QAE@ABV0@@Z 10008150 f i DlgMatchWizard.obj
 0001:000071b0       ??0CSize@@QAE@HH@Z         100081b0 f i DlgMatchWizard.obj
 0001:000071f0       ??0CTime@ATL@@QAE@HHHHHHH@Z 100081f0 f i DlgMatchWizard.obj
 0001:00007680       ??0CTime@ATL@@QAE@XZ       10008680 f i DlgMatchWizard.obj
 0001:000076b0       ??0CTimeSpan@ATL@@QAE@XZ   100086b0 f i DlgMatchWizard.obj
 0001:000076e0       ??0CTimeSpan@ATL@@QAE@_J@Z 100086e0 f i DlgMatchWizard.obj
 0001:00007710       ??0CTraceFileAndLineInfo@ATL@@QAE@PBDH@Z 10008710 f i DlgMatchWizard.obj
 0001:00007750       ??1?$CHeapPtr@DVCCRTAllocator@ATL@@@ATL@@QAE@XZ 10008750 f i DlgMatchWizard.obj
 0001:00007780       ??1?$CHeapPtr@_WVCCRTAllocator@ATL@@@ATL@@QAE@XZ 10008780 f i DlgMatchWizard.obj
 0001:000077b0       ??1?$CHeapPtrBase@DVCCRTAllocator@ATL@@@ATL@@QAE@XZ 100087b0 f i DlgMatchWizard.obj
 0001:000077e0       ??1?$CHeapPtrBase@_WVCCRTAllocator@ATL@@@ATL@@QAE@XZ 100087e0 f i DlgMatchWizard.obj
 0001:00007810       ??1?$CWHArray@PAUtagGameMatchOption@@ABQAU1@@@UAE@XZ 10008810 f i DlgMatchWizard.obj
 0001:00007890       ??1?$CWHArray@PAUtagMatchRewardInfo@@ABQAU1@@@UAE@XZ 10008890 f i DlgMatchWizard.obj
 0001:00007910       ??1CDlgMatchDistribute@@UAE@XZ 10008910 f   DlgMatchWizard.obj
 0001:00007940       ??1CDlgMatchImmediate@@UAE@XZ 10008940 f   DlgMatchWizard.obj
 0001:00007970       ??1CDlgMatchItem@@MAE@XZ   10008970 f   DlgMatchWizard.obj
 0001:000079a0       ??1CDlgMatchLockTime@@UAE@XZ 100089a0 f   DlgMatchWizard.obj
 0001:000079d0       ??1CDlgMatchRankingMode@@UAE@XZ 100089d0 f   DlgMatchWizard.obj
 0001:00007a00       ??1CDlgMatchReward@@UAE@XZ 10008a00 f   DlgMatchWizard.obj
 0001:00007a40       ??1CDlgMatchSignup1@@UAE@XZ 10008a40 f   DlgMatchWizard.obj
 0001:00007a70       ??1CDlgMatchSignup2@@UAE@XZ 10008a70 f   DlgMatchWizard.obj
 0001:00007aa0       ??1CDlgMatchWizard@@UAE@XZ 10008aa0 f   DlgMatchWizard.obj
 0001:00007b20       ??1CDlgMatchWizardItem@@MAE@XZ 10008b20 f   DlgMatchWizard.obj
 0001:00007b50       ??1CDlgMatchWizardStep1@@UAE@XZ 10008b50 f   DlgMatchWizard.obj
 0001:00007be0       ??1CDlgMatchWizardStep2@@UAE@XZ 10008be0 f   DlgMatchWizard.obj
 0001:00007c30       ??1CPreserveLastError@ATL@@QAE@XZ 10008c30 f i DlgMatchWizard.obj
 0001:00007c60       ??4?$CWHArray@PAUtagGameMatchOption@@ABQAU1@@@QAEAAV0@ABV0@@Z 10008c60 f i DlgMatchWizard.obj
 0001:00007cc0       ??4?$CWHArray@PAUtagMatchRewardInfo@@ABQAU1@@@QAEAAV0@ABV0@@Z 10008cc0 f i DlgMatchWizard.obj
 0001:00007d20       ??4CMatchInfoBuffer@@QAEAAV0@ABV0@@Z 10008d20 f i DlgMatchWizard.obj
 0001:00007d70       ??4CMatchInfoManager@@QAEAAV0@ABV0@@Z 10008d70 f i DlgMatchWizard.obj
 0001:00007d90       ??4CRewardInfoBuffer@@QAEAAV0@ABV0@@Z 10008d90 f i DlgMatchWizard.obj
 0001:00007de0       ??A?$CWHArray@PAUtagGameMatchOption@@ABQAU1@@@QAEAAPAUtagGameMatchOption@@H@Z 10008de0 f i DlgMatchWizard.obj
 0001:00007e10       ??A?$CWHArray@PAUtagMatchRewardInfo@@ABQAU1@@@QAEAAPAUtagMatchRewardInfo@@H@Z 10008e10 f i DlgMatchWizard.obj
 0001:00007e40       ??B?$CHeapPtrBase@DVCCRTAllocator@ATL@@@ATL@@QBEPADXZ 10008e40 f i DlgMatchWizard.obj
 0001:00007e60       ??B?$CHeapPtrBase@_WVCCRTAllocator@ATL@@@ATL@@QBEPA_WXZ 10008e60 f i DlgMatchWizard.obj
 0001:00007e80       ??B?$CTraceCategoryEx@$0CAAA@$0A@@ATL@@QAEIXZ 10008e80 f i DlgMatchWizard.obj
 0001:00007ea0       ??BCRect@@QAEPAUtagRECT@@XZ 10008ea0 f i DlgMatchWizard.obj
 0001:00007ec0       ??GCTime@ATL@@QBE?AVCTimeSpan@1@V01@@Z 10008ec0 f i DlgMatchWizard.obj
 0001:00007f00       ??RCTraceFileAndLineInfo@ATL@@QBAXHIPBDZZ 10008f00 f i DlgMatchWizard.obj
 0001:00007fb0       ??_ECDlgMatchDistribute@@UAEPAXI@Z 10008fb0 f i DlgMatchWizard.obj
 0001:000080b0       ??_ECDlgMatchImmediate@@UAEPAXI@Z 100090b0 f i DlgMatchWizard.obj
 0001:000081b0       ??_ECDlgMatchItem@@MAEPAXI@Z 100091b0 f i DlgMatchWizard.obj
 0001:000082b0       ??_ECDlgMatchLockTime@@UAEPAXI@Z 100092b0 f i DlgMatchWizard.obj
 0001:000083b0       ??_ECDlgMatchRankingMode@@UAEPAXI@Z 100093b0 f i DlgMatchWizard.obj
 0001:000084b0       ??_ECDlgMatchReward@@UAEPAXI@Z 100094b0 f i DlgMatchWizard.obj
 0001:000085b0       ??_ECDlgMatchSignup1@@UAEPAXI@Z 100095b0 f i DlgMatchWizard.obj
 0001:000086b0       ??_ECDlgMatchSignup2@@UAEPAXI@Z 100096b0 f i DlgMatchWizard.obj
 0001:000087b0       ??_ECDlgMatchWizard@@UAEPAXI@Z 100097b0 f i DlgMatchWizard.obj
 0001:000088b0       ??_ECDlgMatchWizardItem@@MAEPAXI@Z 100098b0 f i DlgMatchWizard.obj
 0001:000089b0       ??_ECDlgMatchWizardStep1@@UAEPAXI@Z 100099b0 f i DlgMatchWizard.obj
 0001:00008ab0       ??_ECDlgMatchWizardStep2@@UAEPAXI@Z 10009ab0 f i DlgMatchWizard.obj
 0001:00008bb0       ??_ECMatchInfoBuffer@@UAEPAXI@Z 10009bb0 f i DlgMatchWizard.obj
 0001:00008c90       ??_ECMatchInfoManager@@UAEPAXI@Z 10009c90 f i DlgMatchWizard.obj
 0001:00008d70       ??_ECRewardInfoBuffer@@UAEPAXI@Z 10009d70 f i DlgMatchWizard.obj
 0001:00008e50       ??_E?$CWHArray@PAUtagGameMatchOption@@ABQAU1@@@UAEPAXI@Z 10009e50 f i DlgMatchWizard.obj
 0001:00008e50       ??_G?$CWHArray@PAUtagGameMatchOption@@ABQAU1@@@UAEPAXI@Z 10009e50 f i DlgMatchWizard.obj
 0001:00008ea0       ??_E?$CWHArray@PAUtagMatchRewardInfo@@ABQAU1@@@UAEPAXI@Z 10009ea0 f i DlgMatchWizard.obj
 0001:00008ea0       ??_G?$CWHArray@PAUtagMatchRewardInfo@@ABQAU1@@@UAEPAXI@Z 10009ea0 f i DlgMatchWizard.obj
 0001:00008ef0       ??_GCDlgMatchDistribute@@UAEPAXI@Z 10009ef0 f i DlgMatchWizard.obj
 0001:00008f50       ??_GCDlgMatchImmediate@@UAEPAXI@Z 10009f50 f i DlgMatchWizard.obj
 0001:00008fb0       ??_GCDlgMatchItem@@MAEPAXI@Z 10009fb0 f i DlgMatchWizard.obj
 0001:00009010       ??_GCDlgMatchLockTime@@UAEPAXI@Z 1000a010 f i DlgMatchWizard.obj
 0001:00009070       ??_GCDlgMatchRankingMode@@UAEPAXI@Z 1000a070 f i DlgMatchWizard.obj
 0001:000090d0       ??_GCDlgMatchReward@@UAEPAXI@Z 1000a0d0 f i DlgMatchWizard.obj
 0001:00009130       ??_GCDlgMatchSignup1@@UAEPAXI@Z 1000a130 f i DlgMatchWizard.obj
 0001:00009190       ??_GCDlgMatchSignup2@@UAEPAXI@Z 1000a190 f i DlgMatchWizard.obj
 0001:000091f0       ??_GCDlgMatchWizard@@UAEPAXI@Z 1000a1f0 f i DlgMatchWizard.obj
 0001:00009250       ??_GCDlgMatchWizardItem@@MAEPAXI@Z 1000a250 f i DlgMatchWizard.obj
 0001:000092b0       ??_GCDlgMatchWizardStep1@@UAEPAXI@Z 1000a2b0 f i DlgMatchWizard.obj
 0001:00009310       ??_GCDlgMatchWizardStep2@@UAEPAXI@Z 1000a310 f i DlgMatchWizard.obj
 0001:00009370       ??_GCMatchInfoBuffer@@UAEPAXI@Z 1000a370 f i DlgMatchWizard.obj
 0001:000093c0       ??_GCMatchInfoManager@@UAEPAXI@Z 1000a3c0 f i DlgMatchWizard.obj
 0001:00009410       ??_GCRewardInfoBuffer@@UAEPAXI@Z 1000a410 f i DlgMatchWizard.obj
 0001:00009460       ??_H@YGXPAXIIP6EPAX0@Z@Z   1000a460 f i DlgMatchWizard.obj
 0001:000094b0       ?ActiveOptionItem@CDlgMatchWizardStep1@@IAEXE@Z 1000a4b0 f   DlgMatchWizard.obj
 0001:00009610       ?ActiveWizardItem@CDlgMatchWizard@@AAE_NG@Z 1000a610 f   DlgMatchWizard.obj
 0001:000099b0       ?AfxAssertFailedLine@@YGHPBDH@Z 1000a9b0 f i DlgMatchWizard.obj
 0001:00009a20       ?Allocate@?$CHeapPtr@DVCCRTAllocator@ATL@@@ATL@@QAE_NI@Z 1000aa20 f i DlgMatchWizard.obj
 0001:00009a80       ?Allocate@?$CHeapPtr@_WVCCRTAllocator@ATL@@@ATL@@QAE_NI@Z 1000aa80 f i DlgMatchWizard.obj
 0001:00009ae0       ?Allocate@CCRTAllocator@ATL@@SAPAXI@Z 1000aae0 f i DlgMatchWizard.obj
 0001:00009b10       ?AllocateBytes@?$CHeapPtrBase@DVCCRTAllocator@ATL@@@ATL@@QAE_NI@Z 1000ab10 f i DlgMatchWizard.obj
 0001:00009b90       ?AllocateBytes@?$CHeapPtrBase@_WVCCRTAllocator@ATL@@@ATL@@QAE_NI@Z 1000ab90 f i DlgMatchWizard.obj
 0001:00009c10       ?AtlThrowImpl@ATL@@YGXJ@Z  1000ac10 f i DlgMatchWizard.obj
 0001:00009c90       ?CreateMatchItem@CDlgMatchItem@@AAEXABVCRect@@PAVCWnd@@@Z 1000ac90 f   DlgMatchWizard.obj
 0001:00009d30       ?DeflateRect@CRect@@QAEXHHHH@Z 1000ad30 f i DlgMatchWizard.obj
 0001:00009da0       ?DoDataExchange@CDlgMatchReward@@MAEXPAVCDataExchange@@@Z 1000ada0 f   DlgMatchWizard.obj
 0001:00009df0       ?DoDataExchange@CDlgMatchWizardStep1@@MAEXPAVCDataExchange@@@Z 1000adf0 f   DlgMatchWizard.obj
 0001:00009e20       ?DoDataExchange@CDlgMatchWizardStep2@@MAEXPAVCDataExchange@@@Z 1000ae20 f   DlgMatchWizard.obj
 0001:00009e50       ?ElementAt@?$CWHArray@PAUtagGameMatchOption@@ABQAU1@@@QAEAAPAUtagGameMatchOption@@H@Z 1000ae50 f i DlgMatchWizard.obj
 0001:00009ed0       ?ElementAt@?$CWHArray@PAUtagMatchRewardInfo@@ABQAU1@@@QAEAAPAUtagMatchRewardInfo@@H@Z 1000aed0 f i DlgMatchWizard.obj
 0001:00009f50       ?Free@?$CHeapPtrBase@DVCCRTAllocator@ATL@@@ATL@@QAEXXZ 1000af50 f i DlgMatchWizard.obj
 0001:00009f90       ?Free@?$CHeapPtrBase@_WVCCRTAllocator@ATL@@@ATL@@QAEXXZ 1000af90 f i DlgMatchWizard.obj
 0001:00009fd0       ?Free@CCRTAllocator@ATL@@SAXPAX@Z 1000afd0 f i DlgMatchWizard.obj
 0001:0000a000       ?GetAsSystemTime@CTime@ATL@@QBE_NAAU_SYSTEMTIME@@@Z 1000b000 f i DlgMatchWizard.obj
 0001:0000a0f0       ?GetCategoryName@CTrace@ATL@@CAPA_WI@Z 1000b0f0 f i DlgMatchWizard.obj
 0001:0000a160       ?GetCount@?$CWHArray@PAUtagGameMatchOption@@ABQAU1@@@QBEHXZ 1000b160 f i DlgMatchWizard.obj
 0001:0000a180       ?GetCount@?$CWHArray@PAUtagMatchRewardInfo@@ABQAU1@@@QBEHXZ 1000b180 f i DlgMatchWizard.obj
 0001:0000a1a0       ?GetDay@CTime@ATL@@QBEHXZ  1000b1a0 f i DlgMatchWizard.obj
 0001:0000a210       ?GetGameMatchOption@CDlgMatchItem@@IAEPAUtagGameMatchOption@@XZ 1000b210 f i DlgMatchWizard.obj
 0001:0000a240       ?GetGameMatchOption@CDlgMatchWizard@@QAEXAAUtagGameMatchOption@@@Z 1000b240 f   DlgMatchWizard.obj
 0001:0000a280       ?GetHour@CTime@ATL@@QBEHXZ 1000b280 f i DlgMatchWizard.obj
 0001:0000a2f0       ?GetLocalTm@CTime@ATL@@QBEPAUtm@@PAU3@@Z 1000b2f0 f i DlgMatchWizard.obj
 0001:0000a3f0       ?GetMatchRewardOption@CDlgMatchReward@@IAE_NAAUtagMatchRewardInfo@@AAG1@Z 1000b3f0 f   DlgMatchWizard.obj
 0001:0000a520       ?GetMessageMap@CDlgMatchItem@@MBEPBUAFX_MSGMAP@@XZ 1000b520 f   DlgMatchWizard.obj
 0001:0000a540       ?GetMessageMap@CDlgMatchReward@@MBEPBUAFX_MSGMAP@@XZ 1000b540 f   DlgMatchWizard.obj
 0001:0000a560       ?GetMessageMap@CDlgMatchSignup1@@MBEPBUAFX_MSGMAP@@XZ 1000b560 f   DlgMatchWizard.obj
 0001:0000a580       ?GetMessageMap@CDlgMatchWizard@@MBEPBUAFX_MSGMAP@@XZ 1000b580 f   DlgMatchWizard.obj
 0001:0000a5a0       ?GetMessageMap@CDlgMatchWizardItem@@MBEPBUAFX_MSGMAP@@XZ 1000b5a0 f   DlgMatchWizard.obj
 0001:0000a5c0       ?GetMessageMap@CDlgMatchWizardStep1@@MBEPBUAFX_MSGMAP@@XZ 1000b5c0 f   DlgMatchWizard.obj
 0001:0000a5e0       ?GetMinute@CTime@ATL@@QBEHXZ 1000b5e0 f i DlgMatchWizard.obj
 0001:0000a650       ?GetMonth@CTime@ATL@@QBEHXZ 1000b650 f i DlgMatchWizard.obj
 0001:0000a6c0       ?GetSecond@CTime@ATL@@QBEHXZ 1000b6c0 f i DlgMatchWizard.obj
 0001:0000a730       ?GetThisMessageMap@CDlgMatchReward@@KGPBUAFX_MSGMAP@@XZ 1000b730 f   DlgMatchWizard.obj
 0001:0000a750       ?GetThisMessageMap@CDlgMatchSignup1@@KGPBUAFX_MSGMAP@@XZ 1000b750 f   DlgMatchWizard.obj
 0001:0000a770       ?GetThisMessageMap@CDlgMatchWizard@@KGPBUAFX_MSGMAP@@XZ 1000b770 f   DlgMatchWizard.obj
 0001:0000a790       ?GetThisMessageMap@CDlgMatchWizardStep1@@KGPBUAFX_MSGMAP@@XZ 1000b790 f   DlgMatchWizard.obj
 0001:0000a7b0       ?GetTimeSpan@CTimeSpan@ATL@@QBE_JXZ 1000b7b0 f i DlgMatchWizard.obj
 0001:0000a7e0       ?GetYear@CTime@ATL@@QBEHXZ 1000b7e0 f i DlgMatchWizard.obj
 0001:0000a850       ?Height@CRect@@QBEHXZ      1000b850 f i DlgMatchWizard.obj
 0001:0000a880       ?InitBaseOption@CDlgMatchWizardStep1@@IAEXXZ 1000b880 f   DlgMatchWizard.obj
 0001:0000a9d0       ?OnCancel@CDlgMatchItem@@MAEXXZ 1000b9d0 f i DlgMatchWizard.obj
 0001:0000a9f0       ?OnCancel@CDlgMatchWizardItem@@MAEXXZ 1000b9f0 f   DlgMatchWizard.obj
 0001:0000aa30       ?OnEventMatchTypeChanged@CDlgMatchItem@@UAEXE@Z 1000ba30 f   DlgMatchWizard.obj
 0001:0000aa50       ?OnEventMatchTypeChanged@CDlgMatchRankingMode@@UAEXE@Z 1000ba50 f   DlgMatchWizard.obj
 0001:0000aab0       ?OnEventMatchTypeChanged@CDlgMatchSignup1@@UAEXE@Z 1000bab0 f   DlgMatchWizard.obj
 0001:0000ab20       ?OnInitDialog@CDlgMatchDistribute@@MAEHXZ 1000bb20 f   DlgMatchWizard.obj
 0001:0000ad40       ?OnInitDialog@CDlgMatchImmediate@@MAEHXZ 1000bd40 f   DlgMatchWizard.obj
 0001:0000af60       ?OnInitDialog@CDlgMatchLockTime@@MAEHXZ 1000bf60 f   DlgMatchWizard.obj
 0001:0000b4b0       ?OnInitDialog@CDlgMatchRankingMode@@MAEHXZ 1000c4b0 f   DlgMatchWizard.obj
 0001:0000b5b0       ?OnInitDialog@CDlgMatchReward@@MAEHXZ 1000c5b0 f   DlgMatchWizard.obj
 0001:0000b650       ?OnInitDialog@CDlgMatchSignup1@@MAEHXZ 1000c650 f   DlgMatchWizard.obj
 0001:0000ba20       ?OnInitDialog@CDlgMatchSignup2@@MAEHXZ 1000ca20 f   DlgMatchWizard.obj
 0001:0000bb20       ?OnInitDialog@CDlgMatchWizard@@UAEHXZ 1000cb20 f   DlgMatchWizard.obj
 0001:0000bc30       ?OnInitDialog@CDlgMatchWizardStep1@@MAEHXZ 1000cc30 f   DlgMatchWizard.obj
 0001:0000bea0       ?OnInitDialog@CDlgMatchWizardStep2@@MAEHXZ 1000cea0 f   DlgMatchWizard.obj
 0001:0000bed0       ?OnMatchItemActive@CDlgMatchWizardStep1@@UAEXXZ 1000ced0 f   DlgMatchWizard.obj
 0001:0000bef0       ?OnMatchItemActive@CDlgMatchWizardStep2@@UAEXXZ 1000cef0 f   DlgMatchWizard.obj
 0001:0000c010       ?OnOK@CDlgMatchItem@@MAEXXZ 1000d010 f i DlgMatchWizard.obj
 0001:0000c030       ?OnOK@CDlgMatchWizard@@UAEXXZ 1000d030 f   DlgMatchWizard.obj
 0001:0000c080       ?OnOK@CDlgMatchWizardItem@@MAEXXZ 1000d080 f   DlgMatchWizard.obj
 0001:0000c0c0       ?RectifyControl@CDlgMatchDistribute@@MAEXHH@Z 1000d0c0 f   DlgMatchWizard.obj
 0001:0000c0e0       ?RectifyControl@CDlgMatchImmediate@@MAEXHH@Z 1000d0e0 f   DlgMatchWizard.obj
 0001:0000c100       ?RectifyControl@CDlgMatchLockTime@@MAEXHH@Z 1000d100 f   DlgMatchWizard.obj
 0001:0000c120       ?RectifyControl@CDlgMatchRankingMode@@MAEXHH@Z 1000d120 f   DlgMatchWizard.obj
 0001:0000c140       ?RectifyControl@CDlgMatchReward@@MAEXHH@Z 1000d140 f   DlgMatchWizard.obj
 0001:0000c160       ?RectifyControl@CDlgMatchSignup1@@MAEXHH@Z 1000d160 f   DlgMatchWizard.obj
 0001:0000c180       ?RectifyControl@CDlgMatchSignup2@@MAEXHH@Z 1000d180 f   DlgMatchWizard.obj
 0001:0000c1a0       ?RectifyControl@CDlgMatchWizardStep1@@UAEXHH@Z 1000d1a0 f   DlgMatchWizard.obj
 0001:0000c1c0       ?RectifyControl@CDlgMatchWizardStep2@@UAEXHH@Z 1000d1c0 f   DlgMatchWizard.obj
 0001:0000c1e0       ?RegisterCategory@CTrace@ATL@@SAXPBDI@Z 1000d1e0 f i DlgMatchWizard.obj
 0001:0000c300       ?SaveBaseOption@CDlgMatchWizardStep1@@IAE_NXZ 1000d300 f   DlgMatchWizard.obj
 0001:0000c3d0       ?SaveInputInfo@CDlgMatchDistribute@@MAE_NXZ 1000d3d0 f   DlgMatchWizard.obj
 0001:0000c550       ?SaveInputInfo@CDlgMatchImmediate@@MAE_NXZ 1000d550 f   DlgMatchWizard.obj
 0001:0000c770       ?SaveInputInfo@CDlgMatchLockTime@@MAE_NXZ 1000d770 f   DlgMatchWizard.obj
 0001:0000d010       ?SaveInputInfo@CDlgMatchRankingMode@@MAE_NXZ 1000e010 f   DlgMatchWizard.obj
 0001:0000d160       ?SaveInputInfo@CDlgMatchReward@@MAE_NXZ 1000e160 f   DlgMatchWizard.obj
 0001:0000d180       ?SaveInputInfo@CDlgMatchSignup1@@MAE_NXZ 1000e180 f   DlgMatchWizard.obj
 0001:0000d5e0       ?SaveInputInfo@CDlgMatchSignup2@@MAE_NXZ 1000e5e0 f   DlgMatchWizard.obj
 0001:0000d740       ?SaveInputInfo@CDlgMatchWizardStep1@@UAE_NXZ 1000e740 f   DlgMatchWizard.obj
 0001:0000d7d0       ?SaveInputInfo@CDlgMatchWizardStep2@@UAE_NXZ 1000e7d0 f   DlgMatchWizard.obj
 0001:0000d820       ?SaveItemData@CDlgMatchWizardItem@@AAE_NXZ 1000e820 f   DlgMatchWizard.obj
 0001:0000d890       ?SetGameKindID@CDlgMatchWizard@@QAEXG@Z 1000e890 f i DlgMatchWizard.obj
 0001:0000d8c0       ?SetGameMatchOption@CDlgMatchItem@@IAEXPAUtagGameMatchOption@@@Z 1000e8c0 f   DlgMatchWizard.obj
 0001:0000d8f0       ?SetGameMatchOption@CDlgMatchWizard@@QAEXAAUtagGameMatchOption@@@Z 1000e8f0 f   DlgMatchWizard.obj
 0001:0000d930       ?SetMatchInfoBuffer@CDlgMatchItem@@IAEXPAVCMatchInfoBuffer@@@Z 1000e930 f   DlgMatchWizard.obj
 0001:0000d960       ?SetMatchRewardOption@CDlgMatchReward@@IAEXPAUtagMatchRewardInfo@@@Z 1000e960 f   DlgMatchWizard.obj
 0001:0000da40       ?SetRewardInfoBuffer@CDlgMatchItem@@IAEXPAVCRewardInfoBuffer@@@Z 1000ea40 f   DlgMatchWizard.obj
 0001:0000da70       ?ShowMatchItem@CDlgMatchItem@@AAE_NABVCRect@@PAVCWnd@@@Z 1000ea70 f   DlgMatchWizard.obj
 0001:0000dac0       ?ShowWizardItem@CDlgMatchWizardItem@@AAE_NABVCRect@@PAVCWnd@@@Z 1000eac0 f   DlgMatchWizard.obj
 0001:0000dba0       ?TraceV@CTrace@ATL@@CAXPBDHIIPB_W@Z 1000eba0 f i DlgMatchWizard.obj
 0001:0000de30       ?TraceV@CTrace@ATL@@SAXPBDHII0PAD@Z 1000ee30 f i DlgMatchWizard.obj
 0001:0000e060       ?TransferMatchReward@CDlgMatchWizard@@AAEXAAV?$CStringT@DV?$StrTraitMFC_DLL@DV?$ChTraitsCRT@D@ATL@@@@@ATL@@00@Z 1000f060 f   DlgMatchWizard.obj
 0001:0000e200       ?Width@CRect@@QBEHXZ       1000f200 f i DlgMatchWizard.obj
 0001:0000e230       ?_Maklocwcs@std@@YAPA_WPB_W@Z 1000f230 f i DlgMatchWizard.obj
 0001:0000e2b0       ?__empty_global_delete@@YAXPAX@Z 1000f2b0 f i DlgMatchWizard.obj
 0001:0000e2d0       ?__empty_global_delete@@YAXPAXI@Z 1000f2d0 f i DlgMatchWizard.obj
 0001:0000e2f0       ?__global_array_delete@@YAXPAX@Z 1000f2f0 f i DlgMatchWizard.obj
 0001:0000e320       ?__global_array_delete@@YAXPAXI@Z 1000f320 f i DlgMatchWizard.obj
 0001:0000e350       ?__global_delete@@YAXPAX@Z 1000f350 f i DlgMatchWizard.obj
 0001:0000e380       ?__global_delete@@YAXPAXI@Z 1000f380 f i DlgMatchWizard.obj
 0001:0000e3b0       _HRESULT_FROM_WIN32        1000f3b0 f i DlgMatchWizard.obj
 0001:0000e400       ___local_stdio_printf_options 1000f400 f i DlgMatchWizard.obj
 0001:0000e420       __vscprintf                1000f420 f i DlgMatchWizard.obj
 0001:0000e450       __vscprintf_l              1000f450 f i DlgMatchWizard.obj
 0001:0000e4c0       __vsnprintf_s              1000f4c0 f i DlgMatchWizard.obj
 0001:0000e500       __vsnprintf_s_l            1000f500 f i DlgMatchWizard.obj
 0001:0000e570       __vswprintf_s_l            1000f570 f i DlgMatchWizard.obj
 0001:0000e5e0       _swprintf_s                1000f5e0 f i DlgMatchWizard.obj
 0001:0000e630       _wmemcpy                   1000f630 f i DlgMatchWizard.obj
 0001:0000e660       ?OnBnClickedLoadServer@CDlgServerItem@@IAEXXZ 1000f660 f   DlgServerItem.obj
 0001:0000e730       ?OnBnClickedReLoadList@CDlgServerItem@@IAEXXZ 1000f730 f   DlgServerItem.obj
 0001:0000e760       ?OnBnClickedDeleteServer@CDlgServerItem@@IAEXXZ 1000f760 f   DlgServerItem.obj
 0001:0000e9f0       ?OnBnClickedServiceAttrib@CDlgServerItem@@IAEXXZ 1000f9f0 f   DlgServerItem.obj
 0001:0000ea10       ?OnNMDblclkServerList@CDlgServerItem@@IAEXPAUtagNMHDR@@PAJ@Z 1000fa10 f   DlgServerItem.obj
 0001:0000ea40       ?OnLvnItemChangedServerList@CDlgServerItem@@IAEXPAUtagNMHDR@@PAJ@Z 1000fa40 f   DlgServerItem.obj
 0001:0000ea70       ??0?$CTempldateHelper@UIGameServiceManager@@@@QAE@ABU_GUID@@K@Z 1000fa70 f i DlgServerItem.obj
 0001:0000eb20       ??0CDlgServerItem@@QAE@XZ  1000fb20 f   DlgServerItem.obj
 0001:0000ec00       ??0CGameServiceManagerHelper@@QAE@XZ 1000fc00 f i DlgServerItem.obj
 0001:0000ec40       ??0CMatchOptionBuffer@@QAE@ABV0@@Z 1000fc40 f i DlgServerItem.obj
 0001:0000eca0       ??0CServerInfoManager@@QAE@ABV0@@Z 1000fca0 f i DlgServerItem.obj
 0001:0000ed00       ??0CreateRoomPayFee@@QAE@XZ 1000fd00 f i DlgServerItem.obj
 0001:0000ed60       ??0tagModuleInitParameter@@QAE@XZ 1000fd60 f i DlgServerItem.obj
 0001:0000ed90       ??0tagPersonalRoomOptionRightAndFee@@QAE@XZ 1000fd90 f i DlgServerItem.obj
 0001:0000edd0       ??1?$CTempldateHelper@UIGameServiceManager@@@@UAE@XZ 1000fdd0 f i DlgServerItem.obj
 0001:0000ee40       ??1CDlgServerItem@@UAE@XZ  1000fe40 f   DlgServerItem.obj
 0001:0000ee90       ??1CGameServiceManagerHelper@@UAE@XZ 1000fe90 f i DlgServerItem.obj
 0001:0000eec0       ??4CMatchOptionBuffer@@QAEAAV0@ABV0@@Z 1000fec0 f i DlgServerItem.obj
 0001:0000ef10       ??4CServerInfoManager@@QAEAAV0@ABV0@@Z 1000ff10 f i DlgServerItem.obj
 0001:0000ef60       ??C?$CTempldateHelper@UIGameServiceManager@@@@QBEPAUIGameServiceManager@@XZ 1000ff60 f i DlgServerItem.obj
 0001:0000ef90       ??_ECDlgServerItem@@UAEPAXI@Z 1000ff90 f i DlgServerItem.obj
 0001:0000f090       ??_ECMatchOptionBuffer@@UAEPAXI@Z 10010090 f i DlgServerItem.obj
 0001:0000f170       ??_ECServerInfoManager@@UAEPAXI@Z 10010170 f i DlgServerItem.obj
 0001:0000f250       ??_G?$CTempldateHelper@UIGameServiceManager@@@@UAEPAXI@Z 10010250 f i DlgServerItem.obj
 0001:0000f250       ??_E?$CTempldateHelper@UIGameServiceManager@@@@UAEPAXI@Z 10010250 f i DlgServerItem.obj
 0001:0000f2a0       ??_GCDlgServerItem@@UAEPAXI@Z 100102a0 f i DlgServerItem.obj
 0001:0000f300       ??_ECGameServiceManagerHelper@@UAEPAXI@Z 10010300 f i DlgServerItem.obj
 0001:0000f300       ??_GCGameServiceManagerHelper@@UAEPAXI@Z 10010300 f i DlgServerItem.obj
 0001:0000f350       ??_GCMatchOptionBuffer@@UAEPAXI@Z 10010350 f i DlgServerItem.obj
 0001:0000f3a0       ??_GCServerInfoManager@@UAEPAXI@Z 100103a0 f i DlgServerItem.obj
 0001:0000f3f0       ?CloseInstance@?$CTempldateHelper@UIGameServiceManager@@@@QAE_NXZ 100103f0 f i DlgServerItem.obj
 0001:0000f4a0       ?CreateInstance@?$CTempldateHelper@UIGameServiceManager@@@@QAE_NXZ 100104a0 f i DlgServerItem.obj
 0001:0000f760       ?DoDataExchange@CDlgServerItem@@MAEXPAVCDataExchange@@@Z 10010760 f   DlgServerItem.obj
 0001:0000f7b0       ?GetInterface@?$CTempldateHelper@UIGameServiceManager@@@@QBEPAUIGameServiceManager@@XZ 100107b0 f i DlgServerItem.obj
 0001:0000f7e0       ?GetMessageMap@CDlgServerItem@@MBEPBUAFX_MSGMAP@@XZ 100107e0 f   DlgServerItem.obj
 0001:0000f800       ?GetModuleInitParameter@CDlgServerItem@@IAE_NPAUtagGameServerInfo@@_N@Z 10010800 f   DlgServerItem.obj
 0001:0000ff40       ?GetNextAssoc@?$CMap@GGPAUtagGameServerInfo@@PAU1@@@QBEXAAPAU__POSITION@@AAGAAPAUtagGameServerInfo@@@Z 10010f40 f i DlgServerItem.obj
 0001:00010190       ?GetStartPosition@?$CMap@GGPAUtagGameServerInfo@@PAU1@@@QBEPAU__POSITION@@XZ 10011190 f i DlgServerItem.obj
 0001:000101d0       ?GetThisMessageMap@CDlgServerItem@@KGPBUAFX_MSGMAP@@XZ 100111d0 f   DlgServerItem.obj
 0001:000101f0       ?LoadDBServerItem@CDlgServerItem@@IAE_NXZ 100111f0 f   DlgServerItem.obj
 0001:00010410       ?LoadPersonalRoomPatameter@CDlgServerItem@@QAE_NG@Z 10011410 f   DlgServerItem.obj
 0001:00010520       ?OnInitDialog@CDlgServerItem@@MAEHXZ 10011520 f   DlgServerItem.obj
 0001:00010570       ?OnOK@CDlgServerItem@@MAEXXZ 10011570 f   DlgServerItem.obj
 0001:00010590       ?OpenGameServer@CDlgServerItem@@QAE_NG@Z 10011590 f   DlgServerItem.obj
 0001:000107a0       ?OpenGameServer@CDlgServerItem@@QAE_NXZ 100117a0 f   DlgServerItem.obj
 0001:00010800       ?PreTranslateMessage@CDlgServerItem@@MAEHPAUtagMSG@@@Z 10011800 f   DlgServerItem.obj
 0001:00010850       ?SetModuleCreateInfo@?$CTempldateHelper@UIGameServiceManager@@@@QAEXPBD0@Z 10011850 f i DlgServerItem.obj
 0001:000108a0       ?UpdateControlStatus@CDlgServerItem@@IAE_NXZ 100118a0 f   DlgServerItem.obj
 0001:00010a10       ?OnBnClickedLoadMatch@CDlgServerMatch@@IAEXXZ 10011a10 f   DlgServerMatch.obj
 0001:00010ae0       ?OnBnClickedOptionMatch@CDlgServerMatch@@IAEXXZ 10011ae0 f   DlgServerMatch.obj
 0001:00010ca0       ?OnBnClickedDeleteMatch@CDlgServerMatch@@IAEXXZ 10011ca0 f   DlgServerMatch.obj
 0001:00010de0       ?OnBnClickedCreateMatch@CDlgServerMatch@@IAEXXZ 10011de0 f   DlgServerMatch.obj
 0001:00010f00       ?OnNMDblclkServerList@CDlgServerMatch@@IAEXPAUtagNMHDR@@PAJ@Z 10011f00 f   DlgServerMatch.obj
 0001:00010f30       ?OnLvnItemChangedServerList@CDlgServerMatch@@IAEXPAUtagNMHDR@@PAJ@Z 10011f30 f   DlgServerMatch.obj
 0001:00011010       ??0?$CTempldateHelper@UIDataBase@@@@QAE@ABU_GUID@@KPBD1@Z 10012010 f i DlgServerMatch.obj
 0001:000110c0       ??0CDataBaseHelper@@QAE@XZ 100120c0 f i DlgServerMatch.obj
 0001:00011110       ??0CDlgServerMatch@@QAE@XZ 10012110 f   DlgServerMatch.obj
 0001:00011220       ??0CModuleDBParameter@@QAE@ABV0@@Z 10012220 f i DlgServerMatch.obj
 0001:00011290       ??1?$CTempldateHelper@UIDataBase@@@@UAE@XZ 10012290 f i DlgServerMatch.obj
 0001:00011300       ??1CDataBaseHelper@@UAE@XZ 10012300 f i DlgServerMatch.obj
 0001:00011330       ??1CDlgServerMatch@@UAE@XZ 10012330 f   DlgServerMatch.obj
 0001:00011380       ??4CModuleDBParameter@@QAEAAV0@ABV0@@Z 10012380 f i DlgServerMatch.obj
 0001:000113e0       ??C?$CTempldateHelper@UIDataBase@@@@QBEPAUIDataBase@@XZ 100123e0 f i DlgServerMatch.obj
 0001:00011410       ??_ECDlgServerMatch@@UAEPAXI@Z 10012410 f i DlgServerMatch.obj
 0001:00011510       ??_ECModuleDBParameter@@UAEPAXI@Z 10012510 f i DlgServerMatch.obj
 0001:000115f0       ??_G?$CTempldateHelper@UIDataBase@@@@UAEPAXI@Z 100125f0 f i DlgServerMatch.obj
 0001:000115f0       ??_E?$CTempldateHelper@UIDataBase@@@@UAEPAXI@Z 100125f0 f i DlgServerMatch.obj
 0001:00011640       ??_ECDataBaseHelper@@UAEPAXI@Z 10012640 f i DlgServerMatch.obj
 0001:00011640       ??_GCDataBaseHelper@@UAEPAXI@Z 10012640 f i DlgServerMatch.obj
 0001:00011690       ??_GCDlgServerMatch@@UAEPAXI@Z 10012690 f i DlgServerMatch.obj
 0001:000116f0       ??_GCModuleDBParameter@@UAEPAXI@Z 100126f0 f i DlgServerMatch.obj
 0001:00011740       ?CloseInstance@?$CTempldateHelper@UIDataBase@@@@QAE_NXZ 10012740 f i DlgServerMatch.obj
 0001:000117f0       ?CreateInstance@?$CTempldateHelper@UIDataBase@@@@QAE_NXZ 100127f0 f i DlgServerMatch.obj
 0001:00011ab0       ?DoDataExchange@CDlgServerMatch@@MAEXPAVCDataExchange@@@Z 10012ab0 f   DlgServerMatch.obj
 0001:00011b00       ?GetGameMatchDBParameter@CModuleDBParameter@@QAEPAUtagDataBaseParameter@@XZ 10012b00 f i DlgServerMatch.obj
 0001:00011b30       ?GetInterface@?$CTempldateHelper@UIDataBase@@@@QBEPAUIDataBase@@XZ 10012b30 f i DlgServerMatch.obj
 0001:00011b60       ?GetMessageMap@CDlgServerMatch@@MBEPBUAFX_MSGMAP@@XZ 10012b60 f   DlgServerMatch.obj
 0001:00011b80       ?GetModuleDBParameter@CModuleDBParameter@@SAPAV1@XZ 10012b80 f i DlgServerMatch.obj
 0001:00011ba0       ?GetPlatformDBParameter@CModuleDBParameter@@QAEPAUtagDataBaseParameter@@XZ 10012ba0 f i DlgServerMatch.obj
 0001:00011bc0       ?GetThisMessageMap@CDlgServerMatch@@KGPBUAFX_MSGMAP@@XZ 10012bc0 f   DlgServerMatch.obj
 0001:00011be0       ?LoadDBMatchItem@CDlgServerMatch@@IAE_NXZ 10012be0 f   DlgServerMatch.obj
 0001:00011db0       ?OnInitDialog@CDlgServerMatch@@MAEHXZ 10012db0 f   DlgServerMatch.obj
 0001:00011df0       ?OpenGameMatch@CDlgServerMatch@@QAE_NAAUtagGameServiceAttrib@@AAUtagGameServiceOption@@@Z 10012df0 f   DlgServerMatch.obj
 0001:00011e80       ?QueryMatchDataBase@CDlgServerMatch@@IAE_NXZ 10012e80 f   DlgServerMatch.obj
 0001:00012450       ?SetGameMatchDBParameter@CModuleDBParameter@@QAEXAAUtagDataBaseParameter@@@Z 10013450 f i DlgServerMatch.obj
 0001:00012490       ?SetPlatformDBParameter@CModuleDBParameter@@QAEXAAUtagDataBaseParameter@@@Z 10013490 f i DlgServerMatch.obj
 0001:000124c0       ?OnSize@CDlgServerOptionItem@@AAEXIHH@Z 100134c0 f   DlgServerWizard.obj
 0001:00012520       ?GetThisMessageMap@CDlgServerOptionItem@@KGPBUAFX_MSGMAP@@XZ 10013520 f   DlgServerWizard.obj
 0001:00012540       ?OnSelchangeServerType@CDlgServerOptionItem1@@IAEXXZ 10013540 f   DlgServerWizard.obj
 0001:00012570       ?OnSelchangeServerKind@CDlgServerOptionItem1@@IAEXXZ 10013570 f   DlgServerWizard.obj
 0001:00012610       ?OnSelchangePersonalSqlType@CDlgServerOptionItem1@@IAEXXZ 10013610 f   DlgServerWizard.obj
 0001:00012770       ?OnBnClickedRevenueRadio@CDlgServerOptionItem1@@QAEXXZ 10013770 f   DlgServerWizard.obj
 0001:000127f0       ?OnBnClickedServiceRadio@CDlgServerOptionItem1@@QAEXXZ 100137f0 f   DlgServerWizard.obj
 0001:00012870       ?OnBnClickedJoinGameRadio@CDlgServerOptionItem5@@QAEXXZ 10013870 f   DlgServerWizard.obj
 0001:000128b0       ?OnBnClickedNotJoinRadio@CDlgServerOptionItem5@@QAEXXZ 100138b0 f   DlgServerWizard.obj
 0001:00012920       ?OnSelChangeGameMode1@CDlgServerOptionItem5@@QAEXXZ 10013920 f   DlgServerWizard.obj
 0001:000129f0       ?OnSelChangeGameMode2@CDlgServerOptionItem5@@QAEXXZ 100139f0 f   DlgServerWizard.obj
 0001:00012ac0       ?OnSelChangeGameMode3@CDlgServerOptionItem5@@QAEXXZ 10013ac0 f   DlgServerWizard.obj
 0001:00012b90       ?OnSelChangeGameMode4@CDlgServerOptionItem5@@QAEXXZ 10013b90 f   DlgServerWizard.obj
 0001:00012c60       ?OnSelChangeGameMode5@CDlgServerOptionItem5@@QAEXXZ 10013c60 f   DlgServerWizard.obj
 0001:00012d30       ?OnNcDestroy@CDlgServerOptionItemCustom@@AAEXXZ 10013d30 f   DlgServerWizard.obj
 0001:00012da0       ?OnSetFocus@CDlgServerOptionItemCustom@@AAEXPAVCWnd@@@Z 10013da0 f   DlgServerWizard.obj
 0001:00012df0       ?OnNcDestroy@CDlgServerOptionItemPersonal@@AAEXXZ 10013df0 f   DlgServerWizard.obj
 0001:00012e60       ?OnSetFocus@CDlgServerOptionItemPersonal@@AAEXPAVCWnd@@@Z 10013e60 f   DlgServerWizard.obj
 0001:00012eb0       ?OnSize@CDlgServerWizardItem@@AAEXIHH@Z 10013eb0 f   DlgServerWizard.obj
 0001:00012f10       ?GetThisMessageMap@CDlgServerWizardItem@@KGPBUAFX_MSGMAP@@XZ 10013f10 f   DlgServerWizard.obj
 0001:00012f30       ?OnNMDblclkModuleList@CDlgServerWizardItem1@@IAEXPAUtagNMHDR@@PAJ@Z 10013f30 f   DlgServerWizard.obj
 0001:00012fb0       ?OnSetFocus@CDlgServerWizardItem2@@IAEXPAVCWnd@@@Z 10013fb0 f   DlgServerWizard.obj
 0001:00013030       ?OnTcnSelchangeTabCtrl@CDlgServerWizardItem2@@IAEXPAUtagNMHDR@@PAJ@Z 10014030 f   DlgServerWizard.obj
 0001:000130f0       ?OnBnClickedLast@CDlgServerWizard@@QAEXXZ 100140f0 f   DlgServerWizard.obj
 0001:00013190       ?OnBnClickedNext@CDlgServerWizard@@QAEXXZ 10014190 f   DlgServerWizard.obj
 0001:00013200       ?OnBnClickedFinish@CDlgServerWizard@@QAEXXZ 10014200 f   DlgServerWizard.obj
 0001:00013b70       ??$_snprintf_s@$0BA@@@YAHAAY0BA@DIPBDZZ 10014b70 f i DlgServerWizard.obj
 0001:00013bb0       ??$_snprintf_s@$0BAE@@@YAHAAY0BAE@DIPBDZZ 10014bb0 f i DlgServerWizard.obj
 0001:00013bf0       ??$_snprintf_s@$0CAA@@@YAHAAY0CAA@DIPBDZZ 10014bf0 f i DlgServerWizard.obj
 0001:00013c30       ??0?$CA2CAEX@$0IA@@ATL@@QAE@PBD@Z 10014c30 f i DlgServerWizard.obj
 0001:00013c60       ??0?$CTraceCategoryEx@$0CAAAA@$0A@@ATL@@QAE@PBD@Z 10014c60 f i DlgServerWizard.obj
 0001:00013ca0       ??0CDlgServerOptionItem1@@QAE@XZ 10014ca0 f   DlgServerWizard.obj
 0001:00013ce0       ??0CDlgServerOptionItem2@@QAE@XZ 10014ce0 f   DlgServerWizard.obj
 0001:00013d20       ??0CDlgServerOptionItem3@@QAE@XZ 10014d20 f   DlgServerWizard.obj
 0001:00013d60       ??0CDlgServerOptionItem5@@QAE@XZ 10014d60 f   DlgServerWizard.obj
 0001:00013da0       ??0CDlgServerOptionItem@@IAE@I@Z 10014da0 f   DlgServerWizard.obj
 0001:00013ed0       ??0CDlgServerOptionItemCustom@@QAE@XZ 10014ed0 f   DlgServerWizard.obj
 0001:00013f30       ??0CDlgServerOptionItemPersonal@@QAE@XZ 10014f30 f   DlgServerWizard.obj
 0001:00013f90       ??0CDlgServerWizard@@QAE@XZ 10014f90 f   DlgServerWizard.obj
 0001:000140e0       ??0CDlgServerWizardItem1@@QAE@XZ 100150e0 f   DlgServerWizard.obj
 0001:000141d0       ??0CDlgServerWizardItem2@@QAE@XZ 100151d0 f   DlgServerWizard.obj
 0001:00014330       ??0CDlgServerWizardItem@@IAE@I@Z 10015330 f   DlgServerWizard.obj
 0001:000143c0       ??0CModuleInfoManager@@QAE@ABV0@@Z 100153c0 f i DlgServerWizard.obj
 0001:000143f0       ??0tagPersonalGeneralRule@@QAE@XZ 100153f0 f i DlgServerWizard.obj
 0001:00014420       ??0tagPersonalRule@@QAE@XZ 10015420 f i DlgServerWizard.obj
 0001:00014470       ??1?$CA2CAEX@$0IA@@ATL@@QAE@XZ 10015470 f i DlgServerWizard.obj
 0001:00014490       ??1CDlgServerOptionItem1@@UAE@XZ 10015490 f   DlgServerWizard.obj
 0001:000144c0       ??1CDlgServerOptionItem2@@UAE@XZ 100154c0 f   DlgServerWizard.obj
 0001:000144f0       ??1CDlgServerOptionItem3@@UAE@XZ 100154f0 f   DlgServerWizard.obj
 0001:00014520       ??1CDlgServerOptionItem5@@UAE@XZ 10015520 f   DlgServerWizard.obj
 0001:00014550       ??1CDlgServerOptionItem@@MAE@XZ 10015550 f   DlgServerWizard.obj
 0001:00014590       ??1CDlgServerOptionItemCustom@@UAE@XZ 10015590 f   DlgServerWizard.obj
 0001:000145c0       ??1CDlgServerOptionItemPersonal@@UAE@XZ 100155c0 f   DlgServerWizard.obj
 0001:000145f0       ??1CDlgServerWizard@@UAE@XZ 100155f0 f   DlgServerWizard.obj
 0001:00014640       ??1CDlgServerWizardItem1@@UAE@XZ 10015640 f   DlgServerWizard.obj
 0001:000146d0       ??1CDlgServerWizardItem2@@UAE@XZ 100156d0 f   DlgServerWizard.obj
 0001:00014780       ??1CDlgServerWizardItem@@MAE@XZ 10015780 f   DlgServerWizard.obj
 0001:000147b0       ??4CModuleInfoManager@@QAEAAV0@ABV0@@Z 100157b0 f i DlgServerWizard.obj
 0001:000147d0       ??B?$CA2CAEX@$0IA@@ATL@@QBEPBDXZ 100157d0 f i DlgServerWizard.obj
 0001:000147f0       ??_ECDlgServerOptionItem1@@UAEPAXI@Z 100157f0 f i DlgServerWizard.obj
 0001:000148f0       ??_ECDlgServerOptionItem2@@UAEPAXI@Z 100158f0 f i DlgServerWizard.obj
 0001:000149f0       ??_ECDlgServerOptionItem3@@UAEPAXI@Z 100159f0 f i DlgServerWizard.obj
 0001:00014af0       ??_ECDlgServerOptionItem5@@UAEPAXI@Z 10015af0 f i DlgServerWizard.obj
 0001:00014bf0       ??_ECDlgServerOptionItem@@MAEPAXI@Z 10015bf0 f i DlgServerWizard.obj
 0001:00014cf0       ??_ECDlgServerOptionItemCustom@@UAEPAXI@Z 10015cf0 f i DlgServerWizard.obj
 0001:00014df0       ??_ECDlgServerOptionItemPersonal@@UAEPAXI@Z 10015df0 f i DlgServerWizard.obj
 0001:00014ef0       ??_ECDlgServerWizard@@UAEPAXI@Z 10015ef0 f i DlgServerWizard.obj
 0001:00014ff0       ??_ECDlgServerWizardItem1@@UAEPAXI@Z 10015ff0 f i DlgServerWizard.obj
 0001:000150f0       ??_ECDlgServerWizardItem2@@UAEPAXI@Z 100160f0 f i DlgServerWizard.obj
 0001:000151f0       ??_ECDlgServerWizardItem@@MAEPAXI@Z 100161f0 f i DlgServerWizard.obj
 0001:000152f0       ??_ECModuleInfoManager@@UAEPAXI@Z 100162f0 f i DlgServerWizard.obj
 0001:000153d0       ??_GCDlgServerOptionItem1@@UAEPAXI@Z 100163d0 f i DlgServerWizard.obj
 0001:00015430       ??_GCDlgServerOptionItem2@@UAEPAXI@Z 10016430 f i DlgServerWizard.obj
 0001:00015490       ??_GCDlgServerOptionItem3@@UAEPAXI@Z 10016490 f i DlgServerWizard.obj
 0001:000154f0       ??_GCDlgServerOptionItem5@@UAEPAXI@Z 100164f0 f i DlgServerWizard.obj
 0001:00015550       ??_GCDlgServerOptionItem@@MAEPAXI@Z 10016550 f i DlgServerWizard.obj
 0001:000155b0       ??_GCDlgServerOptionItemCustom@@UAEPAXI@Z 100165b0 f i DlgServerWizard.obj
 0001:00015610       ??_GCDlgServerOptionItemPersonal@@UAEPAXI@Z 10016610 f i DlgServerWizard.obj
 0001:00015670       ??_GCDlgServerWizard@@UAEPAXI@Z 10016670 f i DlgServerWizard.obj
 0001:000156d0       ??_GCDlgServerWizardItem1@@UAEPAXI@Z 100166d0 f i DlgServerWizard.obj
 0001:00015730       ??_GCDlgServerWizardItem2@@UAEPAXI@Z 10016730 f i DlgServerWizard.obj
 0001:00015790       ??_GCDlgServerWizardItem@@MAEPAXI@Z 10016790 f i DlgServerWizard.obj
 0001:000157f0       ??_GCModuleInfoManager@@UAEPAXI@Z 100167f0 f i DlgServerWizard.obj
 0001:00015840       ?ActiveOptionItem@CDlgServerWizardItem2@@QAE_NG@Z 10016840 f   DlgServerWizard.obj
 0001:00015ab0       ?ActiveWizardItem@CDlgServerWizard@@AAE_NG@Z 10016ab0 f   DlgServerWizard.obj
 0001:00015e90       ?CreateGameServer@CDlgServerWizard@@QAE_NXZ 10016e90 f   DlgServerWizard.obj
 0001:00015ee0       ?DoDataExchange@CDlgServerWizardItem1@@MAEXPAVCDataExchange@@@Z 10016ee0 f   DlgServerWizard.obj
 0001:00015f50       ?DoDataExchange@CDlgServerWizardItem2@@MAEXPAVCDataExchange@@@Z 10016f50 f   DlgServerWizard.obj
 0001:00015fa0       ?GetErrorDescribe@?$CTempldateHelper@UIGameServiceManager@@@@QBEPBDXZ 10016fa0 f i DlgServerWizard.obj
 0001:00015fd0       ?GetMessageMap@CDlgServerOptionItem1@@MBEPBUAFX_MSGMAP@@XZ 10016fd0 f   DlgServerWizard.obj
 0001:00015ff0       ?GetMessageMap@CDlgServerOptionItem2@@MBEPBUAFX_MSGMAP@@XZ 10016ff0 f   DlgServerWizard.obj
 0001:00016010       ?GetMessageMap@CDlgServerOptionItem3@@MBEPBUAFX_MSGMAP@@XZ 10017010 f   DlgServerWizard.obj
 0001:00016030       ?GetMessageMap@CDlgServerOptionItem5@@MBEPBUAFX_MSGMAP@@XZ 10017030 f   DlgServerWizard.obj
 0001:00016050       ?GetMessageMap@CDlgServerOptionItem@@MBEPBUAFX_MSGMAP@@XZ 10017050 f   DlgServerWizard.obj
 0001:00016070       ?GetMessageMap@CDlgServerOptionItemCustom@@MBEPBUAFX_MSGMAP@@XZ 10017070 f   DlgServerWizard.obj
 0001:00016090       ?GetMessageMap@CDlgServerOptionItemPersonal@@MBEPBUAFX_MSGMAP@@XZ 10017090 f   DlgServerWizard.obj
 0001:000160b0       ?GetMessageMap@CDlgServerWizard@@MBEPBUAFX_MSGMAP@@XZ 100170b0 f   DlgServerWizard.obj
 0001:000160d0       ?GetMessageMap@CDlgServerWizardItem1@@MBEPBUAFX_MSGMAP@@XZ 100170d0 f   DlgServerWizard.obj
 0001:000160f0       ?GetMessageMap@CDlgServerWizardItem2@@MBEPBUAFX_MSGMAP@@XZ 100170f0 f   DlgServerWizard.obj
 0001:00016110       ?GetMessageMap@CDlgServerWizardItem@@MBEPBUAFX_MSGMAP@@XZ 10017110 f   DlgServerWizard.obj
 0001:00016130       ?GetNextAssoc@?$CMap@GGPAUtagGameModuleInfo@@PAU1@@@QBEXAAPAU__POSITION@@AAGAAPAUtagGameModuleInfo@@@Z 10017130 f i DlgServerWizard.obj
 0001:00016380       ?GetPersonalRoomInfo@CDlgServerOptionItem5@@QAE_NK@Z 10017380 f   DlgServerWizard.obj
 0001:000169d0       ?GetStartPosition@?$CMap@GGPAUtagGameModuleInfo@@PAU1@@@QBEPAU__POSITION@@XZ 100179d0 f i DlgServerWizard.obj
 0001:00016a10       ?GetThisMessageMap@CDlgServerOptionItem1@@KGPBUAFX_MSGMAP@@XZ 10017a10 f   DlgServerWizard.obj
 0001:00016a30       ?GetThisMessageMap@CDlgServerOptionItem2@@KGPBUAFX_MSGMAP@@XZ 10017a30 f   DlgServerWizard.obj
 0001:00016a50       ?GetThisMessageMap@CDlgServerOptionItem3@@KGPBUAFX_MSGMAP@@XZ 10017a50 f   DlgServerWizard.obj
 0001:00016a70       ?GetThisMessageMap@CDlgServerOptionItem5@@KGPBUAFX_MSGMAP@@XZ 10017a70 f   DlgServerWizard.obj
 0001:00016a90       ?GetThisMessageMap@CDlgServerOptionItemCustom@@KGPBUAFX_MSGMAP@@XZ 10017a90 f   DlgServerWizard.obj
 0001:00016ab0       ?GetThisMessageMap@CDlgServerOptionItemPersonal@@KGPBUAFX_MSGMAP@@XZ 10017ab0 f   DlgServerWizard.obj
 0001:00016ad0       ?GetThisMessageMap@CDlgServerWizard@@KGPBUAFX_MSGMAP@@XZ 10017ad0 f   DlgServerWizard.obj
 0001:00016af0       ?GetThisMessageMap@CDlgServerWizardItem1@@KGPBUAFX_MSGMAP@@XZ 10017af0 f   DlgServerWizard.obj
 0001:00016b10       ?GetThisMessageMap@CDlgServerWizardItem2@@KGPBUAFX_MSGMAP@@XZ 10017b10 f   DlgServerWizard.obj
 0001:00016b30       ?InitCtrlWindow@CDlgServerOptionItem1@@IAEXXZ 10017b30 f   DlgServerWizard.obj
 0001:00016fb0       ?InitCtrlWindow@CDlgServerOptionItem2@@IAEXXZ 10017fb0 f   DlgServerWizard.obj
 0001:000171e0       ?IsAllowAndroidAttend@CServerRule@@SA_NK@Z 100181e0 f i DlgServerWizard.obj
 0001:00017220       ?IsAllowAndroidSimulate@CServerRule@@SA_NK@Z 10018220 f i DlgServerWizard.obj
 0001:00017260       ?IsAllowAvertCheatMode@CServerRule@@SA_NK@Z 10018260 f i DlgServerWizard.obj
 0001:000172a0       ?IsAllowDynamicJoin@CServerRule@@SA_NK@Z 100182a0 f i DlgServerWizard.obj
 0001:000172e0       ?IsAllowOffLineTrustee@CServerRule@@SA_NK@Z 100182e0 f i DlgServerWizard.obj
 0001:00017320       ?IsDynamicCellScore@CServerRule@@SA_NK@Z 10018320 f i DlgServerWizard.obj
 0001:00017360       ?IsForfendGameChat@CServerRule@@SA_NK@Z 10018360 f i DlgServerWizard.obj
 0001:000173a0       ?IsForfendGameEnter@CServerRule@@SA_NK@Z 100183a0 f i DlgServerWizard.obj
 0001:000173e0       ?IsForfendGameLookon@CServerRule@@SA_NK@Z 100183e0 f i DlgServerWizard.obj
 0001:00017420       ?IsForfendGameRule@CServerRule@@SA_NK@Z 10018420 f i DlgServerWizard.obj
 0001:00017460       ?IsForfendLockTable@CServerRule@@SA_NK@Z 10018460 f i DlgServerWizard.obj
 0001:000174a0       ?IsForfendRoomChat@CServerRule@@SA_NK@Z 100184a0 f i DlgServerWizard.obj
 0001:000174e0       ?IsForfendRoomEnter@CServerRule@@SA_NK@Z 100184e0 f i DlgServerWizard.obj
 0001:00017520       ?IsForfendSaveInGame@CServerRule@@SA_NK@Z 10018520 f i DlgServerWizard.obj
 0001:00017560       ?IsForfendSaveInRoom@CServerRule@@SA_NK@Z 10018560 f i DlgServerWizard.obj
 0001:000175a0       ?IsForfendWisperChat@CServerRule@@SA_NK@Z 100185a0 f i DlgServerWizard.obj
 0001:000175e0       ?IsForfendWisperOnGame@CServerRule@@SA_NK@Z 100185e0 f i DlgServerWizard.obj
 0001:00017620       ?IsImmediateWriteScore@CServerRule@@SA_NK@Z 10018620 f i DlgServerWizard.obj
 0001:00017660       ?IsRecordGameScore@CServerRule@@SA_NK@Z 10018660 f i DlgServerWizard.obj
 0001:000176a0       ?IsRecordGameTrack@CServerRule@@SA_NK@Z 100186a0 f i DlgServerWizard.obj
 0001:000176e0       ?IsSuportMobile@CServerRule@@SA_NK@Z 100186e0 f i DlgServerWizard.obj
 0001:00017720       ?IsSuportPC@CServerRule@@SA_NK@Z 10018720 f i DlgServerWizard.obj
 0001:00017760       ?IsSuportPlayBack@CServerRule@@SA_NK@Z 10018760 f i DlgServerWizard.obj
 0001:000177a0       ?LoadDBModuleItem@CDlgServerWizardItem1@@IAE_NXZ 100187a0 f   DlgServerWizard.obj
 0001:00017890       ?OnCancel@CDlgServerOptionItem@@MAEXXZ 10018890 f   DlgServerWizard.obj
 0001:000178d0       ?OnCancel@CDlgServerWizardItem@@MAEXXZ 100188d0 f   DlgServerWizard.obj
 0001:00017910       ?OnInitDialog@CDlgServerOptionItem1@@MAEHXZ 10018910 f   DlgServerWizard.obj
 0001:00018780       ?OnInitDialog@CDlgServerOptionItem2@@MAEHXZ 10019780 f   DlgServerWizard.obj
 0001:00019560       ?OnInitDialog@CDlgServerOptionItem3@@MAEHXZ 1001a560 f   DlgServerWizard.obj
 0001:00019830       ?OnInitDialog@CDlgServerOptionItem5@@MAEHXZ 1001a830 f   DlgServerWizard.obj
 0001:0001a340       ?OnInitDialog@CDlgServerOptionItemCustom@@MAEHXZ 1001b340 f   DlgServerWizard.obj
 0001:0001a430       ?OnInitDialog@CDlgServerOptionItemPersonal@@MAEHXZ 1001b430 f   DlgServerWizard.obj
 0001:0001a520       ?OnInitDialog@CDlgServerWizard@@UAEHXZ 1001b520 f   DlgServerWizard.obj
 0001:0001a650       ?OnInitDialog@CDlgServerWizardItem1@@MAEHXZ 1001b650 f   DlgServerWizard.obj
 0001:0001a690       ?OnInitDialog@CDlgServerWizardItem2@@MAEHXZ 1001b690 f   DlgServerWizard.obj
 0001:0001a9b0       ?OnOK@CDlgServerOptionItem@@MAEXXZ 1001b9b0 f   DlgServerWizard.obj
 0001:0001a9f0       ?OnOK@CDlgServerWizard@@UAEXXZ 1001b9f0 f   DlgServerWizard.obj
 0001:0001aa40       ?OnOK@CDlgServerWizardItem@@MAEXXZ 1001ba40 f   DlgServerWizard.obj
 0001:0001aa80       ?PreTranslateMessage@CDlgServerOptionItem1@@UAEHPAUtagMSG@@@Z 1001ba80 f   DlgServerWizard.obj
 0001:0001aaf0       ?PreTranslateMessage@CDlgServerOptionItem2@@UAEHPAUtagMSG@@@Z 1001baf0 f   DlgServerWizard.obj
 0001:0001ab60       ?PreTranslateMessage@CDlgServerOptionItem3@@MAEHPAUtagMSG@@@Z 1001bb60 f   DlgServerWizard.obj
 0001:0001abd0       ?PreTranslateMessage@CDlgServerOptionItem5@@UAEHPAUtagMSG@@@Z 1001bbd0 f   DlgServerWizard.obj
 0001:0001ac40       ?RectifyControl@CDlgServerOptionItem1@@UAEXHH@Z 1001bc40 f   DlgServerWizard.obj
 0001:0001ac60       ?RectifyControl@CDlgServerOptionItem2@@UAEXHH@Z 1001bc60 f   DlgServerWizard.obj
 0001:0001ac80       ?RectifyControl@CDlgServerOptionItem3@@UAEXHH@Z 1001bc80 f   DlgServerWizard.obj
 0001:0001aca0       ?RectifyControl@CDlgServerOptionItem5@@UAEXHH@Z 1001bca0 f   DlgServerWizard.obj
 0001:0001acc0       ?RectifyControl@CDlgServerOptionItemCustom@@UAEXHH@Z 1001bcc0 f   DlgServerWizard.obj
 0001:0001ad20       ?RectifyControl@CDlgServerOptionItemPersonal@@UAEXHH@Z 1001bd20 f   DlgServerWizard.obj
 0001:0001ad80       ?RectifyControl@CDlgServerWizardItem1@@UAEXHH@Z 1001bd80 f   DlgServerWizard.obj
 0001:0001ae20       ?RectifyControl@CDlgServerWizardItem2@@UAEXHH@Z 1001be20 f   DlgServerWizard.obj
 0001:0001af30       ?SaveData@CDlgServerWizard@@QAEXXZ 1001bf30 f   DlgServerWizard.obj
 0001:0001b170       ?SaveInputInfo@CDlgServerOptionItem1@@UAE_NXZ 1001c170 f   DlgServerWizard.obj
 0001:0001b770       ?SaveInputInfo@CDlgServerOptionItem2@@UAE_NXZ 1001c770 f   DlgServerWizard.obj
 0001:0001c260       ?SaveInputInfo@CDlgServerOptionItem3@@UAE_NXZ 1001d260 f   DlgServerWizard.obj
 0001:0001c4b0       ?SaveInputInfo@CDlgServerOptionItem5@@UAE_NXZ 1001d4b0 f   DlgServerWizard.obj
 0001:0001c8b0       ?SaveInputInfo@CDlgServerOptionItemCustom@@UAE_NXZ 1001d8b0 f   DlgServerWizard.obj
 0001:0001c930       ?SaveInputInfo@CDlgServerOptionItemPersonal@@UAE_NXZ 1001d930 f   DlgServerWizard.obj
 0001:0001c9b0       ?SaveInputInfo@CDlgServerWizardItem1@@UAE_NXZ 1001d9b0 f   DlgServerWizard.obj
 0001:0001ccb0       ?SaveInputInfo@CDlgServerWizardItem2@@UAE_NXZ 1001dcb0 f   DlgServerWizard.obj
 0001:0001cd30       ?SaveItemData@CDlgServerOptionItem@@AAE_NXZ 1001dd30 f   DlgServerWizard.obj
 0001:0001cd80       ?SaveItemData@CDlgServerWizardItem@@AAE_NXZ 1001dd80 f   DlgServerWizard.obj
 0001:0001cdd0       ?SetAllowAndroidAttend@CServerRule@@SAXAAK_N@Z 1001ddd0 f i DlgServerWizard.obj
 0001:0001ce30       ?SetAllowAndroidSimulate@CServerRule@@SAXAAK_N@Z 1001de30 f i DlgServerWizard.obj
 0001:0001ce90       ?SetAllowAvertCheatMode@CServerRule@@SAXAAK_N@Z 1001de90 f i DlgServerWizard.obj
 0001:0001cef0       ?SetAllowDynamicJoin@CServerRule@@SAXAAK_N@Z 1001def0 f i DlgServerWizard.obj
 0001:0001cf50       ?SetAllowOffLineTrustee@CServerRule@@SAXAAK_N@Z 1001df50 f i DlgServerWizard.obj
 0001:0001cfb0       ?SetDynamicCellScore@CServerRule@@SAXAAK_N@Z 1001dfb0 f i DlgServerWizard.obj
 0001:0001d010       ?SetForfendGameChat@CServerRule@@SAXAAK_N@Z 1001e010 f i DlgServerWizard.obj
 0001:0001d070       ?SetForfendGameEnter@CServerRule@@SAXAAK_N@Z 1001e070 f i DlgServerWizard.obj
 0001:0001d0d0       ?SetForfendGameLookon@CServerRule@@SAXAAK_N@Z 1001e0d0 f i DlgServerWizard.obj
 0001:0001d130       ?SetForfendGameRule@CServerRule@@SAXAAK_N@Z 1001e130 f i DlgServerWizard.obj
 0001:0001d190       ?SetForfendLockTable@CServerRule@@SAXAAK_N@Z 1001e190 f i DlgServerWizard.obj
 0001:0001d1f0       ?SetForfendRoomChat@CServerRule@@SAXAAK_N@Z 1001e1f0 f i DlgServerWizard.obj
 0001:0001d250       ?SetForfendRoomEnter@CServerRule@@SAXAAK_N@Z 1001e250 f i DlgServerWizard.obj
 0001:0001d2b0       ?SetForfendSaveInGame@CServerRule@@SAXAAK_N@Z 1001e2b0 f i DlgServerWizard.obj
 0001:0001d310       ?SetForfendSaveInRoom@CServerRule@@SAXAAK_N@Z 1001e310 f i DlgServerWizard.obj
 0001:0001d370       ?SetForfendWisperChat@CServerRule@@SAXAAK_N@Z 1001e370 f i DlgServerWizard.obj
 0001:0001d3d0       ?SetForfendWisperOnGame@CServerRule@@SAXAAK_N@Z 1001e3d0 f i DlgServerWizard.obj
 0001:0001d430       ?SetImmediateWriteScore@CServerRule@@SAXAAK_N@Z 1001e430 f i DlgServerWizard.obj
 0001:0001d490       ?SetPersonalRoomParameter@CDlgServerWizard@@QAEXUtagPersonalRoomOption@@UtagPersonalRoomOptionRightAndFee@@@Z 1001e490 f   DlgServerWizard.obj
 0001:0001d4e0       ?SetRecordGameScore@CServerRule@@SAXAAK_N@Z 1001e4e0 f i DlgServerWizard.obj
 0001:0001d540       ?SetRecordGameTrack@CServerRule@@SAXAAK_N@Z 1001e540 f i DlgServerWizard.obj
 0001:0001d5a0       ?SetSuportMobile@CServerRule@@SAXAAK_N@Z 1001e5a0 f i DlgServerWizard.obj
 0001:0001d600       ?SetSuportPC@CServerRule@@SAXAAK_N@Z 1001e600 f i DlgServerWizard.obj
 0001:0001d660       ?SetSuportPlayBack@CServerRule@@SAXAAK_N@Z 1001e660 f i DlgServerWizard.obj
 0001:0001d6c0       ?SetWizardParameter@CDlgServerWizard@@QAEXPAUIGameServiceManager@@PAUtagGameServiceOption@@@Z 1001e6c0 f   DlgServerWizard.obj
 0001:0001da80       ?ShowOptionItem@CDlgServerOptionItem@@AAE_NABVCRect@@PAVCWnd@@@Z 1001ea80 f   DlgServerWizard.obj
 0001:0001db40       ?ShowWizardItem@CDlgServerWizardItem@@AAE_NABVCRect@@PAVCWnd@@@Z 1001eb40 f   DlgServerWizard.obj
 0001:0001dc00       ?UpdateDataBaseName@CDlgServerOptionItem1@@IAEXXZ 1001ec00 f   DlgServerWizard.obj
 0001:0001de90       __snprintf                 1001ee90 f i DlgServerWizard.obj
 0001:0001dee0       __vsnprintf                1001eee0 f i DlgServerWizard.obj
 0001:0001df20       __vsnprintf_l              1001ef20 f i DlgServerWizard.obj
 0001:0001df90       ?OnPaint@CListHeaderCtrl@@IAEXXZ 1001ef90 f   ListControl.obj
 0001:0001e180       ?OnEraseBkgnd@CListControl@@IAEHPAVCDC@@@Z 1001f180 f   ListControl.obj
 0001:0001e240       ?OnColumnclick@CListControl@@IAEXPAUtagNMHDR@@PAJ@Z 1001f240 f   ListControl.obj
 0001:0001e2f0       ??0CListControl@@QAE@XZ    1001f2f0 f   ListControl.obj
 0001:0001e390       ??0CListHeaderCtrl@@QAE@XZ 1001f390 f   ListControl.obj
 0001:0001e3c0       ??0CRect@@QAE@ABUtagRECT@@@Z 1001f3c0 f i ListControl.obj
 0001:0001e3f0       ??1CListControl@@UAE@XZ    1001f3f0 f   ListControl.obj
 0001:0001e430       ??1CListHeaderCtrl@@UAE@XZ 1001f430 f   ListControl.obj
 0001:0001e460       ??_ECListControl@@UAEPAXI@Z 1001f460 f i ListControl.obj
 0001:0001e560       ??_ECListHeaderCtrl@@UAEPAXI@Z 1001f560 f i ListControl.obj
 0001:0001e660       ??_GCListControl@@UAEPAXI@Z 1001f660 f i ListControl.obj
 0001:0001e6c0       ??_GCListHeaderCtrl@@UAEPAXI@Z 1001f6c0 f i ListControl.obj
 0001:0001e720       ?DrawItem@CListControl@@UAEXPAUtagDRAWITEMSTRUCT@@@Z 1001f720 f   ListControl.obj
 0001:0001ea50       ?GetMessageMap@CListControl@@MBEPBUAFX_MSGMAP@@XZ 1001fa50 f   ListControl.obj
 0001:0001ea70       ?GetMessageMap@CListHeaderCtrl@@MBEPBUAFX_MSGMAP@@XZ 1001fa70 f   ListControl.obj
 0001:0001ea90       ?GetThisMessageMap@CListControl@@KGPBUAFX_MSGMAP@@XZ 1001fa90 f   ListControl.obj
 0001:0001eab0       ?GetThisMessageMap@CListHeaderCtrl@@KGPBUAFX_MSGMAP@@XZ 1001fab0 f   ListControl.obj
 0001:0001ead0       ?PreSubclassWindow@CListControl@@UAEXXZ 1001fad0 f   ListControl.obj
 0001:0001eb50       ?SortFunction@CListControl@@KGHJJJ@Z 1001fb50 f   ListControl.obj
 0001:0001ebe0       ??0?$CWHArray@PAUtagGameMatchOption@@ABQAU1@@@QAE@XZ 1001fbe0 f i MatchInfoManager.obj
 0001:0001ec40       ??0?$CWHArray@PAUtagMatchRewardInfo@@ABQAU1@@@QAE@XZ 1001fc40 f i MatchInfoManager.obj
 0001:0001eca0       ??0CMatchInfoBuffer@@QAE@XZ 1001fca0 f   MatchInfoManager.obj
 0001:0001ed30       ??0CMatchInfoManager@@QAE@XZ 1001fd30 f   MatchInfoManager.obj
 0001:0001ed60       ??0CRewardInfoBuffer@@QAE@XZ 1001fd60 f   MatchInfoManager.obj
 0001:0001edf0       ??1CMatchInfoBuffer@@UAE@XZ 1001fdf0 f   MatchInfoManager.obj
 0001:0001ef70       ??1CMatchInfoManager@@UAE@XZ 1001ff70 f   MatchInfoManager.obj
 0001:0001efa0       ??1CRewardInfoBuffer@@UAE@XZ 1001ffa0 f   MatchInfoManager.obj
 0001:0001f120       ??2@YAPAXIPAX@Z            10020120 f i MatchInfoManager.obj
 0001:0001f140       ?Add@?$CWHArray@PAUtagGameMatchOption@@ABQAU1@@@QAEHABQAUtagGameMatchOption@@@Z 10020140 f i MatchInfoManager.obj
 0001:0001f180       ?Add@?$CWHArray@PAUtagMatchRewardInfo@@ABQAU1@@@QAEHABQAUtagMatchRewardInfo@@@Z 10020180 f i MatchInfoManager.obj
 0001:0001f1c0       ?AllocMemory@?$CWHArray@PAUtagGameMatchOption@@ABQAU1@@@QAEXH@Z 100201c0 f i MatchInfoManager.obj
 0001:0001f330       ?AllocMemory@?$CWHArray@PAUtagMatchRewardInfo@@ABQAU1@@@QAEXH@Z 10020330 f i MatchInfoManager.obj
 0001:0001f4a0       ?Append@?$CWHArray@PAUtagGameMatchOption@@ABQAU1@@@QAEHABV1@@Z 100204a0 f i MatchInfoManager.obj
 0001:0001f590       ?Append@?$CWHArray@PAUtagMatchRewardInfo@@ABQAU1@@@QAEHABV1@@Z 10020590 f i MatchInfoManager.obj
 0001:0001f680       ?ConnectGameMatchDB@CMatchInfoManager@@AAE_NAAVCDataBaseHelper@@@Z 10020680 f   MatchInfoManager.obj
 0001:0001f760       ?ConnectPlatformDB@CMatchInfoManager@@AAE_NAAVCDataBaseHelper@@@Z 10020760 f   MatchInfoManager.obj
 0001:0001f840       ?CreateMatchOption@CMatchInfoBuffer@@AAEPAUtagGameMatchOption@@XZ 10020840 f   MatchInfoManager.obj
 0001:0001f990       ?CreateMatchRewardInfo@CRewardInfoBuffer@@AAEPAUtagMatchRewardInfo@@XZ 10020990 f   MatchInfoManager.obj
 0001:0001fad0       ?DeleteGameMatchOption@CMatchInfoManager@@QAE_NK@Z 10020ad0 f   MatchInfoManager.obj
 0001:0001fdc0       ?DeleteMatchOption@CMatchInfoBuffer@@QAE_NK@Z 10020dc0 f   MatchInfoManager.obj
 0001:0001fe80       ?DeleteMatchRewardInfo@CRewardInfoBuffer@@QAE_NG@Z 10020e80 f   MatchInfoManager.obj
 0001:0001ff40       ?GetMatchOptionCount@CMatchInfoBuffer@@QAEKXZ 10020f40 f   MatchInfoManager.obj
 0001:0001ff70       ?GetMatchRewardCount@CRewardInfoBuffer@@QAEKXZ 10020f70 f   MatchInfoManager.obj
 0001:0001ffa0       ?InsertGameMatchOption@CMatchInfoManager@@QAE_NPAUtagCreateMatchInfo@@AAUtagGameMatchOption@@@Z 10020fa0 f   MatchInfoManager.obj
 0001:00020760       ?InsertMatchOption@CMatchInfoBuffer@@QAEPAUtagGameMatchOption@@PAU2@@Z 10021760 f   MatchInfoManager.obj
 0001:00020840       ?InsertMatchRewardInfo@CRewardInfoBuffer@@QAEPAUtagMatchRewardInfo@@AAU2@@Z 10021840 f   MatchInfoManager.obj
 0001:000208f0       ?LoadGameMatchOption@CMatchInfoManager@@QAE_NGKAAUtagGameMatchOption@@@Z 100218f0 f   MatchInfoManager.obj
 0001:00020d50       ?LoadGameMatchOption@CMatchInfoManager@@QAE_NGQADAAVCMatchInfoBuffer@@@Z 10021d50 f   MatchInfoManager.obj
 0001:000211d0       ?LoadGameMatchReward@CMatchInfoManager@@QAEGKAAVCRewardInfoBuffer@@@Z 100221d0 f   MatchInfoManager.obj
 0001:00021660       ?ModifyGameMatchOption@CMatchInfoManager@@QAE_NPAUtagCreateMatchInfo@@AAUtagGameMatchOption@@@Z 10022660 f   MatchInfoManager.obj
 0001:00021e20       ?ReadGameMatchOption@CMatchInfoManager@@AAE_NAAVCDataBaseAide@@AAUtagGameMatchOption@@@Z 10022e20 f   MatchInfoManager.obj
 0001:00022550       ?RemoveAll@?$CWHArray@PAUtagGameMatchOption@@ABQAU1@@@QAEXXZ 10023550 f i MatchInfoManager.obj
 0001:000225d0       ?RemoveAll@?$CWHArray@PAUtagMatchRewardInfo@@ABQAU1@@@QAEXXZ 100235d0 f i MatchInfoManager.obj
 0001:00022650       ?RemoveAt@?$CWHArray@PAUtagGameMatchOption@@ABQAU1@@@QAEXHH@Z 10023650 f i MatchInfoManager.obj
 0001:00022790       ?RemoveAt@?$CWHArray@PAUtagMatchRewardInfo@@ABQAU1@@@QAEXHH@Z 10023790 f i MatchInfoManager.obj
 0001:000228d0       ?ResetMatchOption@CMatchInfoBuffer@@QAE_NXZ 100238d0 f   MatchInfoManager.obj
 0001:00022910       ?ResetMatchRewardInfo@CRewardInfoBuffer@@QAE_NXZ 10023910 f   MatchInfoManager.obj
 0001:00022950       ?SearchMatchOption@CMatchInfoBuffer@@QAEPAUtagGameMatchOption@@K@Z 10023950 f   MatchInfoManager.obj
 0001:000229d0       ?SearchMatchReward@CRewardInfoBuffer@@QAEPAUtagMatchRewardInfo@@G@Z 100239d0 f   MatchInfoManager.obj
 0001:00022a60       ?SetAtGrow@?$CWHArray@PAUtagGameMatchOption@@ABQAU1@@@QAEXHABQAUtagGameMatchOption@@@Z 10023a60 f i MatchInfoManager.obj
 0001:00022af0       ?SetAtGrow@?$CWHArray@PAUtagMatchRewardInfo@@ABQAU1@@@QAEXHABQAUtagMatchRewardInfo@@@Z 10023af0 f i MatchInfoManager.obj
 0001:00022b80       ?SetSize@?$CWHArray@PAUtagGameMatchOption@@ABQAU1@@@QAEXH@Z 10023b80 f i MatchInfoManager.obj
 0001:00022ca0       ?SetSize@?$CWHArray@PAUtagMatchRewardInfo@@ABQAU1@@@QAEXH@Z 10023ca0 f i MatchInfoManager.obj
 0001:00022dc0       __vsprintf_l               10023dc0 f i MatchInfoManager.obj
 0001:00022e00       _sprintf                   10023e00 f i MatchInfoManager.obj
 0001:00022e50       ??0CMatchListControl@@QAE@XZ 10023e50 f   MatchListControl.obj
 0001:00022e80       ??0CRewardListControl@@QAE@XZ 10023e80 f   MatchListControl.obj
 0001:00022eb0       ??1CMatchListControl@@UAE@XZ 10023eb0 f   MatchListControl.obj
 0001:00022ee0       ??1CRewardListControl@@UAE@XZ 10023ee0 f   MatchListControl.obj
 0001:00022f10       ??_ECMatchListControl@@UAEPAXI@Z 10023f10 f i MatchListControl.obj
 0001:00023010       ??_ECRewardListControl@@UAEPAXI@Z 10024010 f i MatchListControl.obj
 0001:00023110       ??_GCMatchListControl@@UAEPAXI@Z 10024110 f i MatchListControl.obj
 0001:00023170       ??_GCRewardListControl@@UAEPAXI@Z 10024170 f i MatchListControl.obj
 0001:000231d0       ?DeleteMatchReward@CRewardListControl@@QAE_NPAUtagMatchRewardInfo@@@Z 100241d0 f   MatchListControl.obj
 0001:00023250       ?GetDescribeString@CMatchListControl@@AAEPBDPAUtagGameMatchOption@@G@Z 10024250 f   MatchListControl.obj
 0001:000232f0       ?GetDescribeString@CRewardListControl@@AAEPBDPAUtagMatchRewardInfo@@G@Z 100242f0 f   MatchListControl.obj
 0001:00023410       ?GetInsertIndex@CMatchListControl@@AAEGPAUtagGameMatchOption@@@Z 10024410 f   MatchListControl.obj
 0001:000234b0       ?GetInsertIndex@CRewardListControl@@AAEGPAUtagMatchRewardInfo@@@Z 100244b0 f   MatchListControl.obj
 0001:00023540       ?GetListItemColor@CMatchListControl@@UAEXJIAAUtagListItemColor@@@Z 10024540 f   MatchListControl.obj
 0001:000235e0       ?GetListItemColor@CRewardListControl@@UAEXJIAAUtagListItemColor@@@Z 100245e0 f   MatchListControl.obj
 0001:00023680       ?InitListControl@CMatchListControl@@UAEXXZ 10024680 f   MatchListControl.obj
 0001:00023710       ?InitListControl@CRewardListControl@@UAEXXZ 10024710 f   MatchListControl.obj
 0001:000237f0       ?InsertMatchOption@CMatchListControl@@QAE_NPAUtagGameMatchOption@@@Z 100247f0 f   MatchListControl.obj
 0001:00023940       ?InsertMatchReward@CRewardListControl@@QAE_NPAUtagMatchRewardInfo@@@Z 10024940 f   MatchListControl.obj
 0001:00023a90       ?SortListItemData@CMatchListControl@@UAEHJJG@Z 10024a90 f   MatchListControl.obj
 0001:00023b30       ?SortListItemData@CRewardListControl@@UAEHJJG@Z 10024b30 f   MatchListControl.obj
 0001:00023c90       ?UpdateMatchOption@CMatchListControl@@QAE_NPAUtagGameMatchOption@@@Z 10024c90 f   MatchListControl.obj
 0001:00023d80       ?UpdateMatchReward@CRewardListControl@@QAE_NPAUtagMatchRewardInfo@@@Z 10024d80 f   MatchListControl.obj
 0001:00023e70       ??0CModuleDBParameter@@QAE@XZ 10024e70 f   ModuleDBParameter.obj
 0001:00023ef0       ??1CModuleDBParameter@@UAE@XZ 10024ef0 f   ModuleDBParameter.obj
 0001:00023f90       ??$CompareElements@GG@@YGHPBG0@Z 10024f90 f i ModuleInfoManager.obj
 0001:00024090       ??$DumpElements@G@@YGXAAVCDumpContext@@PBGH@Z 10025090 f i ModuleInfoManager.obj
 0001:00024140       ??$DumpElements@PAUtagGameModuleInfo@@@@YGXAAVCDumpContext@@PBQAUtagGameModuleInfo@@H@Z 10025140 f i ModuleInfoManager.obj
 0001:000241f0       ??$HashKey@G@@YGIG@Z       100251f0 f i ModuleInfoManager.obj
 0001:00024260       ??$SerializeElements@G@@YGXAAVCArchive@@PAGH@Z 10025260 f i ModuleInfoManager.obj
 0001:00024400       ??$SerializeElements@PAUtagGameModuleInfo@@@@YGXAAVCArchive@@PAPAUtagGameModuleInfo@@H@Z 10025400 f i ModuleInfoManager.obj
 0001:000245a0       ??0?$CMap@GGPAUtagGameModuleInfo@@PAU1@@@QAE@H@Z 100255a0 f i ModuleInfoManager.obj
 0001:00024690       ??0?$CWHArray@PAUtagGameModuleInfo@@ABQAU1@@@QAE@XZ 10025690 f i ModuleInfoManager.obj
 0001:000246f0       ??0CAssoc@?$CMap@GGPAUtagGameModuleInfo@@PAU1@@@QAE@G@Z 100256f0 f i ModuleInfoManager.obj
 0001:00024720       ??0CModuleInfoBuffer@@QAE@XZ 10025720 f   ModuleInfoManager.obj
 0001:000247b0       ??0CModuleInfoManager@@QAE@XZ 100257b0 f   ModuleInfoManager.obj
 0001:000247e0       ??0CPair@?$CMap@GGPAUtagGameModuleInfo@@PAU1@@@IAE@G@Z 100257e0 f i ModuleInfoManager.obj
 0001:00024810       ??1?$CMap@GGPAUtagGameModuleInfo@@PAU1@@@UAE@XZ 10025810 f i ModuleInfoManager.obj
 0001:000248a0       ??1?$CWHArray@PAUtagGameModuleInfo@@ABQAU1@@@UAE@XZ 100258a0 f i ModuleInfoManager.obj
 0001:00024920       ??1CModuleInfoBuffer@@UAE@XZ 10025920 f   ModuleInfoManager.obj
 0001:00024b40       ??1CModuleInfoManager@@UAE@XZ 10025b40 f   ModuleInfoManager.obj
 0001:00024b70       ??A?$CMap@GGPAUtagGameModuleInfo@@PAU1@@@QAEAAPAUtagGameModuleInfo@@G@Z 10025b70 f i ModuleInfoManager.obj
 0001:00024ca0       ??A?$CWHArray@PAUtagGameModuleInfo@@ABQAU1@@@QAEAAPAUtagGameModuleInfo@@H@Z 10025ca0 f i ModuleInfoManager.obj
 0001:00024cd0       ??_ECModuleInfoBuffer@@UAEPAXI@Z 10025cd0 f i ModuleInfoManager.obj
 0001:00024db0       ??_E?$CMap@GGPAUtagGameModuleInfo@@PAU1@@@UAEPAXI@Z 10025db0 f i ModuleInfoManager.obj
 0001:00024db0       ??_G?$CMap@GGPAUtagGameModuleInfo@@PAU1@@@UAEPAXI@Z 10025db0 f i ModuleInfoManager.obj
 0001:00024e10       ??_G?$CWHArray@PAUtagGameModuleInfo@@ABQAU1@@@UAEPAXI@Z 10025e10 f i ModuleInfoManager.obj
 0001:00024e10       ??_E?$CWHArray@PAUtagGameModuleInfo@@ABQAU1@@@UAEPAXI@Z 10025e10 f i ModuleInfoManager.obj
 0001:00024e60       ??_GCModuleInfoBuffer@@UAEPAXI@Z 10025e60 f i ModuleInfoManager.obj
 0001:00024eb0       ?Add@?$CWHArray@PAUtagGameModuleInfo@@ABQAU1@@@QAEHABQAUtagGameModuleInfo@@@Z 10025eb0 f i ModuleInfoManager.obj
 0001:00024ef0       ?AllocMemory@?$CWHArray@PAUtagGameModuleInfo@@ABQAU1@@@QAEXH@Z 10025ef0 f i ModuleInfoManager.obj
 0001:00025060       ?AssertValid@?$CMap@GGPAUtagGameModuleInfo@@PAU1@@@UBEXXZ 10026060 f i ModuleInfoManager.obj
 0001:000250e0       ?CreateModuleInfo@CModuleInfoBuffer@@AAEPAUtagGameModuleInfo@@XZ 100260e0 f   ModuleInfoManager.obj
 0001:00025230       ?DeleteModuleInfo@CModuleInfoBuffer@@QAE_NG@Z 10026230 f   ModuleInfoManager.obj
 0001:000252c0       ?Dump@?$CMap@GGPAUtagGameModuleInfo@@PAU1@@@UBEXAAVCDumpContext@@@Z 100262c0 f i ModuleInfoManager.obj
 0001:000253d0       ?ElementAt@?$CWHArray@PAUtagGameModuleInfo@@ABQAU1@@@QAEAAPAUtagGameModuleInfo@@H@Z 100263d0 f i ModuleInfoManager.obj
 0001:00025450       ?FreeAssoc@?$CMap@GGPAUtagGameModuleInfo@@PAU1@@@IAEXPAVCAssoc@1@@Z 10026450 f i ModuleInfoManager.obj
 0001:000254d0       ?GetAssocAt@?$CMap@GGPAUtagGameModuleInfo@@PAU1@@@IBEPAVCAssoc@1@GAAI0@Z 100264d0 f i ModuleInfoManager.obj
 0001:00025580       ?GetCount@?$CMap@GGPAUtagGameModuleInfo@@PAU1@@@QBEHXZ 10026580 f i ModuleInfoManager.obj
 0001:000255a0       ?GetCount@?$CWHArray@PAUtagGameModuleInfo@@ABQAU1@@@QBEHXZ 100265a0 f i ModuleInfoManager.obj
 0001:000255c0       ?GetGameServiceAttrib@CModuleInfoManager@@QAE_NPBDAAUtagGameServiceAttrib@@@Z 100265c0 f   ModuleInfoManager.obj
 0001:00025710       ?GetModuleInfoCount@CModuleInfoBuffer@@QAEKXZ 10026710 f   ModuleInfoManager.obj
 0001:00025740       ?InitHashTable@?$CMap@GGPAUtagGameModuleInfo@@PAU1@@@QAEXIH@Z 10026740 f i ModuleInfoManager.obj
 0001:000258c0       ?InsertModuleInfo@CModuleInfoBuffer@@QAE_NPAUtagGameModuleInfo@@@Z 100268c0 f   ModuleInfoManager.obj
 0001:000259b0       ?LoadGameModuleInfo@CModuleInfoManager@@QAE_NAAVCModuleInfoBuffer@@@Z 100269b0 f   ModuleInfoManager.obj
 0001:00025f00       ?Lookup@?$CMap@GGPAUtagGameModuleInfo@@PAU1@@@QBEHGAAPAUtagGameModuleInfo@@@Z 10026f00 f i ModuleInfoManager.obj
 0001:00025f70       ?NewAssoc@?$CMap@GGPAUtagGameModuleInfo@@PAU1@@@IAEPAVCAssoc@1@G@Z 10026f70 f i ModuleInfoManager.obj
 0001:00026130       ?RegisterGameModule@CModuleInfoManager@@QAE_NPBD@Z 10027130 f   ModuleInfoManager.obj
 0001:00026150       ?RemoveAll@?$CMap@GGPAUtagGameModuleInfo@@PAU1@@@QAEXXZ 10027150 f i ModuleInfoManager.obj
 0001:00026240       ?RemoveAll@?$CWHArray@PAUtagGameModuleInfo@@ABQAU1@@@QAEXXZ 10027240 f i ModuleInfoManager.obj
 0001:000262c0       ?RemoveAt@?$CWHArray@PAUtagGameModuleInfo@@ABQAU1@@@QAEXHH@Z 100272c0 f i ModuleInfoManager.obj
 0001:00026400       ?RemoveKey@?$CMap@GGPAUtagGameModuleInfo@@PAU1@@@QAEHG@Z 10027400 f i ModuleInfoManager.obj
 0001:000264f0       ?ResetModuleInfo@CModuleInfoBuffer@@QAE_NXZ 100274f0 f   ModuleInfoManager.obj
 0001:00026580       ?SearchModuleInfo@CModuleInfoBuffer@@QAEPAUtagGameModuleInfo@@G@Z 10027580 f   ModuleInfoManager.obj
 0001:000265c0       ?Serialize@?$CMap@GGPAUtagGameModuleInfo@@PAU1@@@UAEXAAVCArchive@@@Z 100275c0 f i ModuleInfoManager.obj
 0001:00026770       ?SetAt@?$CMap@GGPAUtagGameModuleInfo@@PAU1@@@QAEXGPAUtagGameModuleInfo@@@Z 10027770 f i ModuleInfoManager.obj
 0001:000267a0       ?SetAtGrow@?$CWHArray@PAUtagGameModuleInfo@@ABQAU1@@@QAEXHABQAUtagGameModuleInfo@@@Z 100277a0 f i ModuleInfoManager.obj
 0001:00026830       ?SetSize@?$CWHArray@PAUtagGameModuleInfo@@ABQAU1@@@QAEXH@Z 10027830 f i ModuleInfoManager.obj
 0001:00026950       ?UnRegisterGameModule@CModuleInfoManager@@QAE_NPBD@Z 10027950 f   ModuleInfoManager.obj
 0001:00026970       ?data@CPlex@@QAEPAXXZ      10027970 f i ModuleInfoManager.obj
 0001:00026990       ??0CModuleListControl@@QAE@XZ 10027990 f   ModuleListControl.obj
 0001:000269c0       ??1CModuleListControl@@UAE@XZ 100279c0 f   ModuleListControl.obj
 0001:000269f0       ??_ECModuleListControl@@UAEPAXI@Z 100279f0 f i ModuleListControl.obj
 0001:00026af0       ??_GCModuleListControl@@UAEPAXI@Z 10027af0 f i ModuleListControl.obj
 0001:00026b50       ?GetDescribeString@CModuleListControl@@AAEPBDPAUtagGameModuleInfo@@G@Z 10027b50 f   ModuleListControl.obj
 0001:00026c20       ?GetInsertIndex@CModuleListControl@@AAEGPAUtagGameModuleInfo@@@Z 10027c20 f   ModuleListControl.obj
 0001:00026cd0       ?GetListItemColor@CModuleListControl@@UAEXJIAAUtagListItemColor@@@Z 10027cd0 f   ModuleListControl.obj
 0001:00026e10       ?InitListControl@CModuleListControl@@UAEXXZ 10027e10 f   ModuleListControl.obj
 0001:00026f60       ?InsertModuleInfo@CModuleListControl@@QAE_NPAUtagGameModuleInfo@@@Z 10027f60 f   ModuleListControl.obj
 0001:000270b0       ?SortListItemData@CModuleListControl@@UAEHJJG@Z 100280b0 f   ModuleListControl.obj
 0001:000272e0       _ExtRawDllMain@12          100282e0 f   ModuleManager.obj
 0001:00027360       ??B?$CTypedSimpleList@PAUCRuntimeClass@@@@QAEPAUCRuntimeClass@@XZ 10028360 f i ModuleManager.obj
 0001:00027390       ??B?$CTypedSimpleList@PAVCOleObjectFactory@@@@QAEPAVCOleObjectFactory@@XZ 10028390 f i ModuleManager.obj
 0001:000273c0       ?GetHead@CSimpleList@@QBEPAXXZ 100283c0 f i ModuleManager.obj
 0001:000273e0       _DllMain@12                100283e0 f   ModuleManager.obj
 0001:00027480       ??0CServerCustomRule@@QAE@ABV0@@Z 10028480 f i ServerCustomRule.obj
 0001:000274b0       ??0CServerCustomRule@@QAE@XZ 100284b0 f   ServerCustomRule.obj
 0001:000274e0       ??1CServerCustomRule@@UAE@XZ 100284e0 f   ServerCustomRule.obj
 0001:00027510       ??4CServerCustomRule@@QAEAAV0@ABV0@@Z 10028510 f i ServerCustomRule.obj
 0001:00027530       ??_ECServerCustomRule@@UAEPAXI@Z 10028530 f i ServerCustomRule.obj
 0001:00027610       ??_GCServerCustomRule@@UAEPAXI@Z 10028610 f i ServerCustomRule.obj
 0001:00027660       ??$DumpElements@PAUtagGameServerInfo@@@@YGXAAVCDumpContext@@PBQAUtagGameServerInfo@@H@Z 10028660 f i ServerInfoManager.obj
 0001:00027710       ??$SerializeElements@PAUtagGameServerInfo@@@@YGXAAVCArchive@@PAPAUtagGameServerInfo@@H@Z 10028710 f i ServerInfoManager.obj
 0001:000278b0       ??0?$CMap@GGPAUtagGameServerInfo@@PAU1@@@QAE@H@Z 100288b0 f i ServerInfoManager.obj
 0001:000279a0       ??0?$CWHArray@PAUtagGameServerInfo@@ABQAU1@@@QAE@XZ 100289a0 f i ServerInfoManager.obj
 0001:00027a00       ??0CAssoc@?$CMap@GGPAUtagGameServerInfo@@PAU1@@@QAE@G@Z 10028a00 f i ServerInfoManager.obj
 0001:00027a30       ??0CMatchOptionBuffer@@QAE@XZ 10028a30 f   ServerInfoManager.obj
 0001:00027ac0       ??0CPair@?$CMap@GGPAUtagGameServerInfo@@PAU1@@@IAE@G@Z 10028ac0 f i ServerInfoManager.obj
 0001:00027af0       ??0CServerInfoBuffer@@QAE@XZ 10028af0 f   ServerInfoManager.obj
 0001:00027b80       ??0CServerInfoManager@@QAE@XZ 10028b80 f   ServerInfoManager.obj
 0001:00027bc0       ??1?$CMap@GGPAUtagGameServerInfo@@PAU1@@@UAE@XZ 10028bc0 f i ServerInfoManager.obj
 0001:00027c50       ??1?$CWHArray@PAUtagGameServerInfo@@ABQAU1@@@UAE@XZ 10028c50 f i ServerInfoManager.obj
 0001:00027cd0       ??1CMatchOptionBuffer@@UAE@XZ 10028cd0 f   ServerInfoManager.obj
 0001:00027e50       ??1CServerInfoBuffer@@UAE@XZ 10028e50 f   ServerInfoManager.obj
 0001:00028070       ??1CServerInfoManager@@UAE@XZ 10029070 f   ServerInfoManager.obj
 0001:000280a0       ??A?$CMap@GGPAUtagGameServerInfo@@PAU1@@@QAEAAPAUtagGameServerInfo@@G@Z 100290a0 f i ServerInfoManager.obj
 0001:000281d0       ??A?$CWHArray@PAUtagGameServerInfo@@ABQAU1@@@QAEAAPAUtagGameServerInfo@@H@Z 100291d0 f i ServerInfoManager.obj
 0001:00028200       ??_ECServerInfoBuffer@@UAEPAXI@Z 10029200 f i ServerInfoManager.obj
 0001:000282e0       ??_E?$CMap@GGPAUtagGameServerInfo@@PAU1@@@UAEPAXI@Z 100292e0 f i ServerInfoManager.obj
 0001:000282e0       ??_G?$CMap@GGPAUtagGameServerInfo@@PAU1@@@UAEPAXI@Z 100292e0 f i ServerInfoManager.obj
 0001:00028340       ??_G?$CWHArray@PAUtagGameServerInfo@@ABQAU1@@@UAEPAXI@Z 10029340 f i ServerInfoManager.obj
 0001:00028340       ??_E?$CWHArray@PAUtagGameServerInfo@@ABQAU1@@@UAEPAXI@Z 10029340 f i ServerInfoManager.obj
 0001:00028390       ??_GCServerInfoBuffer@@UAEPAXI@Z 10029390 f i ServerInfoManager.obj
 0001:000283e0       ?Add@?$CWHArray@PAUtagGameServerInfo@@ABQAU1@@@QAEHABQAUtagGameServerInfo@@@Z 100293e0 f i ServerInfoManager.obj
 0001:00028420       ?AllocMemory@?$CWHArray@PAUtagGameServerInfo@@ABQAU1@@@QAEXH@Z 10029420 f i ServerInfoManager.obj
 0001:00028590       ?AssertValid@?$CMap@GGPAUtagGameServerInfo@@PAU1@@@UBEXXZ 10029590 f i ServerInfoManager.obj
 0001:00028610       ?ConnectPlatformDB@CServerInfoManager@@AAE_NAAVCDataBaseHelper@@@Z 10029610 f   ServerInfoManager.obj
 0001:000286f0       ?CreateMatchOption@CMatchOptionBuffer@@AAEPAUtagGameMatchOption@@XZ 100296f0 f   ServerInfoManager.obj
 0001:00028840       ?CreateServerInfo@CServerInfoBuffer@@AAEPAUtagGameServerInfo@@XZ 10029840 f   ServerInfoManager.obj
 0001:00028990       ?DeleteGameServer@CServerInfoManager@@QAE_NG@Z 10029990 f   ServerInfoManager.obj
 0001:00028ce0       ?DeleteMatchOption@CMatchOptionBuffer@@QAE_NKK@Z 10029ce0 f   ServerInfoManager.obj
 0001:00028dd0       ?DeleteServerInfo@CServerInfoBuffer@@QAE_NG@Z 10029dd0 f   ServerInfoManager.obj
 0001:00028e60       ?Dump@?$CMap@GGPAUtagGameServerInfo@@PAU1@@@UBEXAAVCDumpContext@@@Z 10029e60 f i ServerInfoManager.obj
 0001:00028f70       ?ElementAt@?$CWHArray@PAUtagGameServerInfo@@ABQAU1@@@QAEAAPAUtagGameServerInfo@@H@Z 10029f70 f i ServerInfoManager.obj
 0001:00028ff0       ?FreeAssoc@?$CMap@GGPAUtagGameServerInfo@@PAU1@@@IAEXPAVCAssoc@1@@Z 10029ff0 f i ServerInfoManager.obj
 0001:00029070       ?GetAssocAt@?$CMap@GGPAUtagGameServerInfo@@PAU1@@@IBEPAVCAssoc@1@GAAI0@Z 1002a070 f i ServerInfoManager.obj
 0001:00029120       ?GetCount@?$CMap@GGPAUtagGameServerInfo@@PAU1@@@QBEHXZ 1002a120 f i ServerInfoManager.obj
 0001:00029140       ?GetCount@?$CWHArray@PAUtagGameServerInfo@@ABQAU1@@@QBEHXZ 1002a140 f i ServerInfoManager.obj
 0001:00029160       ?GetMatchOptionCount@CMatchOptionBuffer@@QAEKXZ 1002a160 f   ServerInfoManager.obj
 0001:00029190       ?GetServerInfoCount@CServerInfoBuffer@@QAEKXZ 1002a190 f   ServerInfoManager.obj
 0001:000291c0       ?InitHashTable@?$CMap@GGPAUtagGameServerInfo@@PAU1@@@QAEXIH@Z 1002a1c0 f i ServerInfoManager.obj
 0001:00029340       ?InsertGameServer@CServerInfoManager@@QAE_NPAUtagGameServerCreate@@AAUtagGameServerInfo@@@Z 1002a340 f   ServerInfoManager.obj
 0001:00029c50       ?InsertMatchOption@CMatchOptionBuffer@@QAE_NPAUtagGameMatchOption@@@Z 1002ac50 f   ServerInfoManager.obj
 0001:00029d40       ?InsertPersonalRoomParameter@CServerInfoManager@@QAE_NVCDataBaseAide@@UtagPersonalRoomOption@@UtagPersonalRoomOptionRightAndFee@@GG@Z 1002ad40 f   ServerInfoManager.obj
 0001:0002a6a0       ?InsertServerInfo@CServerInfoBuffer@@QAE_NPAUtagGameServerInfo@@@Z 1002b6a0 f   ServerInfoManager.obj
 0001:0002a790       ?LoadGameServerInfo@CServerInfoManager@@QAE_NQADAAVCServerInfoBuffer@@@Z 1002b790 f   ServerInfoManager.obj
 0001:0002ac00       ?LoadGameServerInfo@CServerInfoManager@@QAE_NQADGAAUtagGameServerInfo@@@Z 1002bc00 f   ServerInfoManager.obj
 0001:0002b050       ?LoadPersonalRoomParameter@CServerInfoManager@@QAE_NAAUtagPersonalRoomOption@@AAUtagPersonalRoomOptionRightAndFee@@G@Z 1002c050 f   ServerInfoManager.obj
 0001:0002b8e0       ?Lookup@?$CMap@GGPAUtagGameServerInfo@@PAU1@@@QBEHGAAPAUtagGameServerInfo@@@Z 1002c8e0 f i ServerInfoManager.obj
 0001:0002b950       ?ModifyGameServer@CServerInfoManager@@QAE_NPAUtagGameServerCreate@@AAUtagGameServerInfo@@@Z 1002c950 f   ServerInfoManager.obj
 0001:0002c2a0       ?ModifyPersonalRoomParameter@CServerInfoManager@@QAE_NVCDataBaseAide@@UtagPersonalRoomOption@@UtagPersonalRoomOptionRightAndFee@@GG@Z 1002d2a0 f   ServerInfoManager.obj
 0001:0002cc00       ?NewAssoc@?$CMap@GGPAUtagGameServerInfo@@PAU1@@@IAEPAVCAssoc@1@G@Z 1002dc00 f i ServerInfoManager.obj
 0001:0002cdc0       ?ReadGameServerInfo@CServerInfoManager@@AAE_NAAVCDataBaseAide@@AAUtagGameServerInfo@@@Z 1002ddc0 f   ServerInfoManager.obj
 0001:0002d900       ?RemoveAll@?$CMap@GGPAUtagGameServerInfo@@PAU1@@@QAEXXZ 1002e900 f i ServerInfoManager.obj
 0001:0002d9f0       ?RemoveAll@?$CWHArray@PAUtagGameServerInfo@@ABQAU1@@@QAEXXZ 1002e9f0 f i ServerInfoManager.obj
[...]
 0002:00016124       $N00261                    10054124     ModuleManager.exp
 0002:0001616d       $N00262                    1005416d     ModuleManager.exp
 0002:000161b3       $N00263                    100541b3     ModuleManager.exp
 0002:000161f9       $N00264                    100541f9     ModuleManager.exp
 0002:00016242       $N00265                    10054242     ModuleManager.exp
 0002:0001628c       $N00266                    1005428c     ModuleManager.exp
 0002:00016303       $N00267                    10054303     ModuleManager.exp
 0002:00016337       $N00268                    10054337     ModuleManager.exp
 0002:00016397       $N00269                    10054397     ModuleManager.exp
 0002:000163f3       $N00270                    100543f3     ModuleManager.exp
 0002:00016479       $N00271                    10054479     ModuleManager.exp
 0002:000164a7       $N00272                    100544a7     ModuleManager.exp
 0002:000164d7       $N00273                    100544d7     ModuleManager.exp
 0002:00016507       $N00274                    10054507     ModuleManager.exp
 0002:00016538       $N00275                    10054538     ModuleManager.exp
 0002:00016568       $N00276                    10054568     ModuleManager.exp
 0002:00016593       $N00277                    10054593     ModuleManager.exp
 0002:000165bf       $N00278                    100545bf     ModuleManager.exp
 0002:000165f7       $N00279                    100545f7     ModuleManager.exp
 0002:00016620       $N00280                    10054620     ModuleManager.exp
 0002:0001664a       $N00281                    1005464a     ModuleManager.exp
 0002:00016678       $N00282                    10054678     ModuleManager.exp
 0002:000166a6       $N00283                    100546a6     ModuleManager.exp
 0002:000166d7       $N00284                    100546d7     ModuleManager.exp
 0002:00016700       $N00285                    10054700     ModuleManager.exp
 0002:0001672a       $N00286                    1005472a     ModuleManager.exp
 0002:00016761       $N00287                    10054761     ModuleManager.exp
 0002:00016791       $N00288                    10054791     ModuleManager.exp
 0002:000167bf       $N00289                    100547bf     ModuleManager.exp
 0002:000167f6       $N00290                    100547f6     ModuleManager.exp
 0002:00016827       $N00291                    10054827     ModuleManager.exp
 0002:0001685e       $N00292                    1005485e     ModuleManager.exp
 0002:0001687e       $N00293                    1005487e     ModuleManager.exp
 0002:000168a4       $N00294                    100548a4     ModuleManager.exp
 0002:000168cb       $N00295                    100548cb     ModuleManager.exp
 0002:000168f2       $N00296                    100548f2     ModuleManager.exp
 0002:00016929       $N00297                    10054929     ModuleManager.exp
 0002:00016964       $N00298                    10054964     ModuleManager.exp
 0002:00016998       $N00299                    10054998     ModuleManager.exp
 0002:000169c3       $N00300                    100549c3     ModuleManager.exp
 0002:000169f3       $N00301                    100549f3     ModuleManager.exp
 0002:00016a2a       $N00302                    10054a2a     ModuleManager.exp
 0002:00016a5d       $N00303                    10054a5d     ModuleManager.exp
 0002:00016a87       $N00304                    10054a87     ModuleManager.exp
 0002:00016ab0       $N00305                    10054ab0     ModuleManager.exp
 0002:00016ad8       $N00306                    10054ad8     ModuleManager.exp
 0002:00016b03       $N00307                    10054b03     ModuleManager.exp
 0002:00016b29       $N00308                    10054b29     ModuleManager.exp
 0002:00016b50       $N00309                    10054b50     ModuleManager.exp
 0002:00016b77       $N00310                    10054b77     ModuleManager.exp
 0002:00016b9d       $N00311                    10054b9d     ModuleManager.exp
 0002:00016bc8       $N00312                    10054bc8     ModuleManager.exp
 0002:00016bf3       $N00313                    10054bf3     ModuleManager.exp
 0002:00016c18       $N00314                    10054c18     ModuleManager.exp
 0002:00016c3e       $N00315                    10054c3e     ModuleManager.exp
 0002:00016c6a       $N00316                    10054c6a     ModuleManager.exp
 0002:00016c96       $N00317                    10054c96     ModuleManager.exp
 0002:00016cc2       $N00318                    10054cc2     ModuleManager.exp
 0002:00016cee       $N00319                    10054cee     ModuleManager.exp
 0002:00016d1f       $N00320                    10054d1f     ModuleManager.exp
 0002:00016d52       $N00321                    10054d52     ModuleManager.exp
 0002:00016d79       $N00322                    10054d79     ModuleManager.exp
 0002:00016da5       $N00323                    10054da5     ModuleManager.exp
 0002:00016dd1       $N00324                    10054dd1     ModuleManager.exp
 0002:00016e14       $N00325                    10054e14     ModuleManager.exp
 0002:00016e58       $N00326                    10054e58     ModuleManager.exp
 0002:00016e9c       $N00327                    10054e9c     ModuleManager.exp
 0002:00016ecc       $N00328                    10054ecc     ModuleManager.exp
 0002:00016efc       $N00329                    10054efc     ModuleManager.exp
 0002:00016f40       $N00330                    10054f40     ModuleManager.exp
 0002:00016f7d       $N00331                    10054f7d     ModuleManager.exp
 0002:00016fbb       $N00332                    10054fbb     ModuleManager.exp
 0002:00016feb       $N00333                    10054feb     ModuleManager.exp
 0002:0001701d       $N00334                    1005501d     ModuleManager.exp
 0002:00017039       $N00335                    10055039     ModuleManager.exp
 0002:00017057       $N00336                    10055057     ModuleManager.exp
 0002:00017079       $N00337                    10055079     ModuleManager.exp
 0002:00017096       $N00338                    10055096     ModuleManager.exp
 0002:000170b9       $N00339                    100550b9     ModuleManager.exp
 0002:000170d8       $N00340                    100550d8     ModuleManager.exp
 0002:000170fb       $N00341                    100550fb     ModuleManager.exp
 0002:0001711c       $N00342                    1005511c     ModuleManager.exp
 0002:00017150       $N00343                    10055150     ModuleManager.exp
 0002:00017184       $N00344                    10055184     ModuleManager.exp
 0002:000171b8       $N00345                    100551b8     ModuleManager.exp
 0002:000171ec       $N00346                    100551ec     ModuleManager.exp
 0002:00017220       $N00347                    10055220     ModuleManager.exp
 0002:0001725a       $N00348                    1005525a     ModuleManager.exp
 0002:0001728f       $N00349                    1005528f     ModuleManager.exp
 0002:000172c4       $N00350                    100552c4     ModuleManager.exp
 0002:000172fc       $N00351                    100552fc     ModuleManager.exp
 0002:00017336       $N00352                    10055336     ModuleManager.exp
 0002:00017369       $N00353                    10055369     ModuleManager.exp
 0002:0001738a       $N00354                    1005538a     ModuleManager.exp
 0002:000173b1       $N00355                    100553b1     ModuleManager.exp
 0002:000173d9       $N00356                    100553d9     ModuleManager.exp
 0002:00017401       $N00357                    10055401     ModuleManager.exp
 0002:00017449       $N00358                    10055449     ModuleManager.exp
 0002:0001748e       $N00359                    1005548e     ModuleManager.exp
 0002:000174e8       $N00360                    100554e8     ModuleManager.exp
 0002:00017511       $N00361                    10055511     ModuleManager.exp
 0002:00017539       $N00362                    10055539     ModuleManager.exp
 0002:00017561       $N00363                    10055561     ModuleManager.exp
 0002:00017598       $N00364                    10055598     ModuleManager.exp
 0002:000175d6       $N00365                    100555d6     ModuleManager.exp
 0002:00017614       $N00366                    10055614     ModuleManager.exp
 0002:00017652       $N00367                    10055652     ModuleManager.exp
 0002:00017690       $N00368                    10055690     ModuleManager.exp
 0002:000176bd       $N00369                    100556bd     ModuleManager.exp
 0002:00017716       $N00370                    10055716     ModuleManager.exp
 0002:0001776e       $N00371                    1005576e     ModuleManager.exp
 0002:0001779c       $N00372                    1005579c     ModuleManager.exp
 0002:000177c9       $N00373                    100557c9     ModuleManager.exp
 0002:000177f5       $N00374                    100557f5     ModuleManager.exp
 0002:00017824       $N00375                    10055824     ModuleManager.exp
 0002:0001784e       $N00376                    1005584e     ModuleManager.exp
 0002:00017879       $N00377                    10055879     ModuleManager.exp
 0002:000178a4       $N00378                    100558a4     ModuleManager.exp
 0002:000178d3       $N00379                    100558d3     ModuleManager.exp
 0002:00017902       $N00380                    10055902     ModuleManager.exp
 0002:00017932       $N00381                    10055932     ModuleManager.exp
 0002:00017962       $N00382                    10055962     ModuleManager.exp
 0002:00017992       $N00383                    10055992     ModuleManager.exp
 0002:000179c2       $N00384                    100559c2     ModuleManager.exp
 0002:000179f7       $N00385                    100559f7     ModuleManager.exp
 0002:00017a2e       $N00386                    10055a2e     ModuleManager.exp
 0002:00017a5e       $N00387                    10055a5e     ModuleManager.exp
 0002:00017a8e       $N00388                    10055a8e     ModuleManager.exp
 0002:00017ac1       $N00389                    10055ac1     ModuleManager.exp
 0002:00017aed       $N00390                    10055aed     ModuleManager.exp
 0002:00017b1b       $N00391                    10055b1b     ModuleManager.exp
 0002:00017b4c       $N00392                    10055b4c     ModuleManager.exp
 0002:00017b78       $N00393                    10055b78     ModuleManager.exp
 0002:00017ba4       $N00394                    10055ba4     ModuleManager.exp
 0002:00017bd2       $N00395                    10055bd2     ModuleManager.exp
 0002:00017bf5       $N00396                    10055bf5     ModuleManager.exp
 0002:00017c21       $N00397                    10055c21     ModuleManager.exp
 0002:00017c4c       $N00398                    10055c4c     ModuleManager.exp
 0002:00017c76       $N00399                    10055c76     ModuleManager.exp
 0002:00017ca3       $N00400                    10055ca3     ModuleManager.exp
 0002:00017ccb       $N00401                    10055ccb     ModuleManager.exp
 0002:00017cf4       $N00402                    10055cf4     ModuleManager.exp
 0002:00017d1d       $N00403                    10055d1d     ModuleManager.exp
 0002:00017d4a       $N00404                    10055d4a     ModuleManager.exp
 0002:00017d77       $N00405                    10055d77     ModuleManager.exp
 0002:00017da5       $N00406                    10055da5     ModuleManager.exp
 0002:00017dd3       $N00407                    10055dd3     ModuleManager.exp
 0002:00017e01       $N00408                    10055e01     ModuleManager.exp
 0002:00017e2f       $N00409                    10055e2f     ModuleManager.exp
 0002:00017e62       $N00410                    10055e62     ModuleManager.exp
 0002:00017e97       $N00411                    10055e97     ModuleManager.exp
 0002:00017ec5       $N00412                    10055ec5     ModuleManager.exp
 0002:00017ef3       $N00413                    10055ef3     ModuleManager.exp
 0002:00017f1e       $N00414                    10055f1e     ModuleManager.exp
 0002:00017f4a       $N00415                    10055f4a     ModuleManager.exp
 0002:00017f76       $N00416                    10055f76     ModuleManager.exp
 0002:00017fb9       $N00417                    10055fb9     ModuleManager.exp
 0002:00018000       $N00418                    10056000     ModuleManager.exp
 0002:00018044       $N00419                    10056044     ModuleManager.exp
 0002:00018086       $N00420                    10056086     ModuleManager.exp
 0002:000180c8       $N00421                    100560c8     ModuleManager.exp
 0002:000180f0       $N00422                    100560f0     ModuleManager.exp
 0002:0001813d       $N00423                    1005613d     ModuleManager.exp
 0002:0001817e       $N00424                    1005617e     ModuleManager.exp
 0002:000181c1       $N00425                    100561c1     ModuleManager.exp
 0002:00018200       $N00426                    10056200     ModuleManager.exp
 0002:00018245       $N00427                    10056245     ModuleManager.exp
 0002:000182b2       $N00428                    100562b2     ModuleManager.exp
 0002:00018320       $N00429                    10056320     ModuleManager.exp
 0002:0001836c       $N00430                    1005636c     ModuleManager.exp
 0002:000183ad       $N00431                    100563ad     ModuleManager.exp
 0002:0001840b       $N00432                    1005640b     ModuleManager.exp
 0002:00018444       $N00433                    10056444     ModuleManager.exp
 0002:00018485       $N00434                    10056485     ModuleManager.exp
 0002:000184c5       $N00435                    100564c5     ModuleManager.exp
 0002:00018506       $N00436                    10056506     ModuleManager.exp
 0002:0001852b       $N00437                    1005652b     ModuleManager.exp
 0002:0001855a       $N00438                    1005655a     ModuleManager.exp
 0002:0001858a       $N00439                    1005658a     ModuleManager.exp
 0002:000185ba       $N00440                    100565ba     ModuleManager.exp
 0002:000185ea       $N00441                    100565ea     ModuleManager.exp
 0002:0001865a       $N00442                    1005665a     ModuleManager.exp
 0002:0001868f       $N00443                    1005668f     ModuleManager.exp
 0002:000186bc       $N00444                    100566bc     ModuleManager.exp
 0002:000186ee       $N00445                    100566ee     ModuleManager.exp
 0002:00018733       $N00446                    10056733     ModuleManager.exp
 0002:00018779       $N00447                    10056779     ModuleManager.exp
 0002:000187aa       $N00448                    100567aa     ModuleManager.exp
 0002:00018819       $N00449                    10056819     ModuleManager.exp
 0003:00003518       ?szDescribe@?1??GetDescribeString@CMatchListControl@@AAEPBDPAUtagGameMatchOption@@G@Z@4PADA 1005b518     MatchListControl.obj
 0003:00003598       ?szDescribe@?1??GetDescribeString@CRewardListControl@@AAEPBDPAUtagMatchRewardInfo@@G@Z@4PADA 1005b598     MatchListControl.obj
 0003:00003654       ?ModuleManagerDLL@@3UAFX_EXTENSION_MODULE@@A 1005b654     ModuleManager.obj
 0003:00003670       ?szDescribe@?1??GetDescribeString@CServerListControl@@AAEPBDPAUtagGameServerInfo@@G@Z@4PADA 1005b670     ServerListControl.obj
 0003:00003860       ?is_initialized_as_dll@@3_NA 1005b860     msvcrtd:utility.obj
 0003:00003861       ?module_local_atexit_table_initialized@@3_NA 1005b861     msvcrtd:utility.obj
 0003:00003864       ?module_local_atexit_table@@3U_onexit_table_t@@A 1005b864     msvcrtd:utility.obj
 0003:00003870       ?module_local_at_quick_exit_table@@3U_onexit_table_t@@A 1005b870     msvcrtd:utility.obj
 0003:00003884       ?_Tss_mutex@@3U_RTL_CRITICAL_SECTION@@A 1005b884     msvcrtd:thread_safe_statics.obj
 0003:0000389c       ?_Tss_cv@@3U_RTL_CONDITION_VARIABLE@@A 1005b89c     msvcrtd:thread_safe_statics.obj
 0003:000038a0       ?_Tss_event@@3PAXA         1005b8a0     msvcrtd:thread_safe_statics.obj
 0003:000038a4       ?encoded_sleep_condition_variable_cs@@3P6GHPAU_RTL_CONDITION_VARIABLE@@PAU_RTL_CRITICAL_SECTION@@K@ZA 1005b8a4     msvcrtd:thread_safe_statics.obj
 0003:000038a8       ?encoded_wake_all_condition_variable@@3P6GXPAU_RTL_CONDITION_VARIABLE@@@ZA 1005b8a8     msvcrtd:thread_safe_statics.obj
 0003:000038b8       ?__proc_attached@@3HA      1005b8b8     msvcrtd:dll_dllmain.obj
 0003:000038bc       ?init@?1??_RTC_InitBase@@9@4_NA 1005b8bc     msvcrtd:init.obj
 0003:000038c0       _GS_ExceptionRecord        1005b8c0     msvcrtd:gs_report.obj
 0003:00003910       _GS_ContextRecord          1005b910     msvcrtd:gs_report.obj
 0003:00003cac       ?_RTC_ErrorReportFunc@@3P6AHHPBDH00ZZA 1005bcac     msvcrtd:userapi.obj
 0003:00003cb0       ?_RTC_ErrorReportFuncW@@3P6AHHPB_WH00ZZA 1005bcb0     msvcrtd:userapi.obj
 0003:00003cb8       ?mspdb@@3PAUHINSTANCE__@@A 1005bcb8     msvcrtd:pdblkup.obj
 0003:00003cbc       ?alreadyTried@?1??GetPdbDll@@YAPAUHINSTANCE__@@XZ@4_NA 1005bcbc     msvcrtd:pdblkup.obj
 0003:00003cbd       ?PDBOK@?1??_RTC_GetSrcLine@@YAHPAEPA_WKPAH1K@Z@4_NA 1005bcbd     msvcrtd:pdblkup.obj
 0004:000014a8       .idata$6                   1005d4a8     ServiceCore:ServiceCore.dll
 0004:00001a3a       .idata$6                   1005da3a     KernelEngine:KernelEngine.dll
 0004:00001a4c       .idata$6                   1005da4c     mfc140d:mfc140d.dll
 0004:00001df0       .idata$6                   1005ddf0     kernel32:KERNEL32.dll
 0004:00001e78       .idata$6                   1005de78     user32:USER32.dll
 0004:00001e84       .idata$6                   1005de84     oleaut32:OLEAUT32.dll
 0004:00001f7c       .idata$6                   1005df7c     msvcprtd:MSVCP140D.dll
 0004:00001f8a       .idata$6                   1005df8a     ws2_32:WS2_32.dll
 0004:0000205e       .idata$6                   1005e05e     vcruntimed:VCRUNTIME140D.dll
 0004:000022ce       .idata$6                   1005e2ce     ucrtd:ucrtbased.dll
 0007:000006a0       $R000000                   100616a0     ModuleManager.res
 0007:00000988       $R0002E8                   10061988     ModuleManager.res
 0007:00000cc8       $R000628                   10061cc8     ModuleManager.res
 0007:00001390       $R000CF0                   10062390     ModuleManager.res
 0007:00001438       $R000D98                   10062438     ModuleManager.res
 0007:00001838       $R001198                   10062838     ModuleManager.res
 0007:00001e60       $R0017C0                   10062e60     ModuleManager.res
 0007:00001ec8       $R001828                   10062ec8     ModuleManager.res
 0007:00001ef8       $R001858                   10062ef8     ModuleManager.res
 0007:00002040       $R0019A0                   10063040     ModuleManager.res
 0007:00002098       $R0019F8                   10063098     ModuleManager.res
 0007:000021c0       $R001B20                   100631c0     ModuleManager.res
 0007:000022b8       $R001C18                   100632b8     ModuleManager.res
 0007:000024b0       $R001E10                   100634b0     ModuleManager.res
 0007:000028a8       $R002208                   100638a8     ModuleManager.res
 0007:00002b38       $R002498                   10063b38     ModuleManager.res
 0007:00002d38       $R002698                   10063d38     ModuleManager.res
 0007:00003460       $R002DC0                   10064460     ModuleManager.res
 0007:000036e0       $R003040                   100646e0     ModuleManager.res
 0007:000039f8       $R003358                   100649f8     ModuleManager.res
 0007:00003b18       $R003478                   10064b18     ModuleManager.res
 0007:000045c0       $R003F20                   100655c0     ModuleManager.res
 0007:000045f0       $R003F50                   100655f0     ModuleManager.res
