 PersonalRoomCorrespond

 Timestamp is 5da6ac52 (Wed Oct 16 13:36:18 2019)

 Preferred load address is 00400000

 Start         Length     Name                   Class
 0001:00000000 00004f40H .text$di                CODE
 0001:00004f40 0001fb40H .text$mn                CODE
 0001:00024a80 00001e60H .text$x                 CODE
 0001:000268e0 00001178H .text$yd                CODE
 0002:00000000 00000104H .CRT$XCA                DATA
 0002:00000104 00000104H .CRT$XCAA               DATA
 0002:00000208 0000010cH .CRT$XCL                DATA
 0002:00000314 00000184H .CRT$XCU                DATA
 0002:00000498 00000104H .CRT$XCZ                DATA
 0002:0000059c 00000104H .CRT$XIA                DATA
 0002:000006a0 00000104H .CRT$XIAA               DATA
 0002:000007a4 00000104H .CRT$XIAC               DATA
 0002:000008a8 00000104H .CRT$XIC                DATA
 0002:000009ac 00000104H .CRT$XIZ                DATA
 0002:00000ab0 00000004H .CRT$XLA                DATA
 0002:00000ab4 00000004H .CRT$XLZ                DATA
 0002:00000ab8 00000104H .CRT$XPA                DATA
 0002:00000bbc 00000104H .CRT$XPZ                DATA
 0002:00000cc0 00000104H .CRT$XTA                DATA
 0002:00000dc4 0000010cH .CRT$XTZ                DATA
 0002:00000ed0 00006a20H .rdata                  DATA
 0002:000078f0 0000011cH .rdata$T                DATA
 0002:00007a0c 00000e74H .rdata$r                DATA
 0002:00008880 00000230H .rdata$sxdata           DATA
 0002:00008ab0 000001acH .rdata$zzzdbg           DATA
 0002:00008c5c 00000104H .rtc$IAA                DATA
 0002:00008d60 00000110H .rtc$IMZ                DATA
 0002:00008e70 00000104H .rtc$IZZ                DATA
 0002:00008f74 00000104H .rtc$TAA                DATA
 0002:00009078 00000110H .rtc$TMZ                DATA
 0002:00009188 00000108H .rtc$TZZ                DATA
 0002:00009290 0000148cH .xdata$x                DATA
 0002:0000a71c 00000104H ATL$__a                 DATA
 0002:0000a820 00000104H ATL$__z                 DATA
 0002:0000a924 00000000H .edata                  DATA
 0003:00000000 000001ecH .data                   DATA
 0003:000001ec 000007acH .data$r                 DATA
 0003:00000998 00002e2cH .bss                    DATA
 0004:00000000 000007d8H .idata$5                DATA
 0004:000007d8 000000c8H .idata$2                DATA
 0004:000008a0 00000014H .idata$3                DATA
 0004:000008b4 000007d8H .idata$4                DATA
 0004:0000108c 00000d78H .idata$6                DATA
 0005:00000000 00000104H .tls                    DATA
 0005:00000104 00000104H .tls$                   DATA
 0005:00000208 00000101H .tls$ZZZ                DATA
 0006:00000000 00000104H .00cfg                  DATA
 0007:00000000 000004d0H .rsrc$01                DATA
 0007:000004d0 00026106H .rsrc$02                DATA

  Address         Publics by Value              Rva+Base       Lib:Object

 0000:00000000       ___guard_iat_table         00000000     <absolute>
 0000:00000000       ___guard_iat_count         00000000     <absolute>
 0000:00000000       ___enclave_config          00000000     <absolute>
 0000:00000000       ___hybrid_auxiliary_iat    00000000     <absolute>
 0000:00000000       ___guard_fids_count        00000000     <absolute>
 0000:00000000       ___hybrid_code_map         00000000     <absolute>
 0000:00000000       ___guard_fids_table        00000000     <absolute>
 0000:00000000       ___guard_longjmp_table     00000000     <absolute>
 0000:00000000       ___dynamic_value_reloc_table 00000000     <absolute>
 0000:00000000       ___guard_longjmp_count     00000000     <absolute>
 0000:00000000       ___hybrid_code_map_count   00000000     <absolute>
 0000:00000000       ___volatile_metadata       00000000     <absolute>
 0000:0000002c       __tls_array                0000002c     <absolute>
 0000:0000003f       ___safe_se_handler_count   0000003f     <absolute>
 0000:00000100       ___guard_flags             00000100     <absolute>
 0000:00000000       ___ImageBase               00400000     <linker-defined>
 0001:00004f40       ??0?$CWHArray@GABG@@QAE@XZ 00405f40 f i AttemperEngineSink.obj
 0001:00004fa0       ??0CAttemperEngineSink@@QAE@XZ 00405fa0 f   AttemperEngineSink.obj
 0001:00005080       ??0CMD_CS_C_DismissTableResult@@QAE@XZ 00406080 f i AttemperEngineSink.obj
 0001:000050c0       ??0CMD_CS_C_HostCreatRoomInfo@@QAE@XZ 004060c0 f i AttemperEngineSink.obj
 0001:000050f0       ??0IAttemperEngineSink@@QAE@XZ 004060f0 f i AttemperEngineSink.obj
 0001:00005120       ??0IUnknownEx@@QAE@XZ      00406120 f i AttemperEngineSink.obj
 0001:00005150       ??0tagHostCreatRoomInfo@@QAE@XZ 00406150 f i AttemperEngineSink.obj
 0001:000051b0       ??0tagPersonalUserScoreInfo@@QAE@XZ 004061b0 f i AttemperEngineSink.obj
 0001:000051e0       ??1?$CWHArray@GABG@@UAE@XZ 004061e0 f i AttemperEngineSink.obj
 0001:00005260       ??1CAttemperEngineSink@@UAE@XZ 00406260 f   AttemperEngineSink.obj
 0001:000052a0       ??2@YAPAXIPAX@Z            004062a0 f i AttemperEngineSink.obj
 0001:000052c0       ??A?$CWHArray@GABG@@QAEAAGH@Z 004062c0 f i AttemperEngineSink.obj
 0001:000052f0       ??_E?$CWHArray@GABG@@UAEPAXI@Z 004062f0 f i AttemperEngineSink.obj
 0001:000052f0       ??_G?$CWHArray@GABG@@UAEPAXI@Z 004062f0 f i AttemperEngineSink.obj
 0001:00005340       ??_GCAttemperEngineSink@@UAEPAXI@Z 00406340 f i AttemperEngineSink.obj
 0001:00005340       ??_ECAttemperEngineSink@@UAEPAXI@Z 00406340 f i AttemperEngineSink.obj
 0001:00005390       ??_H@YGXPAXIIP6EPAX0@Z@Z   00406390 f i AttemperEngineSink.obj
 0001:000053e0       ?Add@?$CWHArray@GABG@@QAEHABG@Z 004063e0 f i AttemperEngineSink.obj
 0001:00005420       ?AfxAssertFailedLine@@YGHPBDH@Z 00406420 f i AttemperEngineSink.obj
 0001:00005490       ?AllocMemory@?$CWHArray@GABG@@QAEXH@Z 00406490 f i AttemperEngineSink.obj
 0001:000055f0       ?ElementAt@?$CWHArray@GABG@@QAEAAGH@Z 004065f0 f i AttemperEngineSink.obj
 0001:00005670       ?GetBuildVer@@YAEK@Z       00406670 f i AttemperEngineSink.obj
 0001:000056a0       ?GetCount@?$CWHArray@GABG@@QBEHXZ 004066a0 f i AttemperEngineSink.obj
 0001:000056c0       ?GetGameID@CGlobalUserItem@@QAEKXZ 004066c0 f i AttemperEngineSink.obj
 0001:000056e0       ?GetGender@CGlobalUserItem@@QAEEXZ 004066e0 f i AttemperEngineSink.obj
 0001:00005700       ?GetIndex@CGlobalServerItem@@QAEGXZ 00406700 f i AttemperEngineSink.obj
 0001:00005720       ?GetKindID@CGlobalServerItem@@QAEGXZ 00406720 f i AttemperEngineSink.obj
 0001:00005740       ?GetMainVer@@YAEK@Z        00406740 f i AttemperEngineSink.obj
 0001:00005770       ?GetMasterOrder@CGlobalUserItem@@QAEEXZ 00406770 f i AttemperEngineSink.obj
 0001:00005790       ?GetMemberOrder@CGlobalUserItem@@QAEEXZ 00406790 f i AttemperEngineSink.obj
 0001:000057b0       ?GetNickName@CGlobalUserItem@@QAEPBDXZ 004067b0 f i AttemperEngineSink.obj
 0001:000057d0       ?GetProductVer@@YAEK@Z     004067d0 f i AttemperEngineSink.obj
 0001:00005800       ?GetServerID@CGlobalServerItem@@QAEGXZ 00406800 f i AttemperEngineSink.obj
 0001:00005820       ?GetSubVer@@YAEK@Z         00406820 f i AttemperEngineSink.obj
 0001:00005850       ?GetUserID@CGlobalUserItem@@QAEKXZ 00406850 f i AttemperEngineSink.obj
 0001:00005870       ?GetUserInfo@CGlobalUserItem@@QAEPAUtagUserInfo@@XZ 00406870 f i AttemperEngineSink.obj
 0001:00005890       ?InterfaceVersionCompare@@YA_NKK@Z 00406890 f i AttemperEngineSink.obj
 0001:00005970       ?IsMatchServer@CGlobalServerItem@@QAE_NXZ 00406970 f i AttemperEngineSink.obj
 0001:000059d0       ?OnAttemperEngineConclude@CAttemperEngineSink@@UAE_NPAUIUnknownEx@@@Z 004069d0 f   AttemperEngineSink.obj
 0001:00005af0       ?OnAttemperEngineStart@CAttemperEngineSink@@UAE_NPAUIUnknownEx@@@Z 00406af0 f   AttemperEngineSink.obj
 0001:00005ba0       ?OnEventAttemperData@CAttemperEngineSink@@UAE_NGPAXG@Z 00406ba0 f   AttemperEngineSink.obj
 0001:00005bc0       ?OnEventControl@CAttemperEngineSink@@UAE_NGPAXG@Z 00406bc0 f   AttemperEngineSink.obj
 0001:00005be0       ?OnEventDataBase@CAttemperEngineSink@@UAE_NGKPAXG@Z 00406be0 f   AttemperEngineSink.obj
 0001:00005c00       ?OnEventTCPNetworkBind@CAttemperEngineSink@@UAE_NKK@Z 00406c00 f   AttemperEngineSink.obj
 0001:00005cd0       ?OnEventTCPNetworkRead@CAttemperEngineSink@@UAE_NUTCP_Command@@PAXGK@Z 00406cd0 f   AttemperEngineSink.obj
 0001:00005d50       ?OnEventTCPNetworkShut@CAttemperEngineSink@@UAE_NKKK@Z 00406d50 f   AttemperEngineSink.obj
 0001:00005ff0       ?OnEventTCPSocketLink@CAttemperEngineSink@@UAE_NGH@Z 00406ff0 f   AttemperEngineSink.obj
 0001:00006010       ?OnEventTCPSocketRead@CAttemperEngineSink@@UAE_NGUTCP_Command@@PAXG@Z 00407010 f   AttemperEngineSink.obj
 0001:00006030       ?OnEventTCPSocketShut@CAttemperEngineSink@@UAE_NGE@Z 00407030 f   AttemperEngineSink.obj
 0001:00006050       ?OnEventTimer@CAttemperEngineSink@@UAE_NKI@Z 00407050 f   AttemperEngineSink.obj
 0001:000060b0       ?OnTCPNetworkMainAndroidService@CAttemperEngineSink@@IAE_NGPAXGK@Z 004070b0 f   AttemperEngineSink.obj
 0001:000062d0       ?OnTCPNetworkMainManagerService@CAttemperEngineSink@@IAE_NGPAXGK@Z 004072d0 f   AttemperEngineSink.obj
 0001:00006380       ?OnTCPNetworkMainRegister@CAttemperEngineSink@@IAE_NGPAXGK@Z 00407380 f   AttemperEngineSink.obj
 0001:00006890       ?OnTCPNetworkMainRemoteService@CAttemperEngineSink@@IAE_NGPAXGK@Z 00407890 f   AttemperEngineSink.obj
 0001:000072e0       ?OnTCPNetworkMainServiceInfo@CAttemperEngineSink@@IAE_NGPAXGK@Z 004082e0 f   AttemperEngineSink.obj
 0001:00008370       ?OnTCPNetworkMainUserCollect@CAttemperEngineSink@@IAE_NGPAXGK@Z 00409370 f   AttemperEngineSink.obj
 0001:00008c40       ?QueryInterface@CAttemperEngineSink@@UAEPAXABU_GUID@@K@Z 00409c40 f   AttemperEngineSink.obj
 0001:00008cf0       ?Release@CAttemperEngineSink@@UAEXXZ 00409cf0 f i AttemperEngineSink.obj
 0001:00008d10       ?RemoveAll@?$CWHArray@GABG@@QAEXXZ 00409d10 f i AttemperEngineSink.obj
 0001:00008d90       ?RemoveAt@?$CWHArray@GABG@@QAEXHH@Z 00409d90 f i AttemperEngineSink.obj
 0001:00008ed0       ?SendDataToGame@CAttemperEngineSink@@IAE_NGGGPAXG@Z 00409ed0 f   AttemperEngineSink.obj
 0001:00008f80       ?SendDataToUser@CAttemperEngineSink@@IAE_NGKGGPAXG@Z 00409f80 f   AttemperEngineSink.obj
 0001:00008fa0       ?SendMatchListItem@CAttemperEngineSink@@IAE_NK@Z 00409fa0 f   AttemperEngineSink.obj
 0001:00009120       ?SendServerListItem@CAttemperEngineSink@@IAE_NK@Z 0040a120 f   AttemperEngineSink.obj
 0001:000092e0       ?SetAtGrow@?$CWHArray@GABG@@QAEXHABG@Z 0040a2e0 f i AttemperEngineSink.obj
 0001:00009370       ?SetSize@?$CWHArray@GABG@@QAEXH@Z 0040a370 f i AttemperEngineSink.obj
 0001:00009490       ?__empty_global_delete@@YAXPAX@Z 0040a490 f i AttemperEngineSink.obj
 0001:000094b0       ?__empty_global_delete@@YAXPAXI@Z 0040a4b0 f i AttemperEngineSink.obj
 0001:000094b0       ?__global_delete@@YAXPAXI@Z 0040a4b0 f i AttemperEngineSink.obj
 0001:000094d0       _==                        0040a4d0 f i AttemperEngineSink.obj
 0001:00009520       _IsEqualGUID               0040a520 f i AttemperEngineSink.obj
 0001:00009570       __tcslwr                   0040a570 f i AttemperEngineSink.obj
 0001:000095d0       ??0CCorrespondServerApp@@QAE@XZ 0040a5d0 f   CorrespondServer.obj
 0001:00009610       ??1CCorrespondServerApp@@UAE@XZ 0040a610 f i CorrespondServer.obj
 0001:00009640       ??_GCCorrespondServerApp@@UAEPAXI@Z 0040a640 f i CorrespondServer.obj
 0001:00009640       ??_ECCorrespondServerApp@@UAEPAXI@Z 0040a640 f i CorrespondServer.obj
 0001:000096a0       ?GetApplicationRecoveryParameter@CWinApp@@UAEPAXXZ 0040a6a0 f i CorrespondServer.obj
 0001:000096c0       ?GetApplicationRecoveryPingInterval@CWinApp@@UAEKXZ 0040a6c0 f i CorrespondServer.obj
 0001:000096e0       ?GetApplicationRestartFlags@CWinApp@@UAEKXZ 0040a6e0 f i CorrespondServer.obj
 0001:00009700       ?GetMessageMap@CCorrespondServerApp@@MBEPBUAFX_MSGMAP@@XZ 0040a700 f   CorrespondServer.obj
 0001:00009720       ?GetThisMessageMap@CCorrespondServerApp@@KGPBUAFX_MSGMAP@@XZ 0040a720 f   CorrespondServer.obj
 0001:00009740       ?InitInstance@CCorrespondServerApp@@UAEHXZ 0040a740 f   CorrespondServer.obj
 0001:00009840       ?ReopenPreviousFilesAtRestart@CWinApp@@UBEHXZ 0040a840 f i CorrespondServer.obj
 0001:00009870       ?RestoreAutosavedFilesAtRestart@CWinApp@@UBEHXZ 0040a870 f i CorrespondServer.obj
 0001:000098a0       ?SupportsApplicationRecovery@CWinApp@@UBEHXZ 0040a8a0 f i CorrespondServer.obj
 0001:000098d0       ?SupportsAutosaveAtInterval@CWinApp@@UBEHXZ 0040a8d0 f i CorrespondServer.obj
 0001:00009900       ?SupportsAutosaveAtRestart@CWinApp@@UBEHXZ 0040a900 f i CorrespondServer.obj
 0001:00009930       ?SupportsRestartManager@CWinApp@@UBEHXZ 0040a930 f i CorrespondServer.obj
 0001:00009960       ?OnBnClickedStartService@CCorrespondServerDlg@@IAEXXZ 0040a960 f   CorrespondServerDlg.obj
 0001:00009a10       ?OnBnClickedStopService@CCorrespondServerDlg@@IAEXXZ 0040aa10 f   CorrespondServerDlg.obj
 0001:00009ac0       ?OnQueryEndSession@CCorrespondServerDlg@@QAEHXZ 0040aac0 f   CorrespondServerDlg.obj
 0001:00009b10       ??0CCorrespondServerDlg@@QAE@XZ 0040ab10 f   CorrespondServerDlg.obj
 0001:00009be0       ??0CInitParameter@@QAE@ABV0@@Z 0040abe0 f i CorrespondServerDlg.obj
 0001:00009c60       ??0IServiceUnitsSink@@QAE@XZ 0040ac60 f i CorrespondServerDlg.obj
 0001:00009c90       ??1CCorrespondServerDlg@@UAE@XZ 0040ac90 f   CorrespondServerDlg.obj
 0001:00009d00       ??_ECCorrespondServerDlg@@UAEPAXI@Z 0040ad00 f i CorrespondServerDlg.obj
 0001:00009d00       ??_GCCorrespondServerDlg@@UAEPAXI@Z 0040ad00 f i CorrespondServerDlg.obj
 0001:00009d60       ??_ECInitParameter@@UAEPAXI@Z 0040ad60 f i CorrespondServerDlg.obj
 0001:00009d60       ??_GCInitParameter@@UAEPAXI@Z 0040ad60 f i CorrespondServerDlg.obj
 0001:00009db0       ?DoDataExchange@CCorrespondServerDlg@@MAEXPAVCDataExchange@@@Z 0040adb0 f   CorrespondServerDlg.obj
 0001:00009e00       ?GetInitParameter@CServiceUnits@@QAE?AVCInitParameter@@XZ 0040ae00 f i CorrespondServerDlg.obj
 0001:00009e50       ?GetMessageMap@CCorrespondServerDlg@@MBEPBUAFX_MSGMAP@@XZ 0040ae50 f   CorrespondServerDlg.obj
 0001:00009e70       ?GetServiceStatus@CServiceUnits@@QAE?AW4enServiceStatus@@XZ 0040ae70 f i CorrespondServerDlg.obj
 0001:00009e90       ?GetThisMessageMap@CCorrespondServerDlg@@KGPBUAFX_MSGMAP@@XZ 0040ae90 f   CorrespondServerDlg.obj
 0001:00009eb0       ?OnCancel@CCorrespondServerDlg@@MAEXXZ 0040aeb0 f   CorrespondServerDlg.obj
 0001:00009f20       ?OnInitDialog@CCorrespondServerDlg@@MAEHXZ 0040af20 f   CorrespondServerDlg.obj
 0001:00009fd0       ?OnOK@CCorrespondServerDlg@@MAEXXZ 0040afd0 f   CorrespondServerDlg.obj
 0001:00009ff0       ?OnServiceUnitsStatus@CCorrespondServerDlg@@UAEXW4enServiceStatus@@@Z 0040aff0 f   CorrespondServerDlg.obj
 0001:0000a260       ?PreTranslateMessage@CCorrespondServerDlg@@MAEHPAUtagMSG@@@Z 0040b260 f   CorrespondServerDlg.obj
 0001:0000a2b0       ___local_stdio_printf_options 0040b2b0 f i CorrespondServerDlg.obj
 0001:0000a2d0       __snprintf                 0040b2d0 f i CorrespondServerDlg.obj
 0001:0000a320       __vsnprintf                0040b320 f i CorrespondServerDlg.obj
 0001:0000a360       __vsnprintf_l              0040b360 f i CorrespondServerDlg.obj
 0001:0000a3d0       ??$?0$$V@?$_Compressed_pair@V?$allocator@UCMD_CS_S_RegisterPersonal@@@std@@V?$_Vector_val@U?$_Simple_types@UCMD_CS_S_RegisterPersonal@@@std@@@2@$00@std@@QAE@U_Zero_then_variadic_args_t@1@@Z 0040b3d0 f i GlobalInfoManager.obj
 0001:0000a410       ??$?0$$V@?$_Compressed_pair@V?$allocator@UtagPersonalTableInfo@@@std@@V?$_Vector_val@U?$_Simple_types@UtagPersonalTableInfo@@@std@@@2@$00@std@@QAE@U_Zero_then_variadic_args_t@1@@Z 0040b410 f i GlobalInfoManager.obj
 0001:0000a450       ??$?0UCMD_CS_S_RegisterPersonal@@@?$allocator@U_Container_proxy@std@@@std@@QAE@ABV?$allocator@UCMD_CS_S_RegisterPersonal@@@1@@Z 0040b450 f i GlobalInfoManager.obj
 0001:0000a470       ??$?0UtagPersonalTableInfo@@@?$allocator@U_Container_proxy@std@@@std@@QAE@ABV?$allocator@UtagPersonalTableInfo@@@1@@Z 0040b470 f i GlobalInfoManager.obj
 0001:0000a490       ??$CompareElements@GG@@YGHPBG0@Z 0040b490 f i GlobalInfoManager.obj
 0001:0000a590       ??$CompareElements@KK@@YGHPBK0@Z 0040b590 f i GlobalInfoManager.obj
 0001:0000a690       ??$DumpElements@G@@YGXAAVCDumpContext@@PBGH@Z 0040b690 f i GlobalInfoManager.obj
 0001:0000a740       ??$DumpElements@K@@YGXAAVCDumpContext@@PBKH@Z 0040b740 f i GlobalInfoManager.obj
 0001:0000a7f0       ??$DumpElements@PAUtagPersonalTableInfo@@@@YGXAAVCDumpContext@@PBQAUtagPersonalTableInfo@@H@Z 0040b7f0 f i GlobalInfoManager.obj
 0001:0000a8a0       ??$DumpElements@PAVCGlobalChatItem@@@@YGXAAVCDumpContext@@PBQAVCGlobalChatItem@@H@Z 0040b8a0 f i GlobalInfoManager.obj
 0001:0000a950       ??$DumpElements@PAVCGlobalPlazaItem@@@@YGXAAVCDumpContext@@PBQAVCGlobalPlazaItem@@H@Z 0040b950 f i GlobalInfoManager.obj
 0001:0000aa00       ??$DumpElements@PAVCGlobalServerItem@@@@YGXAAVCDumpContext@@PBQAVCGlobalServerItem@@H@Z 0040ba00 f i GlobalInfoManager.obj
 0001:0000aab0       ??$DumpElements@PAVCGlobalUserItem@@@@YGXAAVCDumpContext@@PBQAVCGlobalUserItem@@H@Z 0040bab0 f i GlobalInfoManager.obj
 0001:0000ab60       ??$HashKey@G@@YGIG@Z       0040bb60 f i GlobalInfoManager.obj
 0001:0000abd0       ??$HashKey@K@@YGIK@Z       0040bbd0 f i GlobalInfoManager.obj
 0001:0000ac40       ??$SerializeElements@G@@YGXAAVCArchive@@PAGH@Z 0040bc40 f i GlobalInfoManager.obj
 0001:0000ade0       ??$SerializeElements@K@@YGXAAVCArchive@@PAKH@Z 0040bde0 f i GlobalInfoManager.obj
 0001:0000af80       ??$SerializeElements@PAUtagPersonalTableInfo@@@@YGXAAVCArchive@@PAPAUtagPersonalTableInfo@@H@Z 0040bf80 f i GlobalInfoManager.obj
 0001:0000b120       ??$SerializeElements@PAVCGlobalChatItem@@@@YGXAAVCArchive@@PAPAVCGlobalChatItem@@H@Z 0040c120 f i GlobalInfoManager.obj
 0001:0000b2c0       ??$SerializeElements@PAVCGlobalPlazaItem@@@@YGXAAVCArchive@@PAPAVCGlobalPlazaItem@@H@Z 0040c2c0 f i GlobalInfoManager.obj
 0001:0000b460       ??$SerializeElements@PAVCGlobalServerItem@@@@YGXAAVCArchive@@PAPAVCGlobalServerItem@@H@Z 0040c460 f i GlobalInfoManager.obj
 0001:0000b600       ??$SerializeElements@PAVCGlobalUserItem@@@@YGXAAVCArchive@@PAPAVCGlobalUserItem@@H@Z 0040c600 f i GlobalInfoManager.obj
 0001:0000b7a0       ??$_Allocate@$07U_Default_allocate_traits@std@@$0A@@std@@YAPAXI@Z 0040c7a0 f i GlobalInfoManager.obj
 0001:0000b7f0       ??$_Allocate_manually_vector_aligned@U_Default_allocate_traits@std@@@std@@YAPAXI@Z 0040c7f0 f i GlobalInfoManager.obj
 0001:0000b8e0       ??$_Copy_memmove@PAUCMD_CS_S_RegisterPersonal@@PAU1@@std@@YAPAUCMD_CS_S_RegisterPersonal@@PAU1@00@Z 0040c8e0 f i GlobalInfoManager.obj
 0001:0000b940       ??$_Copy_memmove@PAUtagPersonalTableInfo@@PAU1@@std@@YAPAUtagPersonalTableInfo@@PAU1@00@Z 0040c940 f i GlobalInfoManager.obj
 0001:0000b9a0       ??$_Deallocate@$07$0A@@std@@YAXPAXI@Z 0040c9a0 f i GlobalInfoManager.obj
 0001:0000b9f0       ??$_Deallocate_plain@V?$allocator@U_Container_proxy@std@@@std@@$0A@@std@@YAXAAV?$allocator@U_Container_proxy@std@@@0@QAU_Container_proxy@0@@Z 0040c9f0 f i GlobalInfoManager.obj
 0001:0000ba20       ??$_Destroy_range1@V?$allocator@UCMD_CS_S_RegisterPersonal@@@std@@@std@@YAXPAUCMD_CS_S_RegisterPersonal@@0AAV?$allocator@UCMD_CS_S_RegisterPersonal@@@0@U?$integral_constant@_N$00@0@@Z 0040ca20 f i GlobalInfoManager.obj
 0001:0000ba40       ??$_Destroy_range1@V?$allocator@UtagPersonalTableInfo@@@std@@@std@@YAXPAUtagPersonalTableInfo@@0AAV?$allocator@UtagPersonalTableInfo@@@0@U?$integral_constant@_N$00@0@@Z 0040ca40 f i GlobalInfoManager.obj
 0001:0000ba60       ??$_Destroy_range@V?$allocator@UCMD_CS_S_RegisterPersonal@@@std@@@std@@YAXPAUCMD_CS_S_RegisterPersonal@@0AAV?$allocator@UCMD_CS_S_RegisterPersonal@@@0@@Z 0040ca60 f i GlobalInfoManager.obj
 0001:0000baa0       ??$_Destroy_range@V?$allocator@UtagPersonalTableInfo@@@std@@@std@@YAXPAUtagPersonalTableInfo@@0AAV?$allocator@UtagPersonalTableInfo@@@0@@Z 0040caa0 f i GlobalInfoManager.obj
 0001:0000bae0       ??$_Emplace_back_with_unused_capacity@ABUCMD_CS_S_RegisterPersonal@@@?$vector@UCMD_CS_S_RegisterPersonal@@V?$allocator@UCMD_CS_S_RegisterPersonal@@@std@@@std@@AAE@ABUCMD_CS_S_RegisterPersonal@@@Z 0040cae0 f i GlobalInfoManager.obj
 0001:0000bb90       ??$_Emplace_back_with_unused_capacity@ABUtagPersonalTableInfo@@@?$vector@UtagPersonalTableInfo@@V?$allocator@UtagPersonalTableInfo@@@std@@@std@@AAE@ABUtagPersonalTableInfo@@@Z 0040cb90 f i GlobalInfoManager.obj
 0001:0000bc40       ??$_Emplace_reallocate@ABUCMD_CS_S_RegisterPersonal@@@?$vector@UCMD_CS_S_RegisterPersonal@@V?$allocator@UCMD_CS_S_RegisterPersonal@@@std@@@std@@QAEPAUCMD_CS_S_RegisterPersonal@@QAU2@ABU2@@Z 0040cc40 f i GlobalInfoManager.obj
 0001:0000be90       ??$_Emplace_reallocate@ABUtagPersonalTableInfo@@@?$vector@UtagPersonalTableInfo@@V?$allocator@UtagPersonalTableInfo@@@std@@@std@@QAEPAUtagPersonalTableInfo@@QAU2@ABU2@@Z 0040ce90 f i GlobalInfoManager.obj
 0001:0000c100       ??$_Get_size_of_n@$07@std@@YAII@Z 0040d100 f i GlobalInfoManager.obj
 0001:0000c140       ??$_Get_size_of_n@$0NB@@std@@YAII@Z 0040d140 f i GlobalInfoManager.obj
 0001:0000c190       ??$_Get_unwrapped@UCMD_CS_S_RegisterPersonal@@@std@@YAPAUCMD_CS_S_RegisterPersonal@@QAU1@@Z 0040d190 f i GlobalInfoManager.obj
 0001:0000c1b0       ??$_Get_unwrapped@UtagPersonalTableInfo@@@std@@YAPAUtagPersonalTableInfo@@QAU1@@Z 0040d1b0 f i GlobalInfoManager.obj
 0001:0000c1d0       ??$_Get_unwrapped_n@UCMD_CS_S_RegisterPersonal@@H$0A@@std@@YAPAUCMD_CS_S_RegisterPersonal@@QAU1@H@Z 0040d1d0 f i GlobalInfoManager.obj
 0001:0000c1f0       ??$_Get_unwrapped_n@UtagPersonalTableInfo@@H$0A@@std@@YAPAUtagPersonalTableInfo@@QAU1@H@Z 0040d1f0 f i GlobalInfoManager.obj
 0001:0000c210       ??$_Idl_distance1@PAUCMD_CS_S_RegisterPersonal@@PAU1@@std@@YAHABQAUCMD_CS_S_RegisterPersonal@@0Urandom_access_iterator_tag@0@@Z 0040d210 f i GlobalInfoManager.obj
 0001:0000c240       ??$_Idl_distance1@PAUtagPersonalTableInfo@@PAU1@@std@@YAHABQAUtagPersonalTableInfo@@0Urandom_access_iterator_tag@0@@Z 0040d240 f i GlobalInfoManager.obj
 0001:0000c270       ??$_Idl_distance@PAUCMD_CS_S_RegisterPersonal@@PAU1@@std@@YA@ABQAUCMD_CS_S_RegisterPersonal@@0@Z 0040d270 f i GlobalInfoManager.obj
 0001:0000c2a0       ??$_Idl_distance@PAUtagPersonalTableInfo@@PAU1@@std@@YA@ABQAUtagPersonalTableInfo@@0@Z 0040d2a0 f i GlobalInfoManager.obj
 0001:0000c2d0       ??$_Min_value@I@std@@YAABIABI0@Z 0040d2d0 f i GlobalInfoManager.obj
 0001:0000c310       ??$_Move_unchecked1@PAUtagPersonalTableInfo@@PAU1@@std@@YAPAUtagPersonalTableInfo@@PAU1@00U_Trivially_copyable_ptr_iterator_tag@0@@Z 0040d310 f i GlobalInfoManager.obj
 0001:0000c340       ??$_Move_unchecked@PAUtagPersonalTableInfo@@PAU1@@std@@YAPAUtagPersonalTableInfo@@PAU1@00@Z 0040d340 f i GlobalInfoManager.obj
 0001:0000c390       ??$_Ptr_move_cat@UCMD_CS_S_RegisterPersonal@@U1@@std@@YA?AU_Really_trivial_ptr_iterator_tag@0@ABQAUCMD_CS_S_RegisterPersonal@@0@Z 0040d390 f i GlobalInfoManager.obj
 0001:0000c3b0       ??$_Ptr_move_cat@UtagPersonalTableInfo@@U1@@std@@YA?AU_Really_trivial_ptr_iterator_tag@0@ABQAUtagPersonalTableInfo@@0@Z 0040d3b0 f i GlobalInfoManager.obj
 0001:0000c3d0       ??$_Seek_wrapped@UCMD_CS_S_RegisterPersonal@@@std@@YAXAAPAUCMD_CS_S_RegisterPersonal@@QAU1@@Z 0040d3d0 f i GlobalInfoManager.obj
 0001:0000c3f0       ??$_Seek_wrapped@UtagPersonalTableInfo@@@std@@YAXAAPAUtagPersonalTableInfo@@QAU1@@Z 0040d3f0 f i GlobalInfoManager.obj
 0001:0000c410       ??$_Unfancy@UCMD_CS_S_RegisterPersonal@@@std@@YAPAUCMD_CS_S_RegisterPersonal@@PAU1@@Z 0040d410 f i GlobalInfoManager.obj
 0001:0000c430       ??$_Unfancy@U_Container_proxy@std@@@std@@YAPAU_Container_proxy@0@PAU10@@Z 0040d430 f i GlobalInfoManager.obj
 0001:0000c450       ??$_Unfancy@UtagPersonalTableInfo@@@std@@YAPAUtagPersonalTableInfo@@PAU1@@Z 0040d450 f i GlobalInfoManager.obj
 0001:0000c470       ??$_Uninitialized_move@PAUCMD_CS_S_RegisterPersonal@@PAU1@V?$allocator@UCMD_CS_S_RegisterPersonal@@@std@@@std@@YAPAUCMD_CS_S_RegisterPersonal@@QAU1@0PAU1@AAV?$allocator@UCMD_CS_S_RegisterPersonal@@@0@@Z 0040d470 f i GlobalInfoManager.obj
 0001:0000c530       ??$_Uninitialized_move@PAUtagPersonalTableInfo@@PAU1@V?$allocator@UtagPersonalTableInfo@@@std@@@std@@YAPAUtagPersonalTableInfo@@QAU1@0PAU1@AAV?$allocator@UtagPersonalTableInfo@@@0@@Z 0040d530 f i GlobalInfoManager.obj
 0001:0000c5f0       ??$_Uninitialized_move_al_unchecked@UCMD_CS_S_RegisterPersonal@@U1@V?$allocator@UCMD_CS_S_RegisterPersonal@@@std@@@std@@YAPAUCMD_CS_S_RegisterPersonal@@QAU1@00AAV?$allocator@UCMD_CS_S_RegisterPersonal@@@0@U_Really_trivial_ptr_iterator_tag@0@U?$integral_constant@_N$00@0@@Z 0040d5f0 f i GlobalInfoManager.obj
 0001:0000c620       ??$_Uninitialized_move_al_unchecked@UtagPersonalTableInfo@@U1@V?$allocator@UtagPersonalTableInfo@@@std@@@std@@YAPAUtagPersonalTableInfo@@QAU1@00AAV?$allocator@UtagPersonalTableInfo@@@0@U_Really_trivial_ptr_iterator_tag@0@U?$integral_constant@_N$00@0@@Z 0040d620 f i GlobalInfoManager.obj
 0001:0000c650       ??$addressof@V?$_Vector_val@U?$_Simple_types@UCMD_CS_S_RegisterPersonal@@@std@@@std@@@std@@YAPAV?$_Vector_val@U?$_Simple_types@UCMD_CS_S_RegisterPersonal@@@std@@@0@AAV10@@Z 0040d650 f i GlobalInfoManager.obj
 0001:0000c670       ??$addressof@V?$_Vector_val@U?$_Simple_types@UtagPersonalTableInfo@@@std@@@std@@@std@@YAPAV?$_Vector_val@U?$_Simple_types@UtagPersonalTableInfo@@@std@@@0@AAV10@@Z 0040d670 f i GlobalInfoManager.obj
 0001:0000c690       ??$construct@UCMD_CS_S_RegisterPersonal@@ABU1@@?$_Default_allocator_traits@V?$allocator@UCMD_CS_S_RegisterPersonal@@@std@@@std@@SAXAAV?$allocator@UCMD_CS_S_RegisterPersonal@@@1@QAUCMD_CS_S_RegisterPersonal@@ABU3@@Z 0040d690 f i GlobalInfoManager.obj
 0001:0000c6e0       ??$construct@U_Container_proxy@std@@U12@@?$_Default_allocator_traits@V?$allocator@U_Container_proxy@std@@@std@@@std@@SAXAAV?$allocator@U_Container_proxy@std@@@1@QAU_Container_proxy@1@$$QAU31@@Z 0040d6e0 f i GlobalInfoManager.obj
 0001:0000c730       ??$construct@UtagPersonalTableInfo@@ABU1@@?$_Default_allocator_traits@V?$allocator@UtagPersonalTableInfo@@@std@@@std@@SAXAAV?$allocator@UtagPersonalTableInfo@@@1@QAUtagPersonalTableInfo@@ABU3@@Z 0040d730 f i GlobalInfoManager.obj
 0001:0000c780       ??$destroy@U_Container_proxy@std@@@?$_Default_allocator_traits@V?$allocator@U_Container_proxy@std@@@std@@@std@@SAXAAV?$allocator@U_Container_proxy@std@@@1@QAU_Container_proxy@1@@Z 0040d780 f i GlobalInfoManager.obj
 0001:0000c7a0       ??$destroy@UtagPersonalTableInfo@@@?$_Default_allocator_traits@V?$allocator@UtagPersonalTableInfo@@@std@@@std@@SAXAAV?$allocator@UtagPersonalTableInfo@@@1@QAUtagPersonalTableInfo@@@Z 0040d7a0 f i GlobalInfoManager.obj
 0001:0000c7c0       ??$emplace_back@ABUCMD_CS_S_RegisterPersonal@@@?$vector@UCMD_CS_S_RegisterPersonal@@V?$allocator@UCMD_CS_S_RegisterPersonal@@@std@@@std@@QAE@ABUCMD_CS_S_RegisterPersonal@@@Z 0040d7c0 f i GlobalInfoManager.obj
 0001:0000c840       ??$emplace_back@ABUtagPersonalTableInfo@@@?$vector@UtagPersonalTableInfo@@V?$allocator@UtagPersonalTableInfo@@@std@@@std@@QAE@ABUtagPersonalTableInfo@@@Z 0040d840 f i GlobalInfoManager.obj
 0001:0000c8c0       ??$forward@ABUCMD_CS_S_RegisterPersonal@@@std@@YAABUCMD_CS_S_RegisterPersonal@@ABU1@@Z 0040d8c0 f i GlobalInfoManager.obj
 0001:0000c8e0       ??$forward@ABUtagPersonalTableInfo@@@std@@YAABUtagPersonalTableInfo@@ABU1@@Z 0040d8e0 f i GlobalInfoManager.obj
 0001:0000c900       ??$forward@U_Container_proxy@std@@@std@@YA$$QAU_Container_proxy@0@AAU10@@Z 0040d900 f i GlobalInfoManager.obj
 0001:0000c920       ??0?$CMap@GGPAVCGlobalChatItem@@PAV1@@@QAE@H@Z 0040d920 f i GlobalInfoManager.obj
 0001:0000ca10       ??0?$CMap@GGPAVCGlobalPlazaItem@@PAV1@@@QAE@H@Z 0040da10 f i GlobalInfoManager.obj
 0001:0000cb00       ??0?$CMap@GGPAVCGlobalServerItem@@PAV1@@@QAE@H@Z 0040db00 f i GlobalInfoManager.obj
 0001:0000cbf0       ??0?$CMap@KKPAUtagPersonalTableInfo@@AAPAU1@@@QAE@H@Z 0040dbf0 f i GlobalInfoManager.obj
 0001:0000cce0       ??0?$CMap@KKPAVCGlobalUserItem@@PAV1@@@QAE@H@Z 0040dce0 f i GlobalInfoManager.obj
 0001:0000cdd0       ??0?$CWHArray@PAUtagServerTableCount@@ABQAU1@@@QAE@XZ 0040ddd0 f i GlobalInfoManager.obj
 0001:0000ce30       ??0?$CWHArray@PAVCGlobalServerItem@@ABQAV1@@@QAE@XZ 0040de30 f i GlobalInfoManager.obj
 0001:0000ce90       ??0?$_Vector_alloc@U?$_Vec_base_types@UCMD_CS_S_RegisterPersonal@@V?$allocator@UCMD_CS_S_RegisterPersonal@@@std@@@std@@@std@@QAE@XZ 0040de90 f i GlobalInfoManager.obj
 0001:0000ced0       ??0?$_Vector_alloc@U?$_Vec_base_types@UtagPersonalTableInfo@@V?$allocator@UtagPersonalTableInfo@@@std@@@std@@@std@@QAE@XZ 0040ded0 f i GlobalInfoManager.obj
 0001:0000cf10       ??0?$_Vector_const_iterator@V?$_Vector_val@U?$_Simple_types@UtagPersonalTableInfo@@@std@@@std@@@std@@QAE@$$QAV01@@Z 0040df10 f i GlobalInfoManager.obj
 0001:0000cf50       ??0?$_Vector_const_iterator@V?$_Vector_val@U?$_Simple_types@UtagPersonalTableInfo@@@std@@@std@@@std@@QAE@ABV01@@Z 0040df50 f i GlobalInfoManager.obj
 0001:0000cf90       ??0?$_Vector_const_iterator@V?$_Vector_val@U?$_Simple_types@UtagPersonalTableInfo@@@std@@@std@@@std@@QAE@PAUtagPersonalTableInfo@@PBU_Container_base12@1@@Z 0040df90 f i GlobalInfoManager.obj
 0001:0000cfe0       ??0?$_Vector_iterator@V?$_Vector_val@U?$_Simple_types@UtagPersonalTableInfo@@@std@@@std@@@std@@QAE@ABV01@@Z 0040dfe0 f i GlobalInfoManager.obj
 0001:0000d010       ??0?$_Vector_iterator@V?$_Vector_val@U?$_Simple_types@UtagPersonalTableInfo@@@std@@@std@@@std@@QAE@PAUtagPersonalTableInfo@@PBU_Container_base12@1@@Z 0040e010 f i GlobalInfoManager.obj
 0001:0000d050       ??0?$_Vector_val@U?$_Simple_types@UCMD_CS_S_RegisterPersonal@@@std@@@std@@QAE@XZ 0040e050 f i GlobalInfoManager.obj
 0001:0000d0a0       ??0?$_Vector_val@U?$_Simple_types@UtagPersonalTableInfo@@@std@@@std@@QAE@XZ 0040e0a0 f i GlobalInfoManager.obj
 0001:0000d0f0       ??0?$allocator@UCMD_CS_S_RegisterPersonal@@@std@@QAE@XZ 0040e0f0 f i GlobalInfoManager.obj
 0001:0000d110       ??0?$allocator@UtagPersonalTableInfo@@@std@@QAE@XZ 0040e110 f i GlobalInfoManager.obj
 0001:0000d130       ??0?$vector@UCMD_CS_S_RegisterPersonal@@V?$allocator@UCMD_CS_S_RegisterPersonal@@@std@@@std@@QAE@XZ 0040e130 f i GlobalInfoManager.obj
 0001:0000d190       ??0?$vector@UtagPersonalTableInfo@@V?$allocator@UtagPersonalTableInfo@@@std@@@std@@QAE@XZ 0040e190 f i GlobalInfoManager.obj
 0001:0000d1f0       ??0CAssoc@?$CMap@GGPAVCGlobalChatItem@@PAV1@@@QAE@G@Z 0040e1f0 f i GlobalInfoManager.obj
 0001:0000d220       ??0CAssoc@?$CMap@GGPAVCGlobalPlazaItem@@PAV1@@@QAE@G@Z 0040e220 f i GlobalInfoManager.obj
 0001:0000d250       ??0CAssoc@?$CMap@GGPAVCGlobalServerItem@@PAV1@@@QAE@G@Z 0040e250 f i GlobalInfoManager.obj
 0001:0000d280       ??0CAssoc@?$CMap@KKPAUtagPersonalTableInfo@@AAPAU1@@@QAE@K@Z 0040e280 f i GlobalInfoManager.obj
 0001:0000d2b0       ??0CAssoc@?$CMap@KKPAVCGlobalUserItem@@PAV1@@@QAE@K@Z 0040e2b0 f i GlobalInfoManager.obj
 0001:0000d2e0       ??0CGlobalChatItem@@IAE@XZ 0040e2e0 f   GlobalInfoManager.obj
 0001:0000d350       ??0CGlobalInfoManager@@QAE@XZ 0040e350 f   GlobalInfoManager.obj
 0001:0000d590       ??0CGlobalPlazaItem@@IAE@XZ 0040e590 f   GlobalInfoManager.obj
 0001:0000d600       ??0CGlobalServerItem@@IAE@XZ 0040e600 f   GlobalInfoManager.obj
 0001:0000d6e0       ??0CGlobalUserItem@@IAE@XZ 0040e6e0 f   GlobalInfoManager.obj
 0001:0000d770       ??0CPair@?$CMap@GGPAVCGlobalChatItem@@PAV1@@@IAE@G@Z 0040e770 f i GlobalInfoManager.obj
 0001:0000d7a0       ??0CPair@?$CMap@GGPAVCGlobalPlazaItem@@PAV1@@@IAE@G@Z 0040e7a0 f i GlobalInfoManager.obj
 0001:0000d7d0       ??0CPair@?$CMap@GGPAVCGlobalServerItem@@PAV1@@@IAE@G@Z 0040e7d0 f i GlobalInfoManager.obj
 0001:0000d800       ??0CPair@?$CMap@KKPAUtagPersonalTableInfo@@AAPAU1@@@IAE@K@Z 0040e800 f i GlobalInfoManager.obj
 0001:0000d830       ??0CPair@?$CMap@KKPAVCGlobalUserItem@@PAV1@@@IAE@K@Z 0040e830 f i GlobalInfoManager.obj
 0001:0000d860       ??0_Container_base12@std@@QAE@XZ 0040e860 f i GlobalInfoManager.obj
 0001:0000d890       ??0_Container_proxy@std@@QAE@XZ 0040e890 f i GlobalInfoManager.obj
 0001:0000d8d0       ??0_Iterator_base12@std@@QAE@ABU01@@Z 0040e8d0 f i GlobalInfoManager.obj
 0001:0000d920       ??0_Iterator_base12@std@@QAE@XZ 0040e920 f i GlobalInfoManager.obj
 0001:0000d960       ??1?$CMap@GGPAVCGlobalChatItem@@PAV1@@@UAE@XZ 0040e960 f i GlobalInfoManager.obj
 0001:0000d9f0       ??1?$CMap@GGPAVCGlobalPlazaItem@@PAV1@@@UAE@XZ 0040e9f0 f i GlobalInfoManager.obj
 0001:0000da80       ??1?$CMap@GGPAVCGlobalServerItem@@PAV1@@@UAE@XZ 0040ea80 f i GlobalInfoManager.obj
 0001:0000db10       ??1?$CMap@KKPAUtagPersonalTableInfo@@AAPAU1@@@UAE@XZ 0040eb10 f i GlobalInfoManager.obj
 0001:0000dba0       ??1?$CMap@KKPAVCGlobalUserItem@@PAV1@@@UAE@XZ 0040eba0 f i GlobalInfoManager.obj
 0001:0000dc30       ??1?$CWHArray@PAUtagServerTableCount@@ABQAU1@@@UAE@XZ 0040ec30 f i GlobalInfoManager.obj
 0001:0000dcb0       ??1?$CWHArray@PAVCGlobalServerItem@@ABQAV1@@@UAE@XZ 0040ecb0 f i GlobalInfoManager.obj
 0001:0000dd30       ??1?$_Vector_alloc@U?$_Vec_base_types@UCMD_CS_S_RegisterPersonal@@V?$allocator@UCMD_CS_S_RegisterPersonal@@@std@@@std@@@std@@QAE@XZ 0040ed30 f i GlobalInfoManager.obj
 0001:0000dd90       ??1?$_Vector_alloc@U?$_Vec_base_types@UtagPersonalTableInfo@@V?$allocator@UtagPersonalTableInfo@@@std@@@std@@@std@@QAE@XZ 0040ed90 f i GlobalInfoManager.obj
 0001:0000ddf0       ??1?$_Vector_const_iterator@V?$_Vector_val@U?$_Simple_types@UtagPersonalTableInfo@@@std@@@std@@@std@@QAE@XZ 0040edf0 f i GlobalInfoManager.obj
 0001:0000de20       ??1?$_Vector_iterator@V?$_Vector_val@U?$_Simple_types@UtagPersonalTableInfo@@@std@@@std@@@std@@QAE@XZ 0040ee20 f i GlobalInfoManager.obj
 0001:0000de50       ??1?$vector@UCMD_CS_S_RegisterPersonal@@V?$allocator@UCMD_CS_S_RegisterPersonal@@@std@@@std@@QAE@XZ 0040ee50 f i GlobalInfoManager.obj
 0001:0000deb0       ??1?$vector@UtagPersonalTableInfo@@V?$allocator@UtagPersonalTableInfo@@@std@@@std@@QAE@XZ 0040eeb0 f i GlobalInfoManager.obj
 0001:0000df10       ??1CGlobalChatItem@@MAE@XZ 0040ef10 f   GlobalInfoManager.obj
 0001:0000df40       ??1CGlobalInfoManager@@UAE@XZ 0040ef40 f   GlobalInfoManager.obj
 0001:0000e820       ??1CGlobalPlazaItem@@MAE@XZ 0040f820 f   GlobalInfoManager.obj
 0001:0000e850       ??1CGlobalServerItem@@MAE@XZ 0040f850 f   GlobalInfoManager.obj
 0001:0000e890       ??1CGlobalUserItem@@MAE@XZ 0040f890 f   GlobalInfoManager.obj
 0001:0000e8d0       ??1_Iterator_base12@std@@QAE@XZ 0040f8d0 f i GlobalInfoManager.obj
 0001:0000e940       ??4_Iterator_base12@std@@QAEAAU01@ABU01@@Z 0040f940 f i GlobalInfoManager.obj
 0001:0000e9f0       ??A?$CMap@GGPAVCGlobalChatItem@@PAV1@@@QAEAAPAVCGlobalChatItem@@G@Z 0040f9f0 f i GlobalInfoManager.obj
 0001:0000eb20       ??A?$CMap@GGPAVCGlobalPlazaItem@@PAV1@@@QAEAAPAVCGlobalPlazaItem@@G@Z 0040fb20 f i GlobalInfoManager.obj
 0001:0000ec50       ??A?$CMap@GGPAVCGlobalServerItem@@PAV1@@@QAEAAPAVCGlobalServerItem@@G@Z 0040fc50 f i GlobalInfoManager.obj
 0001:0000ed80       ??A?$CMap@KKPAUtagPersonalTableInfo@@AAPAU1@@@QAEAAPAUtagPersonalTableInfo@@K@Z 0040fd80 f i GlobalInfoManager.obj
 0001:0000eeb0       ??A?$CMap@KKPAVCGlobalUserItem@@PAV1@@@QAEAAPAVCGlobalUserItem@@K@Z 0040feb0 f i GlobalInfoManager.obj
 0001:0000efe0       ??A?$CWHArray@PAVCGlobalServerItem@@ABQAV1@@@QAEAAPAVCGlobalServerItem@@H@Z 0040ffe0 f i GlobalInfoManager.obj
 0001:0000f010       ??A?$vector@UCMD_CS_S_RegisterPersonal@@V?$allocator@UCMD_CS_S_RegisterPersonal@@@std@@@std@@QAEAAUCMD_CS_S_RegisterPersonal@@I@Z 00410010 f i GlobalInfoManager.obj
 0001:0000f0c0       ??A?$vector@UtagPersonalTableInfo@@V?$allocator@UtagPersonalTableInfo@@@std@@@std@@QAEAAUtagPersonalTableInfo@@I@Z 004100c0 f i GlobalInfoManager.obj
 0001:0000f170       ??H?$_Vector_iterator@V?$_Vector_val@U?$_Simple_types@UtagPersonalTableInfo@@@std@@@std@@@std@@QBE?AV01@H@Z 00410170 f i GlobalInfoManager.obj
 0001:0000f220       ??Y?$_Vector_const_iterator@V?$_Vector_val@U?$_Simple_types@UtagPersonalTableInfo@@@std@@@std@@@std@@QAEAAV01@H@Z 00410220 f i GlobalInfoManager.obj
 0001:0000f270       ??Y?$_Vector_iterator@V?$_Vector_val@U?$_Simple_types@UtagPersonalTableInfo@@@std@@@std@@@std@@QAEAAV01@H@Z 00410270 f i GlobalInfoManager.obj
 0001:0000f2a0       ??_E?$CMap@GGPAVCGlobalChatItem@@PAV1@@@UAEPAXI@Z 004102a0 f i GlobalInfoManager.obj
 0001:0000f2a0       ??_G?$CMap@GGPAVCGlobalChatItem@@PAV1@@@UAEPAXI@Z 004102a0 f i GlobalInfoManager.obj
 0001:0000f300       ??_E?$CMap@GGPAVCGlobalPlazaItem@@PAV1@@@UAEPAXI@Z 00410300 f i GlobalInfoManager.obj
 0001:0000f300       ??_G?$CMap@GGPAVCGlobalPlazaItem@@PAV1@@@UAEPAXI@Z 00410300 f i GlobalInfoManager.obj
 0001:0000f360       ??_G?$CMap@GGPAVCGlobalServerItem@@PAV1@@@UAEPAXI@Z 00410360 f i GlobalInfoManager.obj
 0001:0000f360       ??_E?$CMap@GGPAVCGlobalServerItem@@PAV1@@@UAEPAXI@Z 00410360 f i GlobalInfoManager.obj
 0001:0000f3c0       ??_E?$CMap@KKPAUtagPersonalTableInfo@@AAPAU1@@@UAEPAXI@Z 004103c0 f i GlobalInfoManager.obj
 0001:0000f3c0       ??_G?$CMap@KKPAUtagPersonalTableInfo@@AAPAU1@@@UAEPAXI@Z 004103c0 f i GlobalInfoManager.obj
 0001:0000f420       ??_G?$CMap@KKPAVCGlobalUserItem@@PAV1@@@UAEPAXI@Z 00410420 f i GlobalInfoManager.obj
 0001:0000f420       ??_E?$CMap@KKPAVCGlobalUserItem@@PAV1@@@UAEPAXI@Z 00410420 f i GlobalInfoManager.obj
 0001:0000f480       ??_G?$CWHArray@PAUtagServerTableCount@@ABQAU1@@@UAEPAXI@Z 00410480 f i GlobalInfoManager.obj
 0001:0000f480       ??_E?$CWHArray@PAUtagServerTableCount@@ABQAU1@@@UAEPAXI@Z 00410480 f i GlobalInfoManager.obj
 0001:0000f4d0       ??_E?$CWHArray@PAVCGlobalServerItem@@ABQAV1@@@UAEPAXI@Z 004104d0 f i GlobalInfoManager.obj
 0001:0000f4d0       ??_G?$CWHArray@PAVCGlobalServerItem@@ABQAV1@@@UAEPAXI@Z 004104d0 f i GlobalInfoManager.obj
 0001:0000f520       ??_GCGlobalChatItem@@MAEPAXI@Z 00410520 f i GlobalInfoManager.obj
 0001:0000f520       ??_ECGlobalChatItem@@MAEPAXI@Z 00410520 f i GlobalInfoManager.obj
 0001:0000f570       ??_GCGlobalInfoManager@@UAEPAXI@Z 00410570 f i GlobalInfoManager.obj
 0001:0000f570       ??_ECGlobalInfoManager@@UAEPAXI@Z 00410570 f i GlobalInfoManager.obj
 0001:0000f5c0       ??_ECGlobalPlazaItem@@MAEPAXI@Z 004105c0 f i GlobalInfoManager.obj
 0001:0000f5c0       ??_GCGlobalPlazaItem@@MAEPAXI@Z 004105c0 f i GlobalInfoManager.obj
 0001:0000f610       ??_ECGlobalServerItem@@MAEPAXI@Z 00410610 f i GlobalInfoManager.obj
 0001:0000f610       ??_GCGlobalServerItem@@MAEPAXI@Z 00410610 f i GlobalInfoManager.obj
 0001:0000f660       ??_GCGlobalUserItem@@MAEPAXI@Z 00410660 f i GlobalInfoManager.obj
 0001:0000f660       ??_ECGlobalUserItem@@MAEPAXI@Z 00410660 f i GlobalInfoManager.obj
 0001:0000f6b0       ?ActiveChatItem@CGlobalInfoManager@@QAE_NGAAUtagChatServer@@@Z 004106b0 f   GlobalInfoManager.obj
 0001:0000f7b0       ?ActivePlazaItem@CGlobalInfoManager@@QAE_NGAAUtagGamePlaza@@@Z 004107b0 f   GlobalInfoManager.obj
 0001:0000f8a0       ?ActiveServerItem@CGlobalInfoManager@@QAE_NGAAUtagGameServer@@@Z 004108a0 f   GlobalInfoManager.obj
 0001:0000faa0       ?ActiveUserItem@CGlobalInfoManager@@QAE_NAAUtagGlobalUserInfo@@G@Z 00410aa0 f   GlobalInfoManager.obj
 0001:0000fd80       ?Add@?$CWHArray@PAUtagServerTableCount@@ABQAU1@@@QAEHABQAUtagServerTableCount@@@Z 00410d80 f i GlobalInfoManager.obj
 0001:0000fdc0       ?Add@?$CWHArray@PAVCGlobalServerItem@@ABQAV1@@@QAEHABQAVCGlobalServerItem@@@Z 00410dc0 f i GlobalInfoManager.obj
 0001:0000fe00       ?AddFreeServerTable@CGlobalInfoManager@@QAE_NK@Z 00410e00 f   GlobalInfoManager.obj
 0001:0000fed0       ?AddPersonalMaxCreate@CGlobalInfoManager@@QAE_NUCMD_CS_S_RegisterPersonal@@@Z 00410ed0 f   GlobalInfoManager.obj
 0001:0000ff90       ?AddServerTable@CGlobalInfoManager@@QAE_NKUtagPersonalTableInfo@@@Z 00410f90 f   GlobalInfoManager.obj
 0001:00010060       ?AllocMemory@?$CWHArray@PAUtagServerTableCount@@ABQAU1@@@QAEXH@Z 00411060 f i GlobalInfoManager.obj
 0001:000101d0       ?AllocMemory@?$CWHArray@PAVCGlobalServerItem@@ABQAV1@@@QAEXH@Z 004111d0 f i GlobalInfoManager.obj
 0001:00010340       ?AssertValid@?$CMap@GGPAVCGlobalChatItem@@PAV1@@@UBEXXZ 00411340 f i GlobalInfoManager.obj
 0001:000103c0       ?AssertValid@?$CMap@GGPAVCGlobalPlazaItem@@PAV1@@@UBEXXZ 004113c0 f i GlobalInfoManager.obj
 0001:00010440       ?AssertValid@?$CMap@GGPAVCGlobalServerItem@@PAV1@@@UBEXXZ 00411440 f i GlobalInfoManager.obj
 0001:000104c0       ?AssertValid@?$CMap@KKPAUtagPersonalTableInfo@@AAPAU1@@@UBEXXZ 004114c0 f i GlobalInfoManager.obj
 0001:00010540       ?AssertValid@?$CMap@KKPAVCGlobalUserItem@@PAV1@@@UBEXXZ 00411540 f i GlobalInfoManager.obj
 0001:000105c0       ?CanCreatePersonalRoom@CGlobalInfoManager@@QAE_NKK@Z 004115c0 f   GlobalInfoManager.obj
 0001:000106a0       ?CreateGlobalChatItem@CGlobalInfoManager@@AAEPAVCGlobalChatItem@@XZ 004116a0 f   GlobalInfoManager.obj
 0001:000107d0       ?CreateGlobalPlazaItem@CGlobalInfoManager@@AAEPAVCGlobalPlazaItem@@XZ 004117d0 f   GlobalInfoManager.obj
 0001:00010900       ?CreateGlobalServerItem@CGlobalInfoManager@@AAEPAVCGlobalServerItem@@XZ 00411900 f   GlobalInfoManager.obj
 0001:00010a30       ?CreateGlobalUserItem@CGlobalInfoManager@@AAEPAVCGlobalUserItem@@XZ 00411a30 f   GlobalInfoManager.obj
 0001:00010b60       ?DeleteChatItem@CGlobalInfoManager@@QAE_NG@Z 00411b60 f   GlobalInfoManager.obj
 0001:00010bf0       ?DeletePlazaItem@CGlobalInfoManager@@QAE_NG@Z 00411bf0 f   GlobalInfoManager.obj
 0001:00010c80       ?DeleteServerItem@CGlobalInfoManager@@QAE_NG@Z 00411c80 f   GlobalInfoManager.obj
 0001:00011060       ?DeleteUserItem@CGlobalInfoManager@@QAE_NKG@Z 00412060 f   GlobalInfoManager.obj
 0001:00011220       ?Dump@?$CMap@GGPAVCGlobalChatItem@@PAV1@@@UBEXAAVCDumpContext@@@Z 00412220 f i GlobalInfoManager.obj
 0001:00011330       ?Dump@?$CMap@GGPAVCGlobalPlazaItem@@PAV1@@@UBEXAAVCDumpContext@@@Z 00412330 f i GlobalInfoManager.obj
 0001:00011440       ?Dump@?$CMap@GGPAVCGlobalServerItem@@PAV1@@@UBEXAAVCDumpContext@@@Z 00412440 f i GlobalInfoManager.obj
 0001:00011550       ?Dump@?$CMap@KKPAUtagPersonalTableInfo@@AAPAU1@@@UBEXAAVCDumpContext@@@Z 00412550 f i GlobalInfoManager.obj
 0001:00011660       ?Dump@?$CMap@KKPAVCGlobalUserItem@@PAV1@@@UBEXAAVCDumpContext@@@Z 00412660 f i GlobalInfoManager.obj
 0001:00011770       ?ElementAt@?$CWHArray@PAVCGlobalServerItem@@ABQAV1@@@QAEAAPAVCGlobalServerItem@@H@Z 00412770 f i GlobalInfoManager.obj
 0001:000117f0       ?EnumChatItem@CGlobalInfoManager@@QAEPAVCGlobalChatItem@@AAPAU__POSITION@@@Z 004127f0 f   GlobalInfoManager.obj
 0001:00011870       ?EnumPlazaItem@CGlobalInfoManager@@QAEPAVCGlobalPlazaItem@@AAPAU__POSITION@@@Z 00412870 f   GlobalInfoManager.obj
 0001:000118f0       ?EnumServerItem@CGlobalInfoManager@@QAEPAVCGlobalServerItem@@AAPAU__POSITION@@@Z 004128f0 f   GlobalInfoManager.obj
 0001:00011970       ?EnumServerItem@CGlobalUserItem@@QAEPAVCGlobalServerItem@@G@Z 00412970 f   GlobalInfoManager.obj
 0001:000119d0       ?EnumUserItem@CGlobalInfoManager@@QAEPAVCGlobalUserItem@@AAPAU__POSITION@@@Z 004129d0 f   GlobalInfoManager.obj
 0001:00011a50       ?FreeAssoc@?$CMap@GGPAVCGlobalChatItem@@PAV1@@@IAEXPAVCAssoc@1@@Z 00412a50 f i GlobalInfoManager.obj
 0001:00011ad0       ?FreeAssoc@?$CMap@GGPAVCGlobalPlazaItem@@PAV1@@@IAEXPAVCAssoc@1@@Z 00412ad0 f i GlobalInfoManager.obj
 0001:00011b50       ?FreeAssoc@?$CMap@GGPAVCGlobalServerItem@@PAV1@@@IAEXPAVCAssoc@1@@Z 00412b50 f i GlobalInfoManager.obj
 0001:00011bd0       ?FreeAssoc@?$CMap@KKPAUtagPersonalTableInfo@@AAPAU1@@@IAEXPAVCAssoc@1@@Z 00412bd0 f i GlobalInfoManager.obj
 0001:00011c50       ?FreeAssoc@?$CMap@KKPAVCGlobalUserItem@@PAV1@@@IAEXPAVCAssoc@1@@Z 00412c50 f i GlobalInfoManager.obj
 0001:00011cd0       ?FreeGlobalChatItem@CGlobalInfoManager@@AAE_NPAVCGlobalChatItem@@@Z 00412cd0 f   GlobalInfoManager.obj
 0001:00011d70       ?FreeGlobalPlazaItem@CGlobalInfoManager@@AAE_NPAVCGlobalPlazaItem@@@Z 00412d70 f   GlobalInfoManager.obj
 0001:00011e10       ?FreeGlobalServerItem@CGlobalInfoManager@@AAE_NPAVCGlobalServerItem@@@Z 00412e10 f   GlobalInfoManager.obj
 0001:00011ec0       ?FreeGlobalUserItem@CGlobalInfoManager@@AAE_NPAVCGlobalUserItem@@@Z 00412ec0 f   GlobalInfoManager.obj
 0001:00011f90       ?GetAssocAt@?$CMap@GGPAVCGlobalChatItem@@PAV1@@@IBEPAVCAssoc@1@GAAI0@Z 00412f90 f i GlobalInfoManager.obj
 0001:00012040       ?GetAssocAt@?$CMap@GGPAVCGlobalPlazaItem@@PAV1@@@IBEPAVCAssoc@1@GAAI0@Z 00413040 f i GlobalInfoManager.obj
 0001:000120f0       ?GetAssocAt@?$CMap@GGPAVCGlobalServerItem@@PAV1@@@IBEPAVCAssoc@1@GAAI0@Z 004130f0 f i GlobalInfoManager.obj
 0001:000121a0       ?GetAssocAt@?$CMap@KKPAUtagPersonalTableInfo@@AAPAU1@@@IBEPAVCAssoc@1@KAAI0@Z 004131a0 f i GlobalInfoManager.obj
 0001:00012250       ?GetAssocAt@?$CMap@KKPAVCGlobalUserItem@@PAV1@@@IBEPAVCAssoc@1@KAAI0@Z 00413250 f i GlobalInfoManager.obj
 0001:00012300       ?GetAt@?$CWHArray@PAUtagServerTableCount@@ABQAU1@@@QAEAAPAUtagServerTableCount@@H@Z 00413300 f i GlobalInfoManager.obj
 0001:00012380       ?GetCount@?$CWHArray@PAUtagServerTableCount@@ABQAU1@@@QBEHXZ 00413380 f i GlobalInfoManager.obj
 0001:000123a0       ?GetCount@?$CWHArray@PAVCGlobalServerItem@@ABQAV1@@@QBEHXZ 004133a0 f i GlobalInfoManager.obj
 0001:000123c0       ?GetFreeServer@CGlobalInfoManager@@QAEKKKE@Z 004133c0 f   GlobalInfoManager.obj
 0001:000124c0       ?GetFreeServerCount@CGlobalInfoManager@@QAEKK@Z 004134c0 f   GlobalInfoManager.obj
 0001:00012550       ?GetHostCreatePersonalRoom@CGlobalInfoManager@@QAEXAAUtagHostCreatRoomInfo@@@Z 00413550 f   GlobalInfoManager.obj
 0001:000127c0       ?GetHostCreatePersonalRoomCount@CGlobalInfoManager@@QAEHKK@Z 004137c0 f   GlobalInfoManager.obj
 0001:00012870       ?GetNextAssoc@?$CMap@GGPAVCGlobalChatItem@@PAV1@@@QBEXAAPAU__POSITION@@AAGAAPAVCGlobalChatItem@@@Z 00413870 f i GlobalInfoManager.obj
 0001:00012ac0       ?GetNextAssoc@?$CMap@GGPAVCGlobalPlazaItem@@PAV1@@@QBEXAAPAU__POSITION@@AAGAAPAVCGlobalPlazaItem@@@Z 00413ac0 f i GlobalInfoManager.obj
 0001:00012d10       ?GetNextAssoc@?$CMap@GGPAVCGlobalServerItem@@PAV1@@@QBEXAAPAU__POSITION@@AAGAAPAVCGlobalServerItem@@@Z 00413d10 f i GlobalInfoManager.obj
 0001:00012f60       ?GetNextAssoc@?$CMap@KKPAUtagPersonalTableInfo@@AAPAU1@@@QBEXAAPAU__POSITION@@AAKAAPAUtagPersonalTableInfo@@@Z 00413f60 f i GlobalInfoManager.obj
 0001:000131b0       ?GetNextAssoc@?$CMap@KKPAVCGlobalUserItem@@PAV1@@@QBEXAAPAU__POSITION@@AAKAAPAVCGlobalUserItem@@@Z 004141b0 f i GlobalInfoManager.obj
 0001:00013400       ?GetStartPosition@?$CMap@GGPAVCGlobalChatItem@@PAV1@@@QBEPAU__POSITION@@XZ 00414400 f i GlobalInfoManager.obj
 0001:00013440       ?GetStartPosition@?$CMap@GGPAVCGlobalPlazaItem@@PAV1@@@QBEPAU__POSITION@@XZ 00414440 f i GlobalInfoManager.obj
 0001:00013480       ?GetStartPosition@?$CMap@GGPAVCGlobalServerItem@@PAV1@@@QBEPAU__POSITION@@XZ 00414480 f i GlobalInfoManager.obj
 0001:000134c0       ?GetStartPosition@?$CMap@KKPAUtagPersonalTableInfo@@AAPAU1@@@QBEPAU__POSITION@@XZ 004144c0 f i GlobalInfoManager.obj
 0001:00013500       ?GetStartPosition@?$CMap@KKPAVCGlobalUserItem@@PAV1@@@QBEPAU__POSITION@@XZ 00414500 f i GlobalInfoManager.obj
 0001:00013540       ?GetTabelCount@CGlobalServerItem@@QAEGXZ 00414540 f i GlobalInfoManager.obj
 0001:00013560       ?InitHashTable@?$CMap@GGPAVCGlobalChatItem@@PAV1@@@QAEXIH@Z 00414560 f i GlobalInfoManager.obj
 0001:000136e0       ?InitHashTable@?$CMap@GGPAVCGlobalPlazaItem@@PAV1@@@QAEXIH@Z 004146e0 f i GlobalInfoManager.obj
 0001:00013860       ?InitHashTable@?$CMap@GGPAVCGlobalServerItem@@PAV1@@@QAEXIH@Z 00414860 f i GlobalInfoManager.obj
 0001:000139e0       ?InitHashTable@?$CMap@KKPAUtagPersonalTableInfo@@AAPAU1@@@QAEXIH@Z 004149e0 f i GlobalInfoManager.obj
 0001:00013b60       ?InitHashTable@?$CMap@KKPAVCGlobalUserItem@@PAV1@@@QAEXIH@Z 00414b60 f i GlobalInfoManager.obj
 0001:00013ce0       ?Lookup@?$CMap@GGPAVCGlobalChatItem@@PAV1@@@QBEHGAAPAVCGlobalChatItem@@@Z 00414ce0 f i GlobalInfoManager.obj
 0001:00013d50       ?Lookup@?$CMap@GGPAVCGlobalPlazaItem@@PAV1@@@QBEHGAAPAVCGlobalPlazaItem@@@Z 00414d50 f i GlobalInfoManager.obj
 0001:00013dc0       ?Lookup@?$CMap@GGPAVCGlobalServerItem@@PAV1@@@QBEHGAAPAVCGlobalServerItem@@@Z 00414dc0 f i GlobalInfoManager.obj
 0001:00013e30       ?Lookup@?$CMap@KKPAUtagPersonalTableInfo@@AAPAU1@@@QBEHKAAPAUtagPersonalTableInfo@@@Z 00414e30 f i GlobalInfoManager.obj
 0001:00013ea0       ?Lookup@?$CMap@KKPAVCGlobalUserItem@@PAV1@@@QBEHKAAPAVCGlobalUserItem@@@Z 00414ea0 f i GlobalInfoManager.obj
 0001:00013f10       ?NewAssoc@?$CMap@GGPAVCGlobalChatItem@@PAV1@@@IAEPAVCAssoc@1@G@Z 00414f10 f i GlobalInfoManager.obj
 0001:000140d0       ?NewAssoc@?$CMap@GGPAVCGlobalPlazaItem@@PAV1@@@IAEPAVCAssoc@1@G@Z 004150d0 f i GlobalInfoManager.obj
 0001:00014290       ?NewAssoc@?$CMap@GGPAVCGlobalServerItem@@PAV1@@@IAEPAVCAssoc@1@G@Z 00415290 f i GlobalInfoManager.obj
 0001:00014450       ?NewAssoc@?$CMap@KKPAUtagPersonalTableInfo@@AAPAU1@@@IAEPAVCAssoc@1@K@Z 00415450 f i GlobalInfoManager.obj
 0001:00014610       ?NewAssoc@?$CMap@KKPAVCGlobalUserItem@@PAV1@@@IAEPAVCAssoc@1@K@Z 00415610 f i GlobalInfoManager.obj
 0001:000147d0       ?RandPersonalRoomID@CGlobalInfoManager@@QAEKXZ 004157d0 f   GlobalInfoManager.obj
 0001:000148a0       ?RemoveAll@?$CMap@GGPAVCGlobalChatItem@@PAV1@@@QAEXXZ 004158a0 f i GlobalInfoManager.obj
 0001:00014990       ?RemoveAll@?$CMap@GGPAVCGlobalPlazaItem@@PAV1@@@QAEXXZ 00415990 f i GlobalInfoManager.obj
 0001:00014a80       ?RemoveAll@?$CMap@GGPAVCGlobalServerItem@@PAV1@@@QAEXXZ 00415a80 f i GlobalInfoManager.obj
 0001:00014b70       ?RemoveAll@?$CMap@KKPAUtagPersonalTableInfo@@AAPAU1@@@QAEXXZ 00415b70 f i GlobalInfoManager.obj
 0001:00014c60       ?RemoveAll@?$CMap@KKPAVCGlobalUserItem@@PAV1@@@QAEXXZ 00415c60 f i GlobalInfoManager.obj
 0001:00014d50       ?RemoveAll@?$CWHArray@PAUtagServerTableCount@@ABQAU1@@@QAEXXZ 00415d50 f i GlobalInfoManager.obj
 0001:00014dd0       ?RemoveAll@?$CWHArray@PAVCGlobalServerItem@@ABQAV1@@@QAEXXZ 00415dd0 f i GlobalInfoManager.obj
 0001:00014e50       ?RemoveAt@?$CWHArray@PAUtagServerTableCount@@ABQAU1@@@QAEXHH@Z 00415e50 f i GlobalInfoManager.obj
 0001:00014f90       ?RemoveAt@?$CWHArray@PAVCGlobalServerItem@@ABQAV1@@@QAEXHH@Z 00415f90 f i GlobalInfoManager.obj
 0001:000150d0       ?RemoveFreeServerTable@CGlobalInfoManager@@QAE_NK@Z 004160d0 f   GlobalInfoManager.obj
 0001:00015190       ?RemoveKey@?$CMap@GGPAVCGlobalChatItem@@PAV1@@@QAEHG@Z 00416190 f i GlobalInfoManager.obj
 0001:00015280       ?RemoveKey@?$CMap@GGPAVCGlobalPlazaItem@@PAV1@@@QAEHG@Z 00416280 f i GlobalInfoManager.obj
 0001:00015370       ?RemoveKey@?$CMap@GGPAVCGlobalServerItem@@PAV1@@@QAEHG@Z 00416370 f i GlobalInfoManager.obj
 0001:00015460       ?RemoveKey@?$CMap@KKPAUtagPersonalTableInfo@@AAPAU1@@@QAEHK@Z 00416460 f i GlobalInfoManager.obj
 0001:00015550       ?RemoveKey@?$CMap@KKPAVCGlobalUserItem@@PAV1@@@QAEHK@Z 00416550 f i GlobalInfoManager.obj
 0001:00015640       ?RemoveServerTable@CGlobalInfoManager@@QAE_NK@Z 00416640 f   GlobalInfoManager.obj
 0001:000157a0       ?RemoveServerTable@CGlobalInfoManager@@QAE_NKK@Z 004167a0 f   GlobalInfoManager.obj
 0001:00015b00       ?ResetData@CGlobalInfoManager@@QAEXXZ 00416b00 f   GlobalInfoManager.obj
 0001:00015cf0       ?SearchChatItem@CGlobalInfoManager@@QAEPAVCGlobalChatItem@@G@Z 00416cf0 f   GlobalInfoManager.obj
 0001:00015d30       ?SearchPlazaItem@CGlobalInfoManager@@QAEPAVCGlobalPlazaItem@@G@Z 00416d30 f   GlobalInfoManager.obj
 0001:00015d70       ?SearchServerItem@CGlobalInfoManager@@QAEPAVCGlobalServerItem@@G@Z 00416d70 f   GlobalInfoManager.obj
 0001:00015db0       ?SearchTableByID@CGlobalInfoManager@@QAEPAUtagPersonalTableInfo@@K@Z 00416db0 f   GlobalInfoManager.obj
 0001:00015e00       ?SearchTableByTableIDAndServerID@CGlobalInfoManager@@QAEPAUtagPersonalTableInfo@@KK@Z 00416e00 f   GlobalInfoManager.obj
 0001:00015ea0       ?SearchUserItem@CGlobalServerItem@@QAEPAVCGlobalUserItem@@K@Z 00416ea0 f   GlobalInfoManager.obj
 0001:00015ef0       ?SearchUserItemByGameID@CGlobalInfoManager@@QAEPAVCGlobalUserItem@@K@Z 00416ef0 f   GlobalInfoManager.obj
 0001:00015f40       ?SearchUserItemByNickName@CGlobalInfoManager@@QAEPAVCGlobalUserItem@@PBD@Z 00416f40 f   GlobalInfoManager.obj
 0001:00015f90       ?SearchUserItemByUserID@CGlobalInfoManager@@QAEPAVCGlobalUserItem@@K@Z 00416f90 f   GlobalInfoManager.obj
 0001:00015fd0       ?Serialize@?$CMap@GGPAVCGlobalChatItem@@PAV1@@@UAEXAAVCArchive@@@Z 00416fd0 f i GlobalInfoManager.obj
 0001:00016180       ?Serialize@?$CMap@GGPAVCGlobalPlazaItem@@PAV1@@@UAEXAAVCArchive@@@Z 00417180 f i GlobalInfoManager.obj
 0001:00016330       ?Serialize@?$CMap@GGPAVCGlobalServerItem@@PAV1@@@UAEXAAVCArchive@@@Z 00417330 f i GlobalInfoManager.obj
 0001:000164e0       ?Serialize@?$CMap@KKPAUtagPersonalTableInfo@@AAPAU1@@@UAEXAAVCArchive@@@Z 004174e0 f i GlobalInfoManager.obj
 0001:00016690       ?Serialize@?$CMap@KKPAVCGlobalUserItem@@PAV1@@@UAEXAAVCArchive@@@Z 00417690 f i GlobalInfoManager.obj
 0001:00016840       ?SetAt@?$CMap@GGPAVCGlobalChatItem@@PAV1@@@QAEXGPAVCGlobalChatItem@@@Z 00417840 f i GlobalInfoManager.obj
 0001:00016870       ?SetAt@?$CMap@GGPAVCGlobalPlazaItem@@PAV1@@@QAEXGPAVCGlobalPlazaItem@@@Z 00417870 f i GlobalInfoManager.obj
 0001:000168a0       ?SetAt@?$CMap@GGPAVCGlobalServerItem@@PAV1@@@QAEXGPAVCGlobalServerItem@@@Z 004178a0 f i GlobalInfoManager.obj
 0001:000168d0       ?SetAt@?$CMap@KKPAUtagPersonalTableInfo@@AAPAU1@@@QAEXKAAPAUtagPersonalTableInfo@@@Z 004178d0 f i GlobalInfoManager.obj
 0001:00016910       ?SetAt@?$CMap@KKPAVCGlobalUserItem@@PAV1@@@QAEXKPAVCGlobalUserItem@@@Z 00417910 f i GlobalInfoManager.obj
 0001:00016940       ?SetAtGrow@?$CWHArray@PAUtagServerTableCount@@ABQAU1@@@QAEXHABQAUtagServerTableCount@@@Z 00417940 f i GlobalInfoManager.obj
 0001:000169d0       ?SetAtGrow@?$CWHArray@PAVCGlobalServerItem@@ABQAV1@@@QAEXHABQAVCGlobalServerItem@@@Z 004179d0 f i GlobalInfoManager.obj
 0001:00016a60       ?SetSize@?$CWHArray@PAUtagServerTableCount@@ABQAU1@@@QAEXH@Z 00417a60 f i GlobalInfoManager.obj
 0001:00016b80       ?SetSize@?$CWHArray@PAVCGlobalServerItem@@ABQAV1@@@QAEXH@Z 00417b80 f i GlobalInfoManager.obj
 0001:00016ca0       ?UpdateStatus@CGlobalUserItem@@QAEXGGE@Z 00417ca0 f   GlobalInfoManager.obj
 0001:00016cf0       ?_Adjust_manually_vector_aligned@std@@YAXAAPAXAAI@Z 00417cf0 f i GlobalInfoManager.obj
 0001:00016e60       ?_Adopt@_Iterator_base12@std@@QAEXPBU_Container_base12@2@@Z 00417e60 f i GlobalInfoManager.obj
 0001:00016f40       ?_Alloc_proxy@?$_Vector_alloc@U?$_Vec_base_types@UCMD_CS_S_RegisterPersonal@@V?$allocator@UCMD_CS_S_RegisterPersonal@@@std@@@std@@@std@@QAEXXZ 00417f40 f i GlobalInfoManager.obj
 0001:00016ff0       ?_Alloc_proxy@?$_Vector_alloc@U?$_Vec_base_types@UtagPersonalTableInfo@@V?$allocator@UtagPersonalTableInfo@@@std@@@std@@@std@@QAEXXZ 00417ff0 f i GlobalInfoManager.obj
 0001:000170a0       ?_Allocate@_Default_allocate_traits@std@@SAPAXI@Z 004180a0 f i GlobalInfoManager.obj
 0001:000170d0       ?_Calculate_growth@?$vector@UCMD_CS_S_RegisterPersonal@@V?$allocator@UCMD_CS_S_RegisterPersonal@@@std@@@std@@ABEII@Z 004180d0 f i GlobalInfoManager.obj
 0001:00017140       ?_Calculate_growth@?$vector@UtagPersonalTableInfo@@V?$allocator@UtagPersonalTableInfo@@@std@@@std@@ABEII@Z 00418140 f i GlobalInfoManager.obj
 0001:000171b0       ?_Change_array@?$vector@UCMD_CS_S_RegisterPersonal@@V?$allocator@UCMD_CS_S_RegisterPersonal@@@std@@@std@@AAEXQAUCMD_CS_S_RegisterPersonal@@II@Z 004181b0 f i GlobalInfoManager.obj
 0001:00017280       ?_Change_array@?$vector@UtagPersonalTableInfo@@V?$allocator@UtagPersonalTableInfo@@@std@@@std@@AAEXQAUtagPersonalTableInfo@@II@Z 00418280 f i GlobalInfoManager.obj
 0001:00017350       ?_Clrcont@_Iterator_base12@std@@QAEXXZ 00418350 f i GlobalInfoManager.obj
 0001:00017380       ?_Destroy@?$vector@UCMD_CS_S_RegisterPersonal@@V?$allocator@UCMD_CS_S_RegisterPersonal@@@std@@@std@@AAEXPAUCMD_CS_S_RegisterPersonal@@0@Z 00418380 f i GlobalInfoManager.obj
 0001:000173c0       ?_Destroy@?$vector@UtagPersonalTableInfo@@V?$allocator@UtagPersonalTableInfo@@@std@@@std@@AAEXPAUtagPersonalTableInfo@@0@Z 004183c0 f i GlobalInfoManager.obj
 0001:00017400       ?_Free_proxy@?$_Vector_alloc@U?$_Vec_base_types@UCMD_CS_S_RegisterPersonal@@V?$allocator@UCMD_CS_S_RegisterPersonal@@@std@@@std@@@std@@QAEXXZ 00418400 f i GlobalInfoManager.obj
 0001:00017490       ?_Free_proxy@?$_Vector_alloc@U?$_Vec_base_types@UtagPersonalTableInfo@@V?$allocator@UtagPersonalTableInfo@@@std@@@std@@@std@@QAEXXZ 00418490 f i GlobalInfoManager.obj
 0001:00017520       ?_Get_data@?$_Vector_alloc@U?$_Vec_base_types@UCMD_CS_S_RegisterPersonal@@V?$allocator@UCMD_CS_S_RegisterPersonal@@@std@@@std@@@std@@QAEAAV?$_Vector_val@U?$_Simple_types@UCMD_CS_S_RegisterPersonal@@@std@@@2@XZ 00418520 f i GlobalInfoManager.obj
 0001:00017550       ?_Get_data@?$_Vector_alloc@U?$_Vec_base_types@UCMD_CS_S_RegisterPersonal@@V?$allocator@UCMD_CS_S_RegisterPersonal@@@std@@@std@@@std@@QBEABV?$_Vector_val@U?$_Simple_types@UCMD_CS_S_RegisterPersonal@@@std@@@2@XZ 00418550 f i GlobalInfoManager.obj
 0001:00017580       ?_Get_data@?$_Vector_alloc@U?$_Vec_base_types@UtagPersonalTableInfo@@V?$allocator@UtagPersonalTableInfo@@@std@@@std@@@std@@QAEAAV?$_Vector_val@U?$_Simple_types@UtagPersonalTableInfo@@@std@@@2@XZ 00418580 f i GlobalInfoManager.obj
 0001:000175b0       ?_Get_data@?$_Vector_alloc@U?$_Vec_base_types@UtagPersonalTableInfo@@V?$allocator@UtagPersonalTableInfo@@@std@@@std@@@std@@QBEABV?$_Vector_val@U?$_Simple_types@UtagPersonalTableInfo@@@std@@@2@XZ 004185b0 f i GlobalInfoManager.obj
 0001:000175e0       ?_Get_first@?$_Compressed_pair@V?$allocator@UCMD_CS_S_RegisterPersonal@@@std@@V?$_Vector_val@U?$_Simple_types@UCMD_CS_S_RegisterPersonal@@@std@@@2@$00@std@@QAEAAV?$allocator@UCMD_CS_S_RegisterPersonal@@@2@XZ 004185e0 f i GlobalInfoManager.obj
 0001:00017600       ?_Get_first@?$_Compressed_pair@V?$allocator@UCMD_CS_S_RegisterPersonal@@@std@@V?$_Vector_val@U?$_Simple_types@UCMD_CS_S_RegisterPersonal@@@std@@@2@$00@std@@QBEABV?$allocator@UCMD_CS_S_RegisterPersonal@@@2@XZ 00418600 f i GlobalInfoManager.obj
 0001:00017620       ?_Get_first@?$_Compressed_pair@V?$allocator@UtagPersonalTableInfo@@@std@@V?$_Vector_val@U?$_Simple_types@UtagPersonalTableInfo@@@std@@@2@$00@std@@QAEAAV?$allocator@UtagPersonalTableInfo@@@2@XZ 00418620 f i GlobalInfoManager.obj
 0001:00017640       ?_Get_first@?$_Compressed_pair@V?$allocator@UtagPersonalTableInfo@@@std@@V?$_Vector_val@U?$_Simple_types@UtagPersonalTableInfo@@@std@@@2@$00@std@@QBEABV?$allocator@UtagPersonalTableInfo@@@2@XZ 00418640 f i GlobalInfoManager.obj
 0001:00017660       ?_Get_second@?$_Compressed_pair@V?$allocator@UCMD_CS_S_RegisterPersonal@@@std@@V?$_Vector_val@U?$_Simple_types@UCMD_CS_S_RegisterPersonal@@@std@@@2@$00@std@@QAEAAV?$_Vector_val@U?$_Simple_types@UCMD_CS_S_RegisterPersonal@@@std@@@2@XZ 00418660 f i GlobalInfoManager.obj
 0001:00017680       ?_Get_second@?$_Compressed_pair@V?$allocator@UCMD_CS_S_RegisterPersonal@@@std@@V?$_Vector_val@U?$_Simple_types@UCMD_CS_S_RegisterPersonal@@@std@@@2@$00@std@@QBEABV?$_Vector_val@U?$_Simple_types@UCMD_CS_S_RegisterPersonal@@@std@@@2@XZ 00418680 f i GlobalInfoManager.obj
 0001:000176a0       ?_Get_second@?$_Compressed_pair@V?$allocator@UtagPersonalTableInfo@@@std@@V?$_Vector_val@U?$_Simple_types@UtagPersonalTableInfo@@@std@@@2@$00@std@@QAEAAV?$_Vector_val@U?$_Simple_types@UtagPersonalTableInfo@@@std@@@2@XZ 004186a0 f i GlobalInfoManager.obj
 0001:000176c0       ?_Get_second@?$_Compressed_pair@V?$allocator@UtagPersonalTableInfo@@@std@@V?$_Vector_val@U?$_Simple_types@UtagPersonalTableInfo@@@std@@@2@$00@std@@QBEABV?$_Vector_val@U?$_Simple_types@UtagPersonalTableInfo@@@std@@@2@XZ 004186c0 f i GlobalInfoManager.obj
 0001:000176e0       ?_Getal@?$_Vector_alloc@U?$_Vec_base_types@UCMD_CS_S_RegisterPersonal@@V?$allocator@UCMD_CS_S_RegisterPersonal@@@std@@@std@@@std@@QAEAAV?$allocator@UCMD_CS_S_RegisterPersonal@@@2@XZ 004186e0 f i GlobalInfoManager.obj
 0001:00017710       ?_Getal@?$_Vector_alloc@U?$_Vec_base_types@UCMD_CS_S_RegisterPersonal@@V?$allocator@UCMD_CS_S_RegisterPersonal@@@std@@@std@@@std@@QBEABV?$allocator@UCMD_CS_S_RegisterPersonal@@@2@XZ 00418710 f i GlobalInfoManager.obj
 0001:00017740       ?_Getal@?$_Vector_alloc@U?$_Vec_base_types@UtagPersonalTableInfo@@V?$allocator@UtagPersonalTableInfo@@@std@@@std@@@std@@QAEAAV?$allocator@UtagPersonalTableInfo@@@2@XZ 00418740 f i GlobalInfoManager.obj
 0001:00017770       ?_Getal@?$_Vector_alloc@U?$_Vec_base_types@UtagPersonalTableInfo@@V?$allocator@UtagPersonalTableInfo@@@std@@@std@@@std@@QBEABV?$allocator@UtagPersonalTableInfo@@@2@XZ 00418770 f i GlobalInfoManager.obj
 0001:000177a0       ?_Getcont@_Iterator_base12@std@@QBEPBU_Container_base12@2@XZ 004187a0 f i GlobalInfoManager.obj
 0001:000177e0       ?_Getpfirst@?$_Vector_alloc@U?$_Vec_base_types@UCMD_CS_S_RegisterPersonal@@V?$allocator@UCMD_CS_S_RegisterPersonal@@@std@@@std@@@std@@QBEPAPAU_Iterator_base12@2@XZ 004187e0 f i GlobalInfoManager.obj
 0001:00017810       ?_Getpfirst@?$_Vector_alloc@U?$_Vec_base_types@UtagPersonalTableInfo@@V?$allocator@UtagPersonalTableInfo@@@std@@@std@@@std@@QBEPAPAU_Iterator_base12@2@XZ 00418810 f i GlobalInfoManager.obj
 0001:00017840       ?_Getpfirst@_Container_base12@std@@QBEPAPAU_Iterator_base12@2@XZ 00418840 f i GlobalInfoManager.obj
 0001:00017880       ?_Getpnext@_Iterator_base12@std@@QAEPAPAU12@XZ 00418880 f i GlobalInfoManager.obj
 0001:000178a0       ?_Has_unused_capacity@?$vector@UCMD_CS_S_RegisterPersonal@@V?$allocator@UCMD_CS_S_RegisterPersonal@@@std@@@std@@ABE_NXZ 004188a0 f i GlobalInfoManager.obj
 0001:000178f0       ?_Has_unused_capacity@?$vector@UtagPersonalTableInfo@@V?$allocator@UtagPersonalTableInfo@@@std@@@std@@ABE_NXZ 004188f0 f i GlobalInfoManager.obj
 0001:00017940       ?_Myend@?$_Vector_alloc@U?$_Vec_base_types@UCMD_CS_S_RegisterPersonal@@V?$allocator@UCMD_CS_S_RegisterPersonal@@@std@@@std@@@std@@QAEAAPAUCMD_CS_S_RegisterPersonal@@XZ 00418940 f i GlobalInfoManager.obj
 0001:00017970       ?_Myend@?$_Vector_alloc@U?$_Vec_base_types@UCMD_CS_S_RegisterPersonal@@V?$allocator@UCMD_CS_S_RegisterPersonal@@@std@@@std@@@std@@QBEABQAUCMD_CS_S_RegisterPersonal@@XZ 00418970 f i GlobalInfoManager.obj
 0001:000179a0       ?_Myend@?$_Vector_alloc@U?$_Vec_base_types@UtagPersonalTableInfo@@V?$allocator@UtagPersonalTableInfo@@@std@@@std@@@std@@QAEAAPAUtagPersonalTableInfo@@XZ 004189a0 f i GlobalInfoManager.obj
 0001:000179d0       ?_Myend@?$_Vector_alloc@U?$_Vec_base_types@UtagPersonalTableInfo@@V?$allocator@UtagPersonalTableInfo@@@std@@@std@@@std@@QBEABQAUtagPersonalTableInfo@@XZ 004189d0 f i GlobalInfoManager.obj
 0001:00017a00       ?_Myfirst@?$_Vector_alloc@U?$_Vec_base_types@UCMD_CS_S_RegisterPersonal@@V?$allocator@UCMD_CS_S_RegisterPersonal@@@std@@@std@@@std@@QAEAAPAUCMD_CS_S_RegisterPersonal@@XZ 00418a00 f i GlobalInfoManager.obj
 0001:00017a30       ?_Myfirst@?$_Vector_alloc@U?$_Vec_base_types@UCMD_CS_S_RegisterPersonal@@V?$allocator@UCMD_CS_S_RegisterPersonal@@@std@@@std@@@std@@QBEABQAUCMD_CS_S_RegisterPersonal@@XZ 00418a30 f i GlobalInfoManager.obj
 0001:00017a60       ?_Myfirst@?$_Vector_alloc@U?$_Vec_base_types@UtagPersonalTableInfo@@V?$allocator@UtagPersonalTableInfo@@@std@@@std@@@std@@QAEAAPAUtagPersonalTableInfo@@XZ 00418a60 f i GlobalInfoManager.obj
 0001:00017a90       ?_Myfirst@?$_Vector_alloc@U?$_Vec_base_types@UtagPersonalTableInfo@@V?$allocator@UtagPersonalTableInfo@@@std@@@std@@@std@@QBEABQAUtagPersonalTableInfo@@XZ 00418a90 f i GlobalInfoManager.obj
 0001:00017ac0       ?_Mylast@?$_Vector_alloc@U?$_Vec_base_types@UCMD_CS_S_RegisterPersonal@@V?$allocator@UCMD_CS_S_RegisterPersonal@@@std@@@std@@@std@@QAEAAPAUCMD_CS_S_RegisterPersonal@@XZ 00418ac0 f i GlobalInfoManager.obj
 0001:00017af0       ?_Mylast@?$_Vector_alloc@U?$_Vec_base_types@UCMD_CS_S_RegisterPersonal@@V?$allocator@UCMD_CS_S_RegisterPersonal@@@std@@@std@@@std@@QBEABQAUCMD_CS_S_RegisterPersonal@@XZ 00418af0 f i GlobalInfoManager.obj
 0001:00017b20       ?_Mylast@?$_Vector_alloc@U?$_Vec_base_types@UtagPersonalTableInfo@@V?$allocator@UtagPersonalTableInfo@@@std@@@std@@@std@@QAEAAPAUtagPersonalTableInfo@@XZ 00418b20 f i GlobalInfoManager.obj
 0001:00017b50       ?_Mylast@?$_Vector_alloc@U?$_Vec_base_types@UtagPersonalTableInfo@@V?$allocator@UtagPersonalTableInfo@@@std@@@std@@@std@@QBEABQAUtagPersonalTableInfo@@XZ 00418b50 f i GlobalInfoManager.obj
 0001:00017b80       ?_Myproxy@?$_Vector_alloc@U?$_Vec_base_types@UCMD_CS_S_RegisterPersonal@@V?$allocator@UCMD_CS_S_RegisterPersonal@@@std@@@std@@@std@@QAEAAPAU_Container_proxy@2@XZ 00418b80 f i GlobalInfoManager.obj
 0001:00017bb0       ?_Myproxy@?$_Vector_alloc@U?$_Vec_base_types@UtagPersonalTableInfo@@V?$allocator@UtagPersonalTableInfo@@@std@@@std@@@std@@QAEAAPAU_Container_proxy@2@XZ 00418bb0 f i GlobalInfoManager.obj
 0001:00017be0       ?_Orphan_all@?$_Vector_alloc@U?$_Vec_base_types@UCMD_CS_S_RegisterPersonal@@V?$allocator@UCMD_CS_S_RegisterPersonal@@@std@@@std@@@std@@QAEXXZ 00418be0 f i GlobalInfoManager.obj
 0001:00017c10       ?_Orphan_all@?$_Vector_alloc@U?$_Vec_base_types@UtagPersonalTableInfo@@V?$allocator@UtagPersonalTableInfo@@@std@@@std@@@std@@QAEXXZ 00418c10 f i GlobalInfoManager.obj
 0001:00017c40       ?_Orphan_all@_Container_base12@std@@QAEXXZ 00418c40 f i GlobalInfoManager.obj
 0001:00017d00       ?_Orphan_me@_Iterator_base12@std@@QAEXXZ 00418d00 f i GlobalInfoManager.obj
 0001:00017df0       ?_Orphan_range@?$vector@UCMD_CS_S_RegisterPersonal@@V?$allocator@UCMD_CS_S_RegisterPersonal@@@std@@@std@@ABEXPAUCMD_CS_S_RegisterPersonal@@0@Z 00418df0 f i GlobalInfoManager.obj
 0001:00017ee0       ?_Orphan_range@?$vector@UtagPersonalTableInfo@@V?$allocator@UtagPersonalTableInfo@@@std@@@std@@ABEXPAUtagPersonalTableInfo@@0@Z 00418ee0 f i GlobalInfoManager.obj
 0001:00017fd0       ?_Tidy@?$vector@UCMD_CS_S_RegisterPersonal@@V?$allocator@UCMD_CS_S_RegisterPersonal@@@std@@@std@@AAEXXZ 00418fd0 f i GlobalInfoManager.obj
 0001:00018090       ?_Tidy@?$vector@UtagPersonalTableInfo@@V?$allocator@UtagPersonalTableInfo@@@std@@@std@@AAEXXZ 00419090 f i GlobalInfoManager.obj
 0001:00018150       ?_Umove@?$vector@UCMD_CS_S_RegisterPersonal@@V?$allocator@UCMD_CS_S_RegisterPersonal@@@std@@@std@@AAEPAUCMD_CS_S_RegisterPersonal@@PAU3@00@Z 00419150 f i GlobalInfoManager.obj
 0001:00018190       ?_Umove@?$vector@UtagPersonalTableInfo@@V?$allocator@UtagPersonalTableInfo@@@std@@@std@@AAEPAUtagPersonalTableInfo@@PAU3@00@Z 00419190 f i GlobalInfoManager.obj
 0001:000181d0       ?_Umove_if_noexcept1@?$vector@UCMD_CS_S_RegisterPersonal@@V?$allocator@UCMD_CS_S_RegisterPersonal@@@std@@@std@@AAEXPAUCMD_CS_S_RegisterPersonal@@00U?$integral_constant@_N$00@2@@Z 004191d0 f i GlobalInfoManager.obj
 0001:00018210       ?_Umove_if_noexcept1@?$vector@UtagPersonalTableInfo@@V?$allocator@UtagPersonalTableInfo@@@std@@@std@@AAEXPAUtagPersonalTableInfo@@00U?$integral_constant@_N$00@2@@Z 00419210 f i GlobalInfoManager.obj
 0001:00018250       ?_Umove_if_noexcept@?$vector@UCMD_CS_S_RegisterPersonal@@V?$allocator@UCMD_CS_S_RegisterPersonal@@@std@@@std@@AAEXPAUCMD_CS_S_RegisterPersonal@@00@Z 00419250 f i GlobalInfoManager.obj
 0001:00018290       ?_Umove_if_noexcept@?$vector@UtagPersonalTableInfo@@V?$allocator@UtagPersonalTableInfo@@@std@@@std@@AAEXPAUtagPersonalTableInfo@@00@Z 00419290 f i GlobalInfoManager.obj
 0001:000182d0       ?_Verify_offset@?$_Vector_const_iterator@V?$_Vector_val@U?$_Simple_types@UtagPersonalTableInfo@@@std@@@std@@@std@@QBEXH@Z 004192d0 f i GlobalInfoManager.obj
 0001:00018470       ?_Xlength@?$vector@UCMD_CS_S_RegisterPersonal@@V?$allocator@UCMD_CS_S_RegisterPersonal@@@std@@@std@@CAXXZ 00419470 f i GlobalInfoManager.obj
 0001:00018490       ?_Xlength@?$vector@UtagPersonalTableInfo@@V?$allocator@UtagPersonalTableInfo@@@std@@@std@@CAXXZ 00419490 f i GlobalInfoManager.obj
 0001:000184b0       ?allocate@?$allocator@UCMD_CS_S_RegisterPersonal@@@std@@QAEPAUCMD_CS_S_RegisterPersonal@@I@Z 004194b0 f i GlobalInfoManager.obj
 0001:000184f0       ?allocate@?$allocator@U_Container_proxy@std@@@std@@QAEPAU_Container_proxy@2@I@Z 004194f0 f i GlobalInfoManager.obj
 0001:00018530       ?allocate@?$allocator@UtagPersonalTableInfo@@@std@@QAEPAUtagPersonalTableInfo@@I@Z 00419530 f i GlobalInfoManager.obj
 0001:00018570       ?begin@?$vector@UtagPersonalTableInfo@@V?$allocator@UtagPersonalTableInfo@@@std@@@std@@QAE?AV?$_Vector_iterator@V?$_Vector_val@U?$_Simple_types@UtagPersonalTableInfo@@@std@@@std@@@2@XZ 00419570 f i GlobalInfoManager.obj
 0001:000185f0       ?capacity@?$vector@UCMD_CS_S_RegisterPersonal@@V?$allocator@UCMD_CS_S_RegisterPersonal@@@std@@@std@@QBEIXZ 004195f0 f i GlobalInfoManager.obj
 0001:00018630       ?capacity@?$vector@UtagPersonalTableInfo@@V?$allocator@UtagPersonalTableInfo@@@std@@@std@@QBEIXZ 00419630 f i GlobalInfoManager.obj
 0001:00018670       ?data@CPlex@@QAEPAXXZ      00419670 f i GlobalInfoManager.obj
 0001:00018690       ?deallocate@?$_Default_allocator_traits@V?$allocator@U_Container_proxy@std@@@std@@@std@@SAXAAV?$allocator@U_Container_proxy@std@@@2@QAU_Container_proxy@2@I@Z 00419690 f i GlobalInfoManager.obj
 0001:000186c0       ?deallocate@?$allocator@UCMD_CS_S_RegisterPersonal@@@std@@QAEXQAUCMD_CS_S_RegisterPersonal@@I@Z 004196c0 f i GlobalInfoManager.obj
 0001:00018700       ?deallocate@?$allocator@UtagPersonalTableInfo@@@std@@QAEXQAUtagPersonalTableInfo@@I@Z 00419700 f i GlobalInfoManager.obj
 0001:00018740       ?erase@?$vector@UtagPersonalTableInfo@@V?$allocator@UtagPersonalTableInfo@@@std@@@std@@QAE?AV?$_Vector_iterator@V?$_Vector_val@U?$_Simple_types@UtagPersonalTableInfo@@@std@@@std@@@2@V?$_Vector_const_iterator@V?$_Vector_val@U?$_Simple_types@UtagPersonalTableInfo@@@std@@@std@@@2@@Z 00419740 f i GlobalInfoManager.obj
 0001:00018940       ?max@?$numeric_limits@H@std@@SAHXZ 00419940 f i GlobalInfoManager.obj
 0001:00018960       ?max_size@?$_Default_allocator_traits@V?$allocator@UCMD_CS_S_RegisterPersonal@@@std@@@std@@SAIABV?$allocator@UCMD_CS_S_RegisterPersonal@@@2@@Z 00419960 f i GlobalInfoManager.obj
 0001:00018980       ?max_size@?$_Default_allocator_traits@V?$allocator@UtagPersonalTableInfo@@@std@@@std@@SAIABV?$allocator@UtagPersonalTableInfo@@@2@@Z 00419980 f i GlobalInfoManager.obj
 0001:000189a0       ?max_size@?$vector@UCMD_CS_S_RegisterPersonal@@V?$allocator@UCMD_CS_S_RegisterPersonal@@@std@@@std@@QBEIXZ 004199a0 f i GlobalInfoManager.obj
 0001:00018a00       ?max_size@?$vector@UtagPersonalTableInfo@@V?$allocator@UtagPersonalTableInfo@@@std@@@std@@QBEIXZ 00419a00 f i GlobalInfoManager.obj
 0001:00018a60       ?push_back@?$vector@UCMD_CS_S_RegisterPersonal@@V?$allocator@UCMD_CS_S_RegisterPersonal@@@std@@@std@@QAEXABUCMD_CS_S_RegisterPersonal@@@Z 00419a60 f i GlobalInfoManager.obj
 0001:00018a90       ?push_back@?$vector@UtagPersonalTableInfo@@V?$allocator@UtagPersonalTableInfo@@@std@@@std@@QAEXABUtagPersonalTableInfo@@@Z 00419a90 f i GlobalInfoManager.obj
 0001:00018ac0       ?size@?$vector@UCMD_CS_S_RegisterPersonal@@V?$allocator@UCMD_CS_S_RegisterPersonal@@@std@@@std@@QBEIXZ 00419ac0 f i GlobalInfoManager.obj
 0001:00018b00       ?size@?$vector@UtagPersonalTableInfo@@V?$allocator@UtagPersonalTableInfo@@@std@@@std@@QBEIXZ 00419b00 f i GlobalInfoManager.obj
 0001:00018b40       ??0CInitParameter@@QAE@XZ  00419b40 f   InitParameter.obj
 0001:00018b70       ??1CInitParameter@@UAE@XZ  00419b70 f   InitParameter.obj
 0001:00018ba0       ?InitParameter@CInitParameter@@QAEXXZ 00419ba0 f   InitParameter.obj
 0001:00018c00       ?LoadInitParameter@CInitParameter@@QAEXXZ 00419c00 f   InitParameter.obj
 0001:00018dd0       ??$_snprintf_s@$0IA@@@YAHAAY0IA@DIPBDZZ 00419dd0 f i ServiceUnits.obj
 0001:00018e10       ??0?$CTempldateHelper@UIAttemperEngine@@@@QAE@ABU_GUID@@KPBD1@Z 00419e10 f i ServiceUnits.obj
 0001:00018ec0       ??0?$CTempldateHelper@UITCPNetworkEngine@@@@QAE@ABU_GUID@@KPBD1@Z 00419ec0 f i ServiceUnits.obj
 0001:00018f70       ??0?$CTempldateHelper@UITimerEngine@@@@QAE@ABU_GUID@@KPBD1@Z 00419f70 f i ServiceUnits.obj
 0001:00019020       ??0CAttemperEngineHelper@@QAE@XZ 0041a020 f i ServiceUnits.obj
 0001:00019070       ??0CServiceUnits@@QAE@XZ   0041a070 f   ServiceUnits.obj
 0001:00019180       ??0CTCPNetworkEngineHelper@@QAE@XZ 0041a180 f i ServiceUnits.obj
 0001:000191d0       ??0CTimerEngineHelper@@QAE@XZ 0041a1d0 f i ServiceUnits.obj
 0001:00019220       ??1?$CTempldateHelper@UIAttemperEngine@@@@UAE@XZ 0041a220 f i ServiceUnits.obj
 0001:00019290       ??1?$CTempldateHelper@UITCPNetworkEngine@@@@UAE@XZ 0041a290 f i ServiceUnits.obj
 0001:00019300       ??1?$CTempldateHelper@UITimerEngine@@@@UAE@XZ 0041a300 f i ServiceUnits.obj
 0001:00019370       ??1CAttemperEngineHelper@@UAE@XZ 0041a370 f i ServiceUnits.obj
 0001:000193a0       ??1CServiceUnits@@UAE@XZ   0041a3a0 f   ServiceUnits.obj
 0001:00019470       ??1CTCPNetworkEngineHelper@@UAE@XZ 0041a470 f i ServiceUnits.obj
 0001:000194a0       ??1CTimerEngineHelper@@UAE@XZ 0041a4a0 f i ServiceUnits.obj
 0001:000194d0       ??C?$CTempldateHelper@UIAttemperEngine@@@@QBEPAUIAttemperEngine@@XZ 0041a4d0 f i ServiceUnits.obj
 0001:00019500       ??C?$CTempldateHelper@UITCPNetworkEngine@@@@QBEPAUITCPNetworkEngine@@XZ 0041a500 f i ServiceUnits.obj
 0001:00019530       ??C?$CTempldateHelper@UITimerEngine@@@@QBEPAUITimerEngine@@XZ 0041a530 f i ServiceUnits.obj
 0001:00019560       ??_E?$CTempldateHelper@UIAttemperEngine@@@@UAEPAXI@Z 0041a560 f i ServiceUnits.obj
 0001:00019560       ??_G?$CTempldateHelper@UIAttemperEngine@@@@UAEPAXI@Z 0041a560 f i ServiceUnits.obj
 0001:000195b0       ??_E?$CTempldateHelper@UITCPNetworkEngine@@@@UAEPAXI@Z 0041a5b0 f i ServiceUnits.obj
 0001:000195b0       ??_G?$CTempldateHelper@UITCPNetworkEngine@@@@UAEPAXI@Z 0041a5b0 f i ServiceUnits.obj
 0001:00019600       ??_E?$CTempldateHelper@UITimerEngine@@@@UAEPAXI@Z 0041a600 f i ServiceUnits.obj
 0001:00019600       ??_G?$CTempldateHelper@UITimerEngine@@@@UAEPAXI@Z 0041a600 f i ServiceUnits.obj
 0001:00019650       ??_GCAttemperEngineHelper@@UAEPAXI@Z 0041a650 f i ServiceUnits.obj
 0001:00019650       ??_ECAttemperEngineHelper@@UAEPAXI@Z 0041a650 f i ServiceUnits.obj
 0001:000196a0       ??_ECServiceUnits@@UAEPAXI@Z 0041a6a0 f i ServiceUnits.obj
 0001:000196a0       ??_GCServiceUnits@@UAEPAXI@Z 0041a6a0 f i ServiceUnits.obj
 0001:000196f0       ??_ECTCPNetworkEngineHelper@@UAEPAXI@Z 0041a6f0 f i ServiceUnits.obj
 0001:000196f0       ??_GCTCPNetworkEngineHelper@@UAEPAXI@Z 0041a6f0 f i ServiceUnits.obj
 0001:00019740       ??_GCTimerEngineHelper@@UAEPAXI@Z 0041a740 f i ServiceUnits.obj
 0001:00019740       ??_ECTimerEngineHelper@@UAEPAXI@Z 0041a740 f i ServiceUnits.obj
 0001:00019790       ?CloseInstance@?$CTempldateHelper@UIAttemperEngine@@@@QAE_NXZ 0041a790 f i ServiceUnits.obj
 0001:00019840       ?CloseInstance@?$CTempldateHelper@UITCPNetworkEngine@@@@QAE_NXZ 0041a840 f i ServiceUnits.obj
 0001:000198f0       ?CloseInstance@?$CTempldateHelper@UITimerEngine@@@@QAE_NXZ 0041a8f0 f i ServiceUnits.obj
 0001:000199a0       ?ConcludeService@CServiceUnits@@QAE_NXZ 0041a9a0 f   ServiceUnits.obj
 0001:00019a80       ?CreateInstance@?$CTempldateHelper@UIAttemperEngine@@@@QAE_NXZ 0041aa80 f i ServiceUnits.obj
 0001:00019d40       ?CreateInstance@?$CTempldateHelper@UITCPNetworkEngine@@@@QAE_NXZ 0041ad40 f i ServiceUnits.obj
 0001:0001a000       ?CreateInstance@?$CTempldateHelper@UITimerEngine@@@@QAE_NXZ 0041b000 f i ServiceUnits.obj
 0001:0001a2c0       ?GetInterface@?$CTempldateHelper@UIAttemperEngine@@@@QBEPAUIAttemperEngine@@XZ 0041b2c0 f i ServiceUnits.obj
 0001:0001a2f0       ?GetInterface@?$CTempldateHelper@UITCPNetworkEngine@@@@QBEPAUITCPNetworkEngine@@XZ 0041b2f0 f i ServiceUnits.obj
 0001:0001a320       ?GetInterface@?$CTempldateHelper@UITimerEngine@@@@QBEPAUITimerEngine@@XZ 0041b320 f i ServiceUnits.obj
 0001:0001a350       ?InitializeService@CServiceUnits@@IAE_NXZ 0041b350 f   ServiceUnits.obj
 0001:0001a620       ?SetServiceStatus@CServiceUnits@@AAE_NW4enServiceStatus@@@Z 0041b620 f   ServiceUnits.obj
 0001:0001a6f0       ?SetServiceUnitsSink@CServiceUnits@@QAE_NPAUIServiceUnitsSink@@@Z 0041b6f0 f   ServiceUnits.obj
 0001:0001a720       ?StartKernelService@CServiceUnits@@IAE_NXZ 0041b720 f   ServiceUnits.obj
 0001:0001a850       ?StartService@CServiceUnits@@QAE_NXZ 0041b850 f   ServiceUnits.obj
 0001:0001a910       __vsnprintf_s              0041b910 f i ServiceUnits.obj
 0001:0001a950       __vsnprintf_s_l            0041b950 f i ServiceUnits.obj
 0001:0001a9c0       ?_AfxInitManaged@@YAHXZ    0041b9c0 f i Stdafx.obj
 0001:0001a9e0       ??$AtlAdd@H@ATL@@YAJPAHHH@Z 0041b9e0 f i Stdafx.obj
 0001:0001aa30       ??$AtlAdd@I@ATL@@YAJPAIII@Z 0041ba30 f i Stdafx.obj
 0001:0001aa80       ??$AtlAdd@K@ATL@@YAJPAKKK@Z 0041ba80 f i Stdafx.obj
 0001:0001aad0       ??$AtlAlignUp@H@ATL@@YGHHK@Z 0041bad0 f i Stdafx.obj
 0001:0001ab00       ??$AtlMultiply@I@ATL@@YAJPAIII@Z 0041bb00 f i Stdafx.obj
 0001:0001ab60       ??$AtlMultiply@K@ATL@@YAJPAKKK@Z 0041bb60 f i Stdafx.obj
 0001:0001abc0       ??$_Getvals@_W@?$time_get@DV?$istreambuf_iterator@DU?$char_traits@D@std@@@std@@@std@@IAEX_WABV_Locinfo@1@@Z 0041bbc0 f i Stdafx.obj
 0001:0001acf0       ??$_Getvals@_W@?$time_get@_WV?$istreambuf_iterator@_WU?$char_traits@_W@std@@@std@@@std@@IAEX_WABV_Locinfo@1@@Z 0041bcf0 f i Stdafx.obj
 0001:0001ae20       ??$_Maklocstr@D@std@@YAPADPBDPADABU_Cvtvec@@@Z 0041be20 f i Stdafx.obj
 0001:0001aed0       ??$_Maklocstr@_W@std@@YAPA_WPBDPA_WABU_Cvtvec@@@Z 0041bed0 f i Stdafx.obj
 0001:0001b050       ??0?$CHeapPtr@DVCCRTAllocator@ATL@@@ATL@@QAE@XZ 0041c050 f i Stdafx.obj
 0001:0001b080       ??0?$CHeapPtr@_WVCCRTAllocator@ATL@@@ATL@@QAE@XZ 0041c080 f i Stdafx.obj
 0001:0001b0b0       ??0?$CHeapPtrBase@DVCCRTAllocator@ATL@@@ATL@@IAE@XZ 0041c0b0 f i Stdafx.obj
 0001:0001b0e0       ??0?$CHeapPtrBase@_WVCCRTAllocator@ATL@@@ATL@@IAE@XZ 0041c0e0 f i Stdafx.obj
 0001:0001b110       ??0?$CSimpleArray@GV?$CSimpleArrayEqualHelper@G@ATL@@@ATL@@QAE@XZ 0041c110 f i Stdafx.obj
 0001:0001b150       ??0?$CTraceCategoryEx@$00$0A@@ATL@@QAE@PBD@Z 0041c150 f i Stdafx.obj
 0001:0001b180       ??0?$CTraceCategoryEx@$01$0A@@ATL@@QAE@PBD@Z 0041c180 f i Stdafx.obj
 0001:0001b1b0       ??0?$CTraceCategoryEx@$03$0A@@ATL@@QAE@PBD@Z 0041c1b0 f i Stdafx.obj
 0001:0001b1e0       ??0?$CTraceCategoryEx@$07$0A@@ATL@@QAE@PBD@Z 0041c1e0 f i Stdafx.obj
 0001:0001b210       ??0?$CTraceCategoryEx@$0BA@$0A@@ATL@@QAE@PBD@Z 0041c210 f i Stdafx.obj
 0001:0001b240       ??0?$CTraceCategoryEx@$0BAA@$0A@@ATL@@QAE@PBD@Z 0041c240 f i Stdafx.obj
 0001:0001b280       ??0?$CTraceCategoryEx@$0BAAA@$0A@@ATL@@QAE@PBD@Z 0041c280 f i Stdafx.obj
 0001:0001b2c0       ??0?$CTraceCategoryEx@$0BAAAA@$0A@@ATL@@QAE@PBD@Z 0041c2c0 f i Stdafx.obj
 0001:0001b300       ??0?$CTraceCategoryEx@$0BAAAAA@$0A@@ATL@@QAE@PBD@Z 0041c300 f i Stdafx.obj
 0001:0001b340       ??0?$CTraceCategoryEx@$0CA@$0A@@ATL@@QAE@PBD@Z 0041c340 f i Stdafx.obj
 0001:0001b370       ??0?$CTraceCategoryEx@$0CAA@$0A@@ATL@@QAE@PBD@Z 0041c370 f i Stdafx.obj
 0001:0001b3b0       ??0?$CTraceCategoryEx@$0CAAA@$0A@@ATL@@QAE@PBD@Z 0041c3b0 f i Stdafx.obj
 0001:0001b3f0       ??0?$CTraceCategoryEx@$0CAAAA@$0A@@ATL@@QAE@PBD@Z 0041c3f0 f i Stdafx.obj
 0001:0001b430       ??0?$CTraceCategoryEx@$0CAAAAA@$0A@@ATL@@QAE@PBD@Z 0041c430 f i Stdafx.obj
 0001:0001b470       ??0?$CTraceCategoryEx@$0EA@$0A@@ATL@@QAE@PBD@Z 0041c470 f i Stdafx.obj
 0001:0001b4a0       ??0?$CTraceCategoryEx@$0EAA@$0A@@ATL@@QAE@PBD@Z 0041c4a0 f i Stdafx.obj
 0001:0001b4e0       ??0?$CTraceCategoryEx@$0EAAA@$0A@@ATL@@QAE@PBD@Z 0041c4e0 f i Stdafx.obj
 0001:0001b520       ??0?$CTraceCategoryEx@$0EAAAA@$0A@@ATL@@QAE@PBD@Z 0041c520 f i Stdafx.obj
 0001:0001b560       ??0?$CTraceCategoryEx@$0EAAAAA@$0A@@ATL@@QAE@PBD@Z 0041c560 f i Stdafx.obj
 0001:0001b5a0       ??0?$CTraceCategoryEx@$0IA@$0A@@ATL@@QAE@PBD@Z 0041c5a0 f i Stdafx.obj
 0001:0001b5e0       ??0?$CTraceCategoryEx@$0IAA@$0A@@ATL@@QAE@PBD@Z 0041c5e0 f i Stdafx.obj
 0001:0001b620       ??0?$CTraceCategoryEx@$0IAAA@$0A@@ATL@@QAE@PBD@Z 0041c620 f i Stdafx.obj
 0001:0001b660       ??0?$CTraceCategoryEx@$0IAAAA@$0A@@ATL@@QAE@PBD@Z 0041c660 f i Stdafx.obj
[...]
 0002:0000951c       __ehfuncinfo$??1?$CMap@KKPAVCGlobalUserItem@@PAV1@@@UAE@XZ 0043251c     GlobalInfoManager.obj
 0002:00009544       __unwindtable$??0CGlobalServerItem@@IAE@XZ 00432544     GlobalInfoManager.obj
 0002:0000954c       __ehfuncinfo$??0CGlobalServerItem@@IAE@XZ 0043254c     GlobalInfoManager.obj
 0002:00009574       __unwindtable$??0?$CMap@GGPAVCGlobalPlazaItem@@PAV1@@@QAE@H@Z 00432574     GlobalInfoManager.obj
 0002:0000957c       __ehfuncinfo$??0?$CMap@GGPAVCGlobalPlazaItem@@PAV1@@@QAE@H@Z 0043257c     GlobalInfoManager.obj
 0002:000095a4       __ehfuncinfo$??1?$CMap@GGPAVCGlobalPlazaItem@@PAV1@@@UAE@XZ 004325a4     GlobalInfoManager.obj
 0002:000095cc       __unwindtable$??0?$CMap@GGPAVCGlobalServerItem@@PAV1@@@QAE@H@Z 004325cc     GlobalInfoManager.obj
 0002:000095d4       __ehfuncinfo$??0?$CMap@GGPAVCGlobalServerItem@@PAV1@@@QAE@H@Z 004325d4     GlobalInfoManager.obj
 0002:000095fc       __ehfuncinfo$??1?$CMap@GGPAVCGlobalServerItem@@PAV1@@@UAE@XZ 004325fc     GlobalInfoManager.obj
 0002:00009624       __unwindtable$??0?$CMap@GGPAVCGlobalChatItem@@PAV1@@@QAE@H@Z 00432624     GlobalInfoManager.obj
 0002:0000962c       __ehfuncinfo$??0?$CMap@GGPAVCGlobalChatItem@@PAV1@@@QAE@H@Z 0043262c     GlobalInfoManager.obj
 0002:00009654       __ehfuncinfo$??1?$CMap@GGPAVCGlobalChatItem@@PAV1@@@UAE@XZ 00432654     GlobalInfoManager.obj
 0002:0000967c       __unwindtable$??0?$CMap@KKPAUtagPersonalTableInfo@@AAPAU1@@@QAE@H@Z 0043267c     GlobalInfoManager.obj
 0002:00009684       __ehfuncinfo$??0?$CMap@KKPAUtagPersonalTableInfo@@AAPAU1@@@QAE@H@Z 00432684     GlobalInfoManager.obj
 0002:000096ac       __ehfuncinfo$??1?$CMap@KKPAUtagPersonalTableInfo@@AAPAU1@@@UAE@XZ 004326ac     GlobalInfoManager.obj
 0002:000096d4       __ehfuncinfo$??1?$_Vector_alloc@U?$_Vec_base_types@UtagPersonalTableInfo@@V?$allocator@UtagPersonalTableInfo@@@std@@@std@@@std@@QAE@XZ 004326d4     GlobalInfoManager.obj
 0002:000096fc       __ehfuncinfo$??0?$vector@UtagPersonalTableInfo@@V?$allocator@UtagPersonalTableInfo@@@std@@@std@@QAE@XZ 004326fc     GlobalInfoManager.obj
 0002:00009724       __ehfuncinfo$??1?$vector@UtagPersonalTableInfo@@V?$allocator@UtagPersonalTableInfo@@@std@@@std@@QAE@XZ 00432724     GlobalInfoManager.obj
 0002:0000974c       __unwindtable$?erase@?$vector@UtagPersonalTableInfo@@V?$allocator@UtagPersonalTableInfo@@@std@@@std@@QAE?AV?$_Vector_iterator@V?$_Vector_val@U?$_Simple_types@UtagPersonalTableInfo@@@std@@@std@@@2@V?$_Vector_const_iterator@V?$_Vector_val@U?$_Simple_types@UtagPersonalTableInfo@@@std@@@std@@@2@@Z 0043274c     GlobalInfoManager.obj
 0002:00009754       __ehfuncinfo$?erase@?$vector@UtagPersonalTableInfo@@V?$allocator@UtagPersonalTableInfo@@@std@@@std@@QAE?AV?$_Vector_iterator@V?$_Vector_val@U?$_Simple_types@UtagPersonalTableInfo@@@std@@@std@@@2@V?$_Vector_const_iterator@V?$_Vector_val@U?$_Simple_types@UtagPersonalTableInfo@@@std@@@std@@@2@@Z 00432754     GlobalInfoManager.obj
 0002:0000977c       __ehfuncinfo$?begin@?$vector@UtagPersonalTableInfo@@V?$allocator@UtagPersonalTableInfo@@@std@@@std@@QAE?AV?$_Vector_iterator@V?$_Vector_val@U?$_Simple_types@UtagPersonalTableInfo@@@std@@@std@@@2@XZ 0043277c     GlobalInfoManager.obj
 0002:000097a4       __unwindtable$?_Orphan_range@?$vector@UtagPersonalTableInfo@@V?$allocator@UtagPersonalTableInfo@@@std@@@std@@ABEXPAUtagPersonalTableInfo@@0@Z 004327a4     GlobalInfoManager.obj
 0002:000097ac       __ehfuncinfo$?_Orphan_range@?$vector@UtagPersonalTableInfo@@V?$allocator@UtagPersonalTableInfo@@@std@@@std@@ABEXPAUtagPersonalTableInfo@@0@Z 004327ac     GlobalInfoManager.obj
 0002:000097d4       __ehfuncinfo$??1?$_Vector_alloc@U?$_Vec_base_types@UCMD_CS_S_RegisterPersonal@@V?$allocator@UCMD_CS_S_RegisterPersonal@@@std@@@std@@@std@@QAE@XZ 004327d4     GlobalInfoManager.obj
 0002:000097fc       __ehfuncinfo$??0?$vector@UCMD_CS_S_RegisterPersonal@@V?$allocator@UCMD_CS_S_RegisterPersonal@@@std@@@std@@QAE@XZ 004327fc     GlobalInfoManager.obj
 0002:00009824       __ehfuncinfo$??1?$vector@UCMD_CS_S_RegisterPersonal@@V?$allocator@UCMD_CS_S_RegisterPersonal@@@std@@@std@@QAE@XZ 00432824     GlobalInfoManager.obj
 0002:0000984c       __unwindtable$?_Orphan_range@?$vector@UCMD_CS_S_RegisterPersonal@@V?$allocator@UCMD_CS_S_RegisterPersonal@@@std@@@std@@ABEXPAUCMD_CS_S_RegisterPersonal@@0@Z 0043284c     GlobalInfoManager.obj
 0002:00009854       __ehfuncinfo$?_Orphan_range@?$vector@UCMD_CS_S_RegisterPersonal@@V?$allocator@UCMD_CS_S_RegisterPersonal@@@std@@@std@@ABEXPAUCMD_CS_S_RegisterPersonal@@0@Z 00432854     GlobalInfoManager.obj
 0002:0000987c       __ehfuncinfo$??0CGlobalInfoManager@@QAE@XZ 0043287c     GlobalInfoManager.obj
 0002:000098a0       __unwindtable$??0CGlobalInfoManager@@QAE@XZ 004328a0     GlobalInfoManager.obj
 0002:000098fc       __catchsym$??1CGlobalInfoManager@@UAE@XZ$33 004328fc     GlobalInfoManager.obj
 0002:0000990c       __catchsym$??1CGlobalInfoManager@@UAE@XZ$32 0043290c     GlobalInfoManager.obj
 0002:0000991c       __catchsym$??1CGlobalInfoManager@@UAE@XZ$31 0043291c     GlobalInfoManager.obj
 0002:0000992c       __catchsym$??1CGlobalInfoManager@@UAE@XZ$30 0043292c     GlobalInfoManager.obj
 0002:0000993c       __catchsym$??1CGlobalInfoManager@@UAE@XZ$29 0043293c     GlobalInfoManager.obj
 0002:0000994c       __catchsym$??1CGlobalInfoManager@@UAE@XZ$28 0043294c     GlobalInfoManager.obj
 0002:0000995c       __catchsym$??1CGlobalInfoManager@@UAE@XZ$27 0043295c     GlobalInfoManager.obj
 0002:0000996c       __catchsym$??1CGlobalInfoManager@@UAE@XZ$26 0043296c     GlobalInfoManager.obj
 0002:0000997c       __ehfuncinfo$??1CGlobalInfoManager@@UAE@XZ 0043297c     GlobalInfoManager.obj
 0002:000099a0       __tryblocktable$??1CGlobalInfoManager@@UAE@XZ 004329a0     GlobalInfoManager.obj
 0002:00009a40       __unwindtable$??1CGlobalInfoManager@@UAE@XZ 00432a40     GlobalInfoManager.obj
 0002:00009b48       __catchsym$?RemoveServerTable@CGlobalInfoManager@@QAE_NKK@Z$6 00432b48     GlobalInfoManager.obj
 0002:00009b58       __tryblocktable$?RemoveServerTable@CGlobalInfoManager@@QAE_NKK@Z 00432b58     GlobalInfoManager.obj
 0002:00009b6c       __unwindtable$?RemoveServerTable@CGlobalInfoManager@@QAE_NKK@Z 00432b6c     GlobalInfoManager.obj
 0002:00009b8c       __ehfuncinfo$?RemoveServerTable@CGlobalInfoManager@@QAE_NKK@Z 00432b8c     GlobalInfoManager.obj
 0002:00009bbc       __catchsym$?RemoveServerTable@CGlobalInfoManager@@QAE_NK@Z$2 00432bbc     GlobalInfoManager.obj
 0002:00009bcc       __unwindtable$?RemoveServerTable@CGlobalInfoManager@@QAE_NK@Z 00432bcc     GlobalInfoManager.obj
 0002:00009bdc       __tryblocktable$?RemoveServerTable@CGlobalInfoManager@@QAE_NK@Z 00432bdc     GlobalInfoManager.obj
 0002:00009bf0       __ehfuncinfo$?RemoveServerTable@CGlobalInfoManager@@QAE_NK@Z 00432bf0     GlobalInfoManager.obj
 0002:00009c1c       __catchsym$?DeleteServerItem@CGlobalInfoManager@@QAE_NG@Z$5 00432c1c     GlobalInfoManager.obj
 0002:00009c2c       __catchsym$?DeleteServerItem@CGlobalInfoManager@@QAE_NG@Z$4 00432c2c     GlobalInfoManager.obj
 0002:00009c3c       __unwindtable$?DeleteServerItem@CGlobalInfoManager@@QAE_NG@Z 00432c3c     GlobalInfoManager.obj
 0002:00009c5c       __ehfuncinfo$?DeleteServerItem@CGlobalInfoManager@@QAE_NG@Z 00432c5c     GlobalInfoManager.obj
 0002:00009c80       __tryblocktable$?DeleteServerItem@CGlobalInfoManager@@QAE_NG@Z 00432c80     GlobalInfoManager.obj
 0002:00009cb8       __catchsym$?CreateGlobalUserItem@CGlobalInfoManager@@AAEPAVCGlobalUserItem@@XZ$3 00432cb8     GlobalInfoManager.obj
 0002:00009cc8       __tryblocktable$?CreateGlobalUserItem@CGlobalInfoManager@@AAEPAVCGlobalUserItem@@XZ 00432cc8     GlobalInfoManager.obj
 0002:00009cdc       __unwindtable$?CreateGlobalUserItem@CGlobalInfoManager@@AAEPAVCGlobalUserItem@@XZ 00432cdc     GlobalInfoManager.obj
 0002:00009cf4       __ehfuncinfo$?CreateGlobalUserItem@CGlobalInfoManager@@AAEPAVCGlobalUserItem@@XZ 00432cf4     GlobalInfoManager.obj
 0002:00009d24       __catchsym$?CreateGlobalPlazaItem@CGlobalInfoManager@@AAEPAVCGlobalPlazaItem@@XZ$3 00432d24     GlobalInfoManager.obj
 0002:00009d34       __tryblocktable$?CreateGlobalPlazaItem@CGlobalInfoManager@@AAEPAVCGlobalPlazaItem@@XZ 00432d34     GlobalInfoManager.obj
 0002:00009d48       __unwindtable$?CreateGlobalPlazaItem@CGlobalInfoManager@@AAEPAVCGlobalPlazaItem@@XZ 00432d48     GlobalInfoManager.obj
 0002:00009d60       __ehfuncinfo$?CreateGlobalPlazaItem@CGlobalInfoManager@@AAEPAVCGlobalPlazaItem@@XZ 00432d60     GlobalInfoManager.obj
 0002:00009d90       __catchsym$?CreateGlobalServerItem@CGlobalInfoManager@@AAEPAVCGlobalServerItem@@XZ$3 00432d90     GlobalInfoManager.obj
 0002:00009da0       __tryblocktable$?CreateGlobalServerItem@CGlobalInfoManager@@AAEPAVCGlobalServerItem@@XZ 00432da0     GlobalInfoManager.obj
 0002:00009db4       __unwindtable$?CreateGlobalServerItem@CGlobalInfoManager@@AAEPAVCGlobalServerItem@@XZ 00432db4     GlobalInfoManager.obj
 0002:00009dcc       __ehfuncinfo$?CreateGlobalServerItem@CGlobalInfoManager@@AAEPAVCGlobalServerItem@@XZ 00432dcc     GlobalInfoManager.obj
 0002:00009dfc       __catchsym$?CreateGlobalChatItem@CGlobalInfoManager@@AAEPAVCGlobalChatItem@@XZ$3 00432dfc     GlobalInfoManager.obj
 0002:00009e0c       __tryblocktable$?CreateGlobalChatItem@CGlobalInfoManager@@AAEPAVCGlobalChatItem@@XZ 00432e0c     GlobalInfoManager.obj
 0002:00009e20       __unwindtable$?CreateGlobalChatItem@CGlobalInfoManager@@AAEPAVCGlobalChatItem@@XZ 00432e20     GlobalInfoManager.obj
 0002:00009e38       __ehfuncinfo$?CreateGlobalChatItem@CGlobalInfoManager@@AAEPAVCGlobalChatItem@@XZ 00432e38     GlobalInfoManager.obj
 0002:00009e68       __unwindtable$??H?$_Vector_iterator@V?$_Vector_val@U?$_Simple_types@UtagPersonalTableInfo@@@std@@@std@@@std@@QBE?AV01@H@Z 00432e68     GlobalInfoManager.obj
 0002:00009e70       __ehfuncinfo$??H?$_Vector_iterator@V?$_Vector_val@U?$_Simple_types@UtagPersonalTableInfo@@@std@@@std@@@std@@QBE?AV01@H@Z 00432e70     GlobalInfoManager.obj
 0002:00009e98       __catchsym$??$_Emplace_reallocate@ABUCMD_CS_S_RegisterPersonal@@@?$vector@UCMD_CS_S_RegisterPersonal@@V?$allocator@UCMD_CS_S_RegisterPersonal@@@std@@@std@@QAEPAUCMD_CS_S_RegisterPersonal@@QAU2@ABU2@@Z$2 00432e98     GlobalInfoManager.obj
 0002:00009ea8       __unwindtable$??$_Emplace_reallocate@ABUCMD_CS_S_RegisterPersonal@@@?$vector@UCMD_CS_S_RegisterPersonal@@V?$allocator@UCMD_CS_S_RegisterPersonal@@@std@@@std@@QAEPAUCMD_CS_S_RegisterPersonal@@QAU2@ABU2@@Z 00432ea8     GlobalInfoManager.obj
 0002:00009eb8       __tryblocktable$??$_Emplace_reallocate@ABUCMD_CS_S_RegisterPersonal@@@?$vector@UCMD_CS_S_RegisterPersonal@@V?$allocator@UCMD_CS_S_RegisterPersonal@@@std@@@std@@QAEPAUCMD_CS_S_RegisterPersonal@@QAU2@ABU2@@Z 00432eb8     GlobalInfoManager.obj
 0002:00009ecc       __ehfuncinfo$??$_Emplace_reallocate@ABUCMD_CS_S_RegisterPersonal@@@?$vector@UCMD_CS_S_RegisterPersonal@@V?$allocator@UCMD_CS_S_RegisterPersonal@@@std@@@std@@QAEPAUCMD_CS_S_RegisterPersonal@@QAU2@ABU2@@Z 00432ecc     GlobalInfoManager.obj
 0002:00009ef8       __catchsym$??$_Emplace_reallocate@ABUtagPersonalTableInfo@@@?$vector@UtagPersonalTableInfo@@V?$allocator@UtagPersonalTableInfo@@@std@@@std@@QAEPAUtagPersonalTableInfo@@QAU2@ABU2@@Z$2 00432ef8     GlobalInfoManager.obj
 0002:00009f08       __unwindtable$??$_Emplace_reallocate@ABUtagPersonalTableInfo@@@?$vector@UtagPersonalTableInfo@@V?$allocator@UtagPersonalTableInfo@@@std@@@std@@QAEPAUtagPersonalTableInfo@@QAU2@ABU2@@Z 00432f08     GlobalInfoManager.obj
 0002:00009f18       __tryblocktable$??$_Emplace_reallocate@ABUtagPersonalTableInfo@@@?$vector@UtagPersonalTableInfo@@V?$allocator@UtagPersonalTableInfo@@@std@@@std@@QAEPAUtagPersonalTableInfo@@QAU2@ABU2@@Z 00432f18     GlobalInfoManager.obj
 0002:00009f2c       __ehfuncinfo$??$_Emplace_reallocate@ABUtagPersonalTableInfo@@@?$vector@UtagPersonalTableInfo@@V?$allocator@UtagPersonalTableInfo@@@std@@@std@@QAEPAUtagPersonalTableInfo@@QAU2@ABU2@@Z 00432f2c     GlobalInfoManager.obj
 0002:00009f58       __unwindtable$?LoadInitParameter@CInitParameter@@QAEXXZ 00432f58     InitParameter.obj
 0002:00009f60       __ehfuncinfo$?LoadInitParameter@CInitParameter@@QAEXXZ 00432f60     InitParameter.obj
 0002:00009f88       __ehfuncinfo$??1?$CTempldateHelper@UITimerEngine@@@@UAE@XZ 00432f88     ServiceUnits.obj
 0002:00009fb0       __unwindtable$?CreateInstance@?$CTempldateHelper@UITimerEngine@@@@QAE_NXZ 00432fb0     ServiceUnits.obj
 0002:00009fc0       __tryblocktable$?CreateInstance@?$CTempldateHelper@UITimerEngine@@@@QAE_NXZ 00432fc0     ServiceUnits.obj
 0002:00009fd4       __catchsym$?CreateInstance@?$CTempldateHelper@UITimerEngine@@@@QAE_NXZ$3 00432fd4     ServiceUnits.obj
 0002:00009ff4       __ehfuncinfo$?CreateInstance@?$CTempldateHelper@UITimerEngine@@@@QAE_NXZ 00432ff4     ServiceUnits.obj
 0002:0000a024       __ehfuncinfo$??1?$CTempldateHelper@UIAttemperEngine@@@@UAE@XZ 00433024     ServiceUnits.obj
 0002:0000a04c       __unwindtable$?CreateInstance@?$CTempldateHelper@UIAttemperEngine@@@@QAE_NXZ 0043304c     ServiceUnits.obj
 0002:0000a05c       __tryblocktable$?CreateInstance@?$CTempldateHelper@UIAttemperEngine@@@@QAE_NXZ 0043305c     ServiceUnits.obj
 0002:0000a070       __catchsym$?CreateInstance@?$CTempldateHelper@UIAttemperEngine@@@@QAE_NXZ$3 00433070     ServiceUnits.obj
 0002:0000a090       __ehfuncinfo$?CreateInstance@?$CTempldateHelper@UIAttemperEngine@@@@QAE_NXZ 00433090     ServiceUnits.obj
 0002:0000a0c0       __ehfuncinfo$??1?$CTempldateHelper@UITCPNetworkEngine@@@@UAE@XZ 004330c0     ServiceUnits.obj
 0002:0000a0e8       __unwindtable$?CreateInstance@?$CTempldateHelper@UITCPNetworkEngine@@@@QAE_NXZ 004330e8     ServiceUnits.obj
 0002:0000a0f8       __tryblocktable$?CreateInstance@?$CTempldateHelper@UITCPNetworkEngine@@@@QAE_NXZ 004330f8     ServiceUnits.obj
 0002:0000a10c       __catchsym$?CreateInstance@?$CTempldateHelper@UITCPNetworkEngine@@@@QAE_NXZ$3 0043310c     ServiceUnits.obj
 0002:0000a12c       __ehfuncinfo$?CreateInstance@?$CTempldateHelper@UITCPNetworkEngine@@@@QAE_NXZ 0043312c     ServiceUnits.obj
 0002:0000a15c       __ehfuncinfo$??0CServiceUnits@@QAE@XZ 0043315c     ServiceUnits.obj
 0002:0000a180       __unwindtable$??0CServiceUnits@@QAE@XZ 00433180     ServiceUnits.obj
 0002:0000a1b8       __ehfuncinfo$??1CServiceUnits@@UAE@XZ 004331b8     ServiceUnits.obj
 0002:0000a1e0       __unwindtable$?TraceV@CTrace@ATL@@SAXPBDHII0PAD@Z 004331e0     Stdafx.obj
 0002:0000a1f0       __ehfuncinfo$?TraceV@CTrace@ATL@@SAXPBDHII0PAD@Z 004331f0     Stdafx.obj
 0002:0000a21c       __unwindtable$??RCTraceFileAndLineInfo@ATL@@QBAXHIPBDZZ 0043321c     Stdafx.obj
 0002:0000a224       __ehfuncinfo$??RCTraceFileAndLineInfo@ATL@@QBAXHIPBDZZ 00433224     Stdafx.obj
 0002:0000a24c       __ehfuncinfo$??1?$CSimpleArray@GV?$CSimpleArrayEqualHelper@G@ATL@@@ATL@@QAE@XZ 0043324c     Stdafx.obj
 0002:0000a274       __unwindtable$??0_ATL_WIN_MODULE70@ATL@@QAE@XZ 00433274     Stdafx.obj
 0002:0000a27c       __ehfuncinfo$??0_ATL_WIN_MODULE70@ATL@@QAE@XZ 0043327c     Stdafx.obj
 0002:0000a2a4       __ehfuncinfo$??1CAtlComModule@ATL@@QAE@XZ 004332a4     Stdafx.obj
 0002:0000a2cc       __ehfuncinfo$??1CAtlWinModule@ATL@@QAE@XZ 004332cc     Stdafx.obj
 0002:0000a2f8       __sehtable$_WinbaseIsolationAwarePrivatetRgzlnPgpgk@0 004332f8     mfcs140d:nolib.obj
 0002:0000a318       __sehtable$_IsolationAwareUnregisterClassA@8 00433318     mfcs140d:nolib.obj
 0002:0000a338       __ehfuncinfo$??_Estringdispid@CComTypeInfoHolder@ATL@@QAEPAXI@Z 00433338     mfcs140d:nolib.obj
 0002:0000a360       __sehtable$___scrt_is_nonwritable_in_current_image 00433360     msvcrtd:utility.obj
 0002:0000a380       __ehfuncinfo$?__scrt_initialize_thread_safe_statics_platform_specific@@YAXXZ 00433380     msvcrtd:thread_safe_statics.obj
 0002:0000a3a8       __ehfuncinfo$?__scrt_uninitialize_thread_safe_statics@@YAXXZ 004333a8     msvcrtd:thread_safe_statics.obj
 0002:0000a3d0       __sehtable$?__scrt_common_main_seh@@YAHXZ 004333d0     msvcrtd:exe_winmain.obj
 0002:0000a3f0       __sehtable$??_M@YGXPAXIIP6EX0@Z@Z 004333f0     msvcrtd:ehvecdtr.obj
 0002:0000a410       __sehtable$?__ArrayUnwind@@YGXPAXIIP6EX0@Z@Z 00433410     msvcrtd:ehvecdtr.obj
 0002:0000a430       __sehtable$?notify_debugger@@YAXABUtagEXCEPTION_VISUALCPP_DEBUG_INFO@@@Z 00433430     msvcrtd:error.obj
 0003:00003304       ?is_initialized_as_dll@@3_NA 00437304     msvcrtd:utility.obj
 0003:00003305       ?module_local_atexit_table_initialized@@3_NA 00437305     msvcrtd:utility.obj
 0003:00003308       ?module_local_atexit_table@@3U_onexit_table_t@@A 00437308     msvcrtd:utility.obj
 0003:00003314       ?module_local_at_quick_exit_table@@3U_onexit_table_t@@A 00437314     msvcrtd:utility.obj
 0003:00003328       ?_Tss_mutex@@3U_RTL_CRITICAL_SECTION@@A 00437328     msvcrtd:thread_safe_statics.obj
 0003:00003340       ?_Tss_cv@@3U_RTL_CONDITION_VARIABLE@@A 00437340     msvcrtd:thread_safe_statics.obj
 0003:00003344       ?_Tss_event@@3PAXA         00437344     msvcrtd:thread_safe_statics.obj
 0003:00003348       ?encoded_sleep_condition_variable_cs@@3P6GHPAU_RTL_CONDITION_VARIABLE@@PAU_RTL_CRITICAL_SECTION@@K@ZA 00437348     msvcrtd:thread_safe_statics.obj
 0003:0000334c       ?encoded_wake_all_condition_variable@@3P6GXPAU_RTL_CONDITION_VARIABLE@@@ZA 0043734c     msvcrtd:thread_safe_statics.obj
 0003:0000335c       ?init@?1??_RTC_InitBase@@9@4_NA 0043735c     msvcrtd:init.obj
 0003:00003360       _GS_ExceptionRecord        00437360     msvcrtd:gs_report.obj
 0003:000033b0       _GS_ContextRecord          004373b0     msvcrtd:gs_report.obj
 0003:0000374c       ?_RTC_ErrorReportFunc@@3P6AHHPBDH00ZZA 0043774c     msvcrtd:userapi.obj
 0003:00003750       ?_RTC_ErrorReportFuncW@@3P6AHHPB_WH00ZZA 00437750     msvcrtd:userapi.obj
 0003:00003758       ?mspdb@@3PAUHINSTANCE__@@A 00437758     msvcrtd:pdblkup.obj
 0003:0000375c       ?alreadyTried@?1??GetPdbDll@@YAPAUHINSTANCE__@@XZ@4_NA 0043775c     msvcrtd:pdblkup.obj
 0003:0000375d       ?PDBOK@?1??_RTC_GetSrcLine@@YAHPAEPA_WKPAH1K@Z@4_NA 0043775d     msvcrtd:pdblkup.obj
 0004:0000119c       .idata$6                   0043919c     ServiceCore:ServiceCore.dll
 0004:00001228       .idata$6                   00439228     KernelEngine:KernelEngine.dll
 0004:0000123a       .idata$6                   0043923a     mfc140d:mfc140d.dll
 0004:0000158c       .idata$6                   0043958c     kernel32:KERNEL32.dll
 0004:000015dc       .idata$6                   004395dc     user32:USER32.dll
 0004:000015e8       .idata$6                   004395e8     comctl32:COMCTL32.dll
 0004:000015f6       .idata$6                   004395f6     oleaut32:OLEAUT32.dll
 0004:00001742       .idata$6                   00439742     msvcprtd:MSVCP140D.dll
 0004:00001838       .idata$6                   00439838     vcruntimed:VCRUNTIME140D.dll
 0004:00001bb2       .idata$6                   00439bb2     ucrtd:ucrtbased.dll
 0007:000004d0       $R000000                   0043c4d0     Correspond.res
 0007:000050f8       $R004C28                   004410f8     Correspond.res
 0007:00006720       $R006250                   00442720     Correspond.res
 0007:000075c8       $R0070F8                   004435c8     Correspond.res
 0007:00007e70       $R0079A0                   00443e70     Correspond.res
 0007:000083d8       $R007F08                   004443d8     Correspond.res
 0007:0000b600       $R00B130                   00447600     Correspond.res
 0007:0001be28       $R01B958                   00457e28     Correspond.res
 0007:0001e3d0       $R01DF00                   0045a3d0     Correspond.res
 0007:0001f478       $R01EFA8                   0045b478     Correspond.res
 0007:0001f8e0       $R01F410                   0045b8e0     Correspond.res
 0007:0001f978       $R01F4A8                   0045b978     Correspond.res
 0007:0001fa78       $R01F5A8                   0045ba78     Correspond.res
 0007:0001fd58       $R01F888                   0045bd58     Correspond.res
