 ProcessControl

 Timestamp is 5da6abc8 (Wed Oct 16 13:34:00 2019)

 Preferred load address is 10000000

 Start         Length     Name                   Class
 0001:00000000 000031a0H .text$di                CODE
 0001:000031a0 0000bd50H .text$mn                CODE
 0001:0000eef0 000012d0H .text$x                 CODE
 0001:000101c0 0000110fH .text$yd                CODE
 0002:00000000 00000104H .CRT$XCA                DATA
 0002:00000104 00000104H .CRT$XCL                DATA
 0002:00000208 0000017cH .CRT$XCU                DATA
 0002:00000384 00000104H .CRT$XCZ                DATA
 0002:00000488 00000104H .CRT$XIA                DATA
 0002:0000058c 00000104H .CRT$XIC                DATA
 0002:00000690 00000104H .CRT$XIZ                DATA
 0002:00000794 00000004H .CRT$XLA                DATA
 0002:00000798 00000004H .CRT$XLZ                DATA
 0002:0000079c 00000104H .CRT$XPA                DATA
 0002:000008a0 00000104H .CRT$XPZ                DATA
 0002:000009a4 00000104H .CRT$XTA                DATA
 0002:00000aa8 00000108H .CRT$XTZ                DATA
 0002:00000bb0 00005254H .rdata                  DATA
 0002:00005e04 0000011cH .rdata$T                DATA
 0002:00005f20 000005b0H .rdata$r                DATA
 0002:000064d0 0000014cH .rdata$sxdata           DATA
 0002:0000661c 000001a0H .rdata$zzzdbg           DATA
 0002:000067bc 00000104H .rtc$IAA                DATA
 0002:000068c0 0000010cH .rtc$IMZ                DATA
 0002:000069cc 00000104H .rtc$IZZ                DATA
 0002:00006ad0 00000104H .rtc$TAA                DATA
 0002:00006bd4 0000010cH .rtc$TMZ                DATA
 0002:00006ce0 00000108H .rtc$TZZ                DATA
 0002:00006de8 000005dcH .xdata$x                DATA
 0002:000073c4 00000104H ATL$__a                 DATA
 0002:000074c8 00000108H ATL$__z                 DATA
 0002:000075d0 00000b2eH .edata                  DATA
 0003:00000000 00000198H .data                   DATA
 0003:00000198 000002f0H .data$r                 DATA
 0003:00000488 00002d44H .bss                    DATA
 0004:00000000 00000538H .idata$5                DATA
 0004:00000538 000000a0H .idata$2                DATA
 0004:000005d8 00000014H .idata$3                DATA
 0004:000005ec 00000538H .idata$4                DATA
 0004:00000b24 00000ab8H .idata$6                DATA
 0005:00000000 00000104H .tls                    DATA
 0005:00000104 00000104H .tls$                   DATA
 0005:00000208 00000101H .tls$ZZZ                DATA
 0006:00000000 00000104H .00cfg                  DATA
 0007:00000000 000001c0H .rsrc$01                DATA
 0007:000001c0 00000730H .rsrc$02                DATA

  Address         Publics by Value              Rva+Base       Lib:Object

 0000:00000000       ___volatile_metadata       00000000     <absolute>
 0000:00000000       ___guard_fids_table        00000000     <absolute>
 0000:00000000       ___dynamic_value_reloc_table 00000000     <absolute>
 0000:00000000       ___guard_longjmp_count     00000000     <absolute>
 0000:00000000       ___hybrid_code_map_count   00000000     <absolute>
 0000:00000000       ___guard_iat_count         00000000     <absolute>
 0000:00000000       ___guard_longjmp_table     00000000     <absolute>
 0000:00000000       ___guard_iat_table         00000000     <absolute>
 0000:00000000       ___enclave_config          00000000     <absolute>
 0000:00000000       ___hybrid_auxiliary_iat    00000000     <absolute>
 0000:00000000       ___hybrid_code_map         00000000     <absolute>
 0000:00000000       ___guard_fids_count        00000000     <absolute>
 0000:00000010       ___safe_se_handler_count   00000010     <absolute>
 0000:0000002c       __tls_array                0000002c     <absolute>
 0000:00000100       ___guard_flags             00000100     <absolute>
 0000:00000000       ___ImageBase               10000000     <linker-defined>
 0001:000031a0       ?OnCopyData@CProcessControl@@IAEHPAVCWnd@@PAUtagCOPYDATASTRUCT@@@Z 100041a0 f   ProcessControl.obj
 0001:00003490       ?OnMessageAsynchronismData@CProcessControl@@IAEJIJ@Z 10004490 f   ProcessControl.obj
 0001:000035f0       ??$_Getvals@_W@?$time_get@DV?$istreambuf_iterator@DU?$char_traits@D@std@@@std@@@std@@IAEX_WABV_Locinfo@1@@Z 100045f0 f i ProcessControl.obj
 0001:00003720       ??$_Getvals@_W@?$time_get@_WV?$istreambuf_iterator@_WU?$char_traits@_W@std@@@std@@@std@@IAEX_WABV_Locinfo@1@@Z 10004720 f i ProcessControl.obj
 0001:00003850       ??$_Maklocstr@D@std@@YAPADPBDPADABU_Cvtvec@@@Z 10004850 f i ProcessControl.obj
 0001:00003900       ??$_Maklocstr@_W@std@@YAPA_WPBDPA_WABU_Cvtvec@@@Z 10004900 f i ProcessControl.obj
 0001:00003a80       ??0CProcessControl@@QAE@XZ 10004a80 f   ProcessControl.obj
 0001:00003b40       ??0CProcessRecvData@@QAE@ABV0@@Z 10004b40 f i ProcessControl.obj
 0001:00003b80       ??0CProcessSendData@@QAE@ABV0@@Z 10004b80 f i ProcessControl.obj
 0001:00003bd0       ??0CRect@@QAE@HHHH@Z       10004bd0 f i ProcessControl.obj
 0001:00003c20       ??0IProcessControl@@QAE@XZ 10004c20 f i ProcessControl.obj
 0001:00003c50       ??0IUnknownEx@@QAE@XZ      10004c50 f i ProcessControl.obj
 0001:00003c80       ??1CProcessControl@@UAE@XZ 10004c80 f   ProcessControl.obj
 0001:00003cd0       ??4CProcessRecvData@@QAEAAV0@ABV0@@Z 10004cd0 f i ProcessControl.obj
 0001:00003d00       ??4CProcessSendData@@QAEAAV0@ABV0@@Z 10004d00 f i ProcessControl.obj
 0001:00003d40       ??_ECProcessControl@@UAEPAXI@Z 10004d40 f i ProcessControl.obj
 0001:00003e40       ??_ECProcessRecvData@@UAEPAXI@Z 10004e40 f i ProcessControl.obj
 0001:00003f20       ??_ECProcessSendData@@UAEPAXI@Z 10004f20 f i ProcessControl.obj
 0001:00004000       ??_FCProcessSendData@@QAEXXZ 10005000 f i ProcessControl.obj
 0001:00004030       ??_GCProcessControl@@UAEPAXI@Z 10005030 f i ProcessControl.obj
 0001:00004090       ??_GCProcessRecvData@@UAEPAXI@Z 10005090 f i ProcessControl.obj
 0001:000040e0       ??_GCProcessSendData@@UAEPAXI@Z 100050e0 f i ProcessControl.obj
 0001:00004130       ??_H@YGXPAXIIP6EPAX0@Z@Z   10005130 f i ProcessControl.obj
 0001:00004180       ?AfxAssertFailedLine@@YGHPBDH@Z 10005180 f i ProcessControl.obj
 0001:000041f0       ?GetBuildVer@@YAEK@Z       100051f0 f i ProcessControl.obj
 0001:00004220       ?GetMainVer@@YAEK@Z        10005220 f i ProcessControl.obj
 0001:00004250       ?GetMessageMap@CProcessControl@@MBEPBUAFX_MSGMAP@@XZ 10005250 f   ProcessControl.obj
 0001:00004270       ?GetProcessControlWnd@CProcessControl@@UAEPAUHWND__@@XZ 10005270 f   ProcessControl.obj
 0001:00004290       ?GetProductVer@@YAEK@Z     10005290 f i ProcessControl.obj
 0001:000042c0       ?GetSubVer@@YAEK@Z         100052c0 f i ProcessControl.obj
 0001:000042f0       ?GetThisMessageMap@CProcessControl@@KGPBUAFX_MSGMAP@@XZ 100052f0 f   ProcessControl.obj
 0001:00004310       ?InitializeLink@CProcessControl@@UAE_NXZ 10005310 f   ProcessControl.obj
 0001:000043e0       ?InterfaceVersionCompare@@YA_NKK@Z 100053e0 f i ProcessControl.obj
 0001:000044c0       ?QueryInterface@CProcessControl@@UAEPAXABU_GUID@@K@Z 100054c0 f   ProcessControl.obj
 0001:000045a0       ?Release@CProcessControl@@UAEXXZ 100055a0 f i ProcessControl.obj
 0001:00004600       ?SendCommand@CProcessControl@@UAE_NPAUHWND__@@GGQAXG@Z 10005600 f   ProcessControl.obj
 0001:00004780       ?SendData@CProcessControl@@UAE_NPAUHWND__@@GG@Z 10005780 f   ProcessControl.obj
 0001:00004830       ?SendData@CProcessControl@@UAE_NPAUHWND__@@GGQAXG@Z 10005830 f   ProcessControl.obj
 0001:000049b0       ?SetProcessControlSink@CProcessControl@@UAE_NPAUIUnknownEx@@@Z 100059b0 f   ProcessControl.obj
 0001:00004aa0       ?UnInitializeLink@CProcessControl@@UAE_NXZ 10005aa0 f   ProcessControl.obj
 0001:00004af0       ?_Maklocwcs@std@@YAPA_WPB_W@Z 10005af0 f i ProcessControl.obj
 0001:00004b70       ?__empty_global_delete@@YAXPAX@Z 10005b70 f i ProcessControl.obj
 0001:00004b90       ?__empty_global_delete@@YAXPAXI@Z 10005b90 f i ProcessControl.obj
 0001:00004bb0       ?__global_array_delete@@YAXPAX@Z 10005bb0 f i ProcessControl.obj
 0001:00004be0       ?__global_array_delete@@YAXPAXI@Z 10005be0 f i ProcessControl.obj
 0001:00004c10       ?__global_delete@@YAXPAX@Z 10005c10 f i ProcessControl.obj
 0001:00004c40       ?__global_delete@@YAXPAXI@Z 10005c40 f i ProcessControl.obj
 0001:00004c70       _==                        10005c70 f i ProcessControl.obj
 0001:00004cc0       _CreateProcessControl      10005cc0 f   ProcessControl.obj
 0001:00004ea0       _IsEqualGUID               10005ea0 f i ProcessControl.obj
 0001:00004ef0       _wmemcpy                   10005ef0 f i ProcessControl.obj
 0001:00004f20       _ExtRawDllMain@12          10005f20 f   ProcessControlDLL.obj
 0001:00004fa0       ??B?$CTypedSimpleList@PAUCRuntimeClass@@@@QAEPAUCRuntimeClass@@XZ 10005fa0 f i ProcessControlDLL.obj
 0001:00004fd0       ??B?$CTypedSimpleList@PAVCOleObjectFactory@@@@QAEPAVCOleObjectFactory@@XZ 10005fd0 f i ProcessControlDLL.obj
 0001:00005000       ?GetHead@CSimpleList@@QBEPAXXZ 10006000 f i ProcessControlDLL.obj
 0001:00005020       _DllMain@12                10006020 f   ProcessControlDLL.obj
 0001:000050c0       ??0CProcessRecvData@@QAE@XZ 100060c0 f   ProcessDataControl.obj
 0001:00005100       ??0CProcessSendData@@QAE@PAUHWND__@@0@Z 10006100 f   ProcessDataControl.obj
 0001:00005140       ??1CProcessRecvData@@UAE@XZ 10006140 f   ProcessDataControl.obj
 0001:00005170       ??1CProcessSendData@@UAE@XZ 10006170 f   ProcessDataControl.obj
 0001:000051a0       ?GetClientHwnd@CProcessSendData@@QAEPAUHWND__@@XZ 100061a0 f   ProcessDataControl.obj
 0001:000051c0       ?GetServerHwnd@CProcessSendData@@QAEPAUHWND__@@XZ 100061c0 f   ProcessDataControl.obj
 0001:000051e0       ?IsConnect@CProcessSendData@@QAE_NXZ 100061e0 f   ProcessDataControl.obj
 0001:00005220       ?OnCopyData@CProcessRecvData@@QAE_NPAUHWND__@@PAUtagCOPYDATASTRUCT@@@Z 10006220 f   ProcessDataControl.obj
 0001:00005410       ?SendData@CProcessSendData@@QAE_NGG@Z 10006410 f   ProcessDataControl.obj
 0001:000054e0       ?SendData@CProcessSendData@@QAE_NGGPAXG@Z 100064e0 f   ProcessDataControl.obj
 0001:00005680       ?SetClientHwnd@CProcessSendData@@QAE_NPAUHWND__@@@Z 10006680 f   ProcessDataControl.obj
 0001:000056e0       ?SetProcessTradeSink@CProcessRecvData@@QAE_NPAUIUnknownEx@@@Z 100066e0 f   ProcessDataControl.obj
 0001:000057d0       ?SetServerHwnd@CProcessSendData@@QAE_NPAUHWND__@@@Z 100067d0 f   ProcessDataControl.obj
 0001:00005830       ?SetServerHwnd@CProcessSendData@@QAE_NPBD@Z 10006830 f   ProcessDataControl.obj
 0001:000058c0       ?TransferCommand@CProcessSendData@@QAE_NGGPAXG@Z 100068c0 f   ProcessDataControl.obj
 0001:00005a60       ?_AfxInitManaged@@YAHXZ    10006a60 f i Stdafx.obj
 0001:00005a80       ??$AtlAdd@H@ATL@@YAJPAHHH@Z 10006a80 f i Stdafx.obj
 0001:00005ad0       ??$AtlAdd@I@ATL@@YAJPAIII@Z 10006ad0 f i Stdafx.obj
 0001:00005b20       ??$AtlAdd@K@ATL@@YAJPAKKK@Z 10006b20 f i Stdafx.obj
 0001:00005b70       ??$AtlAlignUp@H@ATL@@YGHHK@Z 10006b70 f i Stdafx.obj
 0001:00005ba0       ??$AtlMultiply@I@ATL@@YAJPAIII@Z 10006ba0 f i Stdafx.obj
 0001:00005c00       ??$AtlMultiply@K@ATL@@YAJPAKKK@Z 10006c00 f i Stdafx.obj
 0001:00005c60       ??0?$CHeapPtr@DVCCRTAllocator@ATL@@@ATL@@QAE@XZ 10006c60 f i Stdafx.obj
 0001:00005c90       ??0?$CHeapPtr@_WVCCRTAllocator@ATL@@@ATL@@QAE@XZ 10006c90 f i Stdafx.obj
 0001:00005cc0       ??0?$CHeapPtrBase@DVCCRTAllocator@ATL@@@ATL@@IAE@XZ 10006cc0 f i Stdafx.obj
 0001:00005cf0       ??0?$CHeapPtrBase@_WVCCRTAllocator@ATL@@@ATL@@IAE@XZ 10006cf0 f i Stdafx.obj
 0001:00005d20       ??0?$CSimpleArray@GV?$CSimpleArrayEqualHelper@G@ATL@@@ATL@@QAE@XZ 10006d20 f i Stdafx.obj
 0001:00005d60       ??0?$CTraceCategoryEx@$00$0A@@ATL@@QAE@PBD@Z 10006d60 f i Stdafx.obj
 0001:00005d90       ??0?$CTraceCategoryEx@$01$0A@@ATL@@QAE@PBD@Z 10006d90 f i Stdafx.obj
 0001:00005dc0       ??0?$CTraceCategoryEx@$03$0A@@ATL@@QAE@PBD@Z 10006dc0 f i Stdafx.obj
 0001:00005df0       ??0?$CTraceCategoryEx@$07$0A@@ATL@@QAE@PBD@Z 10006df0 f i Stdafx.obj
 0001:00005e20       ??0?$CTraceCategoryEx@$0BA@$0A@@ATL@@QAE@PBD@Z 10006e20 f i Stdafx.obj
 0001:00005e50       ??0?$CTraceCategoryEx@$0BAA@$0A@@ATL@@QAE@PBD@Z 10006e50 f i Stdafx.obj
 0001:00005e90       ??0?$CTraceCategoryEx@$0BAAA@$0A@@ATL@@QAE@PBD@Z 10006e90 f i Stdafx.obj
 0001:00005ed0       ??0?$CTraceCategoryEx@$0BAAAA@$0A@@ATL@@QAE@PBD@Z 10006ed0 f i Stdafx.obj
 0001:00005f10       ??0?$CTraceCategoryEx@$0BAAAAA@$0A@@ATL@@QAE@PBD@Z 10006f10 f i Stdafx.obj
 0001:00005f50       ??0?$CTraceCategoryEx@$0CA@$0A@@ATL@@QAE@PBD@Z 10006f50 f i Stdafx.obj
 0001:00005f80       ??0?$CTraceCategoryEx@$0CAA@$0A@@ATL@@QAE@PBD@Z 10006f80 f i Stdafx.obj
 0001:00005fc0       ??0?$CTraceCategoryEx@$0CAAA@$0A@@ATL@@QAE@PBD@Z 10006fc0 f i Stdafx.obj
 0001:00006000       ??0?$CTraceCategoryEx@$0CAAAA@$0A@@ATL@@QAE@PBD@Z 10007000 f i Stdafx.obj
 0001:00006040       ??0?$CTraceCategoryEx@$0CAAAAA@$0A@@ATL@@QAE@PBD@Z 10007040 f i Stdafx.obj
 0001:00006080       ??0?$CTraceCategoryEx@$0EA@$0A@@ATL@@QAE@PBD@Z 10007080 f i Stdafx.obj
 0001:000060b0       ??0?$CTraceCategoryEx@$0EAA@$0A@@ATL@@QAE@PBD@Z 100070b0 f i Stdafx.obj
 0001:000060f0       ??0?$CTraceCategoryEx@$0EAAA@$0A@@ATL@@QAE@PBD@Z 100070f0 f i Stdafx.obj
 0001:00006130       ??0?$CTraceCategoryEx@$0EAAAA@$0A@@ATL@@QAE@PBD@Z 10007130 f i Stdafx.obj
 0001:00006170       ??0?$CTraceCategoryEx@$0EAAAAA@$0A@@ATL@@QAE@PBD@Z 10007170 f i Stdafx.obj
 0001:000061b0       ??0?$CTraceCategoryEx@$0IA@$0A@@ATL@@QAE@PBD@Z 100071b0 f i Stdafx.obj
 0001:000061f0       ??0?$CTraceCategoryEx@$0IAA@$0A@@ATL@@QAE@PBD@Z 100071f0 f i Stdafx.obj
 0001:00006230       ??0?$CTraceCategoryEx@$0IAAA@$0A@@ATL@@QAE@PBD@Z 10007230 f i Stdafx.obj
 0001:00006270       ??0?$CTraceCategoryEx@$0IAAAA@$0A@@ATL@@QAE@PBD@Z 10007270 f i Stdafx.obj
 0001:000062b0       ??0CAtlComModule@ATL@@QAE@XZ 100072b0 f i Stdafx.obj
 0001:000063a0       ??0CAtlStringMgr@ATL@@QAE@PAUIAtlMemMgr@1@@Z 100073a0 f i Stdafx.obj
 0001:00006400       ??0CAtlStringMgrStaticInitializer@ATLImplementationDetails@ATL@@QAE@XZ 10007400 f i Stdafx.obj
 0001:00006430       ??0CAtlWinModule@ATL@@QAE@XZ 10007430 f i Stdafx.obj
 0001:000064d0       ??0CComCriticalSection@ATL@@QAE@XZ 100074d0 f i Stdafx.obj
 0001:00006500       ??0CNilStringData@ATL@@QAE@XZ 10007500 f i Stdafx.obj
 0001:00006580       ??0CPreserveLastError@ATL@@QAE@XZ 10007580 f i Stdafx.obj
 0001:000065b0       ??0CTraceFileAndLineInfo@ATL@@QAE@PBDH@Z 100075b0 f i Stdafx.obj
 0001:000065f0       ??0CWin32Heap@ATL@@QAE@PAX@Z 100075f0 f i Stdafx.obj
 0001:00006670       ??0_ATL_COM_MODULE70@ATL@@QAE@XZ 10007670 f i Stdafx.obj
 0001:000066a0       ??0_ATL_WIN_MODULE70@ATL@@QAE@XZ 100076a0 f i Stdafx.obj
 0001:00006720       ??1?$CHeapPtr@DVCCRTAllocator@ATL@@@ATL@@QAE@XZ 10007720 f i Stdafx.obj
 0001:00006750       ??1?$CHeapPtr@_WVCCRTAllocator@ATL@@@ATL@@QAE@XZ 10007750 f i Stdafx.obj
 0001:00006780       ??1?$CHeapPtrBase@DVCCRTAllocator@ATL@@@ATL@@QAE@XZ 10007780 f i Stdafx.obj
 0001:000067b0       ??1?$CHeapPtrBase@_WVCCRTAllocator@ATL@@@ATL@@QAE@XZ 100077b0 f i Stdafx.obj
 0001:000067e0       ??1?$CSimpleArray@GV?$CSimpleArrayEqualHelper@G@ATL@@@ATL@@QAE@XZ 100077e0 f i Stdafx.obj
 0001:00006840       ??1CAtlComModule@ATL@@QAE@XZ 10007840 f i Stdafx.obj
 0001:000068a0       ??1CAtlStringMgr@ATL@@UAE@XZ 100078a0 f i Stdafx.obj
 0001:000068c0       ??1CAtlWinModule@ATL@@QAE@XZ 100078c0 f i Stdafx.obj
 0001:00006920       ??1CComCriticalSection@ATL@@QAE@XZ 10007920 f i Stdafx.obj
 0001:00006940       ??1CPreserveLastError@ATL@@QAE@XZ 10007940 f i Stdafx.obj
 0001:00006970       ??1CWin32Heap@ATL@@UAE@XZ  10007970 f i Stdafx.obj
 0001:00006a00       ??1_ATL_COM_MODULE70@ATL@@QAE@XZ 10007a00 f i Stdafx.obj
 0001:00006a30       ??1_ATL_WIN_MODULE70@ATL@@QAE@XZ 10007a30 f i Stdafx.obj
 0001:00006a70       ??A?$CSimpleArray@GV?$CSimpleArrayEqualHelper@G@ATL@@@ATL@@QAEAAGH@Z 10007a70 f i Stdafx.obj
 0001:00006b10       ??B?$CHeapPtrBase@DVCCRTAllocator@ATL@@@ATL@@QBEPADXZ 10007b10 f i Stdafx.obj
 0001:00006b30       ??B?$CHeapPtrBase@_WVCCRTAllocator@ATL@@@ATL@@QBEPA_WXZ 10007b30 f i Stdafx.obj
 0001:00006b50       ??B?$CTraceCategoryEx@$01$0A@@ATL@@QAEIXZ 10007b50 f i Stdafx.obj
 0001:00006b70       ??B?$CTraceCategoryEx@$0CA@$0A@@ATL@@QAEIXZ 10007b70 f i Stdafx.obj
 0001:00006b90       ??RCTraceFileAndLineInfo@ATL@@QBAXHIPBDZZ 10007b90 f i Stdafx.obj
 0001:00006c40       ??_ECAtlStringMgr@ATL@@UAEPAXI@Z 10007c40 f i Stdafx.obj
 0001:00006c40       ??_GCAtlStringMgr@ATL@@UAEPAXI@Z 10007c40 f i Stdafx.obj
 0001:00006c90       ??_ECWin32Heap@ATL@@UAEPAXI@Z 10007c90 f i Stdafx.obj
 0001:00006c90       ??_GCWin32Heap@ATL@@UAEPAXI@Z 10007c90 f i Stdafx.obj
 0001:00006ce0       ?AddRef@CStringData@ATL@@QAEXXZ 10007ce0 f i Stdafx.obj
 0001:00006d40       ?Allocate@?$CHeapPtr@DVCCRTAllocator@ATL@@@ATL@@QAE_NI@Z 10007d40 f i Stdafx.obj
 0001:00006da0       ?Allocate@?$CHeapPtr@_WVCCRTAllocator@ATL@@@ATL@@QAE_NI@Z 10007da0 f i Stdafx.obj
 0001:00006e00       ?Allocate@CAtlStringMgr@ATL@@UAEPAUCStringData@2@HH@Z 10007e00 f i Stdafx.obj
 0001:00006fd0       ?Allocate@CCRTAllocator@ATL@@SAPAXI@Z 10007fd0 f i Stdafx.obj
 0001:00007000       ?Allocate@CWin32Heap@ATL@@UAEPAXI@Z 10008000 f i Stdafx.obj
 0001:00007040       ?AllocateBytes@?$CHeapPtrBase@DVCCRTAllocator@ATL@@@ATL@@QAE_NI@Z 10008040 f i Stdafx.obj
 0001:000070c0       ?AllocateBytes@?$CHeapPtrBase@_WVCCRTAllocator@ATL@@@ATL@@QAE_NI@Z 100080c0 f i Stdafx.obj
 0001:00007140       ?AtlWinModuleInit@ATL@@YGJPAU_ATL_WIN_MODULE70@1@@Z 10008140 f i Stdafx.obj
 0001:00007230       ?AtlWinModuleTerm@ATL@@YGJPAU_ATL_WIN_MODULE70@1@PAUHINSTANCE__@@@Z 10008230 f i Stdafx.obj
 0001:00007300       ?Clone@CAtlStringMgr@ATL@@UAEPAUIAtlStringMgr@2@XZ 10008300 f i Stdafx.obj
 0001:00007320       ?Free@?$CHeapPtrBase@DVCCRTAllocator@ATL@@@ATL@@QAEXXZ 10008320 f i Stdafx.obj
 0001:00007360       ?Free@?$CHeapPtrBase@_WVCCRTAllocator@ATL@@@ATL@@QAEXXZ 10008360 f i Stdafx.obj
 0001:000073a0       ?Free@CAtlStringMgr@ATL@@UAEXPAUCStringData@2@@Z 100083a0 f i Stdafx.obj
 0001:00007450       ?Free@CCRTAllocator@ATL@@SAXPAX@Z 10008450 f i Stdafx.obj
 0001:00007480       ?Free@CWin32Heap@ATL@@UAEXPAX@Z 10008480 f i Stdafx.obj
 0001:00007500       ?GetCategoryName@CTrace@ATL@@CAPA_WI@Z 10008500 f i Stdafx.obj
 0001:00007570       ?GetInstance@CAtlStringMgr@ATL@@SAPAUIAtlStringMgr@2@XZ 10008570 f i Stdafx.obj
 0001:00007670       ?GetModuleInstance@CAtlBaseModule@ATL@@QAEPAUHINSTANCE__@@XZ 10008670 f i Stdafx.obj
 0001:00007690       ?GetNilString@CAtlStringMgr@ATL@@UAEPAUCStringData@2@XZ 10008690 f i Stdafx.obj
 0001:000076c0       ?GetSize@?$CSimpleArray@GV?$CSimpleArrayEqualHelper@G@ATL@@@ATL@@QBEHXZ 100086c0 f i Stdafx.obj
 0001:000076e0       ?GetSize@CWin32Heap@ATL@@UAEIPAX@Z 100086e0 f i Stdafx.obj
 0001:00007720       ?Init@CComCriticalSection@ATL@@QAEJXZ 10008720 f i Stdafx.obj
 0001:00007780       ?Reallocate@CAtlStringMgr@ATL@@UAEPAUCStringData@2@PAU32@HH@Z 10008780 f i Stdafx.obj
 0001:00007970       ?Reallocate@CWin32Heap@ATL@@UAEPAXPAXI@Z 10008970 f i Stdafx.obj
 0001:000079f0       ?RegisterCategory@CTrace@ATL@@SAXPBDI@Z 100089f0 f i Stdafx.obj
 0001:00007b10       ?RemoveAll@?$CSimpleArray@GV?$CSimpleArrayEqualHelper@G@ATL@@@ATL@@QAEXXZ 10008b10 f i Stdafx.obj
 0001:00007b90       ?SetManager@CNilStringData@ATL@@QAEXPAUIAtlStringMgr@2@@Z 10008b90 f i Stdafx.obj
 0001:00007bf0       ?Term@CAtlComModule@ATL@@QAEXXZ 10008bf0 f i Stdafx.obj
 0001:00007cb0       ?Term@CAtlWinModule@ATL@@QAEXXZ 10008cb0 f i Stdafx.obj
 0001:00007ce0       ?Term@CComCriticalSection@ATL@@QAEJXZ 10008ce0 f i Stdafx.obj
 0001:00007d10       ?TraceV@CTrace@ATL@@CAXPBDHIIPB_W@Z 10008d10 f i Stdafx.obj
 0001:00007fa0       ?TraceV@CTrace@ATL@@SAXPBDHII0PAD@Z 10008fa0 f i Stdafx.obj
 0001:000081d0       ?_AtlInitializeCriticalSectionEx@ATL@@YAHPAU_RTL_CRITICAL_SECTION@@KK@Z 100091d0 f i Stdafx.obj
 0001:00008200       ?_AtlRaiseException@ATL@@YAXKK@Z 10009200 f i Stdafx.obj
 0001:00008230       _HRESULT_FROM_WIN32        10009230 f i Stdafx.obj
 0001:00008280       ___local_stdio_printf_options 10009280 f i Stdafx.obj
 0001:000082a0       __vscprintf                100092a0 f i Stdafx.obj
 0001:000082d0       __vscprintf_l              100092d0 f i Stdafx.obj
 0001:00008340       __vsnprintf_s              10009340 f i Stdafx.obj
 0001:00008380       __vsnprintf_s_l            10009380 f i Stdafx.obj
 0001:000083f0       __vswprintf_s_l            100093f0 f i Stdafx.obj
 0001:00008460       _swprintf_s                10009460 f i Stdafx.obj
 0001:000084ac       ??0CWHDataQueue@@QAE@XZ    100094ac f   ServiceCore:ServiceCore.dll
 0001:000084b2       ??1CWHDataQueue@@UAE@XZ    100094b2 f   ServiceCore:ServiceCore.dll
 0001:000084b8       ?InsertData@CWHDataQueue@@QAE_NGPAXG@Z 100094b8 f   ServiceCore:ServiceCore.dll
 0001:000084be       ?RemoveData@CWHDataQueue@@QAEX_N@Z 100094be f   ServiceCore:ServiceCore.dll
 0001:000084c4       ?DistillData@CWHDataQueue@@QAE_NAAUtagDataHead@@PAXG@Z 100094c4 f   ServiceCore:ServiceCore.dll
 0001:000084ca       ?GetThisMessageMap@CWnd@@KGPBUAFX_MSGMAP@@XZ 100094ca f   mfc140d:mfc140d.dll
 0001:000084d0       ??3@YAXPAX@Z               100094d0 f   mfc140d:mfc140d.dll
 0001:000084d6       ??_V@YAXPAX@Z              100094d6 f   mfc140d:mfc140d.dll
 0001:000084dc       ??2CObject@@SGPAXI@Z       100094dc f   mfc140d:mfc140d.dll
 0001:000084e2       ??3CObject@@SGXPAX@Z       100094e2 f   mfc140d:mfc140d.dll
 0001:000084e8       ?Serialize@CObject@@UAEXAAVCArchive@@@Z 100094e8 f   mfc140d:mfc140d.dll
 0001:000084ee       ?OnCmdMsg@CCmdTarget@@UAEHIHPAXPAUAFX_CMDHANDLERINFO@@@Z 100094ee f   mfc140d:mfc140d.dll
 0001:000084f4       ?IsInvokeAllowed@CCmdTarget@@UAEHJ@Z 100094f4 f   mfc140d:mfc140d.dll
 0001:000084fa       ?GetDispatchIID@CCmdTarget@@UAEHPAU_GUID@@@Z 100094fa f   mfc140d:mfc140d.dll
 0001:00008500       ?GetTypeInfoCount@CCmdTarget@@UAEIXZ 10009500 f   mfc140d:mfc140d.dll
 0001:00008506       ?GetTypeLibCache@CCmdTarget@@UAEPAVCTypeLibCache@@XZ 10009506 f   mfc140d:mfc140d.dll
 0001:0000850c       ?GetTypeLib@CCmdTarget@@UAEJKPAPAUITypeLib@@@Z 1000950c f   mfc140d:mfc140d.dll
 0001:00008512       ?GetCommandMap@CCmdTarget@@MBEPBUAFX_OLECMDMAP@@XZ 10009512 f   mfc140d:mfc140d.dll
 0001:00008518       ?GetDispatchMap@CCmdTarget@@MBEPBUAFX_DISPMAP@@XZ 10009518 f   mfc140d:mfc140d.dll
 0001:0000851e       ?GetConnectionMap@CCmdTarget@@MBEPBUAFX_CONNECTIONMAP@@XZ 1000951e f   mfc140d:mfc140d.dll
 0001:00008524       ?GetEventSinkMap@CCmdTarget@@MBEPBUAFX_EVENTSINKMAP@@XZ 10009524 f   mfc140d:mfc140d.dll
 0001:0000852a       ?OnCreateAggregates@CCmdTarget@@UAEHXZ 1000952a f   mfc140d:mfc140d.dll
 0001:00008530       ?GetInterfaceHook@CCmdTarget@@UAEPAUIUnknown@@PBX@Z 10009530 f   mfc140d:mfc140d.dll
 0001:00008536       ?GetExtraConnectionPoints@CCmdTarget@@MAEHPAVCPtrArray@@@Z 10009536 f   mfc140d:mfc140d.dll
 0001:0000853c       ?GetConnectionHook@CCmdTarget@@MAEPAUIConnectionPoint@@ABU_GUID@@@Z 1000953c f   mfc140d:mfc140d.dll
 0001:00008542       ?GetRuntimeClass@CWnd@@UBEPAUCRuntimeClass@@XZ 10009542 f   mfc140d:mfc140d.dll
 0001:00008548       ?GetSafeHwnd@CWnd@@QBEPAUHWND__@@XZ 10009548 f   mfc140d:mfc140d.dll
 0001:0000854e       ??0CWnd@@QAE@XZ            1000954e f   mfc140d:mfc140d.dll
 0001:00008554       ?PreSubclassWindow@CWnd@@UAEXXZ 10009554 f   mfc140d:mfc140d.dll
 0001:0000855a       ?Create@CWnd@@UAEHPBD0KABUtagRECT@@PAV1@IPAUCCreateContext@@@Z 1000955a f   mfc140d:mfc140d.dll
 0001:00008560       ?CreateEx@CWnd@@UAEHKPBD0KHHHHPAUHWND__@@PAUHMENU__@@PAX@Z 10009560 f   mfc140d:mfc140d.dll
 0001:00008566       ?CreateEx@CWnd@@UAEHKPBD0KABUtagRECT@@PAV1@IPAX@Z 10009566 f   mfc140d:mfc140d.dll
 0001:0000856c       ?DestroyWindow@CWnd@@UAEHXZ 1000956c f   mfc140d:mfc140d.dll
 0001:00008572       ?PreCreateWindow@CWnd@@UAEHAAUtagCREATESTRUCTA@@@Z 10009572 f   mfc140d:mfc140d.dll
 0001:00008578       ?CalcWindowRect@CWnd@@UAEXPAUtagRECT@@I@Z 10009578 f   mfc140d:mfc140d.dll
 0001:0000857e       ?PostMessageA@CWnd@@QAEHIIJ@Z 1000957e f   mfc140d:mfc140d.dll
 0001:00008584       ?GetMenu@CWnd@@UBEPAVCMenu@@XZ 10009584 f   mfc140d:mfc140d.dll
 0001:0000858a       ?SetMenu@CWnd@@UAEHPAVCMenu@@@Z 1000958a f   mfc140d:mfc140d.dll
 0001:00008590       ?OnToolHitTest@CWnd@@UBEHVCPoint@@PAUtagTOOLINFOA@@@Z 10009590 f   mfc140d:mfc140d.dll
 0001:00008596       ?GetDesktopWindow@CWnd@@SGPAV1@XZ 10009596 f   mfc140d:mfc140d.dll
 0001:0000859c       ?GetScrollBarCtrl@CWnd@@UBEPAVCScrollBar@@H@Z 1000959c f   mfc140d:mfc140d.dll
 0001:000085a2       ?WinHelpA@CWnd@@UAEXKI@Z   100095a2 f   mfc140d:mfc140d.dll
 0001:000085a8       ?HtmlHelpA@CWnd@@UAEXKI@Z  100095a8 f   mfc140d:mfc140d.dll
 0001:000085ae       ?WinHelpInternal@CWnd@@UAEXKI@Z 100095ae f   mfc140d:mfc140d.dll
 0001:000085b4       ?ContinueModal@CWnd@@UAEHXZ 100095b4 f   mfc140d:mfc140d.dll
 0001:000085ba       ?EndModalLoop@CWnd@@UAEXH@Z 100095ba f   mfc140d:mfc140d.dll
 0001:000085c0       ?OnDrawIconicThumbnailOrLivePreview@CWnd@@UAEXAAVCDC@@VCRect@@VCSize@@HAAH@Z 100095c0 f   mfc140d:mfc140d.dll
 0001:000085c6       ?GetInterfaceMap@CWnd@@MBEPBUAFX_INTERFACEMAP@@XZ 100095c6 f   mfc140d:mfc140d.dll
 0001:000085cc       ?EnsureStdObj@CWnd@@UAEJXZ 100095cc f   mfc140d:mfc140d.dll
 0001:000085d2       ?get_accParent@CWnd@@UAEJPAPAUIDispatch@@@Z 100095d2 f   mfc140d:mfc140d.dll
 0001:000085d8       ?get_accChildCount@CWnd@@UAEJPAJ@Z 100095d8 f   mfc140d:mfc140d.dll
 0001:000085de       ?get_accChild@CWnd@@UAEJUtagVARIANT@@PAPAUIDispatch@@@Z 100095de f   mfc140d:mfc140d.dll
 0001:000085e4       ?get_accName@CWnd@@UAEJUtagVARIANT@@PAPA_W@Z 100095e4 f   mfc140d:mfc140d.dll
 0001:000085ea       ?get_accValue@CWnd@@UAEJUtagVARIANT@@PAPA_W@Z 100095ea f   mfc140d:mfc140d.dll
 0001:000085f0       ?get_accDescription@CWnd@@UAEJUtagVARIANT@@PAPA_W@Z 100095f0 f   mfc140d:mfc140d.dll
 0001:000085f6       ?get_accRole@CWnd@@UAEJUtagVARIANT@@PAU2@@Z 100095f6 f   mfc140d:mfc140d.dll
 0001:000085fc       ?get_accState@CWnd@@UAEJUtagVARIANT@@PAU2@@Z 100095fc f   mfc140d:mfc140d.dll
 0001:00008602       ?get_accHelp@CWnd@@UAEJUtagVARIANT@@PAPA_W@Z 10009602 f   mfc140d:mfc140d.dll
 0001:00008608       ?get_accHelpTopic@CWnd@@UAEJPAPA_WUtagVARIANT@@PAJ@Z 10009608 f   mfc140d:mfc140d.dll
 0001:0000860e       ?get_accKeyboardShortcut@CWnd@@UAEJUtagVARIANT@@PAPA_W@Z 1000960e f   mfc140d:mfc140d.dll
 0001:00008614       ?get_accFocus@CWnd@@UAEJPAUtagVARIANT@@@Z 10009614 f   mfc140d:mfc140d.dll
 0001:0000861a       ?get_accSelection@CWnd@@UAEJPAUtagVARIANT@@@Z 1000961a f   mfc140d:mfc140d.dll
 0001:00008620       ?get_accDefaultAction@CWnd@@UAEJUtagVARIANT@@PAPA_W@Z 10009620 f   mfc140d:mfc140d.dll
 0001:00008626       ?accSelect@CWnd@@UAEJJUtagVARIANT@@@Z 10009626 f   mfc140d:mfc140d.dll
 0001:0000862c       ?accLocation@CWnd@@UAEJPAJ000UtagVARIANT@@@Z 1000962c f   mfc140d:mfc140d.dll
 0001:00008632       ?accNavigate@CWnd@@UAEJJUtagVARIANT@@PAU2@@Z 10009632 f   mfc140d:mfc140d.dll
 0001:00008638       ?accHitTest@CWnd@@UAEJJJPAUtagVARIANT@@@Z 10009638 f   mfc140d:mfc140d.dll
 0001:0000863e       ?accDoDefaultAction@CWnd@@UAEJUtagVARIANT@@@Z 1000963e f   mfc140d:mfc140d.dll
 0001:00008644       ?put_accName@CWnd@@UAEJUtagVARIANT@@PA_W@Z 10009644 f   mfc140d:mfc140d.dll
 0001:0000864a       ?put_accValue@CWnd@@UAEJUtagVARIANT@@PA_W@Z 1000964a f   mfc140d:mfc140d.dll
 0001:00008650       ?SetProxy@CWnd@@UAEJPAUIAccessibleProxy@@@Z 10009650 f   mfc140d:mfc140d.dll
 0001:00008656       ?CreateAccessibleProxy@CWnd@@UAEJIJPAJ@Z 10009656 f   mfc140d:mfc140d.dll
 0001:0000865c       ?OnCommand@CWnd@@MAEHIJ@Z  1000965c f   mfc140d:mfc140d.dll
 0001:00008662       ?OnNotify@CWnd@@MAEHIJPAJ@Z 10009662 f   mfc140d:mfc140d.dll
 0001:00008668       ?GetSuperWndProcAddr@CWnd@@MAEPAP6GJPAUHWND__@@IIJ@ZXZ 10009668 f   mfc140d:mfc140d.dll
 0001:0000866e       ?DoDataExchange@CWnd@@MAEXPAVCDataExchange@@@Z 1000966e f   mfc140d:mfc140d.dll
 0001:00008674       ?BeginModalState@CWnd@@UAEXXZ 10009674 f   mfc140d:mfc140d.dll
 0001:0000867a       ?EndModalState@CWnd@@UAEXXZ 1000967a f   mfc140d:mfc140d.dll
 0001:00008680       ?PreTranslateMessage@CWnd@@UAEHPAUtagMSG@@@Z 10009680 f   mfc140d:mfc140d.dll
 0001:00008686       ?OnAmbientProperty@CWnd@@UAEHPAVCOleControlSite@@JPAUtagVARIANT@@@Z 10009686 f   mfc140d:mfc140d.dll
 0001:0000868c       ?WindowProc@CWnd@@MAEJIIJ@Z 1000968c f   mfc140d:mfc140d.dll
 0001:00008692       ?OnWndMsg@CWnd@@MAEHIIJPAJ@Z 10009692 f   mfc140d:mfc140d.dll
 0001:00008698       ?DefWindowProcA@CWnd@@MAEJIIJ@Z 10009698 f   mfc140d:mfc140d.dll
 0001:0000869e       ?PostNcDestroy@CWnd@@MAEXXZ 1000969e f   mfc140d:mfc140d.dll
 0001:000086a4       ?OnChildNotify@CWnd@@MAEHIIJPAJ@Z 100096a4 f   mfc140d:mfc140d.dll
 0001:000086aa       ?OnTouchInputs@CWnd@@MAEHIPAUtagTOUCHINPUT@@@Z 100096aa f   mfc140d:mfc140d.dll
 0001:000086b0       ?OnTouchInput@CWnd@@MAEHVCPoint@@HHPAUtagTOUCHINPUT@@@Z 100096b0 f   mfc140d:mfc140d.dll
 0001:000086b6       ?GetGestureStatus@CWnd@@MAEKVCPoint@@@Z 100096b6 f   mfc140d:mfc140d.dll
 0001:000086bc       ?OnGestureZoom@CWnd@@MAEHVCPoint@@J@Z 100096bc f   mfc140d:mfc140d.dll
 0001:000086c2       ?OnGesturePan@CWnd@@MAEHVCPoint@@0@Z 100096c2 f   mfc140d:mfc140d.dll
 0001:000086c8       ?OnGestureRotate@CWnd@@MAEHVCPoint@@N@Z 100096c8 f   mfc140d:mfc140d.dll
 0001:000086ce       ?OnGestureTwoFingerTap@CWnd@@MAEHVCPoint@@@Z 100096ce f   mfc140d:mfc140d.dll
 0001:000086d4       ?OnGesturePressAndTap@CWnd@@MAEHVCPoint@@J@Z 100096d4 f   mfc140d:mfc140d.dll
 0001:000086da       ?ResizeDynamicLayout@CWnd@@MAEXXZ 100096da f   mfc140d:mfc140d.dll
 0001:000086e0       ??1CWnd@@UAE@XZ            100096e0 f   mfc140d:mfc140d.dll
 0001:000086e6       ?CheckAutoCenter@CWnd@@UAEHXZ 100096e6 f   mfc140d:mfc140d.dll
 0001:000086ec       ?AssertValid@CWnd@@UBEXXZ  100096ec f   mfc140d:mfc140d.dll
 0001:000086f2       ?Dump@CWnd@@UBEXAAVCDumpContext@@@Z 100096f2 f   mfc140d:mfc140d.dll
 0001:000086f8       ?IsFrameWnd@CWnd@@UBEHXZ   100096f8 f   mfc140d:mfc140d.dll
 0001:000086fe       ?OnFinalRelease@CWnd@@UAEXXZ 100096fe f   mfc140d:mfc140d.dll
 0001:00008704       ?CreateControlContainer@CWnd@@MAEHPAPAVCOleControlContainer@@@Z 10009704 f   mfc140d:mfc140d.dll
 0001:0000870a       ?CreateControlSite@CWnd@@MAEHPAVCOleControlContainer@@PAPAVCOleControlSite@@IABU_GUID@@@Z 1000970a f   mfc140d:mfc140d.dll
 0001:00008710       ?SetOccDialogInfo@CWnd@@MAEHPAU_AFX_OCC_DIALOG_INFO@@@Z 10009710 f   mfc140d:mfc140d.dll
 0001:00008716       ?GetOccDialogInfo@CWnd@@MAEPAU_AFX_OCC_DIALOG_INFO@@XZ 10009716 f   mfc140d:mfc140d.dll
 0001:0000871c       ?AfxGetModuleState@@YGPAVAFX_MODULE_STATE@@XZ 1000971c f   mfc140d:mfc140d.dll
 0001:00008722       ??0CDynLinkLibrary@@QAE@AAUAFX_EXTENSION_MODULE@@H@Z 10009722 f   mfc140d:mfc140d.dll
 0001:00008728       ?AfxInitExtensionModule@@YGHAAUAFX_EXTENSION_MODULE@@PAUHINSTANCE__@@@Z 10009728 f   mfc140d:mfc140d.dll
 0001:0000872e       ?AfxTermExtensionModule@@YGXAAUAFX_EXTENSION_MODULE@@H@Z 1000972e f   mfc140d:mfc140d.dll
 0001:00008740       ??1CComBSTR@ATL@@QAE@XZ    10009740 f i mfcs140d:nolib.obj
 0001:00008780       ??1stringdispid@CComTypeInfoHolder@ATL@@QAE@XZ 10009780 f i mfcs140d:nolib.obj
 0001:000087b0       ??_Estringdispid@CComTypeInfoHolder@ATL@@QAEPAXI@Z 100097b0 f i mfcs140d:nolib.obj
 0001:00008890       _IsolationAwareActivateActCtx@8 10009890 f i mfcs140d:nolib.obj
 0001:00008950       _IsolationAwareCreateActCtxW@4 10009950 f i mfcs140d:nolib.obj
 0001:00008a10       _IsolationAwareDeactivateActCtx@8 10009a10 f i mfcs140d:nolib.obj
 0001:00008ad0       _IsolationAwareFindActCtxSectionStringW@20 10009ad0 f i mfcs140d:nolib.obj
 0001:00008ba0       _IsolationAwarePrivatenPgViNgRzlnPgpgk@4 10009ba0 f i mfcs140d:nolib.obj
 0001:00008cc0       _IsolationAwarePrivatezltRgCebPnQQeRff@12 10009cc0 f i mfcs140d:nolib.obj
 0001:00008d90       _IsolationAwarePrivatezltRgzbQhYRuNaQYRJ@4 10009d90 f i mfcs140d:nolib.obj
 0001:00008dc0       _IsolationAwarePrivatezltRgzbQhYRuNaQYRn@4 10009dc0 f i mfcs140d:nolib.obj
 0001:00008df0       _IsolationAwareQueryActCtxW@28 10009df0 f i mfcs140d:nolib.obj
 0001:00008ed0       _IsolationAwareUnregisterClassA@8 10009ed0 f i mfcs140d:nolib.obj
 0001:000090e0       _WinbaseIsolationAwarePrivatetRgCebPnQQeRff_xReaRYQP_QYY@4 1000a0e0 f i mfcs140d:nolib.obj
 0001:00009110       _WinbaseIsolationAwarePrivatetRgzlnPgpgk@0 1000a110 f i mfcs140d:nolib.obj
 0001:00009560       ??_M@YGXPAXIHP6EX0@Z@Z     1000a560 f   msvcrtd:ehvecdtr.obj
 0001:00009590       ??_M@YGXPAXIIP6EX0@Z@Z     1000a590 f   msvcrtd:ehvecdtr.obj
 0001:000096d0       ?__ArrayUnwind@@YGXPAXIIP6EX0@Z@Z 1000a6d0 f   msvcrtd:ehvecdtr.obj
 0001:000097b0       ??3@YAXPAXI@Z              1000a7b0 f   msvcrtd:delete_scalar_size.obj
 0001:000097d0       ??_V@YAXPAXI@Z             1000a7d0 f   msvcrtd:delete_array_size.obj
 0001:000097f0       @__security_check_cookie@4 1000a7f0 f   msvcrtd:secchk.obj
 0001:00009810       __alloca_probe             1000a810 f   msvcrtd:chkstk.obj
 0001:00009810       __chkstk                   1000a810 f   msvcrtd:chkstk.obj
 0001:00009850       ??1type_info@@UAE@XZ       1000a850 f   msvcrtd:std_type_info_static.obj
 0001:00009870       ??_Etype_info@@UAEPAXI@Z   1000a870 f i msvcrtd:std_type_info_static.obj
 0001:00009870       ??_Gtype_info@@UAEPAXI@Z   1000a870 f i msvcrtd:std_type_info_static.obj
 0001:000098b0       ??$__crt_fast_decode_pointer@PAP6AXXZ@@YAPAP6AXXZQAP6AXXZ@Z 1000a8b0 f i msvcrtd:utility.obj
 0001:000098e0       ??$__crt_fast_encode_pointer@PAP6AXXZ@@YAPAP6AXXZQAP6AXXZ@Z 1000a8e0 f i msvcrtd:utility.obj
 0001:00009920       ?__crt_rotate_pointer_value@@YAIIH@Z 1000a920 f i msvcrtd:utility.obj
 0001:00009930       ?configure_argv@__scrt_narrow_argv_policy@@SAHXZ 1000a930 f i msvcrtd:utility.obj
 0001:00009a00       ?initialize_environment@__scrt_narrow_environment_policy@@SAHXZ 1000aa00 f i msvcrtd:utility.obj
 0001:00009aa0       _NtCurrentTeb              1000aaa0 f i msvcrtd:utility.obj
 0001:00009ab0       ___scrt_acquire_startup_lock 1000aab0 f   msvcrtd:utility.obj
 0001:00009b10       ___scrt_dllmain_after_initialize_c 1000ab10 f   msvcrtd:utility.obj
 0001:00009b50       ___scrt_dllmain_before_initialize_c 1000ab50 f   msvcrtd:utility.obj
 0001:00009b80       ___scrt_dllmain_crt_thread_attach 1000ab80 f   msvcrtd:utility.obj
 0001:00009bc0       ___scrt_dllmain_crt_thread_detach 1000abc0 f   msvcrtd:utility.obj
 0001:00009be0       ___scrt_dllmain_exception_filter 1000abe0 f   msvcrtd:utility.obj
 0001:00009c40       ___scrt_dllmain_uninitialize_c 1000ac40 f   msvcrtd:utility.obj
 0001:00009c80       ___scrt_dllmain_uninitialize_critical 1000ac80 f   msvcrtd:utility.obj
 0001:00009ca0       ___scrt_initialize_crt     1000aca0 f   msvcrtd:utility.obj
 0001:00009d00       ___scrt_initialize_onexit_tables 1000ad00 f   msvcrtd:utility.obj
 0001:00009e20       ___scrt_is_nonwritable_in_current_image 1000ae20 f   msvcrtd:utility.obj
 0001:00009fa0       ___scrt_release_startup_lock 1000afa0 f   msvcrtd:utility.obj
 0001:00009fd0       ___scrt_uninitialize_crt   1000afd0 f   msvcrtd:utility.obj
 0001:0000a020       __onexit                   1000b020 f   msvcrtd:utility.obj
 0001:0000a0b0       _at_quick_exit             1000b0b0 f   msvcrtd:utility.obj
 0001:0000a110       _atexit                    1000b110 f   msvcrtd:utility.obj
 0001:0000a190       ??$__crt_fast_decode_pointer@P6GHPAU_RTL_CONDITION_VARIABLE@@PAU_RTL_CRITICAL_SECTION@@K@Z@@YAP6GHPAU_RTL_CONDITION_VARIABLE@@PAU_RTL_CRITICAL_SECTION@@K@ZQ6GH01K@Z@Z 1000b190 f i msvcrtd:thread_safe_statics.obj
 0001:0000a1c0       ??$__crt_fast_decode_pointer@P6GXPAU_RTL_CONDITION_VARIABLE@@@Z@@YAP6GXPAU_RTL_CONDITION_VARIABLE@@@ZQ6GX0@Z@Z 1000b1c0 f i msvcrtd:thread_safe_statics.obj
 0001:0000a1f0       ??$__crt_fast_encode_pointer@P6GHPAU_RTL_CONDITION_VARIABLE@@PAU_RTL_CRITICAL_SECTION@@K@Z@@YAP6GHPAU_RTL_CONDITION_VARIABLE@@PAU_RTL_CRITICAL_SECTION@@K@ZQ6GH01K@Z@Z 1000b1f0 f i msvcrtd:thread_safe_statics.obj
 0001:0000a230       ??$__crt_fast_encode_pointer@P6GXPAU_RTL_CONDITION_VARIABLE@@@Z@@YAP6GXPAU_RTL_CONDITION_VARIABLE@@@ZQ6GX0@Z@Z 1000b230 f i msvcrtd:thread_safe_statics.obj
 0001:0000a3e0       ?__scrt_is_event_api_used@@YA_NQAX@Z 1000b3e0 f i msvcrtd:thread_safe_statics.obj
 0001:0000a490       __Init_thread_abort        1000b490 f   msvcrtd:thread_safe_statics.obj
 0001:0000a4c0       __Init_thread_footer       1000b4c0 f   msvcrtd:thread_safe_statics.obj
 0001:0000a520       __Init_thread_header       1000b520 f   msvcrtd:thread_safe_statics.obj
 0001:0000a5b0       __Init_thread_lock         1000b5b0 f   msvcrtd:thread_safe_statics.obj
 0001:0000a5d0       __Init_thread_notify       1000b5d0 f   msvcrtd:thread_safe_statics.obj
 0001:0000a650       __Init_thread_unlock       1000b650 f   msvcrtd:thread_safe_statics.obj
 0001:0000a670       __Init_thread_wait         1000b670 f   msvcrtd:thread_safe_statics.obj
 0001:0000acf0       __CRT_INIT@12              1000bcf0 f   msvcrtd:dll_dllmain.obj
 0001:0000ad10       __DllMainCRTStartup@12     1000bd10 f   msvcrtd:dll_dllmain.obj
 0001:0000ad40       @_RTC_AllocaHelper@12      1000bd40 f   msvcrtd:stack.obj
 0001:0000ad80       @_RTC_CheckStackVars2@12   1000bd80 f   msvcrtd:stack.obj
 0001:0000aea0       @_RTC_CheckStackVars@8     1000bea0 f   msvcrtd:stack.obj
 0001:0000af20       __RTC_CheckEsp             1000bf20 f   msvcrtd:stack.obj
 0001:0000af60       __CRT_RTC_INIT             1000bf60 f   msvcrtd:init.obj
 0001:0000af70       __CRT_RTC_INITW            1000bf70 f   msvcrtd:init.obj
 0001:0000af80       __RTC_InitBase             1000bf80 f   msvcrtd:init.obj
 0001:0000afc0       __RTC_Shutdown             1000bfc0 f   msvcrtd:init.obj
 0001:0000afe0       __except_handler4          1000bfe0 f   msvcrtd:chandler4gs.obj
 0001:0000b010       @_guard_check_icall_nop@4  1000c010 f i msvcrtd:guard_support.obj
 0001:0000b020       _ReadNoFence               1000c020 f i msvcrtd:guard_support.obj
 0001:0000b040       _ReadPointerNoFence        1000c040 f i msvcrtd:guard_support.obj
 0001:0000b060       __guard_icall_checks_enforced 1000c060 f i msvcrtd:guard_support.obj
 0001:0000b0a0       ___raise_securityfailure   1000c0a0 f   msvcrtd:gs_report.obj
 0001:0000b0e0       ___report_gsfailure        1000c0e0 f   msvcrtd:gs_report.obj
 0001:0000b230       ___report_rangecheckfailure 1000c230 f   msvcrtd:gs_report.obj
 0001:0000b240       ___report_securityfailure  1000c240 f   msvcrtd:gs_report.obj
 0001:0000b350       ___report_securityfailureEx 1000c350 f   msvcrtd:gs_report.obj
 0001:0000b4c0       ___isa_available_init      1000c4c0 f   msvcrtd:cpu_disp.obj
 0001:0000b850       __get_startup_argv_mode    1000c850 f   msvcrtd:argv_mode.obj
 0001:0000b860       ___scrt_is_ucrt_dll_in_use 1000c860 f   msvcrtd:ucrt_detection.obj
 0001:0000b890       ___scrt_fastfail           1000c890 f   msvcrtd:utility_desktop.obj
 0001:0000ba20       ___scrt_get_show_window_mode 1000ca20 f   msvcrtd:utility_desktop.obj
 0001:0000ba70       ___scrt_initialize_mta     1000ca70 f   msvcrtd:utility_desktop.obj
 0001:0000ba80       ___scrt_initialize_winrt   1000ca80 f   msvcrtd:utility_desktop.obj
 0001:0000ba90       ___scrt_is_managed_app     1000ca90 f   msvcrtd:utility_desktop.obj
 0001:0000bb40       ___scrt_set_unhandled_exception_filter 1000cb40 f   msvcrtd:utility_desktop.obj
 0001:0000bb60       ___scrt_stub_for_initialize_mta 1000cb60 f   msvcrtd:utility_desktop.obj
 0001:0000bb60       ___scrt_exe_initialize_mta 1000cb60 f   msvcrtd:utility_desktop.obj
 0001:0000bb70       ___scrt_unhandled_exception_filter@4 1000cb70 f   msvcrtd:utility_desktop.obj
 0001:0000bbf0       __crt_debugger_hook        1000cbf0 f   msvcrtd:utility_desktop.obj
 0001:0000bca0       ___security_init_cookie    1000cca0 f   msvcrtd:gs_support.obj
 0001:0000bd40       ?__scrt_initialize_type_info@@YAXXZ 1000cd40 f   msvcrtd:tncleanup.obj
 0001:0000bd60       ?__scrt_uninitialize_type_info@@YAXXZ 1000cd60 f   msvcrtd:tncleanup.obj
 0001:0000bd80       ___local_stdio_scanf_options 1000cd80 f i msvcrtd:default_local_stdio_options.obj
 0001:0000bd90       ___scrt_initialize_default_local_stdio_options 1000cd90 f   msvcrtd:default_local_stdio_options.obj
 0001:0000bde0       ___scrt_get_dyn_tls_init_callback 1000cde0 f   msvcrtd:dyn_tls_init.obj
 0001:0000bdf0       __RTC_Initialize           1000cdf0 f   msvcrtd:initsect.obj
 0001:0000be30       __RTC_Terminate            1000ce30 f   msvcrtd:initsect.obj
 0001:0000bf20       ?_RTC_AllocaFailure@@YAXPAXPAU_RTC_ALLOCA_NODE@@H@Z 1000cf20 f   msvcrtd:error.obj
 0001:0000c040       ?_RTC_Failure@@YAXPAXH@Z   1000d040 f   msvcrtd:error.obj
 0001:0000c0b0       ?_RTC_StackFailure@@YAXPAXPBD@Z 1000d0b0 f   msvcrtd:error.obj
 0001:0000c560       __RTC_UninitUse            1000d560 f   msvcrtd:error.obj
 0001:0000c640       __vsprintf_s_l             1000d640 f i msvcrtd:error.obj
 0001:0000c680       _sprintf_s                 1000d680 f i msvcrtd:error.obj
 0001:0000c6b0       ?_RTC_GetErrorFunc@@YAP6AHHPBDH00ZZPBX@Z 1000d6b0 f   msvcrtd:userapi.obj
 0001:0000c6c0       ?_RTC_GetErrorFuncW@@YAP6AHHPB_WH00ZZPBX@Z 1000d6c0 f   msvcrtd:userapi.obj
 0001:0000c6d0       __RTC_GetErrDesc           1000d6d0 f   msvcrtd:userapi.obj
 0001:0000c6f0       __RTC_NumErrors            1000d6f0 f   msvcrtd:userapi.obj
 0001:0000c700       __RTC_SetErrorFunc         1000d700 f   msvcrtd:userapi.obj
 0001:0000c730       __RTC_SetErrorFuncW        1000d730 f   msvcrtd:userapi.obj
 0001:0000c760       __RTC_SetErrorType         1000d760 f   msvcrtd:userapi.obj
 0001:0000cd20       ?_RTC_GetSrcLine@@YAHPAEPA_WKPAH1K@Z 1000dd20 f   msvcrtd:pdblkup.obj
 0001:0000d190       __except_handler4_noexcept 1000e190 f   msvcrtd:chandler4_noexcept.obj
 0001:0000d1e8       _DecodePointer@4           1000e1e8 f   kernel32:KERNEL32.dll
 0001:0000d1ee       _RaiseException@16         1000e1ee f   kernel32:KERNEL32.dll
 0001:0000d1f4       _GetLastError@0            1000e1f4 f   kernel32:KERNEL32.dll
 0001:0000d1fa       _SetLastError@4            1000e1fa f   kernel32:KERNEL32.dll
 0001:0000d200       _HeapDestroy@4             1000e200 f   kernel32:KERNEL32.dll
 0001:0000d206       _HeapAlloc@12              1000e206 f   kernel32:KERNEL32.dll
 0001:0000d20c       _HeapReAlloc@16            1000e20c f   kernel32:KERNEL32.dll
 0001:0000d212       _HeapFree@12               1000e212 f   kernel32:KERNEL32.dll
 0001:0000d218       _HeapSize@12               1000e218 f   kernel32:KERNEL32.dll
 0001:0000d21e       _GetProcessHeap@0          1000e21e f   kernel32:KERNEL32.dll
 0001:0000d224       _InitializeCriticalSectionAndSpinCount@8 1000e224 f   kernel32:KERNEL32.dll
 0001:0000d22a       _DeleteCriticalSection@4   1000e22a f   kernel32:KERNEL32.dll
 0001:0000d230       _MultiByteToWideChar@24    1000e230 f   kernel32:KERNEL32.dll
 0001:0000d236       _OutputDebugStringA@4      1000e236 f   kernel32:KERNEL32.dll
 0001:0000d23c       _GetModuleFileNameW@12     1000e23c f   kernel32:KERNEL32.dll
 0001:0000d242       _GetModuleHandleA@4        1000e242 f   kernel32:KERNEL32.dll
 0001:0000d248       _GetModuleHandleW@4        1000e248 f   kernel32:KERNEL32.dll
 0001:0000d24e       _GetProcAddress@8          1000e24e f   kernel32:KERNEL32.dll
 0001:0000d254       _LoadLibraryW@4            1000e254 f   kernel32:KERNEL32.dll
 0001:0000d25a       _CloseHandle@4             1000e25a f   kernel32:KERNEL32.dll
 0001:0000d260       _EnterCriticalSection@4    1000e260 f   kernel32:KERNEL32.dll
 0001:0000d266       _LeaveCriticalSection@4    1000e266 f   kernel32:KERNEL32.dll
 0001:0000d26c       _SetEvent@4                1000e26c f   kernel32:KERNEL32.dll
 0001:0000d272       _ResetEvent@4              1000e272 f   kernel32:KERNEL32.dll
 0001:0000d278       _WaitForSingleObjectEx@12  1000e278 f   kernel32:KERNEL32.dll
 0001:0000d27e       _CreateEventW@16           1000e27e f   kernel32:KERNEL32.dll
 0001:0000d284       _UnhandledExceptionFilter@4 1000e284 f   kernel32:KERNEL32.dll
 0001:0000d28a       _SetUnhandledExceptionFilter@4 1000e28a f   kernel32:KERNEL32.dll
 0001:0000d290       _GetCurrentProcess@0       1000e290 f   kernel32:KERNEL32.dll
 0001:0000d296       _TerminateProcess@8        1000e296 f   kernel32:KERNEL32.dll
 0001:0000d29c       _IsProcessorFeaturePresent@4 1000e29c f   kernel32:KERNEL32.dll
 0001:0000d2a2       _IsDebuggerPresent@0       1000e2a2 f   kernel32:KERNEL32.dll
 0001:0000d2a8       _GetStartupInfoW@4         1000e2a8 f   kernel32:KERNEL32.dll
 0001:0000d2ae       _QueryPerformanceCounter@4 1000e2ae f   kernel32:KERNEL32.dll
 0001:0000d2b4       _GetCurrentProcessId@0     1000e2b4 f   kernel32:KERNEL32.dll
 0001:0000d2ba       _GetCurrentThreadId@0      1000e2ba f   kernel32:KERNEL32.dll
 0001:0000d2c0       _GetSystemTimeAsFileTime@4 1000e2c0 f   kernel32:KERNEL32.dll
 0001:0000d2c6       _InitializeSListHead@4     1000e2c6 f   kernel32:KERNEL32.dll
 0001:0000d2cc       _WideCharToMultiByte@32    1000e2cc f   kernel32:KERNEL32.dll
 0001:0000d2d2       _VirtualQuery@12           1000e2d2 f   kernel32:KERNEL32.dll
 0001:0000d2d8       _FreeLibrary@4             1000e2d8 f   kernel32:KERNEL32.dll
 0001:0000d2de       _PeekMessageA@20           1000e2de f   user32:USER32.dll
 0001:0000d2e4       _SendMessageA@16           1000e2e4 f   user32:USER32.dll
 0001:0000d2ea       _PostQuitMessage@4         1000e2ea f   user32:USER32.dll
 0001:0000d2f0       _IsWindow@4                1000e2f0 f   user32:USER32.dll
 0001:0000d2f6       _FindWindowA@8             1000e2f6 f   user32:USER32.dll
 0001:0000d2fc       _UnregisterClassA@8        1000e2fc f   user32:USER32.dll
 0001:0000d302       ??$?2PAUHINSTANCE__@@@Wrapper@?$CSimpleArray@PAUHINSTANCE__@@V?$CSimpleArrayEqualHelper@PAUHINSTANCE__@@@ATL@@@ATL@@SAPAXIPAPAUHINSTANCE__@@@Z 1000e302 f i atls:atlbase.obj
 0001:0000d30c       ??0?$CComCritSecLock@VCComCriticalSection@ATL@@@ATL@@QAE@AAVCComCriticalSection@1@_N@Z 1000e30c f i atls:atlbase.obj
 0001:0000d33c       ??0?$CSimpleArray@PAUHINSTANCE__@@V?$CSimpleArrayEqualHelper@PAUHINSTANCE__@@@ATL@@@ATL@@QAE@XZ 1000e33c f i atls:atlbase.obj
 0001:0000d34c       ??0CAtlBaseModule@ATL@@QAE@XZ 1000e34c f   atls:atlbase.obj
 0001:0000d3b3       ??0Wrapper@?$CSimpleArray@PAUHINSTANCE__@@V?$CSimpleArrayEqualHelper@PAUHINSTANCE__@@@ATL@@@ATL@@QAE@ABQAUHINSTANCE__@@@Z 1000e3b3 f i atls:atlbase.obj
 0001:0000d3c7       ??0_ATL_BASE_MODULE70@ATL@@QAE@XZ 1000e3c7 f i atls:atlbase.obj
 0001:0000d3f2       ??1?$CComCritSecLock@VCComCriticalSection@ATL@@@ATL@@QAE@XZ 1000e3f2 f i atls:atlbase.obj
 0001:0000d40e       ??1?$CSimpleArray@PAUHINSTANCE__@@V?$CSimpleArrayEqualHelper@PAUHINSTANCE__@@@ATL@@@ATL@@QAE@XZ 1000e40e f i atls:atlbase.obj
 0001:0000d413       ??1CAtlBaseModule@ATL@@QAE@XZ 1000e413 f   atls:atlbase.obj
 0001:0000d42e       ??1_ATL_BASE_MODULE70@ATL@@QAE@XZ 1000e42e f i atls:atlbase.obj
 0001:0000d438       ??A?$CSimpleArray@PAUHINSTANCE__@@V?$CSimpleArrayEqualHelper@PAUHINSTANCE__@@@ATL@@@ATL@@QAEAAPAUHINSTANCE__@@H@Z 1000e438 f i atls:atlbase.obj
 0001:0000d466       ?Add@?$CSimpleArray@PAUHINSTANCE__@@V?$CSimpleArrayEqualHelper@PAUHINSTANCE__@@@ATL@@@ATL@@QAEHABQAUHINSTANCE__@@@Z 1000e466 f i atls:atlbase.obj
 0001:0000d508       ?AddResourceInstance@CAtlBaseModule@ATL@@QAE_NPAUHINSTANCE__@@@Z 1000e508 f   atls:atlbase.obj
 0001:0000d547       ?AtlCrtErrorCheck@ATL@@YAHH@Z 1000e547 f i atls:atlbase.obj
 0001:0000d590       ?AtlThrowImpl@ATL@@YGXJ@Z  1000e590 f i atls:atlbase.obj
 0001:0000d5b9       ?GetHInstanceAt@CAtlBaseModule@ATL@@QAEPAUHINSTANCE__@@H@Z 1000e5b9 f   atls:atlbase.obj
 0001:0000d60f       ?GetSize@?$CSimpleArray@PAUHINSTANCE__@@V?$CSimpleArrayEqualHelper@PAUHINSTANCE__@@@ATL@@@ATL@@QBEHXZ 1000e60f f i atls:atlbase.obj
 0001:0000d613       ?InternalSetAtIndex@?$CSimpleArray@PAUHINSTANCE__@@V?$CSimpleArrayEqualHelper@PAUHINSTANCE__@@@ATL@@@ATL@@QAEXHABQAUHINSTANCE__@@@Z 1000e613 f i atls:atlbase.obj
 0001:0000d633       ?Lock@?$CComCritSecLock@VCComCriticalSection@ATL@@@ATL@@QAEJXZ 1000e633 f i atls:atlbase.obj
 0001:0000d64a       ?Lock@CComCriticalSection@ATL@@QAEJXZ 1000e64a f i atls:atlbase.obj
 0001:0000d656       ?RemoveAll@?$CSimpleArray@PAUHINSTANCE__@@V?$CSimpleArrayEqualHelper@PAUHINSTANCE__@@@ATL@@@ATL@@QAEXXZ 1000e656 f i atls:atlbase.obj
 0001:0000d67a       ?RemoveAt@?$CSimpleArray@PAUHINSTANCE__@@V?$CSimpleArrayEqualHelper@PAUHINSTANCE__@@@ATL@@@ATL@@QAEHH@Z 1000e67a f i atls:atlbase.obj
 0001:0000d6db       ?RemoveResourceInstance@CAtlBaseModule@ATL@@QAE_NPAUHINSTANCE__@@@Z 1000e6db f   atls:atlbase.obj
 0001:0000d74f       ?Unlock@?$CComCritSecLock@VCComCriticalSection@ATL@@@ATL@@QAEXXZ 1000e74f f i atls:atlbase.obj
 0001:0000d764       ?Unlock@CComCriticalSection@ATL@@QAEJXZ 1000e764 f i atls:atlbase.obj
 0001:0000d770       ?memmove_s@Checked@ATL@@YAXPAXIPBXI@Z 1000e770 f i atls:atlbase.obj
 0001:0000d834       ??0?$CTraceCategoryEx@$00$0A@@ATL@@QAE@PB_W@Z 1000e834 f i atls:stdafx.obj
 0001:0000d839       ??0?$CTraceCategoryEx@$01$0A@@ATL@@QAE@PB_W@Z 1000e839 f i atls:stdafx.obj
 0001:0000d83e       ??0?$CTraceCategoryEx@$03$0A@@ATL@@QAE@PB_W@Z 1000e83e f i atls:stdafx.obj
 0001:0000d843       ??0?$CTraceCategoryEx@$07$0A@@ATL@@QAE@PB_W@Z 1000e843 f i atls:stdafx.obj
 0001:0000d848       ??0?$CTraceCategoryEx@$0BA@$0A@@ATL@@QAE@PB_W@Z 1000e848 f i atls:stdafx.obj
 0001:0000d84d       ??0?$CTraceCategoryEx@$0BAA@$0A@@ATL@@QAE@PB_W@Z 1000e84d f i atls:stdafx.obj
 0001:0000d852       ??0?$CTraceCategoryEx@$0BAAA@$0A@@ATL@@QAE@PB_W@Z 1000e852 f i atls:stdafx.obj
 0001:0000d857       ??0?$CTraceCategoryEx@$0BAAAA@$0A@@ATL@@QAE@PB_W@Z 1000e857 f i atls:stdafx.obj
 0001:0000d85c       ??0?$CTraceCategoryEx@$0BAAAAA@$0A@@ATL@@QAE@PB_W@Z 1000e85c f i atls:stdafx.obj
 0001:0000d861       ??0?$CTraceCategoryEx@$0CA@$0A@@ATL@@QAE@PB_W@Z 1000e861 f i atls:stdafx.obj
 0001:0000d866       ??0?$CTraceCategoryEx@$0CAA@$0A@@ATL@@QAE@PB_W@Z 1000e866 f i atls:stdafx.obj
 0001:0000d86b       ??0?$CTraceCategoryEx@$0CAAA@$0A@@ATL@@QAE@PB_W@Z 1000e86b f i atls:stdafx.obj
 0001:0000d870       ??0?$CTraceCategoryEx@$0CAAAA@$0A@@ATL@@QAE@PB_W@Z 1000e870 f i atls:stdafx.obj
 0001:0000d875       ??0?$CTraceCategoryEx@$0CAAAAA@$0A@@ATL@@QAE@PB_W@Z 1000e875 f i atls:stdafx.obj
 0001:0000d87a       ??0?$CTraceCategoryEx@$0EA@$0A@@ATL@@QAE@PB_W@Z 1000e87a f i atls:stdafx.obj
 0001:0000d87f       ??0?$CTraceCategoryEx@$0EAA@$0A@@ATL@@QAE@PB_W@Z 1000e87f f i atls:stdafx.obj
 0001:0000d884       ??0?$CTraceCategoryEx@$0EAAA@$0A@@ATL@@QAE@PB_W@Z 1000e884 f i atls:stdafx.obj
 0001:0000d889       ??0?$CTraceCategoryEx@$0EAAAA@$0A@@ATL@@QAE@PB_W@Z 1000e889 f i atls:stdafx.obj
 0001:0000d88e       ??0?$CTraceCategoryEx@$0EAAAAA@$0A@@ATL@@QAE@PB_W@Z 1000e88e f i atls:stdafx.obj
 0001:0000d893       ??0?$CTraceCategoryEx@$0IA@$0A@@ATL@@QAE@PB_W@Z 1000e893 f i atls:stdafx.obj
 0001:0000d898       ??0?$CTraceCategoryEx@$0IAA@$0A@@ATL@@QAE@PB_W@Z 1000e898 f i atls:stdafx.obj
 0001:0000d89d       ??0?$CTraceCategoryEx@$0IAAA@$0A@@ATL@@QAE@PB_W@Z 1000e89d f i atls:stdafx.obj
 0001:0000d8a2       ??0?$CTraceCategoryEx@$0IAAAA@$0A@@ATL@@QAE@PB_W@Z 1000e8a2 f i atls:stdafx.obj
 0001:0000d8a7       ??_I@YGXPAXIIP6EX0@Z@Z     1000e8a7 f i atls:stdafx.obj
 0001:0000d8e6       _SysFreeString@4           1000e8e6 f   oleaut32:OLEAUT32.dll
 0001:0000d8ec       ?_Xbad_alloc@std@@YAXXZ    1000e8ec f   msvcprtd:MSVCP140D.dll
 0001:0000d8f2       __Mbrtowc                  1000e8f2 f   msvcprtd:MSVCP140D.dll
 0001:0000d8f8       ?_Getcvt@_Locinfo@std@@QBE?AU_Cvtvec@@XZ 1000e8f8 f   msvcprtd:MSVCP140D.dll
 0001:0000d8fe       ?_Getdays@_Locinfo@std@@QBEPBDXZ 1000e8fe f   msvcprtd:MSVCP140D.dll
 0001:0000d904       ?_Getmonths@_Locinfo@std@@QBEPBDXZ 1000e904 f   msvcprtd:MSVCP140D.dll
 0001:0000d90a       ?_W_Getdays@_Locinfo@std@@QBEPBGXZ 1000e90a f   msvcprtd:MSVCP140D.dll
 0001:0000d910       ?_W_Getmonths@_Locinfo@std@@QBEPBGXZ 1000e910 f   msvcprtd:MSVCP140D.dll
 0001:0000d916       __purecall                 1000e916 f   vcruntimed:VCRUNTIME140D.dll
 0001:0000d91c       _memcmp                    1000e91c f   vcruntimed:VCRUNTIME140D.dll
 0001:0000d922       _memcpy                    1000e922 f   vcruntimed:VCRUNTIME140D.dll
 0001:0000d928       __CxxThrowException@8      1000e928 f   vcruntimed:VCRUNTIME140D.dll
 0001:0000d92e       ___CxxFrameHandler3        1000e92e f   vcruntimed:VCRUNTIME140D.dll
 0001:0000d934       _memset                    1000e934 f   vcruntimed:VCRUNTIME140D.dll
 0001:0000d93a       __except_handler4_common   1000e93a f   vcruntimed:VCRUNTIME140D.dll
 0001:0000d940       ___std_type_info_destroy_list 1000e940 f   vcruntimed:VCRUNTIME140D.dll
 0001:0000d946       ___vcrt_GetModuleFileNameW 1000e946 f   vcruntimed:VCRUNTIME140D.dll
 0001:0000d94c       ___vcrt_GetModuleHandleW   1000e94c f   vcruntimed:VCRUNTIME140D.dll
 0001:0000d952       ___vcrt_LoadLibraryExW     1000e952 f   vcruntimed:VCRUNTIME140D.dll
 0001:0000d958       _memmove                   1000e958 f   vcruntimed:VCRUNTIME140D.dll
 0001:0000d95e       _wcslen                    1000e95e f   ucrtd:ucrtbased.dll
 0001:0000d964       _strlen                    1000e964 f   ucrtd:ucrtbased.dll
 0001:0000d96a       __calloc_dbg               1000e96a f   ucrtd:ucrtbased.dll
 0001:0000d970       __CrtDbgReport             1000e970 f   ucrtd:ucrtbased.dll
 0001:0000d976       _wcscpy_s                  1000e976 f   ucrtd:ucrtbased.dll
 0001:0000d97c       ___stdio_common_vswprintf_s 1000e97c f   ucrtd:ucrtbased.dll
 0001:0000d982       ___stdio_common_vsprintf   1000e982 f   ucrtd:ucrtbased.dll
 0001:0000d988       ___stdio_common_vsnprintf_s 1000e988 f   ucrtd:ucrtbased.dll
 0001:0000d98e       _free                      1000e98e f   ucrtd:ucrtbased.dll
 0001:0000d994       _malloc                    1000e994 f   ucrtd:ucrtbased.dll
 0001:0000d99a       __CrtDbgReportW            1000e99a f   ucrtd:ucrtbased.dll
 0001:0000d9a0       _terminate                 1000e9a0 f   ucrtd:ucrtbased.dll
 0001:0000d9a6       __seh_filter_dll           1000e9a6 f   ucrtd:ucrtbased.dll
 0001:0000d9ac       __configure_narrow_argv    1000e9ac f   ucrtd:ucrtbased.dll
 0001:0000d9b2       __initialize_narrow_environment 1000e9b2 f   ucrtd:ucrtbased.dll
 0001:0000d9b8       __initialize_onexit_table  1000e9b8 f   ucrtd:ucrtbased.dll
 0001:0000d9be       __register_onexit_function 1000e9be f   ucrtd:ucrtbased.dll
 0001:0000d9c4       __execute_onexit_table     1000e9c4 f   ucrtd:ucrtbased.dll
 0001:0000d9ca       __crt_atexit               1000e9ca f   ucrtd:ucrtbased.dll
 0001:0000d9d0       __crt_at_quick_exit        1000e9d0 f   ucrtd:ucrtbased.dll
 0001:0000d9d6       __cexit                    1000e9d6 f   ucrtd:ucrtbased.dll
 0001:0000d9dc       __initterm                 1000e9dc f   ucrtd:ucrtbased.dll
 0001:0000d9e2       __initterm_e               1000e9e2 f   ucrtd:ucrtbased.dll
 0001:0000d9e8       _strcpy_s                  1000e9e8 f   ucrtd:ucrtbased.dll
 0001:0000d9ee       _strcat_s                  1000e9ee f   ucrtd:ucrtbased.dll
 0001:0000d9f4       ___stdio_common_vsprintf_s 1000e9f4 f   ucrtd:ucrtbased.dll
 0001:0000d9fa       __wmakepath_s              1000e9fa f   ucrtd:ucrtbased.dll
 0001:0000da00       __wsplitpath_s             1000ea00 f   ucrtd:ucrtbased.dll
 0001:0000da06       __invalid_parameter_noinfo 1000ea06 f   ucrtd:ucrtbased.dll
 0001:0000da0c       __errno                    1000ea0c f   ucrtd:ucrtbased.dll
 0001:0000da12       __recalloc                 1000ea12 f   ucrtd:ucrtbased.dll
 0001:0000da18       _OutputDebugStringW@4      1000ea18 f   kernel32:KERNEL32.dll
 0001:0000da20       ___acrt_initialize         1000ea20 f   msvcrtd:ucrt_stubs.obj
 0001:0000da20       ___scrt_stub_for_acrt_initialize 1000ea20 f   msvcrtd:ucrt_stubs.obj
 0001:0000da20       ___vcrt_initialize         1000ea20 f   msvcrtd:ucrt_stubs.obj
 0001:0000da30       ___scrt_stub_for_acrt_thread_attach 1000ea30 f   msvcrtd:ucrt_stubs.obj
 0001:0000da30       ___acrt_thread_attach      1000ea30 f   msvcrtd:ucrt_stubs.obj
 0001:0000da30       ___vcrt_thread_attach      1000ea30 f   msvcrtd:ucrt_stubs.obj
 0001:0000da40       ___acrt_thread_detach      1000ea40 f   msvcrtd:ucrt_stubs.obj
 0001:0000da40       ___vcrt_thread_detach      1000ea40 f   msvcrtd:ucrt_stubs.obj
 0001:0000da40       ___scrt_stub_for_acrt_thread_detach 1000ea40 f   msvcrtd:ucrt_stubs.obj
 0001:0000da50       ___scrt_stub_for_acrt_uninitialize 1000ea50 f   msvcrtd:ucrt_stubs.obj
 0001:0000da50       ___acrt_uninitialize       1000ea50 f   msvcrtd:ucrt_stubs.obj
 0001:0000da50       ___vcrt_uninitialize       1000ea50 f   msvcrtd:ucrt_stubs.obj
 0001:0000da60       ___vcrt_uninitialize_critical 1000ea60 f   msvcrtd:ucrt_stubs.obj
 0001:0000da60       ___scrt_stub_for_acrt_uninitialize_critical 1000ea60 f   msvcrtd:ucrt_stubs.obj
 0001:0000da60       ___acrt_uninitialize_critical 1000ea60 f   msvcrtd:ucrt_stubs.obj
 0001:0000da70       __is_c_termination_complete 1000ea70 f   msvcrtd:ucrt_stubs.obj
 0001:0000da70       ___scrt_stub_for_is_c_termination_complete 1000ea70 f   msvcrtd:ucrt_stubs.obj
 0001:00010200       ??__FstrHeap@?1??GetInstance@CAtlStringMgr@ATL@@SAPAUIAtlStringMgr@2@XZ@YAXXZ 10011200 f i Stdafx.obj
 0001:00010220       ??__FstrMgr@?1??GetInstance@CAtlStringMgr@ATL@@SAPAUIAtlStringMgr@2@XZ@YAXXZ 10011220 f i Stdafx.obj
 0002:00000000       ___xc_a                    10013000     msvcrtd:initializers.obj
 0002:00000384       ___xc_z                    10013384     msvcrtd:initializers.obj
 0002:00000488       ___xi_a                    10013488     msvcrtd:initializers.obj
 0002:00000690       ___xi_z                    10013690     msvcrtd:initializers.obj
 0002:00000794       ___xl_a                    10013794     msvcrtd:tlssup.obj
 0002:00000798       ___xl_z                    10013798     msvcrtd:tlssup.obj
 0002:0000079c       ___xp_a                    1001379c     msvcrtd:initializers.obj
 0002:000008a0       ___xp_z                    100138a0     msvcrtd:initializers.obj
 0002:000009a4       ___xt_a                    100139a4     msvcrtd:initializers.obj
 0002:00000aa8       ___xt_z                    10013aa8     msvcrtd:initializers.obj
 0002:00000c50       ??_C@_0GI@LKBGDILM@c?3?2program?5files?5?$CIx86?$CJ?2microsof@ 10013c50     ProcessControl.obj
 0002:00000cd0       ??_C@_0GI@DJFLDKBN@c?3?2program?5files?5?$CIx86?$CJ?2microsof@ 10013cd0     ProcessControl.obj
 0002:00000d50       ??_7IUnknownEx@@6B@        10013d50     ProcessControl.obj
 0002:00000d60       ??_7IProcessControl@@6B@   10013d60     ProcessControl.obj
 0002:00000d90       ??_7CProcessSendData@@6B@  10013d90     ProcessControl.obj
 0002:00000d9c       ??_7CProcessRecvData@@6B@  10013d9c     ProcessControl.obj
 0002:00000da8       ??_7CProcessControl@@6BCWnd@@@ 10013da8     ProcessControl.obj
 0002:00000f64       ??_7CProcessControl@@6BIProcessControl@@@ 10013f64     ProcessControl.obj
 0002:00000f90       ??_C@_0EJ@HDOPNMLM@g?3?2?M?x?$LK?$PM?2happygamewh?2?$LH?$PO?N?q?$LG?K?2?O?$LF?M?$LD@ 10013f90     ProcessControl.obj
 0002:00000fe8       ??_C@_08HBOFLKLL@?$LE?$LE?$LN?$KI?J?$KH?$LA?$NM@ 10013fe8     ProcessControl.obj
 0002:00000ff4       ??_C@_0N@DLOPLLLM@?$LN?S?$LP?Z?$LC?i?Q?$KP?J?$KH?$LA?$NM@ 10013ff4     ProcessControl.obj
 0002:00001004       ??_C@_0N@LPFKKEBD@?3AM?3am?3PM?3pm@ 10014004     ProcessControl.obj
 0002:00001014       ??_C@_1BK@MHIKGOKE@?$AA?3?$AAA?$AAM?$AA?3?$AAa?$AAm?$AA?3?$AAP?$AAM?$AA?3?$AAp?$AAm@ 10014014     ProcessControl.obj
 0002:00001034       __pRawDllMain              10014034     ProcessControlDLL.obj
 0002:00001078       ??_C@_0EN@MDPBJMPH@g?3?2?M?x?$LK?$PM?2happygamewh?2?$LH?$PO?N?q?$LG?K?2?O?$LF?M?$LD@ 10014078     ProcessDataControl.obj
 0002:000010d8       __pAtlLcidToLocaleNameTable 100140d8     Stdafx.obj
 0002:00001964       ??_C@_15EMKDOKLE@?$AAa?$AAr@ 10014964     Stdafx.obj
 0002:0000196c       ??_C@_15KNPADPLH@?$AAb?$AAg@ 1001496c     Stdafx.obj
 0002:00001974       ??_C@_15EDMHLDMO@?$AAc?$AAa@ 10014974     Stdafx.obj
 0002:0000197c       ??_C@_1O@BPEAJADD@?$AAz?$AAh?$AA?9?$AAC?$AAH?$AAS@ 1001497c     Stdafx.obj
 0002:0000198c       ??_C@_15LJNHCMNK@?$AAc?$AAs@ 1001498c     Stdafx.obj
 0002:00001994       ??_C@_15FOMCIDHG@?$AAd?$AAa@ 10014994     Stdafx.obj
 0002:0000199c       ??_C@_15NBKABECB@?$AAd?$AAe@ 1001499c     Stdafx.obj
 0002:000019a4       ??_C@_15GHPEIIAO@?$AAe?$AAl@ 100149a4     Stdafx.obj
 0002:000019ac       ??_C@_15MNPNEAIF@?$AAe?$AAn@ 100149ac     Stdafx.obj
 0002:000019b4       ??_C@_15GPIOMPMH@?$AAe?$AAs@ 100149b4     Stdafx.obj
 0002:000019bc       ??_C@_15NGLOAKJC@?$AAf?$AAi@ 100149bc     Stdafx.obj
 0002:000019c4       ??_C@_15FBKGNKAM@?$AAf?$AAr@ 100149c4     Stdafx.obj
 0002:000019cc       ??_C@_15KGGCNEFK@?$AAh?$AAe@ 100149cc     Stdafx.obj
 0002:000019d4       ??_C@_15PGHLIDMF@?$AAh?$AAu@ 100149d4     Stdafx.obj
 0002:000019dc       ??_C@_15BIEMAPLM@?$AAi?$AAs@ 100149dc     Stdafx.obj
 0002:000019e4       ??_C@_15IFJLDHAF@?$AAi?$AAt@ 100149e4     Stdafx.obj
 0002:000019ec       ??_C@_15GEMIOCAG@?$AAj?$AAa@ 100149ec     Stdafx.obj
 0002:000019f4       ??_C@_15EPELEGJA@?$AAk?$AAo@ 100149f4     Stdafx.obj
 0002:000019fc       ??_C@_15NDDHIMN@?$AAn?$AAl@ 100149fc     Stdafx.obj
 0002:00001a04       ??_C@_15BPIGNHCD@?$AAn?$AAo@ 10014a04     Stdafx.obj
 0002:00001a0c       ??_C@_15DEOPBLCG@?$AAp?$AAl@ 10014a0c     Stdafx.obj
 0002:00001a14       ??_C@_15KBECGEFG@?$AAp?$AAt@ 10014a14     Stdafx.obj
 0002:00001a1c       ??_C@_15GLJCBFMD@?$AAr?$AAo@ 10014a1c     Stdafx.obj
 0002:00001a24       ??_C@_15FEDGKCDI@?$AAr?$AAu@ 10014a24     Stdafx.obj
 0002:00001a2c       ??_C@_15GLKMLLHM@?$AAh?$AAr@ 10014a2c     Stdafx.obj
 0002:00001a34       ??_C@_15CPKMFBDB@?$AAs?$AAk@ 10014a34     Stdafx.obj
 0002:00001a3c       ??_C@_15BAAIOGMK@?$AAs?$AAq@ 10014a3c     Stdafx.obj
 0002:00001a44       ??_C@_15INNPNOHD@?$AAs?$AAv@ 10014a44     Stdafx.obj
 0002:00001a4c       ??_C@_15CABMMOGH@?$AAt?$AAh@ 10014a4c     Stdafx.obj
 0002:00001a54       ??_C@_15BPLIHJJM@?$AAt?$AAr@ 10014a54     Stdafx.obj
 0002:00001a5c       ??_C@_15NEOEKKDJ@?$AAu?$AAr@ 10014a5c     Stdafx.obj
 0002:00001a64       ??_C@_15NFICGAJK@?$AAi?$AAd@ 10014a64     Stdafx.obj
 0002:00001a6c       ??_C@_15PJPFLCCM@?$AAu?$AAk@ 10014a6c     Stdafx.obj
 0002:00001a74       ??_C@_15HPJPHDM@?$AAb?$AAe@ 10014a74     Stdafx.obj
 0002:00001a7c       ??_C@_15LCHLGJII@?$AAs?$AAl@ 10014a7c     Stdafx.obj
 0002:00001a84       ??_C@_15PCFJPHHO@?$AAe?$AAt@ 10014a84     Stdafx.obj
 0002:00001a8c       ??_C@_15HPFPGODN@?$AAl?$AAv@ 10014a8c     Stdafx.obj
 0002:00001a94       ??_C@_15NFFGKGLG@?$AAl?$AAt@ 10014a94     Stdafx.obj
 0002:00001a9c       ??_C@_15BDAKCCHN@?$AAf?$AAa@ 10014a9c     Stdafx.obj
 0002:00001aa4       ??_C@_15NFGIAIAJ@?$AAv?$AAi@ 10014aa4     Stdafx.obj
 0002:00001aac       ??_C@_15LMKNDMHN@?$AAh?$AAy@ 10014aac     Stdafx.obj
 0002:00001ab4       ??_C@_15IJBHMCFL@?$AAa?$AAz@ 10014ab4     Stdafx.obj
 0002:00001abc       ??_C@_15EKOFJABL@?$AAe?$AAu@ 10014abc     Stdafx.obj
 0002:00001ac4       ??_C@_15BGHADCNK@?$AAm?$AAk@ 10014ac4     Stdafx.obj
 0002:00001acc       ??_C@_15JDNICKHM@?$AAa?$AAf@ 10014acc     Stdafx.obj
 0002:00001ad4       ??_C@_15KPJEDBKD@?$AAk?$AAa@ 10014ad4     Stdafx.obj
 0002:00001adc       ??_C@_15PDNFFFEO@?$AAf?$AAo@ 10014adc     Stdafx.obj
 0002:00001ae4       ??_C@_15OMLEGLOC@?$AAh?$AAi@ 10014ae4     Stdafx.obj
 0002:00001aec       ??_C@_15IDNNENKK@?$AAm?$AAs@ 10014aec     Stdafx.obj
 0002:00001af4       ??_C@_15MACJNBMH@?$AAk?$AAk@ 10014af4     Stdafx.obj
 0002:00001afc       ??_C@_15DKDJEOND@?$AAk?$AAy@ 10014afc     Stdafx.obj
 0002:00001b04       ??_C@_15DFGDLJBG@?$AAs?$AAw@ 10014b04     Stdafx.obj
 0002:00001b0c       ??_C@_15BBFAICNG@?$AAu?$AAz@ 10014b0c     Stdafx.obj
 0002:00001b14       ??_C@_15DKNDCGEA@?$AAt?$AAt@ 10014b14     Stdafx.obj
 0002:00001b1c       ??_C@_15MGIFMDPL@?$AAp?$AAa@ 10014b1c     Stdafx.obj
 0002:00001b24       ??_C@_15HCNDBBA@?$AAg?$AAu@ 10014b24     Stdafx.obj
 0002:00001b2c       ??_C@_15FNBEIBON@?$AAt?$AAa@ 10014b2c     Stdafx.obj
 0002:00001b34       ??_C@_15NCHGBGLK@?$AAt?$AAe@ 10014b34     Stdafx.obj
 0002:00001b3c       ??_C@_15PHPHCBPF@?$AAk?$AAn@ 10014b3c     Stdafx.obj
 0002:00001b44       ??_C@_15DLGBCKMP@?$AAm?$AAr@ 10014b44     Stdafx.obj
 0002:00001b4c       ??_C@_15EABBLBFF@?$AAs?$AAa@ 10014b4c     Stdafx.obj
 0002:00001b54       ??_C@_15CBKOMCOI@?$AAm?$AAn@ 10014b54     Stdafx.obj
 0002:00001b5c       ??_C@_15CKDMCJAF@?$AAg?$AAl@ 10014b5c     Stdafx.obj
 0002:00001b64       ??_C@_17CNJFBPG@?$AAk?$AAo?$AAk@ 10014b64     Stdafx.obj
 0002:00001b70       ??_C@_17FFBJICPL@?$AAs?$AAy?$AAr@ 10014b70     Stdafx.obj
 0002:00001b7c       ??_C@_17KPNDCPAF@?$AAd?$AAi?$AAv@ 10014b7c     Stdafx.obj
 0002:00001b88       ??_C@_11LOCGONAA@@         10014b88     Stdafx.obj
 0002:00001b8c       ??_C@_1M@OKAHONE@?$AAa?$AAr?$AA?9?$AAS?$AAA@ 10014b8c     Stdafx.obj
 0002:00001b9c       ??_C@_1M@FFFIGIGK@?$AAb?$AAg?$AA?9?$AAB?$AAG@ 10014b9c     Stdafx.obj
 0002:00001bac       ??_C@_1M@BJNKEDC@?$AAc?$AAa?$AA?9?$AAE?$AAS@ 10014bac     Stdafx.obj
 0002:00001bbc       ??_C@_1M@CLNBBOPM@?$AAz?$AAh?$AA?9?$AAT?$AAW@ 10014bbc     Stdafx.obj
 0002:00001bcc       ??_C@_1M@IJJHFJHA@?$AAc?$AAs?$AA?9?$AAC?$AAZ@ 10014bcc     Stdafx.obj
 0002:00001bdc       ??_C@_1M@CLPEOBGI@?$AAd?$AAa?$AA?9?$AAD?$AAK@ 10014bdc     Stdafx.obj
 0002:00001bec       ??_C@_1M@MCMADGCB@?$AAd?$AAe?$AA?9?$AAD?$AAE@ 10014bec     Stdafx.obj
 0002:00001bfc       ??_C@_1M@OOCKEMAM@?$AAe?$AAl?$AA?9?$AAG?$AAR@ 10014bfc     Stdafx.obj
 0002:00001c0c       ??_C@_1M@BMHNFIME@?$AAe?$AAn?$AA?9?$AAU?$AAS@ 10014c0c     Stdafx.obj
 0002:00001c1c       ??_C@_1M@DDNJFGID@?$AAf?$AAi?$AA?9?$AAF?$AAI@ 10014c1c     Stdafx.obj
 0002:00001c2c       ??_C@_1M@GLIPPMAC@?$AAf?$AAr?$AA?9?$AAF?$AAR@ 10014c2c     Stdafx.obj
 0002:00001c3c       ??_C@_1M@GFMCHPE@?$AAh?$AAe?$AA?9?$AAI?$AAL@ 10014c3c     Stdafx.obj
 0002:00001c4c       ??_C@_1M@MHLPGNKM@?$AAh?$AAu?$AA?9?$AAH?$AAU@ 10014c4c     Stdafx.obj
 0002:00001c5c       ??_C@_1M@LPDDNNPN@?$AAi?$AAs?$AA?9?$AAI?$AAS@ 10014c5c     Stdafx.obj
 0002:00001c6c       ??_C@_1M@MADIPODN@?$AAi?$AAt?$AA?9?$AAI?$AAT@ 10014c6c     Stdafx.obj
 0002:00001c7c       ??_C@_1M@HPNHIDJI@?$AAj?$AAa?$AA?9?$AAJ?$AAP@ 10014c7c     Stdafx.obj
 0002:00001c8c       ??_C@_1M@JLOOOEGK@?$AAk?$AAo?$AA?9?$AAK?$AAR@ 10014c8c     Stdafx.obj
 0002:00001c9c       ??_C@_1M@IHBJJGG@?$AAn?$AAl?$AA?9?$AAN?$AAL@ 10014c9c     Stdafx.obj
 0002:00001cac       ??_C@_1M@EANAGDL@?$AAn?$AAb?$AA?9?$AAN?$AAO@ 10014cac     Stdafx.obj
 0002:00001cbc       ??_C@_1M@NEIEMEGP@?$AAp?$AAl?$AA?9?$AAP?$AAL@ 10014cbc     Stdafx.obj
 0002:00001ccc       ??_C@_1M@BOCFIGEP@?$AAp?$AAt?$AA?9?$AAB?$AAR@ 10014ccc     Stdafx.obj
 0002:00001cdc       ??_C@_1M@IMPFOPBG@?$AAr?$AAo?$AA?9?$AAR?$AAO@ 10014cdc     Stdafx.obj
 0002:00001cec       ??_C@_1M@IDNNEJMM@?$AAr?$AAu?$AA?9?$AAR?$AAU@ 10014cec     Stdafx.obj
 0002:00001cfc       ??_C@_1M@LILEEOGM@?$AAh?$AAr?$AA?9?$AAH?$AAR@ 10014cfc     Stdafx.obj
 0002:00001d0c       ??_C@_1M@FKIFEHPB@?$AAs?$AAk?$AA?9?$AAS?$AAK@ 10014d0c     Stdafx.obj
 0002:00001d1c       ??_C@_1M@LJMAMNPJ@?$AAs?$AAq?$AA?9?$AAA?$AAL@ 10014d1c     Stdafx.obj
 0002:00001d2c       ??_C@_1M@GIAKDKJK@?$AAs?$AAv?$AA?9?$AAS?$AAE@ 10014d2c     Stdafx.obj
 0002:00001d3c       ??_C@_1M@MKJKIKCL@?$AAt?$AAh?$AA?9?$AAT?$AAH@ 10014d3c     Stdafx.obj
 0002:00001d4c       ??_C@_1M@MFLCCMPB@?$AAt?$AAr?$AA?9?$AAT?$AAR@ 10014d4c     Stdafx.obj
 0002:00001d5c       ??_C@_1M@OIJHDKJN@?$AAu?$AAr?$AA?9?$AAP?$AAK@ 10014d5c     Stdafx.obj
 0002:00001d6c       ??_C@_1M@LHIPCIEK@?$AAi?$AAd?$AA?9?$AAI?$AAD@ 10014d6c     Stdafx.obj
 0002:00001d7c       ??_C@_1M@MFMOBGI@?$AAu?$AAk?$AA?9?$AAU?$AAA@ 10014d7c     Stdafx.obj
 0002:00001d8c       ??_C@_1M@OBGLJIPL@?$AAb?$AAe?$AA?9?$AAB?$AAY@ 10014d8c     Stdafx.obj
 0002:00001d9c       ??_C@_1M@BCFAJEAD@?$AAs?$AAl?$AA?9?$AAS?$AAI@ 10014d9c     Stdafx.obj
 0002:00001dac       ??_C@_1M@FKFFEDDN@?$AAe?$AAt?$AA?9?$AAE?$AAE@ 10014dac     Stdafx.obj
 0002:00001dbc       ??_C@_1M@KGKKAACI@?$AAl?$AAv?$AA?9?$AAL?$AAV@ 10014dbc     Stdafx.obj
 0002:00001dcc       ??_C@_1M@IFGBIJO@?$AAl?$AAt?$AA?9?$AAL?$AAT@ 10014dcc     Stdafx.obj
 0002:00001ddc       ??_C@_1M@FGEAHEDM@?$AAf?$AAa?$AA?9?$AAI?$AAR@ 10014ddc     Stdafx.obj
 0002:00001dec       ??_C@_1M@KBMAIBFN@?$AAv?$AAi?$AA?9?$AAV?$AAN@ 10014dec     Stdafx.obj
 0002:00001dfc       ??_C@_1M@GPCBKDJK@?$AAh?$AAy?$AA?9?$AAA?$AAM@ 10014dfc     Stdafx.obj
 0002:00001e0c       ??_C@_1BG@BECMDDJB@?$AAa?$AAz?$AA?9?$AAA?$AAZ?$AA?9?$AAL?$AAa?$AAt?$AAn@ 10014e0c     Stdafx.obj
 0002:00001e28       ??_C@_1M@MAOFCAEA@?$AAe?$AAu?$AA?9?$AAE?$AAS@ 10014e28     Stdafx.obj
 0002:00001e38       ??_C@_1M@IGHABKPI@?$AAm?$AAk?$AA?9?$AAM?$AAK@ 10014e38     Stdafx.obj
 0002:00001e48       ??_C@_1M@IAIGNEJG@?$AAt?$AAn?$AA?9?$AAZ?$AAA@ 10014e48     Stdafx.obj
 0002:00001e58       ??_C@_1M@IIJCOJFA@?$AAx?$AAh?$AA?9?$AAZ?$AAA@ 10014e58     Stdafx.obj
 0002:00001e68       ??_C@_1M@LGPJHNJH@?$AAz?$AAu?$AA?9?$AAZ?$AAA@ 10014e68     Stdafx.obj
 0002:00001e78       ??_C@_1M@HOKAOIO@?$AAa?$AAf?$AA?9?$AAZ?$AAA@ 10014e78     Stdafx.obj
 0002:00001e88       ??_C@_1M@DPCLHLIE@?$AAk?$AAa?$AA?9?$AAG?$AAE@ 10014e88     Stdafx.obj
 0002:00001e98       ??_C@_1M@BLKMHJBI@?$AAf?$AAo?$AA?9?$AAF?$AAO@ 10014e98     Stdafx.obj
 0002:00001ea8       ??_C@_1M@LGGJAPPB@?$AAh?$AAi?$AA?9?$AAI?$AAN@ 10014ea8     Stdafx.obj
 0002:00001eb8       ??_C@_1M@FIKPIHFE@?$AAm?$AAt?$AA?9?$AAM?$AAT@ 10014eb8     Stdafx.obj
 0002:00001ec8       ??_C@_1M@HEGGPBFA@?$AAs?$AAe?$AA?9?$AAN?$AAO@ 10014ec8     Stdafx.obj
 0002:00001ed8       ??_C@_1M@EIBJEEPA@?$AAm?$AAs?$AA?9?$AAM?$AAY@ 10014ed8     Stdafx.obj
 0002:00001ee8       ??_C@_1M@FHLBGMPP@?$AAk?$AAk?$AA?9?$AAK?$AAZ@ 10014ee8     Stdafx.obj
 0002:00001ef8       ??_C@_1M@NGJJLCGI@?$AAk?$AAy?$AA?9?$AAK?$AAG@ 10014ef8     Stdafx.obj
 0002:00001f08       ??_C@_1M@GIENNBFC@?$AAs?$AAw?$AA?9?$AAK?$AAE@ 10014f08     Stdafx.obj
 0002:00001f18       ??_C@_1BG@NDGMJIMJ@?$AAu?$AAz?$AA?9?$AAU?$AAZ?$AA?9?$AAL?$AAa?$AAt?$AAn@ 10014f18     Stdafx.obj
 0002:00001f34       ??_C@_1M@IDCCIHBC@?$AAt?$AAt?$AA?9?$AAR?$AAU@ 10014f34     Stdafx.obj
 0002:00001f44       ??_C@_1M@LOICPMOJ@?$AAb?$AAn?$AA?9?$AAI?$AAN@ 10014f44     Stdafx.obj
 0002:00001f54       ??_C@_1M@KPKKNEAH@?$AAp?$AAa?$AA?9?$AAI?$AAN@ 10014f54     Stdafx.obj
 0002:00001f64       ??_C@_1M@PJGPPBOG@?$AAg?$AAu?$AA?9?$AAI?$AAN@ 10014f64     Stdafx.obj
 0002:00001f74       ??_C@_1M@KMKMOPHI@?$AAt?$AAa?$AA?9?$AAI?$AAN@ 10014f74     Stdafx.obj
 0002:00001f84       ??_C@_1M@KFEHEPAC@?$AAt?$AAe?$AA?9?$AAI?$AAN@ 10014f84     Stdafx.obj
 0002:00001f94       ??_C@_1M@CDCLMGHI@?$AAk?$AAn?$AA?9?$AAI?$AAN@ 10014f94     Stdafx.obj
 0002:00001fa4       ??_C@_1M@MIODLDKF@?$AAm?$AAl?$AA?9?$AAI?$AAN@ 10014fa4     Stdafx.obj
 0002:00001fb4       ??_C@_1M@PBIEACPO@?$AAm?$AAr?$AA?9?$AAI?$AAN@ 10014fb4     Stdafx.obj
 0002:00001fc4       ??_C@_1M@NIDEAGPH@?$AAs?$AAa?$AA?9?$AAI?$AAN@ 10014fc4     Stdafx.obj
 0002:00001fd4       ??_C@_1M@FHIHCBIO@?$AAm?$AAn?$AA?9?$AAM?$AAN@ 10014fd4     Stdafx.obj
 0002:00001fe4       ??_C@_1M@JAIJPENP@?$AAc?$AAy?$AA?9?$AAG?$AAB@ 10014fe4     Stdafx.obj
 0002:00001ff4       ??_C@_1M@PHGFBEPN@?$AAg?$AAl?$AA?9?$AAE?$AAS@ 10014ff4     Stdafx.obj
 0002:00002004       ??_C@_1O@KPIPDNCP@?$AAk?$AAo?$AAk?$AA?9?$AAI?$AAN@ 10015004     Stdafx.obj
 0002:00002014       ??_C@_1O@KNHJLDJA@?$AAs?$AAy?$AAr?$AA?9?$AAS?$AAY@ 10015014     Stdafx.obj
 0002:00002024       ??_C@_1O@MKEKBLAH@?$AAd?$AAi?$AAv?$AA?9?$AAM?$AAV@ 10015024     Stdafx.obj
 0002:00002034       ??_C@_1O@OHDCKDDF@?$AAq?$AAu?$AAz?$AA?9?$AAB?$AAO@ 10015034     Stdafx.obj
 0002:00002044       ??_C@_1M@LEPJNLFD@?$AAn?$AAs?$AA?9?$AAZ?$AAA@ 10015044     Stdafx.obj
 0002:00002054       ??_C@_1M@OMLEIIJB@?$AAm?$AAi?$AA?9?$AAN?$AAZ@ 10015054     Stdafx.obj
 0002:00002064       ??_C@_1M@PMPEAILG@?$AAa?$AAr?$AA?9?$AAI?$AAQ@ 10015064     Stdafx.obj
 0002:00002074       ??_C@_1M@BIBDDEMK@?$AAz?$AAh?$AA?9?$AAC?$AAN@ 10015074     Stdafx.obj
 0002:00002084       ??_C@_1M@CNKPNOEE@?$AAd?$AAe?$AA?9?$AAC?$AAH@ 10015084     Stdafx.obj
 0002:00002094       ??_C@_1M@LKMGMLKO@?$AAe?$AAn?$AA?9?$AAG?$AAB@ 10015094     Stdafx.obj
 0002:000020a4       ??_C@_1M@PGKJFFGL@?$AAe?$AAs?$AA?9?$AAM?$AAX@ 100150a4     Stdafx.obj
 0002:000020b4       ??_C@_1M@DNNANBDC@?$AAf?$AAr?$AA?9?$AAB?$AAE@ 100150b4     Stdafx.obj
 0002:000020c4       ??_C@_1M@HLGMDFHM@?$AAi?$AAt?$AA?9?$AAC?$AAH@ 100150c4     Stdafx.obj
 0002:000020d4       ??_C@_1M@CLLBGJH@?$AAn?$AAl?$AA?9?$AAB?$AAE@ 100150d4     Stdafx.obj
 0002:000020e4       ??_C@_1M@BODBOGLF@?$AAn?$AAn?$AA?9?$AAN?$AAO@ 100150e4     Stdafx.obj
 0002:000020f4       ??_C@_1M@HFFAHKAD@?$AAp?$AAt?$AA?9?$AAP?$AAT@ 100150f4     Stdafx.obj
 0002:00002104       ??_C@_1BG@LNOAKHIE@?$AAs?$AAr?$AA?9?$AAS?$AAP?$AA?9?$AAL?$AAa?$AAt?$AAn@ 10015104     Stdafx.obj
 0002:00002120       ??_C@_1M@HBMHBGAK@?$AAs?$AAv?$AA?9?$AAF?$AAI@ 10015120     Stdafx.obj
 0002:00002130       ??_C@_1BG@DGCJGJBE@?$AAa?$AAz?$AA?9?$AAA?$AAZ?$AA?9?$AAC?$AAy?$AAr?$AAl@ 10015130     Stdafx.obj
 0002:0000214c       ??_C@_1M@KEJDAAHB@?$AAs?$AAe?$AA?9?$AAS?$AAE@ 1001514c     Stdafx.obj
 0002:0000215c       ??_C@_1M@HEIBJJAD@?$AAm?$AAs?$AA?9?$AAB?$AAN@ 1001515c     Stdafx.obj
 0002:0000216c       ??_C@_1BG@PBGJMCEM@?$AAu?$AAz?$AA?9?$AAU?$AAZ?$AA?9?$AAC?$AAy?$AAr?$AAl@ 1001516c     Stdafx.obj
 0002:00002188       ??_C@_1O@LAOBCMDF@?$AAq?$AAu?$AAz?$AA?9?$AAE?$AAC@ 10015188     Stdafx.obj
 0002:00002198       ??_C@_1M@POEEMAIO@?$AAa?$AAr?$AA?9?$AAE?$AAG@ 10015198     Stdafx.obj
 0002:000021a8       ??_C@_1M@EFAKDEDL@?$AAz?$AAh?$AA?9?$AAH?$AAK@ 100151a8     Stdafx.obj
 0002:000021b8       ??_C@_1M@HKKIJHGI@?$AAd?$AAe?$AA?9?$AAA?$AAT@ 100151b8     Stdafx.obj
 0002:000021c8       ??_C@_1M@KBFBEHJF@?$AAe?$AAn?$AA?9?$AAA?$AAU@ 100151c8     Stdafx.obj
 0002:000021d8       ??_C@_1M@MNPLFAAH@?$AAe?$AAs?$AA?9?$AAE?$AAS@ 100151d8     Stdafx.obj
 0002:000021e8       ??_C@_1M@HJOOJFMA@?$AAf?$AAr?$AA?9?$AAC?$AAA@ 100151e8     Stdafx.obj
 0002:000021f8       ??_C@_1BG@JPOFPNAB@?$AAs?$AAr?$AA?9?$AAS?$AAP?$AA?9?$AAC?$AAy?$AAr?$AAl@ 100151f8     Stdafx.obj
 0002:00002214       ??_C@_1M@LNFOCMOB@?$AAs?$AAe?$AA?9?$AAF?$AAI@ 10015214     Stdafx.obj
 0002:00002224       ??_C@_1O@MGJBOAMB@?$AAq?$AAu?$AAz?$AA?9?$AAP?$AAE@ 10015224     Stdafx.obj
 0002:00002234       ??_C@_1M@GJINLBOK@?$AAa?$AAr?$AA?9?$AAL?$AAY@ 10015234     Stdafx.obj
 0002:00002244       ??_C@_1M@GGMNHJNL@?$AAz?$AAh?$AA?9?$AAS?$AAG@ 10015244     Stdafx.obj
 0002:00002254       ??_C@_1M@HOIKODND@?$AAd?$AAe?$AA?9?$AAL?$AAU@ 10015254     Stdafx.obj
 0002:00002264       ??_C@_1M@DDOCCGFG@?$AAe?$AAn?$AA?9?$AAC?$AAA@ 10015264     Stdafx.obj
 0002:00002274       ??_C@_1M@BNOEMJLF@?$AAe?$AAs?$AA?9?$AAG?$AAT@ 10015274     Stdafx.obj
 0002:00002284       ??_C@_1M@EOGNKEK@?$AAf?$AAr?$AA?9?$AAC?$AAH@ 10015284     Stdafx.obj
 0002:00002294       ??_C@_1M@FLIDJFHL@?$AAh?$AAr?$AA?9?$AAB?$AAA@ 10015294     Stdafx.obj
 0002:000022a4       ??_C@_1O@FMCELNAJ@?$AAs?$AAm?$AAj?$AA?9?$AAN?$AAO@ 100152a4     Stdafx.obj
 0002:000022b4       ??_C@_1M@JHGLJMGJ@?$AAa?$AAr?$AA?9?$AAD?$AAZ@ 100152b4     Stdafx.obj
 0002:000022c4       ??_C@_1M@JKKFDCNP@?$AAz?$AAh?$AA?9?$AAM?$AAO@ 100152c4     Stdafx.obj
 0002:000022d4       ??_C@_1M@GEEFALPE@?$AAd?$AAe?$AA?9?$AAL?$AAI@ 100152d4     Stdafx.obj
 0002:000022e4       ??_C@_1M@IGEOFBG@?$AAe?$AAn?$AA?9?$AAN?$AAZ@ 100152e4     Stdafx.obj
 0002:000022f4       ??_C@_1M@KDBONEHP@?$AAe?$AAs?$AA?9?$AAC?$AAR@ 100152f4     Stdafx.obj
 0002:00002304       ??_C@_1M@FHMDOHNN@?$AAf?$AAr?$AA?9?$AAL?$AAU@ 10015304     Stdafx.obj
 0002:00002314       ??_C@_1BG@NFKKMAFG@?$AAb?$AAs?$AA?9?$AAB?$AAA?$AA?9?$AAL?$AAa?$AAt?$AAn@ 10015314     Stdafx.obj
 0002:00002330       ??_C@_1O@IMNBEMCI@?$AAs?$AAm?$AAj?$AA?9?$AAS?$AAE@ 10015330     Stdafx.obj
 0002:00002340       ??_C@_1M@DHHMBNDP@?$AAa?$AAr?$AA?9?$AAM?$AAA@ 10015340     Stdafx.obj
 0002:00002350       ??_C@_1M@BNBLJCGH@?$AAe?$AAn?$AA?9?$AAI?$AAE@ 10015350     Stdafx.obj
 0002:00002360       ??_C@_1M@GEPAFMDL@?$AAe?$AAs?$AA?9?$AAP?$AAA@ 10015360     Stdafx.obj
 0002:00002370       ??_C@_1M@OJONDMDL@?$AAf?$AAr?$AA?9?$AAM?$AAC@ 10015370     Stdafx.obj
 0002:00002380       ??_C@_1BG@OBCNFJB@?$AAs?$AAr?$AA?9?$AAB?$AAA?$AA?9?$AAL?$AAa?$AAt?$AAn@ 10015380     Stdafx.obj
 0002:0000239c       ??_C@_1O@KEMEEGPO@?$AAs?$AAm?$AAa?$AA?9?$AAN?$AAO@ 1001539c     Stdafx.obj
 0002:000023ac       ??_C@_1M@ELMGFODK@?$AAa?$AAr?$AA?9?$AAT?$AAN@ 100153ac     Stdafx.obj
 0002:000023bc       ??_C@_1M@BHDLHFAF@?$AAe?$AAn?$AA?9?$AAZ?$AAA@ 100153bc     Stdafx.obj
 0002:000023cc       ??_C@_1M@BMGIGLIF@?$AAe?$AAs?$AA?9?$AAD?$AAO@ 100153cc     Stdafx.obj
 0002:000023dc       ??_C@_1BG@CMBHIPBE@?$AAs?$AAr?$AA?9?$AAB?$AAA?$AA?9?$AAC?$AAy?$AAr?$AAl@ 100153dc     Stdafx.obj
 0002:000023f8       ??_C@_1O@HEDBLHNP@?$AAs?$AAm?$AAa?$AA?9?$AAS?$AAE@ 100153f8     Stdafx.obj
 0002:00002408       ??_C@_1M@DAGCADIM@?$AAa?$AAr?$AA?9?$AAO?$AAM@ 10015408     Stdafx.obj
 0002:00002418       ??_C@_1M@FODLMICG@?$AAe?$AAn?$AA?9?$AAJ?$AAM@ 10015418     Stdafx.obj
 0002:00002428       ??_C@_1M@DNMLCIHB@?$AAe?$AAs?$AA?9?$AAV?$AAE@ 10015428     Stdafx.obj
 0002:00002438       ??_C@_1O@EOKHMKJK@?$AAs?$AAm?$AAs?$AA?9?$AAF?$AAI@ 10015438     Stdafx.obj
 0002:00002448       ??_C@_1M@CAFJMKOF@?$AAa?$AAr?$AA?9?$AAY?$AAE@ 10015448     Stdafx.obj
 0002:00002458       ??_C@_1M@CBFHIJLI@?$AAe?$AAn?$AA?9?$AAC?$AAB@ 10015458     Stdafx.obj
 0002:00002468       ??_C@_1M@BGNFLDN@?$AAe?$AAs?$AA?9?$AAC?$AAO@ 10015468     Stdafx.obj
 0002:00002478       ??_C@_1O@JMPHMAMC@?$AAs?$AAm?$AAn?$AA?9?$AAF?$AAI@ 10015478     Stdafx.obj
 0002:00002488       ??_C@_1M@JLANABKE@?$AAa?$AAr?$AA?9?$AAS?$AAY@ 10015488     Stdafx.obj
 0002:00002498       ??_C@_1M@HPKGCFGN@?$AAe?$AAn?$AA?9?$AAB?$AAZ@ 10015498     Stdafx.obj
 0002:000024a8       ??_C@_1M@OLJCMLGM@?$AAe?$AAs?$AA?9?$AAP?$AAE@ 100154a8     Stdafx.obj
 0002:000024b8       ??_C@_1M@MKKGFKLE@?$AAa?$AAr?$AA?9?$AAJ?$AAO@ 100154b8     Stdafx.obj
 0002:000024c8       ??_C@_1M@EKPGLDNI@?$AAe?$AAn?$AA?9?$AAT?$AAT@ 100154c8     Stdafx.obj
 0002:000024d8       ??_C@_1M@OONGHFHE@?$AAe?$AAs?$AA?9?$AAA?$AAR@ 100154d8     Stdafx.obj
 0002:000024e8       ??_C@_1M@OOJFGBHE@?$AAa?$AAr?$AA?9?$AAL?$AAB@ 100154e8     Stdafx.obj
 0002:000024f8       ??_C@_1M@GCEJHNEG@?$AAe?$AAn?$AA?9?$AAZ?$AAW@ 100154f8     Stdafx.obj
 0002:00002508       ??_C@_1M@JNOCAHJI@?$AAe?$AAs?$AA?9?$AAE?$AAC@ 10015508     Stdafx.obj
 0002:00002518       ??_C@_1M@JEFHPGGB@?$AAa?$AAr?$AA?9?$AAK?$AAW@ 10015518     Stdafx.obj
 0002:00002528       ??_C@_1M@MLKIBJOJ@?$AAe?$AAn?$AA?9?$AAP?$AAH@ 10015528     Stdafx.obj
 0002:00002538       ??_C@_1M@BDNIPEND@?$AAe?$AAs?$AA?9?$AAC?$AAL@ 10015538     Stdafx.obj
 0002:00002548       ??_C@_1M@MPNMEKBD@?$AAa?$AAr?$AA?9?$AAA?$AAE@ 10015548     Stdafx.obj
 0002:00002558       ??_C@_1M@KBJALCPI@?$AAe?$AAs?$AA?9?$AAU?$AAY@ 10015558     Stdafx.obj
 0002:00002568       ??_C@_1M@LLCCOAGA@?$AAa?$AAr?$AA?9?$AAB?$AAH@ 10015568     Stdafx.obj
 0002:00002578       ??_C@_1M@PBFNCDEL@?$AAe?$AAs?$AA?9?$AAP?$AAY@ 10015578     Stdafx.obj
 0002:00002588       ??_C@_1M@EDGINPNP@?$AAa?$AAr?$AA?9?$AAQ?$AAA@ 10015588     Stdafx.obj
 0002:00002598       ??_C@_1M@MKDBIIJI@?$AAe?$AAs?$AA?9?$AAB?$AAO@ 10015598     Stdafx.obj
 0002:000025a8       ??_C@_1M@CPKKEBLD@?$AAe?$AAs?$AA?9?$AAS?$AAV@ 100155a8     Stdafx.obj
 0002:000025b8       ??_C@_1M@NDBGMMJL@?$AAe?$AAs?$AA?9?$AAH?$AAN@ 100155b8     Stdafx.obj
 0002:000025c8       ??_C@_1M@JIJIBHDP@?$AAe?$AAs?$AA?9?$AAN?$AAI@ 100155c8     Stdafx.obj
 0002:000025d8       ??_C@_1M@CGFMKEEK@?$AAe?$AAs?$AA?9?$AAP?$AAR@ 100155d8     Stdafx.obj
 0002:000025e8       ??_C@_1O@ICJHKIIK@?$AAz?$AAh?$AA?9?$AAC?$AAH?$AAT@ 100155e8     Stdafx.obj
 0002:000025f8       ??_C@_15CLNEJCE@?$AAs?$AAr@ 100155f8     Stdafx.obj
 0002:00002600       __pAtlLocaleNameToIndexTable 10015600     Stdafx.obj
 0002:00002e8c       ??_C@_1M@KAHEKEIG@?$AAa?$AAf?$AA?9?$AAz?$AAa@ 10015e8c     Stdafx.obj
[...]
 0001:0000905c       $LN20                      1000a05c     mfcs140d:nolib.obj
 0001:00009066       $LN19                      1000a066     mfcs140d:nolib.obj
 0001:000093dc       $LN36                      1000a3dc     mfcs140d:nolib.obj
 0001:000093e4       $LN35                      1000a3e4     mfcs140d:nolib.obj
 0001:0000942c       $LN34                      1000a42c     mfcs140d:nolib.obj
 0001:00009443       $LN33                      1000a443     mfcs140d:nolib.obj
 0001:0000944c       $LN32                      1000a44c     mfcs140d:nolib.obj
 0001:0000945f       $LN31                      1000a45f     mfcs140d:nolib.obj
 0001:00009466       $LN30                      1000a466     mfcs140d:nolib.obj
 0001:00009470       $LN29                      1000a470     mfcs140d:nolib.obj
 0001:00009690       ?ArrayUnwindFilter@@YAHPAU_EXCEPTION_POINTERS@@@Z 1000a690 f   msvcrtd:ehvecdtr.obj
 0001:00009810       $$000000                   1000a810     msvcrtd:chkstk.obj
 0001:00009950       ?find_pe_section@@YAPAU_IMAGE_SECTION_HEADER@@QAEI@Z 1000a950 f   msvcrtd:utility.obj
 0001:00009a10       ?is_potentially_valid_image_base@@YA_NQAX@Z 1000aa10 f   msvcrtd:utility.obj
 0001:0000a150       ?__scrt_initialize_thread_safe_statics@@YAHXZ 1000b150 f   msvcrtd:thread_safe_statics.obj
 0001:0000a270       ?__scrt_initialize_thread_safe_statics_platform_specific@@YAXXZ 1000b270 f   msvcrtd:thread_safe_statics.obj
 0001:0000a410       ?__scrt_uninitialize_thread_safe_statics@@YAXXZ 1000b410 f   msvcrtd:thread_safe_statics.obj
 0001:0000a730       ?dllmain_crt_dispatch@@YGHQAUHINSTANCE__@@KQAX@Z 1000b730 f   msvcrtd:dll_dllmain.obj
 0001:0000a79c       $LN11                      1000b79c     msvcrtd:dll_dllmain.obj
 0001:0000a7d0       ?dllmain_crt_process_attach@@YAHQAUHINSTANCE__@@QAX@Z 1000b7d0 f   msvcrtd:dll_dllmain.obj
 0001:0000a9a0       ?dllmain_crt_process_detach@@YAH_N@Z 1000b9a0 f   msvcrtd:dll_dllmain.obj
 0001:0000aab0       ?dllmain_dispatch@@YAHQAUHINSTANCE__@@KQAX@Z 1000bab0 f   msvcrtd:dll_dllmain.obj
 0001:0000aca0       ?dllmain_raw@@YGHQAUHINSTANCE__@@KQAX@Z 1000bca0 f   msvcrtd:dll_dllmain.obj
 0001:0000bc10       ___get_entropy             1000cc10 f   msvcrtd:gs_support.obj
 0001:0000be70       ?DebuggerProbe@@YA_NK@Z    1000ce70 f   msvcrtd:error.obj
 0001:0000bec0       ?DebuggerRuntime@@YA_NKHPAXPB_W@Z 1000cec0 f   msvcrtd:error.obj
 0001:0000c190       ?_getMemBlockDataString@@YAXPAD0PBDI@Z 1000d190 f   msvcrtd:error.obj
 0001:0000c220       ?_strlen_priv@@YAIPBD@Z    1000d220 f   msvcrtd:error.obj
 0001:0000c240       ?failwithmessage@@YAXPAXHHPBD@Z 1000d240 f   msvcrtd:error.obj
 0001:0000c4c0       ?notify_debugger@@YAXABUtagEXCEPTION_VISUALCPP_DEBUG_INFO@@@Z 1000d4c0 f   msvcrtd:error.obj
 0001:0000c790       ?GetPdbDll@@YAPAUHINSTANCE__@@XZ 1000d790 f   msvcrtd:pdblkup.obj
 0001:0000c920       ?GetPdbDllFromInstallPath@@YAPAUHINSTANCE__@@XZ 1000d920 f   msvcrtd:pdblkup.obj
 0001:0000cc10       ?GetPdbDllPathFromFilePath@@YAHPB_WPA_WI@Z 1000dc10 f   msvcrtd:pdblkup.obj
 0001:0000d7d5       _memmove_s                 1000e7d5 f   atls:atlbase.obj
 0001:0000eef0       __unwindfunclet$??0CProcessControl@@QAE@XZ$0 1000fef0 f   ProcessControl.obj
 0001:0000eef8       __ehhandler$??0CProcessControl@@QAE@XZ 1000fef8 f   ProcessControl.obj
 0001:0000ef20       __ehhandler$??_ECProcessControl@@UAEPAXI@Z 1000ff20 f   ProcessControl.obj
 0001:0000ef50       __ehhandler$??_ECProcessRecvData@@UAEPAXI@Z 1000ff50 f   ProcessControl.obj
 0001:0000ef80       __ehhandler$??_ECProcessSendData@@UAEPAXI@Z 1000ff80 f   ProcessControl.obj
 0001:0000efb0       __unwindfunclet$_CreateProcessControl$4 1000ffb0 f   ProcessControl.obj
 0001:0000efba       __ehhandler$_CreateProcessControl 1000ffba f   ProcessControl.obj
 0001:0000efe0       __unwindfunclet$??0_ATL_WIN_MODULE70@ATL@@QAE@XZ$0 1000ffe0 f   Stdafx.obj
 0001:0000efeb       __ehhandler$??0_ATL_WIN_MODULE70@ATL@@QAE@XZ 1000ffeb f   Stdafx.obj
 0001:0000f010       __ehhandler$??1?$CSimpleArray@GV?$CSimpleArrayEqualHelper@G@ATL@@@ATL@@QAE@XZ 10010010 f   Stdafx.obj
 0001:0000f040       __ehhandler$??1CAtlComModule@ATL@@QAE@XZ 10010040 f   Stdafx.obj
 0001:0000f070       __ehhandler$??1CAtlWinModule@ATL@@QAE@XZ 10010070 f   Stdafx.obj
 0001:0000f0a0       __unwindfunclet$??RCTraceFileAndLineInfo@ATL@@QBAXHIPBDZZ$0 100100a0 f   Stdafx.obj
 0001:0000f0a8       __ehhandler$??RCTraceFileAndLineInfo@ATL@@QBAXHIPBDZZ 100100a8 f   Stdafx.obj
 0001:0000f0d0       __unwindfunclet$?TraceV@CTrace@ATL@@SAXPBDHII0PAD@Z$0 100100d0 f   Stdafx.obj
 0001:0000f0d8       __unwindfunclet$?TraceV@CTrace@ATL@@SAXPBDHII0PAD@Z$1 100100d8 f   Stdafx.obj
 0001:0000f0e0       __ehhandler$?TraceV@CTrace@ATL@@SAXPBDHII0PAD@Z 100100e0 f   Stdafx.obj
 0001:0000f110       __ehhandler$??_Estringdispid@CComTypeInfoHolder@ATL@@QAEPAXI@Z 10010110 f   mfcs140d:nolib.obj
 0001:0000f140       __ehhandler$?__scrt_initialize_thread_safe_statics_platform_specific@@YAXXZ 10010140 f   msvcrtd:thread_safe_statics.obj
 0001:0000f170       __ehhandler$?__scrt_uninitialize_thread_safe_statics@@YAXXZ 10010170 f   msvcrtd:thread_safe_statics.obj
 0001:000101c0       ??__F_AtlComModule@ATL@@YAXXZ 100111c0 f   Stdafx.obj
 0001:000101e0       ??__F_AtlWinModule@ATL@@YAXXZ 100111e0 f   Stdafx.obj
 0001:00010240       ??__F_AtlComModule@ATL@@YAXXZ 10011240 f   mfcs140d:nolib.obj
 0001:00010260       ??__F_AtlWinModule@ATL@@YAXXZ 10011260 f   mfcs140d:nolib.obj
 0001:00010280       ??__F_AtlComModule@ATL@@YAXXZ 10011280 f   mfcs140d:stdafx.obj
 0001:000102a0       ??__F_AtlWinModule@ATL@@YAXXZ 100112a0 f   mfcs140d:stdafx.obj
 0001:000102bb       ??__F_AtlBaseModule@ATL@@YAXXZ 100112bb f   atls:atlbase.obj
 0002:00000104       ?_AtlBaseModule$initializer$@ATL@@3P6AXXZA 10013104     atls:atlbase.obj
 0002:00000208       ?atlTraceGeneral$initializer$@ATL@@3P6AXXZA 10013208     Stdafx.obj
 0002:0000020c       ?atlTraceCOM$initializer$@ATL@@3P6AXXZA 1001320c     Stdafx.obj
 0002:00000210       ?atlTraceQI$initializer$@ATL@@3P6AXXZA 10013210     Stdafx.obj
 0002:00000214       ?atlTraceRegistrar$initializer$@ATL@@3P6AXXZA 10013214     Stdafx.obj
 0002:00000218       ?atlTraceRefcount$initializer$@ATL@@3P6AXXZA 10013218     Stdafx.obj
 0002:0000021c       ?atlTraceWindowing$initializer$@ATL@@3P6AXXZA 1001321c     Stdafx.obj
 0002:00000220       ?atlTraceControls$initializer$@ATL@@3P6AXXZA 10013220     Stdafx.obj
 0002:00000224       ?atlTraceHosting$initializer$@ATL@@3P6AXXZA 10013224     Stdafx.obj
 0002:00000228       ?atlTraceDBClient$initializer$@ATL@@3P6AXXZA 10013228     Stdafx.obj
 0002:0000022c       ?atlTraceDBProvider$initializer$@ATL@@3P6AXXZA 1001322c     Stdafx.obj
 0002:00000230       ?atlTraceSnapin$initializer$@ATL@@3P6AXXZA 10013230     Stdafx.obj
 0002:00000234       ?atlTraceNotImpl$initializer$@ATL@@3P6AXXZA 10013234     Stdafx.obj
 0002:00000238       ?atlTraceAllocation$initializer$@ATL@@3P6AXXZA 10013238     Stdafx.obj
 0002:0000023c       ?atlTraceException$initializer$@ATL@@3P6AXXZA 1001323c     Stdafx.obj
 0002:00000240       ?atlTraceTime$initializer$@ATL@@3P6AXXZA 10013240     Stdafx.obj
 0002:00000244       ?atlTraceCache$initializer$@ATL@@3P6AXXZA 10013244     Stdafx.obj
 0002:00000248       ?atlTraceStencil$initializer$@ATL@@3P6AXXZA 10013248     Stdafx.obj
 0002:0000024c       ?atlTraceString$initializer$@ATL@@3P6AXXZA 1001324c     Stdafx.obj
 0002:00000250       ?atlTraceMap$initializer$@ATL@@3P6AXXZA 10013250     Stdafx.obj
 0002:00000254       ?atlTraceUtil$initializer$@ATL@@3P6AXXZA 10013254     Stdafx.obj
 0002:00000258       ?atlTraceSecurity$initializer$@ATL@@3P6AXXZA 10013258     Stdafx.obj
 0002:0000025c       ?atlTraceSync$initializer$@ATL@@3P6AXXZA 1001325c     Stdafx.obj
 0002:00000260       ?atlTraceISAPI$initializer$@ATL@@3P6AXXZA 10013260     Stdafx.obj
 0002:00000264       ?_AtlComModule$initializer$@ATL@@3P6AXXZA 10013264     Stdafx.obj
 0002:00000268       ?_AtlWinModule$initializer$@ATL@@3P6AXXZA 10013268     Stdafx.obj
 0002:0000026c       ?InitializeCAtlStringMgr$initializer$@ATLImplementationDetails@ATL@@3P6AXXZA 1001326c     Stdafx.obj
 0002:0000058c       ?__scrt_initialize_tss_var@@3P6AHXZA 1001358c     msvcrtd:thread_safe_statics.obj
 0002:00000bb0       ?IID_IUnknownEx@@3U_GUID@@B 10013bb0     ProcessControl.obj
 0002:00000bc0       ?IID_IProcessControl@@3U_GUID@@B 10013bc0     ProcessControl.obj
 0002:00000bd0       ?IID_IProcessControlSink@@3U_GUID@@B 10013bd0     ProcessControl.obj
 0002:00000be0       ?_messageEntries@?1??GetThisMessageMap@CProcessControl@@KGPBUAFX_MSGMAP@@XZ@4QBUAFX_MSGMAP_ENTRY@@B 10013be0     ProcessControl.obj
 0002:00000c28       ?messageMap@?1??GetThisMessageMap@CProcessControl@@KGPBUAFX_MSGMAP@@XZ@4U3@B 10013c28     ProcessControl.obj
 0002:00001038       ?IID_IProcessControl@@3U_GUID@@B 10014038     ProcessControlDLL.obj
 0002:0000104c       ?IID_IIPCRecvDataSink@@3U_GUID@@B 1001404c     ProcessDataControl.obj
 0002:0000105c       ?IID_IProcessControl@@3U_GUID@@B 1001405c     ProcessDataControl.obj
 0002:00004f00       _GS_ExceptionPointers      10017f00     msvcrtd:gs_report.obj
 0002:00004f0c       ?_RTC_ErrorMessages@@3QBQBDB 10017f0c     msvcrtd:error.obj
 0002:00004f24       ?_RTC_NoFalsePositives@@3QBHB 10017f24     msvcrtd:error.obj
 0002:00004f3c       ?stack_premsg@@3QBDB       10017f3c     msvcrtd:error.obj
 0002:00004f58       ?stack_postmsg@@3QBDB      10017f58     msvcrtd:error.obj
 0002:00004f6c       ?uninit_premsg@@3QBDB      10017f6c     msvcrtd:error.obj
 0002:00004f7c       ?uninit_postmsg@@3QBDB     10017f7c     msvcrtd:error.obj
 0002:000055c8       ?_RTC_errlist@@3QBQBDB     100185c8     msvcrtd:userapi.obj
 0002:000056ac       ?mspdbName@@3QB_WB         100186ac     msvcrtd:pdblkup.obj
 0002:000056d0       ?debugCrtFileName@@3QB_WB  100186d0     msvcrtd:pdblkup.obj
 0002:00005860       ?dllExt@?1??GetPdbDllPathFromFilePath@@YAHPB_WPA_WI@Z@4QB_WB 10018860     msvcrtd:pdblkup.obj
 0002:0000586c       ?mspdbFilename@?1??GetPdbDllPathFromFilePath@@YAHPB_WPA_WI@Z@4QB_WB 1001886c     msvcrtd:pdblkup.obj
 0002:000068c0       __RTC_InitBase.rtc$IMZ     100198c0     mfcs140d:nolib.obj
 0002:000068c4       __RTC_InitBase.rtc$IMZ     100198c4     mfcs140d:stdafx.obj
 0002:00006bd4       __RTC_Shutdown.rtc$TMZ     10019bd4     mfcs140d:nolib.obj
 0002:00006bd8       __RTC_Shutdown.rtc$TMZ     10019bd8     mfcs140d:stdafx.obj
 0002:00006de8       __ehfuncinfo$??_ECProcessSendData@@UAEPAXI@Z 10019de8     ProcessControl.obj
 0002:00006e10       __ehfuncinfo$??_ECProcessRecvData@@UAEPAXI@Z 10019e10     ProcessControl.obj
 0002:00006e38       __unwindtable$??0CProcessControl@@QAE@XZ 10019e38     ProcessControl.obj
 0002:00006e40       __ehfuncinfo$??0CProcessControl@@QAE@XZ 10019e40     ProcessControl.obj
 0002:00006e68       __ehfuncinfo$??_ECProcessControl@@UAEPAXI@Z 10019e68     ProcessControl.obj
 0002:00006e90       __catchsym$_CreateProcessControl$6 10019e90     ProcessControl.obj
 0002:00006ea0       __catchsym$_CreateProcessControl$5 10019ea0     ProcessControl.obj
 0002:00006eb0       __ehfuncinfo$_CreateProcessControl 10019eb0     ProcessControl.obj
 0002:00006ed4       __tryblocktable$_CreateProcessControl 10019ed4     ProcessControl.obj
 0002:00006efc       __unwindtable$_CreateProcessControl 10019efc     ProcessControl.obj
 0002:00006f98       __unwindtable$?TraceV@CTrace@ATL@@SAXPBDHII0PAD@Z 10019f98     Stdafx.obj
 0002:00006fa8       __ehfuncinfo$?TraceV@CTrace@ATL@@SAXPBDHII0PAD@Z 10019fa8     Stdafx.obj
 0002:00006fd4       __unwindtable$??RCTraceFileAndLineInfo@ATL@@QBAXHIPBDZZ 10019fd4     Stdafx.obj
 0002:00006fdc       __ehfuncinfo$??RCTraceFileAndLineInfo@ATL@@QBAXHIPBDZZ 10019fdc     Stdafx.obj
 0002:00007004       __ehfuncinfo$??1?$CSimpleArray@GV?$CSimpleArrayEqualHelper@G@ATL@@@ATL@@QAE@XZ 1001a004     Stdafx.obj
 0002:0000702c       __unwindtable$??0_ATL_WIN_MODULE70@ATL@@QAE@XZ 1001a02c     Stdafx.obj
 0002:00007034       __ehfuncinfo$??0_ATL_WIN_MODULE70@ATL@@QAE@XZ 1001a034     Stdafx.obj
 0002:0000705c       __ehfuncinfo$??1CAtlComModule@ATL@@QAE@XZ 1001a05c     Stdafx.obj
 0002:00007084       __ehfuncinfo$??1CAtlWinModule@ATL@@QAE@XZ 1001a084     Stdafx.obj
 0002:000070b0       __sehtable$_WinbaseIsolationAwarePrivatetRgzlnPgpgk@0 1001a0b0     mfcs140d:nolib.obj
 0002:000070d0       __sehtable$_IsolationAwareUnregisterClassA@8 1001a0d0     mfcs140d:nolib.obj
 0002:000070f0       __ehfuncinfo$??_Estringdispid@CComTypeInfoHolder@ATL@@QAEPAXI@Z 1001a0f0     mfcs140d:nolib.obj
 0002:00007118       __sehtable$??_M@YGXPAXIIP6EX0@Z@Z 1001a118     msvcrtd:ehvecdtr.obj
 0002:00007138       __sehtable$?__ArrayUnwind@@YGXPAXIIP6EX0@Z@Z 1001a138     msvcrtd:ehvecdtr.obj
 0002:00007158       __sehtable$___scrt_is_nonwritable_in_current_image 1001a158     msvcrtd:utility.obj
 0002:00007178       __ehfuncinfo$?__scrt_initialize_thread_safe_statics_platform_specific@@YAXXZ 1001a178     msvcrtd:thread_safe_statics.obj
 0002:000071a0       __ehfuncinfo$?__scrt_uninitialize_thread_safe_statics@@YAXXZ 1001a1a0     msvcrtd:thread_safe_statics.obj
 0002:000071c8       __sehtable$?dllmain_crt_process_attach@@YAHQAUHINSTANCE__@@QAX@Z 1001a1c8     msvcrtd:dll_dllmain.obj
 0002:000071e8       __sehtable$?dllmain_crt_process_detach@@YAH_N@Z 1001a1e8     msvcrtd:dll_dllmain.obj
 0002:00007208       __sehtable$?dllmain_dispatch@@YAHQAUHINSTANCE__@@KQAX@Z 1001a208     msvcrtd:dll_dllmain.obj
 0002:00007228       __sehtable$?notify_debugger@@YAXABUtagEXCEPTION_VISUALCPP_DEBUG_INFO@@@Z 1001a228     msvcrtd:error.obj
 0002:000075d0       .edata                     1001a5d0     ProcessControl.exp
 0002:000075f8       rgpv                       1001a5f8     ProcessControl.exp
 0002:00007698       rgszName                   1001a698     ProcessControl.exp
 0002:00007738       rgwOrd                     1001a738     ProcessControl.exp
 0002:00007788       szName                     1001a788     ProcessControl.exp
 0002:0000779b       $N00001                    1001a79b     ProcessControl.exp
 0002:000077b6       $N00002                    1001a7b6     ProcessControl.exp
 0002:000077d7       $N00003                    1001a7d7     ProcessControl.exp
 0002:000077f3       $N00004                    1001a7f3     ProcessControl.exp
 0002:00007814       $N00005                    1001a814     ProcessControl.exp
 0002:0000783c       $N00006                    1001a83c     ProcessControl.exp
 0002:00007857       $N00007                    1001a857     ProcessControl.exp
 0002:00007873       $N00008                    1001a873     ProcessControl.exp
 0002:0000788f       $N00009                    1001a88f     ProcessControl.exp
 0002:000078b4       $N00010                    1001a8b4     ProcessControl.exp
 0002:000078d9       $N00011                    1001a8d9     ProcessControl.exp
 0002:000078f8       $N00012                    1001a8f8     ProcessControl.exp
 0002:00007922       $N00013                    1001a922     ProcessControl.exp
 0002:0000793c       $N00014                    1001a93c     ProcessControl.exp
 0002:00007956       $N00015                    1001a956     ProcessControl.exp
 0002:00007973       $N00016                    1001a973     ProcessControl.exp
 0002:000079a5       $N00017                    1001a9a5     ProcessControl.exp
 0002:000079da       $N00018                    1001a9da     ProcessControl.exp
 0002:00007a12       $N00019                    1001aa12     ProcessControl.exp
 0002:00007a44       $N00020                    1001aa44     ProcessControl.exp
 0002:00007a7c       $N00021                    1001aa7c     ProcessControl.exp
 0002:00007aa5       $N00022                    1001aaa5     ProcessControl.exp
 0002:00007aca       $N00023                    1001aaca     ProcessControl.exp
 0002:00007b0d       $N00024                    1001ab0d     ProcessControl.exp
 0002:00007b54       $N00025                    1001ab54     ProcessControl.exp
 0002:00007b89       $N00026                    1001ab89     ProcessControl.exp
 0002:00007bbe       $N00027                    1001abbe     ProcessControl.exp
 0002:00007bdf       $N00028                    1001abdf     ProcessControl.exp
 0002:00007c16       $N00029                    1001ac16     ProcessControl.exp
 0002:00007c46       $N00030                    1001ac46     ProcessControl.exp
 0002:00007c7a       $N00031                    1001ac7a     ProcessControl.exp
 0002:00007ca0       $N00032                    1001aca0     ProcessControl.exp
 0002:00007cca       $N00033                    1001acca     ProcessControl.exp
 0002:00007cfe       $N00034                    1001acfe     ProcessControl.exp
 0002:00007d3d       $N00035                    1001ad3d     ProcessControl.exp
 0002:00007d7b       $N00036                    1001ad7b     ProcessControl.exp
 0002:00007daf       $N00037                    1001adaf     ProcessControl.exp
 0002:00007ddb       $N00038                    1001addb     ProcessControl.exp
 0002:00007e0c       $N00039                    1001ae0c     ProcessControl.exp
 0002:00007e37       $N00040                    1001ae37     ProcessControl.exp
 0003:0000048c       ?ProcessControlDLL@@3UAFX_EXTENSION_MODULE@@A 1001c48c     ProcessControlDLL.obj
 0003:00002d14       ?is_initialized_as_dll@@3_NA 1001ed14     msvcrtd:utility.obj
 0003:00002d15       ?module_local_atexit_table_initialized@@3_NA 1001ed15     msvcrtd:utility.obj
 0003:00002d18       ?module_local_atexit_table@@3U_onexit_table_t@@A 1001ed18     msvcrtd:utility.obj
 0003:00002d24       ?module_local_at_quick_exit_table@@3U_onexit_table_t@@A 1001ed24     msvcrtd:utility.obj
 0003:00002d38       ?_Tss_mutex@@3U_RTL_CRITICAL_SECTION@@A 1001ed38     msvcrtd:thread_safe_statics.obj
 0003:00002d50       ?_Tss_cv@@3U_RTL_CONDITION_VARIABLE@@A 1001ed50     msvcrtd:thread_safe_statics.obj
 0003:00002d54       ?_Tss_event@@3PAXA         1001ed54     msvcrtd:thread_safe_statics.obj
 0003:00002d58       ?encoded_sleep_condition_variable_cs@@3P6GHPAU_RTL_CONDITION_VARIABLE@@PAU_RTL_CRITICAL_SECTION@@K@ZA 1001ed58     msvcrtd:thread_safe_statics.obj
 0003:00002d5c       ?encoded_wake_all_condition_variable@@3P6GXPAU_RTL_CONDITION_VARIABLE@@@ZA 1001ed5c     msvcrtd:thread_safe_statics.obj
 0003:00002d6c       ?__proc_attached@@3HA      1001ed6c     msvcrtd:dll_dllmain.obj
 0003:00002d70       ?init@?1??_RTC_InitBase@@9@4_NA 1001ed70     msvcrtd:init.obj
 0003:00002d78       _GS_ExceptionRecord        1001ed78     msvcrtd:gs_report.obj
 0003:00002dc8       _GS_ContextRecord          1001edc8     msvcrtd:gs_report.obj
 0003:00003164       ?_RTC_ErrorReportFunc@@3P6AHHPBDH00ZZA 1001f164     msvcrtd:userapi.obj
 0003:00003168       ?_RTC_ErrorReportFuncW@@3P6AHHPB_WH00ZZA 1001f168     msvcrtd:userapi.obj
 0003:00003170       ?mspdb@@3PAUHINSTANCE__@@A 1001f170     msvcrtd:pdblkup.obj
 0003:00003174       ?alreadyTried@?1??GetPdbDll@@YAPAUHINSTANCE__@@XZ@4_NA 1001f174     msvcrtd:pdblkup.obj
 0003:00003175       ?PDBOK@?1??_RTC_GetSrcLine@@YAHPAEPA_WKPAH1K@Z@4_NA 1001f175     msvcrtd:pdblkup.obj
 0004:00000be2       .idata$6                   10020be2     ServiceCore:ServiceCore.dll
 0004:00000bf2       .idata$6                   10020bf2     mfc140d:mfc140d.dll
 0004:00000f2c       .idata$6                   10020f2c     kernel32:KERNEL32.dll
 0004:00000f9a       .idata$6                   10020f9a     user32:USER32.dll
 0004:00000fa6       .idata$6                   10020fa6     oleaut32:OLEAUT32.dll
 0004:0000109e       .idata$6                   1002109e     msvcprtd:MSVCP140D.dll
 0004:00001194       .idata$6                   10021194     vcruntimed:VCRUNTIME140D.dll
 0004:000013d6       .idata$6                   100213d6     ucrtd:ucrtbased.dll
 0007:000001c0       $R000000                   100241c0     ProcessControl.res
 0007:000004c0       $R000300                   100244c0     ProcessControl.res
